
<!DOCTYPE html><html lang="ja"><head><meta charSet="utf-8"/><meta name="viewport" content="width=device-width, initial-scale=1"/><link rel="stylesheet" href="https://www.web.nhk/_next/static/css/77187865140d825a.css?dpl=580b690a4f62e40031951ad497c31bb88c5fef14" data-precedence="next"/><link rel="stylesheet" href="https://www.web.nhk/_next/static/css/97f8cecc2452cffc.css?dpl=580b690a4f62e40031951ad497c31bb88c5fef14" data-precedence="next"/><link rel="stylesheet" href="https://www.web.nhk/_next/static/css/849751aefbc323a4.css?dpl=580b690a4f62e40031951ad497c31bb88c5fef14" data-precedence="next"/><link rel="stylesheet" href="https://www.web.nhk/_next/static/css/9b75feafcd0360c7.css?dpl=580b690a4f62e40031951ad497c31bb88c5fef14" data-precedence="next"/><link rel="stylesheet" href="https://www.web.nhk/_next/static/css/b45026ae5f652a23.css?dpl=580b690a4f62e40031951ad497c31bb88c5fef14" data-precedence="next"/><link rel="stylesheet" href="https://www.web.nhk/_next/static/css/75b1b3dca22c4992.css?dpl=580b690a4f62e40031951ad497c31bb88c5fef14" data-precedence="next"/><link rel="stylesheet" href="https://www.web.nhk/_next/static/css/6db9654b981d5259.css?dpl=580b690a4f62e40031951ad497c31bb88c5fef14" data-precedence="next"/><link rel="stylesheet" href="https://www.web.nhk/_next/static/css/ab7b4510995fea16.css?dpl=580b690a4f62e40031951ad497c31bb88c5fef14" data-precedence="next"/><link rel="stylesheet" href="https://www.web.nhk/_next/static/css/63a9635440950b68.css?dpl=580b690a4f62e40031951ad497c31bb88c5fef14" data-precedence="next"/><link rel="stylesheet" href="https://www.web.nhk/_next/static/css/9c00a9e0b393a8d3.css?dpl=580b690a4f62e40031951ad497c31bb88c5fef14" data-precedence="next"/><link rel="stylesheet" href="https://www.web.nhk/_next/static/css/e2d41de513b58832.css?dpl=580b690a4f62e40031951ad497c31bb88c5fef14" data-precedence="next"/><link rel="stylesheet" href="https://www.web.nhk/_next/static/css/7adf270f04ebb360.css?dpl=580b690a4f62e40031951ad497c31bb88c5fef14" data-precedence="next"/><link rel="stylesheet" href="https://www.web.nhk/_next/static/css/417349216306faac.css?dpl=580b690a4f62e40031951ad497c31bb88c5fef14" data-precedence="next"/><link rel="stylesheet" href="https://www.web.nhk/_next/static/css/c85498fb4b6dd79f.css?dpl=580b690a4f62e40031951ad497c31bb88c5fef14" data-precedence="next"/><link rel="stylesheet" href="https://www.web.nhk/_next/static/css/6d5da515d4bd8b0c.css?dpl=580b690a4f62e40031951ad497c31bb88c5fef14" data-precedence="next"/><link rel="stylesheet" href="https://www.web.nhk/_next/static/css/0b0b6b00d12bc1ff.css?dpl=580b690a4f62e40031951ad497c31bb88c5fef14" data-precedence="next"/><link rel="stylesheet" href="https://www.web.nhk/_next/static/css/df014d89496d2489.css?dpl=580b690a4f62e40031951ad497c31bb88c5fef14" data-precedence="next"/><link rel="stylesheet" href="https://www.web.nhk/_next/static/css/b17e3bf9988ec934.css?dpl=580b690a4f62e40031951ad497c31bb88c5fef14" data-precedence="next"/><link rel="stylesheet" href="https://www.web.nhk/_next/static/css/e1c1fd1be08b693a.css?dpl=580b690a4f62e40031951ad497c31bb88c5fef14" data-precedence="next"/><link rel="stylesheet" href="https://www.web.nhk/_next/static/css/52b1032070cc5007.css?dpl=580b690a4f62e40031951ad497c31bb88c5fef14" data-precedence="next"/><link rel="stylesheet" href="https://www.web.nhk/_next/static/css/2958e2813f706396.css?dpl=580b690a4f62e40031951ad497c31bb88c5fef14" data-precedence="next"/><link rel="stylesheet" href="https://www.web.nhk/_next/static/css/e1a13a07a9894f57.css?dpl=580b690a4f62e40031951ad497c31bb88c5fef14" data-precedence="next"/><link rel="stylesheet" href="https://www.web.nhk/_next/static/css/76f614dcca174378.css?dpl=580b690a4f62e40031951ad497c31bb88c5fef14" data-precedence="next"/><link rel="stylesheet" href="https://www.web.nhk/_next/static/css/0f71251cb9067db3.css?dpl=580b690a4f62e40031951ad497c31bb88c5fef14" data-precedence="next"/><link rel="stylesheet" href="https://www.web.nhk/_next/static/css/d2b89e11779a6096.css?dpl=580b690a4f62e40031951ad497c31bb88c5fef14" data-precedence="next"/><link rel="stylesheet" href="https://www.web.nhk/_next/static/css/3e69080a52ed4a76.css?dpl=580b690a4f62e40031951ad497c31bb88c5fef14" data-precedence="next"/><link rel="stylesheet" href="https://www.web.nhk/_next/static/css/64f18f90ff546728.css?dpl=580b690a4f62e40031951ad497c31bb88c5fef14" data-precedence="next"/><link rel="stylesheet" href="https://www.web.nhk/_next/static/css/270724ea0bb0dc79.css?dpl=580b690a4f62e40031951ad497c31bb88c5fef14" data-precedence="next"/><link rel="stylesheet" href="https://www.web.nhk/_next/static/css/d4479128d7fddfc8.css?dpl=580b690a4f62e40031951ad497c31bb88c5fef14" data-precedence="next"/><link rel="stylesheet" href="https://www.web.nhk/_next/static/css/2c9f1fe36e33ab94.css?dpl=580b690a4f62e40031951ad497c31bb88c5fef14" data-precedence="next"/><link rel="stylesheet" href="https://www.web.nhk/_next/static/css/a402ce75692873da.css?dpl=580b690a4f62e40031951ad497c31bb88c5fef14" data-precedence="next"/><link rel="stylesheet" href="https://www.web.nhk/_next/static/css/63839568741da0f3.css?dpl=580b690a4f62e40031951ad497c31bb88c5fef14" data-precedence="next"/><link rel="stylesheet" href="https://www.web.nhk/_next/static/css/7d90a038ca3d222a.css?dpl=580b690a4f62e40031951ad497c31bb88c5fef14" data-precedence="next"/><link rel="stylesheet" href="https://www.web.nhk/_next/static/css/cf14253ec8626352.css?dpl=580b690a4f62e40031951ad497c31bb88c5fef14" data-precedence="next"/><link rel="stylesheet" href="https://www.web.nhk/_next/static/css/6f59bc675dd024aa.css?dpl=580b690a4f62e40031951ad497c31bb88c5fef14" data-precedence="next"/><link rel="stylesheet" href="https://www.web.nhk/_next/static/css/595e2b960f6cb14b.css?dpl=580b690a4f62e40031951ad497c31bb88c5fef14" data-precedence="next"/><link rel="stylesheet" href="https://www.web.nhk/_next/static/css/dc662f417abe4aa6.css?dpl=580b690a4f62e40031951ad497c31bb88c5fef14" data-precedence="next"/><link rel="stylesheet" href="https://www.web.nhk/_next/static/css/b73d144c94dc7864.css?dpl=580b690a4f62e40031951ad497c31bb88c5fef14" data-precedence="next"/><link rel="stylesheet" href="https://www.web.nhk/_next/static/css/4364aa0c015fa002.css?dpl=580b690a4f62e40031951ad497c31bb88c5fef14" data-precedence="next"/><link rel="stylesheet" href="https://www.web.nhk/_next/static/css/5f6f5d727f29a476.css?dpl=580b690a4f62e40031951ad497c31bb88c5fef14" data-precedence="next"/><link rel="stylesheet" href="https://www.web.nhk/_next/static/css/80a8c136dda5a37c.css?dpl=580b690a4f62e40031951ad497c31bb88c5fef14" data-precedence="next"/><link rel="stylesheet" href="https://www.web.nhk/_next/static/css/072d4899846d1aec.css?dpl=580b690a4f62e40031951ad497c31bb88c5fef14" data-precedence="next"/><link rel="stylesheet" href="https://www.web.nhk/_next/static/css/ee229214fa739de8.css?dpl=580b690a4f62e40031951ad497c31bb88c5fef14" data-precedence="next"/><link rel="stylesheet" href="https://www.web.nhk/_next/static/css/472a679559c95bea.css?dpl=580b690a4f62e40031951ad497c31bb88c5fef14" data-precedence="next"/><link rel="stylesheet" href="https://www.web.nhk/_next/static/css/77b9a2d78496288d.css?dpl=580b690a4f62e40031951ad497c31bb88c5fef14" data-precedence="next"/><link rel="stylesheet" href="https://www.web.nhk/_next/static/css/40ab95a9346793cc.css?dpl=580b690a4f62e40031951ad497c31bb88c5fef14" data-precedence="next"/><link rel="preload" as="script" fetchPriority="low" href="https://www.web.nhk/_next/static/chunks/webpack-ccbf2e48ee26883e.js?dpl=580b690a4f62e40031951ad497c31bb88c5fef14"/><script src="https://www.web.nhk/_next/static/chunks/1613f3a5-71e3e190826a4cc8.js?dpl=580b690a4f62e40031951ad497c31bb88c5fef14" async=""></script><script src="https://www.web.nhk/_next/static/chunks/7964-0fa6459579eebfed.js?dpl=580b690a4f62e40031951ad497c31bb88c5fef14" async=""></script><script src="https://www.web.nhk/_next/static/chunks/main-app-90e6df177bf15786.js?dpl=580b690a4f62e40031951ad497c31bb88c5fef14" async=""></script><script src="https://www.web.nhk/_next/static/chunks/8622-e01fa3175040df9f.js?dpl=580b690a4f62e40031951ad497c31bb88c5fef14" async=""></script><script src="https://www.web.nhk/_next/static/chunks/4320-f9e94b7c22242c77.js?dpl=580b690a4f62e40031951ad497c31bb88c5fef14" async=""></script><script src="https://www.web.nhk/_next/static/chunks/app/global-error-aede287546a81262.js?dpl=580b690a4f62e40031951ad497c31bb88c5fef14" async=""></script><script src="https://www.web.nhk/_next/static/chunks/1431-a4c470eaeafe0b36.js?dpl=580b690a4f62e40031951ad497c31bb88c5fef14" async=""></script><script src="https://www.web.nhk/_next/static/chunks/8839-bbd11e521955edff.js?dpl=580b690a4f62e40031951ad497c31bb88c5fef14" async=""></script><script src="https://www.web.nhk/_next/static/chunks/5385-b468888fef052095.js?dpl=580b690a4f62e40031951ad497c31bb88c5fef14" async=""></script><script src="https://www.web.nhk/_next/static/chunks/app/(withCommonMetadata)/tv/dk/%5BdeckId%5D/page-9800f746943ed07d.js?dpl=580b690a4f62e40031951ad497c31bb88c5fef14" async=""></script><script src="https://www.web.nhk/_next/static/chunks/5955-c8113b80019acb51.js?dpl=580b690a4f62e40031951ad497c31bb88c5fef14" async=""></script><script src="https://www.web.nhk/_next/static/chunks/3799-e60eb4a38cecabae.js?dpl=580b690a4f62e40031951ad497c31bb88c5fef14" async=""></script><script src="https://www.web.nhk/_next/static/chunks/2398-958bc860759e1b33.js?dpl=580b690a4f62e40031951ad497c31bb88c5fef14" async=""></script><script src="https://www.web.nhk/_next/static/chunks/1140-fe100d13ee120151.js?dpl=580b690a4f62e40031951ad497c31bb88c5fef14" async=""></script><script src="https://www.web.nhk/_next/static/chunks/2073-a98968c6603fe571.js?dpl=580b690a4f62e40031951ad497c31bb88c5fef14" async=""></script><script src="https://www.web.nhk/_next/static/chunks/1899-f2c8359ae0d727c2.js?dpl=580b690a4f62e40031951ad497c31bb88c5fef14" async=""></script><script src="https://www.web.nhk/_next/static/chunks/4942-899734154f830f31.js?dpl=580b690a4f62e40031951ad497c31bb88c5fef14" async=""></script><script src="https://www.web.nhk/_next/static/chunks/3746-0a2d826ab31cccb0.js?dpl=580b690a4f62e40031951ad497c31bb88c5fef14" async=""></script><script src="https://www.web.nhk/_next/static/chunks/5112-7d6cc0b291432d82.js?dpl=580b690a4f62e40031951ad497c31bb88c5fef14" async=""></script><script src="https://www.web.nhk/_next/static/chunks/6623-6d80afbd824e6d6a.js?dpl=580b690a4f62e40031951ad497c31bb88c5fef14" async=""></script><script src="https://www.web.nhk/_next/static/chunks/6101-9b11b4394d88454e.js?dpl=580b690a4f62e40031951ad497c31bb88c5fef14" async=""></script><script src="https://www.web.nhk/_next/static/chunks/app/(withCommonMetadata)/page-da109e65055d0afc.js?dpl=580b690a4f62e40031951ad497c31bb88c5fef14" async=""></script><script src="https://www.web.nhk/_next/static/chunks/3929-008d4b5b58d9f5f3.js?dpl=580b690a4f62e40031951ad497c31bb88c5fef14" async=""></script><script src="https://www.web.nhk/_next/static/chunks/7115-237eaaa98e059029.js?dpl=580b690a4f62e40031951ad497c31bb88c5fef14" async=""></script><script src="https://www.web.nhk/_next/static/chunks/app/layout-659427566167ec91.js?dpl=580b690a4f62e40031951ad497c31bb88c5fef14" async=""></script><script src="https://www.web.nhk/_next/static/chunks/3419-46b32cab27e567c6.js?dpl=580b690a4f62e40031951ad497c31bb88c5fef14" async=""></script><script src="https://www.web.nhk/_next/static/chunks/7905-4f7f497592a202f6.js?dpl=580b690a4f62e40031951ad497c31bb88c5fef14" async=""></script><script src="https://www.web.nhk/_next/static/chunks/app/error-1b2862f350fcb153.js?dpl=580b690a4f62e40031951ad497c31bb88c5fef14" async=""></script><script src="https://www.web.nhk/_next/static/chunks/app/not-found-6f9c76ee109e3658.js?dpl=580b690a4f62e40031951ad497c31bb88c5fef14" async=""></script><title>ドラマ | NHK</title><meta name="description" content="【NHK】ドラマのシリーズです。"/><meta name="author" content="日本放送協会"/><meta name="robots" content="max-image-preview:large"/><meta name="content-language" content="ja"/><meta name="copyright" content="NHK(Japan Broadcasting Corporation)"/><meta name="bingbot" content="noarchive"/><link rel="canonical" href="https://www.web.nhk/tv/dk/series-tep-drama-997LTPA45I"/><meta name="format-detection" content="telephone=no"/><meta property="og:title" content="ドラマ"/><meta property="og:description" content="【NHK】ドラマのシリーズです。"/><meta property="og:url" content="https://www.web.nhk/tv/dk/series-tep-drama-997LTPA45I"/><meta property="og:site_name" content="NHK ONE | 日本放送協会"/><meta property="og:locale" content="ja_JP"/><meta property="og:image" content="https://www.web.nhk/assets/ogp/nhk-one.png"/><meta property="og:type" content="website"/><meta name="twitter:card" content="summary_large_image"/><meta name="twitter:site" content="@nhk"/><meta name="twitter:title" content="ドラマ"/><meta name="twitter:description" content="【NHK】ドラマのシリーズです。"/><meta name="twitter:image" content="https://www.web.nhk/assets/ogp/nhk-one.png"/><link rel="shortcut icon" href="https://www.web.nhk/favicon.png"/><link rel="icon" href="https://www.web.nhk/favicon.png"/><link rel="apple-touch-icon" href="https://www.web.nhk/apple-touch-icon.png"/><script src="https://www.web.nhk/_next/static/chunks/polyfills-42372ed130431b0a.js?dpl=580b690a4f62e40031951ad497c31bb88c5fef14" noModule=""></script></head><body><script data-bx-components-color-script="true">
                    (() => {
                        const mediaQueryList = window.matchMedia("(prefers-color-scheme: dark)");
                        const updateTheme = (mediaQueryList) => {
                            if (mediaQueryList.matches) {
                                document.documentElement.classList.add("dark", "_2el1f20");
                            } else {
                                document.documentElement.classList.remove("dark", "_2el1f20");
                            }
                        };
                        updateTheme(mediaQueryList);
                        mediaQueryList.addEventListener("change", updateTheme);
                    })();
                </script><style data-bx-components-reset-css="true">
    :where(
        html,
        body,
        div,
        span,
        applet,
        object,
        iframe,
        h1,
        h2,
        h3,
        h4,
        h5,
        h6,
        p,
        blockquote,
        pre,
        a,
        abbr,
        acronym,
        address,
        big,
        cite,
        code,
        del,
        dfn,
        em,
        img,
        ins,
        kbd,
        q,
        s,
        samp,
        small,
        strike,
        strong,
        sub,
        sup,
        tt,
        var,
        b,
        u,
        i,
        center,
        dl,
        dt,
        dd,
        ol,
        ul,
        li,
        fieldset,
        form,
        label,
        legend,
        table,
        caption,
        tbody,
        tfoot,
        thead,
        tr,
        th,
        td,
        article,
        aside,
        canvas,
        details,
        embed,
        figure,
        figcaption,
        footer,
        header,
        hgroup,
        menu,
        nav,
        output,
        ruby,
        section,
        summary,
        time,
        mark,
        audio,
        video,
        button,
        input,
        select,
        textarea
    ) {
        margin: 0;
        padding: 0;
        border: 0;
        font: inherit;
        color: currentColor;
        background: none;
        text-decoration: none;
        vertical-align: baseline;
        overflow-wrap: anywhere;
    }
    :where(article, aside, details, figcaption, figure, footer, header, hgroup, menu, nav, section) {
        display: block;
    }
    :where(body) {
        line-height: 1;
        font-family: "BIZ UDPGothic", "Hiragino Sans", sans-serif;
    }
    :where(ol, ul, menu, summary) {
        list-style: none;
    }
    :where(blockquote, q) {
        quotes: none;
    }
    :where(blockquote:before, blockquote:after, q:before, q:after) {
        content: "";
        content: none;
    }
    :where(table) {
        border-collapse: collapse;
        border-spacing: 0;
    }
    :where(*, *::before, *::after) {
        box-sizing: border-box;
    }
</style><div class="_22j9o20"><header class="esl7kn2s nju5mi1" id="nhk-one-header"><div id="nhk-one-header-top-bar" class="nju5mi2"><div class="nju5mi3"><button class="_10s7uom0" type="button" aria-controls="_R_2iklbbb_" aria-expanded="false"><i class="_10s7uom2"><svg xmlns="http://www.w3.org/2000/svg" viewBox="0 0 20 20" height="100%" width="100%" class="_18e2gnn7" style="--_18e2gnn5:currentColor;--_18e2gnn6:currentColor" focusable="false" aria-hidden="true" data-testid="NavigationIcon"><defs></defs><g><g><path stroke-width="0px" fill="currentColor" d="m16.1917,10.6499H3.7913c-.3589,0-.6499-.291-.6499-.6499s.291-.6499.6499-.6499h12.4004c.3589,0,.6499.291.6499.6499s-.291.6499-.6499.6499Z"></path><path stroke-width="0px" fill="currentColor" d="m16.1917,16.8501H3.7913c-.3589,0-.6499-.291-.6499-.6499s.291-.6499.6499-.6499h12.4004c.3589,0,.6499.291.6499.6499s-.291.6499-.6499.6499Z"></path><path stroke-width="0px" fill="currentColor" d="m16.1917,4.4497H3.7913c-.3589,0-.6499-.291-.6499-.6499s.291-.6499.6499-.6499h12.4004c.3589,0,.6499.291.6499.6499s-.291.6499-.6499.6499Z"></path><rect fill="none" stroke-width="0px" width="20" height="20"></rect></g></g></svg></i><span class="_10s7uom3">メニュー</span></button><dialog id="_R_2iklbbb_" aria-label="メニュー" class="_1yi5nte2" style="--_1yi5nte0:0px;--_1yi5nte1:0"><div class="_1yi5nte3"><ul class="_1yi5nte4"></ul></div><div class="_1yi5nte7"><button class="_1yi5nte8" type="button"><svg xmlns="http://www.w3.org/2000/svg" viewBox="0 0 20 20" height="1em" width="1em" class="_18e2gnn7" style="--_18e2gnn5:currentColor;--_18e2gnn6:currentColor" focusable="false" aria-hidden="true" data-testid="CloseIcon"><defs></defs><g><g><path stroke-width="0px" fill="currentColor" d="m10.9093,10.0001l5.7408-5.7408c.2539-.2539.2539-.665,0-.9189s-.665-.2539-.9189,0l-5.7408,5.7408L4.2498,3.3403c-.2539-.2539-.665-.2539-.9189,0s-.2539.665,0,.9189l5.7406,5.7408-5.7406,5.7406c-.2539.2539-.2539.665,0,.9189.127.127.293.1904.4595.1904s.3325-.0635.4595-.1904l5.7406-5.7406,5.7404,5.7406c.127.127.293.1904.4595.1904s.3325-.0635.4595-.1904c.2539-.2539.2539-.665,0-.9189l-5.7404-5.7406Z"></path><rect fill="none" stroke-width="0px" width="20" height="20"></rect></g></g></svg>閉じる</button></div></dialog><div class="nju5mi4"><a class="_10l8u9h0 _1yvyrz30" href="https://www.web.nhk"><svg class="esl7kn2s dod22o2" style="--dod22o0:currentColor;--dod22o1:currentColor" viewBox="0 0 134 22" aria-label="エヌエイチケーワン" role="img"><g clip-path="url(#clip0_67292_2350)"><path d="M20.9156 1.03752C19.3259 0.581089 17.6643 1.50359 17.2097 3.09573L15.0325 10.7114L9.62211 2.29859C8.98534 1.30859 7.82758 0.782518 6.66124 0.953947C5.49598 1.12645 4.53868 1.96323 4.21601 3.09573L0.218524 17.0811C-0.237076 18.6722 0.685916 20.3318 2.27784 20.7861C2.55334 20.8643 2.82992 20.9018 3.1022 20.9018C4.40683 20.9018 5.60747 20.0436 5.98374 18.7279L8.1599 11.1122L13.5714 19.525C14.2092 20.515 15.368 21.0443 16.5311 20.8686C17.6964 20.6972 18.6537 19.8593 18.9764 18.7268L22.9749 4.74145C23.4305 3.15037 22.5075 1.4918 20.9156 1.03645V1.03752Z" fill="currentColor"></path><path d="M45.4022 1.03855C43.8082 0.581051 42.1508 1.50569 41.6963 3.09677L40.2759 8.06605H33.5191L34.4689 4.74355C34.9245 3.15248 34.0015 1.49284 32.4096 1.03855C30.8144 0.581051 29.1571 1.50569 28.7037 3.09677L24.7062 17.0821C24.2506 18.6732 25.1736 20.3328 26.7655 20.7871C27.041 20.8653 27.3176 20.9028 27.5899 20.9028C28.8945 20.9028 30.0951 20.0446 30.4714 18.7289L31.8918 13.7607H38.6486L37.6988 17.0832C37.2443 18.6743 38.1662 20.3339 39.7581 20.7882C40.0336 20.8664 40.3102 20.9039 40.5836 20.9039C41.8882 20.9039 43.0888 20.0457 43.4651 18.73L47.4626 4.74462C47.9182 3.15355 46.9952 1.49391 45.4033 1.03962L45.4022 1.03855Z" fill="currentColor"></path><path d="M70.7079 2.11106C69.7088 0.791065 67.8274 0.531779 66.5078 1.53035L58.0454 7.93107L58.9566 4.74356C59.4112 3.15249 58.4893 1.49392 56.8973 1.03856C55.3033 0.582136 53.6449 1.50464 53.1903 3.09678L49.1918 17.0821C48.7373 18.6732 49.6592 20.3318 51.2511 20.7871C51.5266 20.8654 51.8032 20.9029 52.0765 20.9029C53.3812 20.9029 54.5818 20.0446 54.9581 18.7289L56.6776 12.715C56.6776 12.715 56.6797 12.7193 56.6808 12.7214C56.7076 12.7557 56.7419 12.7793 56.7698 12.8136C56.8073 12.8586 56.8341 12.9089 56.8748 12.9529L63.3722 19.945C63.9629 20.5804 64.7658 20.9029 65.5698 20.9029C66.2998 20.9029 67.0331 20.6371 67.6098 20.1014C68.8233 18.9754 68.893 17.0789 67.7674 15.8661L63.5266 11.3029L70.128 6.30999C71.4476 5.31142 71.7092 3.43214 70.709 2.11214L70.7079 2.11106Z" fill="currentColor"></path><path d="M77.0061 10.9236C77.0061 4.68998 80.9778 0.581055 86.4032 0.581055C91.8286 0.581055 95.884 4.68998 95.884 10.9236C95.884 17.1571 91.8565 21.4621 86.4032 21.4621C80.9499 21.4621 77.0061 17.2407 77.0061 10.9236ZM92.4718 10.9236C92.4718 6.45141 90.0105 3.54356 86.4311 3.54356C82.8517 3.54356 80.4182 6.4782 80.4182 10.9236C80.4182 15.3689 82.7959 18.4986 86.4311 18.4986C90.0662 18.4986 92.4718 15.5361 92.4718 10.9236Z" fill="currentColor"></path><path d="M115.194 0.999975V20.9028H111.67L102.553 6.42355V20.9028H99.2521V0.999975H102.721L111.894 15.536V0.999975H115.195H115.194Z" fill="currentColor"></path><path d="M133.967 18.0239V20.9028H119.423V0.999975H133.715V3.8789H122.807V9.16212H132.736V12.07H122.807V18.0239H133.967Z" fill="currentColor"></path></g><defs><clipPath id="clip0_67292_2350"><rect width="134" height="21" fill="white" transform="translate(0 0.5)"></rect></clipPath></defs></svg></a><a class="_10l8u9h1 _1yvyrz30" href="https://www.web.nhk"><svg class="esl7kn2s dod22o2" style="--dod22o0:currentColor;--dod22o1:currentColor" viewBox="0 0 46 30" aria-label="エヌエイチケーワン" role="img"><g clip-path="url(#clip0_67441_3928)"><path d="M13.4753 0.139631C12.451 -0.153488 11.3805 0.438943 11.0876 1.46142L9.68481 6.35225L6.19889 0.949494C5.78862 0.313714 5.04267 -0.0241301 4.2912 0.0859616C3.54042 0.196741 2.92363 0.734127 2.71574 1.46142L0.140151 10.4435C-0.153393 11.4653 0.441292 12.5311 1.46697 12.8229C1.64447 12.8731 1.82267 12.8972 1.99811 12.8972C2.83868 12.8972 3.61225 12.3461 3.85469 11.5011L5.25679 6.61027L8.74339 12.013C9.15435 12.6488 9.90099 12.9887 10.6504 12.8759C11.4012 12.7658 12.018 12.2277 12.2259 11.5004L14.8021 2.51899C15.0957 1.4972 14.501 0.432062 13.4753 0.139631Z" fill="currentColor"></path><path d="M29.2526 0.139623C28.2255 -0.154184 27.1577 0.439623 26.8649 1.46141L25.9497 4.6527H21.5963L22.2082 2.51898C22.5018 1.49719 21.9071 0.431366 20.8814 0.139623C19.8537 -0.154184 18.7859 0.439623 18.4937 1.46141L15.9181 10.4435C15.6246 11.4653 16.2193 12.5311 17.2449 12.8229C17.4224 12.8731 17.6006 12.8972 17.7761 12.8972C18.6166 12.8972 19.3902 12.346 19.6326 11.5011L20.5478 8.30981H24.9012L24.2893 10.4435C23.9964 11.4653 24.5904 12.5311 25.6161 12.8229C25.7936 12.8731 25.9718 12.8972 26.1479 12.8972C26.9885 12.8972 27.7621 12.346 28.0045 11.5011L30.5801 2.51967C30.8736 1.49788 30.279 0.432054 29.2533 0.140311L29.2526 0.139623Z" fill="currentColor"></path><path d="M45.5579 0.828393C44.9142 -0.0193138 43.7013 -0.185827 42.8517 0.455457L37.3994 4.56601L37.9865 2.51899C38.2794 1.4972 37.6854 0.432062 36.6597 0.139631C35.6327 -0.153488 34.5641 0.438943 34.2713 1.46142L31.695 10.4435C31.4022 11.4653 31.9962 12.5305 33.0225 12.8229C33.2 12.8731 33.3782 12.8972 33.5544 12.8972C34.3956 12.8972 35.1685 12.3461 35.4109 11.5011L36.5188 7.63894C36.5188 7.63894 36.5202 7.6417 36.5209 7.64307C36.5381 7.66509 36.5602 7.68023 36.5782 7.70225C36.6024 7.73114 36.6196 7.76348 36.6459 7.7917L40.8322 12.2828C41.2127 12.6908 41.7301 12.8979 42.2481 12.8979C42.7184 12.8979 43.1909 12.7272 43.5625 12.3832C44.3443 11.66 44.3892 10.4422 43.664 9.66325L40.9316 6.73275L45.1849 3.52633C46.0351 2.88504 46.2037 1.67816 45.5593 0.830457L45.5579 0.828393Z" fill="currentColor"></path><path d="M3.64329 23.1694C3.64329 19.1662 6.2023 16.5267 9.69788 16.5267C13.1935 16.5267 15.807 19.1655 15.807 23.1694C15.807 27.1733 13.2121 29.9373 9.69788 29.9373C6.18365 29.9373 3.64329 27.2263 3.64329 23.1694ZM13.6086 23.1694C13.6086 20.2967 12.0227 18.43 9.71584 18.43C7.40893 18.43 5.84106 20.3146 5.84106 23.1694C5.84106 26.0242 7.37302 28.0341 9.71584 28.0341C12.0587 28.0341 13.6086 26.1309 13.6086 23.1694Z" fill="currentColor"></path><path d="M28.2484 16.7965V29.5781H25.9781L20.1031 20.2795V29.5781H17.9765V16.7965H20.2115L26.1218 26.1316V16.7965H28.2484Z" fill="currentColor"></path><path d="M40.3445 29.5781H30.9739V16.7965H40.1828V18.6453H33.1544V22.0382H39.5515V23.9049H33.1544V27.7286H40.3445V29.5781Z" fill="currentColor"></path></g><defs><clipPath id="clip0_67441_3928"><rect width="46" height="30" fill="white"></rect></clipPath></defs></svg></a></div></div><div class="nju5mi5"></div></div></header><div class="_22j9o21"><div class="_22j9o24" style="--_22j9o23:0px"><nav class="esl7kn2s _1yasqhm0" id="service-header"><div class="_1yasqhm1" tabindex="-1"><div class="_1yasqhm2"><ul class="_1yasqhm5"><li class="_1ytm0ij3 _1ytm0ij0 _1ytm0ij1"><div class="_1ytm0ij4"><a class="_1ytm0ij5 _1ytm0ij6 _1yvyrz30" href="/tv/g1">NHKプラス</a><button type="button" aria-label="「NHKプラス」のメニューを開く" aria-controls="service-header-dialog-_R_12slbbb_" aria-expanded="false" class="_1ytm0ij9 _1ytm0ij7"><i class="_1ytm0ija"><svg xmlns="http://www.w3.org/2000/svg" viewBox="0 0 20 20" height="100%" width="100%" class="_18e2gnn7" style="--_18e2gnn5:currentColor;--_18e2gnn6:currentColor" focusable="false" aria-hidden="true" data-testid="ArrowDownIcon"><defs></defs><g><g><path fill="currentColor" d="M10.468,12.071c-.26.26-.663.26-.923,0l-3.965-3.965c-.247-.247-.078-.663.273-.663h8.294c.351,0,.52.416.273.663l-3.952,3.965Z"></path><rect fill="none" width="20" height="20"></rect></g></g></svg></i></button><i class="_1ytm0ijc _1ytm0ijb"><svg xmlns="http://www.w3.org/2000/svg" viewBox="0 0 20 20" height="18px" width="18px" class="_18e2gnn7" style="--_18e2gnn5:currentColor;--_18e2gnn6:currentColor" focusable="false" aria-hidden="true" data-testid="ChevronRightIcon"><defs></defs><g><g><path stroke-width="0px" fill="currentColor" d="m13.7538,9.5405L7.1532,2.9404c-.2539-.2539-.666-.2539-.9199,0s-.2539.665,0,.9189l6.1411,6.1406-6.1411,6.1406c-.2539.2539-.2539.665,0,.9189.127.127.2939.1904.46.1904s.333-.0635.46-.1904l6.6006-6.6001c.2539-.2539.2539-.665,0-.9189Z"></path><rect fill="none" stroke-width="0px" width="20" height="20"></rect></g></g></svg></i></div></li><li class="_1ytm0ij3 _1ytm0ij0 _1ytm0ij1"><div class="_1ytm0ij4"><a target="_blank" rel="noopener" class="_1ytm0ij5 _1ytm0ij6 _1yvyrz30" href="https://news.web.nhk/newsweb">ニュース・防災</a><button type="button" aria-label="「ニュース・防災」のメニューを開く" aria-controls="service-header-dialog-_R_12slbbb_" aria-expanded="false" class="_1ytm0ij9 _1ytm0ij7"><i class="_1ytm0ija"><svg xmlns="http://www.w3.org/2000/svg" viewBox="0 0 20 20" height="100%" width="100%" class="_18e2gnn7" style="--_18e2gnn5:currentColor;--_18e2gnn6:currentColor" focusable="false" aria-hidden="true" data-testid="ArrowDownIcon"><defs></defs><g><g><path fill="currentColor" d="M10.468,12.071c-.26.26-.663.26-.923,0l-3.965-3.965c-.247-.247-.078-.663.273-.663h8.294c.351,0,.52.416.273.663l-3.952,3.965Z"></path><rect fill="none" width="20" height="20"></rect></g></g></svg></i></button><i class="_1ytm0ijc _1ytm0ijb"><svg xmlns="http://www.w3.org/2000/svg" viewBox="0 0 20 20" height="18px" width="18px" class="_18e2gnn7" style="--_18e2gnn5:currentColor;--_18e2gnn6:currentColor" focusable="false" aria-hidden="true" data-testid="BlankIcon"><defs></defs><g><g><path fill="none" stroke-width="0px" d="m4.0937,5.3918v9.8082c0,.3859.314.7.7.7h9.8115c.386,0,.7-.314.7-.7v-4.1325h-6.379v-6.3757h-4.1325c-.386,0-.7.314-.7.7Z"></path><path stroke-width="0px" fill="currentColor" d="m15.3053,15.2c0,.3859-.314.7-.7.7H4.7937c-.386,0-.7-.314-.7-.7V5.3918c0-.386.314-.7.7-.7h4.1325v-1.3h-4.1325c-1.1046,0-2,.8954-2,2v9.8082c0,1.1046.8954,2,2,2h9.8115c1.1046,0,2-.8954,2-2v-4.1325h-1.3v4.1325Z"></path><path stroke-width="0px" fill="currentColor" d="m17.9928,2.645c-.0007-.0829-.017-.1655-.0491-.2433-.0659-.1589-.1924-.2856-.3514-.3516-.0794-.0329-.1638-.0502-.2484-.0502h-4.7227c-.3589,0-.6499.291-.6499.6499s.291.6499.6499.6499h3.1536l-6.7464,6.7451c-.2539.2534-.2539.665,0,.9189.127.127.293.1904.4595.1904s.3325-.0635.4595-.1904l6.7466-6.7453v3.1618c0,.3589.291.6499.6499.6499s.6499-.291.6499-.6499V2.6499c0-.0017-.001-.0032-.001-.0049Z"></path><rect fill="none" stroke-width="0px" width="20" height="20"></rect></g></g></svg></i></div></li><li class="_1ytm0ij3 _1ytm0ij0 _1ytm0ij1"><div class="_1ytm0ij4"><a target="_blank" rel="noopener" class="_1ytm0ij5 _1ytm0ij6 _1yvyrz30" href="https://edu.web.nhk/school/">教育</a><button type="button" aria-label="「教育」のメニューを開く" aria-controls="service-header-dialog-_R_12slbbb_" aria-expanded="false" class="_1ytm0ij9 _1ytm0ij7"><i class="_1ytm0ija"><svg xmlns="http://www.w3.org/2000/svg" viewBox="0 0 20 20" height="100%" width="100%" class="_18e2gnn7" style="--_18e2gnn5:currentColor;--_18e2gnn6:currentColor" focusable="false" aria-hidden="true" data-testid="ArrowDownIcon"><defs></defs><g><g><path fill="currentColor" d="M10.468,12.071c-.26.26-.663.26-.923,0l-3.965-3.965c-.247-.247-.078-.663.273-.663h8.294c.351,0,.52.416.273.663l-3.952,3.965Z"></path><rect fill="none" width="20" height="20"></rect></g></g></svg></i></button><i class="_1ytm0ijc _1ytm0ijb"><svg xmlns="http://www.w3.org/2000/svg" viewBox="0 0 20 20" height="18px" width="18px" class="_18e2gnn7" style="--_18e2gnn5:currentColor;--_18e2gnn6:currentColor" focusable="false" aria-hidden="true" data-testid="BlankIcon"><defs></defs><g><g><path fill="none" stroke-width="0px" d="m4.0937,5.3918v9.8082c0,.3859.314.7.7.7h9.8115c.386,0,.7-.314.7-.7v-4.1325h-6.379v-6.3757h-4.1325c-.386,0-.7.314-.7.7Z"></path><path stroke-width="0px" fill="currentColor" d="m15.3053,15.2c0,.3859-.314.7-.7.7H4.7937c-.386,0-.7-.314-.7-.7V5.3918c0-.386.314-.7.7-.7h4.1325v-1.3h-4.1325c-1.1046,0-2,.8954-2,2v9.8082c0,1.1046.8954,2,2,2h9.8115c1.1046,0,2-.8954,2-2v-4.1325h-1.3v4.1325Z"></path><path stroke-width="0px" fill="currentColor" d="m17.9928,2.645c-.0007-.0829-.017-.1655-.0491-.2433-.0659-.1589-.1924-.2856-.3514-.3516-.0794-.0329-.1638-.0502-.2484-.0502h-4.7227c-.3589,0-.6499.291-.6499.6499s.291.6499.6499.6499h3.1536l-6.7464,6.7451c-.2539.2534-.2539.665,0,.9189.127.127.293.1904.4595.1904s.3325-.0635.4595-.1904l6.7466-6.7453v3.1618c0,.3589.291.6499.6499.6499s.6499-.291.6499-.6499V2.6499c0-.0017-.001-.0032-.001-.0049Z"></path><rect fill="none" stroke-width="0px" width="20" height="20"></rect></g></g></svg></i></div></li><li class="_1ytm0ij3 _1ytm0ij0 _1ytm0ij1"><div class="_1ytm0ij4"><a class="_1ytm0ij5 _1ytm0ij6 _1yvyrz30" href="/kenko">医療・健康</a><button type="button" aria-label="「医療・健康」のメニューを開く" aria-controls="service-header-dialog-_R_12slbbb_" aria-expanded="false" class="_1ytm0ij9 _1ytm0ij7"><i class="_1ytm0ija"><svg xmlns="http://www.w3.org/2000/svg" viewBox="0 0 20 20" height="100%" width="100%" class="_18e2gnn7" style="--_18e2gnn5:currentColor;--_18e2gnn6:currentColor" focusable="false" aria-hidden="true" data-testid="ArrowDownIcon"><defs></defs><g><g><path fill="currentColor" d="M10.468,12.071c-.26.26-.663.26-.923,0l-3.965-3.965c-.247-.247-.078-.663.273-.663h8.294c.351,0,.52.416.273.663l-3.952,3.965Z"></path><rect fill="none" width="20" height="20"></rect></g></g></svg></i></button><i class="_1ytm0ijc _1ytm0ijb"><svg xmlns="http://www.w3.org/2000/svg" viewBox="0 0 20 20" height="18px" width="18px" class="_18e2gnn7" style="--_18e2gnn5:currentColor;--_18e2gnn6:currentColor" focusable="false" aria-hidden="true" data-testid="ChevronRightIcon"><defs></defs><g><g><path stroke-width="0px" fill="currentColor" d="m13.7538,9.5405L7.1532,2.9404c-.2539-.2539-.666-.2539-.9199,0s-.2539.665,0,.9189l6.1411,6.1406-6.1411,6.1406c-.2539.2539-.2539.665,0,.9189.127.127.2939.1904.46.1904s.333-.0635.46-.1904l6.6006-6.6001c.2539-.2539.2539-.665,0-.9189Z"></path><rect fill="none" stroke-width="0px" width="20" height="20"></rect></g></g></svg></i></div></li><li class="_1ytm0ij3 _1ytm0ij0 _1ytm0ij1"><div class="_1ytm0ij4"><a class="_1ytm0ij5 _1ytm0ij6 _1yvyrz30" href="/heart">福祉</a><button type="button" aria-label="「福祉」のメニューを開く" aria-controls="service-header-dialog-_R_12slbbb_" aria-expanded="false" class="_1ytm0ij9 _1ytm0ij7"><i class="_1ytm0ija"><svg xmlns="http://www.w3.org/2000/svg" viewBox="0 0 20 20" height="100%" width="100%" class="_18e2gnn7" style="--_18e2gnn5:currentColor;--_18e2gnn6:currentColor" focusable="false" aria-hidden="true" data-testid="ArrowDownIcon"><defs></defs><g><g><path fill="currentColor" d="M10.468,12.071c-.26.26-.663.26-.923,0l-3.965-3.965c-.247-.247-.078-.663.273-.663h8.294c.351,0,.52.416.273.663l-3.952,3.965Z"></path><rect fill="none" width="20" height="20"></rect></g></g></svg></i></button><i class="_1ytm0ijc _1ytm0ijb"><svg xmlns="http://www.w3.org/2000/svg" viewBox="0 0 20 20" height="18px" width="18px" class="_18e2gnn7" style="--_18e2gnn5:currentColor;--_18e2gnn6:currentColor" focusable="false" aria-hidden="true" data-testid="ChevronRightIcon"><defs></defs><g><g><path stroke-width="0px" fill="currentColor" d="m13.7538,9.5405L7.1532,2.9404c-.2539-.2539-.666-.2539-.9199,0s-.2539.665,0,.9189l6.1411,6.1406-6.1411,6.1406c-.2539.2539-.2539.665,0,.9189.127.127.2939.1904.46.1904s.333-.0635.46-.1904l6.6006-6.6001c.2539-.2539.2539-.665,0-.9189Z"></path><rect fill="none" stroke-width="0px" width="20" height="20"></rect></g></g></svg></i></div></li><li class="_1ytm0ij3 _1ytm0ij0 _1ytm0ij1"><div class="_1ytm0ij4"><a target="_blank" rel="noopener" class="_1ytm0ij5 _1ytm0ij6 _1yvyrz30" href="https://www.nhk.or.jp/radio/">ラジオ</a><button type="button" aria-label="「ラジオ」のメニューを開く" aria-controls="service-header-dialog-_R_12slbbb_" aria-expanded="false" class="_1ytm0ij9 _1ytm0ij7"><i class="_1ytm0ija"><svg xmlns="http://www.w3.org/2000/svg" viewBox="0 0 20 20" height="100%" width="100%" class="_18e2gnn7" style="--_18e2gnn5:currentColor;--_18e2gnn6:currentColor" focusable="false" aria-hidden="true" data-testid="ArrowDownIcon"><defs></defs><g><g><path fill="currentColor" d="M10.468,12.071c-.26.26-.663.26-.923,0l-3.965-3.965c-.247-.247-.078-.663.273-.663h8.294c.351,0,.52.416.273.663l-3.952,3.965Z"></path><rect fill="none" width="20" height="20"></rect></g></g></svg></i></button><i class="_1ytm0ijc _1ytm0ijb"><svg xmlns="http://www.w3.org/2000/svg" viewBox="0 0 20 20" height="18px" width="18px" class="_18e2gnn7" style="--_18e2gnn5:currentColor;--_18e2gnn6:currentColor" focusable="false" aria-hidden="true" data-testid="BlankIcon"><defs></defs><g><g><path fill="none" stroke-width="0px" d="m4.0937,5.3918v9.8082c0,.3859.314.7.7.7h9.8115c.386,0,.7-.314.7-.7v-4.1325h-6.379v-6.3757h-4.1325c-.386,0-.7.314-.7.7Z"></path><path stroke-width="0px" fill="currentColor" d="m15.3053,15.2c0,.3859-.314.7-.7.7H4.7937c-.386,0-.7-.314-.7-.7V5.3918c0-.386.314-.7.7-.7h4.1325v-1.3h-4.1325c-1.1046,0-2,.8954-2,2v9.8082c0,1.1046.8954,2,2,2h9.8115c1.1046,0,2-.8954,2-2v-4.1325h-1.3v4.1325Z"></path><path stroke-width="0px" fill="currentColor" d="m17.9928,2.645c-.0007-.0829-.017-.1655-.0491-.2433-.0659-.1589-.1924-.2856-.3514-.3516-.0794-.0329-.1638-.0502-.2484-.0502h-4.7227c-.3589,0-.6499.291-.6499.6499s.291.6499.6499.6499h3.1536l-6.7464,6.7451c-.2539.2534-.2539.665,0,.9189.127.127.293.1904.4595.1904s.3325-.0635.4595-.1904l6.7466-6.7453v3.1618c0,.3589.291.6499.6499.6499s.6499-.291.6499-.6499V2.6499c0-.0017-.001-.0032-.001-.0049Z"></path><rect fill="none" stroke-width="0px" width="20" height="20"></rect></g></g></svg></i></div></li></ul></div></div><dialog id="service-header-dialog-_R_12slbbb_" class="tg3fq40"><div class="tg3fq46" style="--tg3fq45:0px"><div class="tg3fq47"></div><div class="tg3fq4f"><button class="tg3fq4g" type="button"><svg xmlns="http://www.w3.org/2000/svg" viewBox="0 0 20 20" height="16px" width="16px" class="_18e2gnn7" style="--_18e2gnn5:currentColor;--_18e2gnn6:currentColor" focusable="false" aria-hidden="true" data-testid="CloseIcon"><defs></defs><g><g><path stroke-width="0px" fill="currentColor" d="m10.9093,10.0001l5.7408-5.7408c.2539-.2539.2539-.665,0-.9189s-.665-.2539-.9189,0l-5.7408,5.7408L4.2498,3.3403c-.2539-.2539-.665-.2539-.9189,0s-.2539.665,0,.9189l5.7406,5.7408-5.7406,5.7406c-.2539.2539-.2539.665,0,.9189.127.127.293.1904.4595.1904s.3325-.0635.4595-.1904l5.7406-5.7406,5.7404,5.7406c.127.127.293.1904.4595.1904s.3325-.0635.4595-.1904c.2539-.2539.2539-.665,0-.9189l-5.7404-5.7406Z"></path><rect fill="none" stroke-width="0px" width="20" height="20"></rect></g></g></svg>閉じる</button></div></div></dialog></nav></div><script id="json-ld-0" type="application/ld+json">{"@context":["http://schema.org",{"@language":"ja"}],"@type":"WebPage","name":"ドラマ","description":"【NHK】ドラマのシリーズです。","url":"https://www.web.nhk/tv/dk/series-tep-drama-997LTPA45I","mainEntityOfPage":{"@type":"WebSite","@id":"www.web.nhk"},"publisher":{"@type":"Organization","name":"日本放送協会","logo":{"@type":"ImageObject","url":"https://imgu.bx.nhk/common/ci/logo/nhk_w50-w80-logo.svg"}}}</script><script id="json-ld-1" type="application/ld+json">{"@context":["http://schema.org",{"@language":"ja"}],"@type":"Organization","name":"日本放送協会","logo":{"@type":"ImageObject","url":"https://www.nhk.jp/assets/images/ci/logo/nhk_w50-w80-logo.svg"},"url":"https://www.nhk.or.jp/"}</script><div class="esl7kn2s esl7kn1q esl7kn1r esl7kn1s esl7kn1t _37v81j0 _37v81j2" style="--esl7knc:56px;--esl7knd:40px;--esl7kne:40px;--esl7knf:16px;--esl7kng:20px;--esl7knh:16px;--esl7kni:40px;--esl7knj:16px"><div class="esl7kn2s _14kk1eq9" style="--_14kk1eq8:nowrap;--_14kk1eq0:column;--_14kk1eq1:column;--_14kk1eq2:start;--_14kk1eq3:start;--_14kk1eq4:stretch;--_14kk1eq5:stretch;--_14kk1eq6:32px;--_14kk1eq7:28px"><div class="esl7kn2s _1j8ph3o0"><h1 class="_1j8ph3o1">ドラマ</h1><p class="_1j8ph3o2">ドラマのシリーズです。</p></div><div class="esl7kn2s _14kk1eq9" style="--_14kk1eq8:nowrap;--_14kk1eq0:column;--_14kk1eq1:column;--_14kk1eq2:start;--_14kk1eq3:start;--_14kk1eq4:stretch;--_14kk1eq5:stretch;--_14kk1eq6:20px;--_14kk1eq7:16px"><div class="esl7kn2s _14kk1eq9" style="--_14kk1eq8:nowrap;--_14kk1eq0:column;--_14kk1eq1:column;--_14kk1eq2:start;--_14kk1eq3:start;--_14kk1eq4:stretch;--_14kk1eq5:stretch;--_14kk1eq6:80px;--_14kk1eq7:56px"><ul class="esl7kn2s _6lhznt0"><li class="_6lhznt1"><a class="_6lhznt4 _1yvyrz30" aria-current="true" href="/tv/dk/series-tep-drama-997LTPA45I">すべて</a></li><li class="_6lhznt1"><a class="_6lhznt5 _1yvyrz30" aria-current="false" href="/tv/dk/series-tep-drama-997LTPA45I?mediaAction=watch">配信中</a></li><li class="_6lhznt1"><a class="_6lhznt5 _1yvyrz30" aria-current="false" href="/tv/dk/series-tep-drama-997LTPA45I?mediaAction=read">番組記事</a></li></ul><div class="esl7kn2s _14kk1eq9" style="--_14kk1eq8:nowrap;--_14kk1eq0:column;--_14kk1eq1:column;--_14kk1eq2:start;--_14kk1eq3:start;--_14kk1eq4:stretch;--_14kk1eq5:stretch;--_14kk1eq6:32px;--_14kk1eq7:28px"><div class="esl7kn2s _1klntnk2 _1klntnk3" style="--_1klntnk0:#1f1f20;--_1klntnk1:#f9f9f9"><h2 class="_1klntnk4 _1klntnk9"><a class="_1klntnk5 _1klntnk7 _1yvyrz30" href="https://www.web.nhk/tv/an/drama-themis/pl/series-tep-32VWPKM6NX">テミスの不確かな法廷<i class="_1klntnk6"><svg xmlns="http://www.w3.org/2000/svg" viewBox="0 0 20 20" height="100%" width="100%" class="_18e2gnn7" style="--_18e2gnn5:currentColor;--_18e2gnn6:currentColor" focusable="false" aria-hidden="true" data-testid="ChevronRightIcon"><defs></defs><g><g><path stroke-width="0px" fill="currentColor" d="m13.7538,9.5405L7.1532,2.9404c-.2539-.2539-.666-.2539-.9199,0s-.2539.665,0,.9189l6.1411,6.1406-6.1411,6.1406c-.2539.2539-.2539.665,0,.9189.127.127.2939.1904.46.1904s.333-.0635.46-.1904l6.6006-6.6001c.2539-.2539.2539-.665,0-.9189Z"></path><rect fill="none" stroke-width="0px" width="20" height="20"></rect></g></g></svg></i></a></h2></div><div class="esl7kn2s _115e91w2 _115e91w5"><ul id="_R_26cpbsnpfiv5tsslbbb_-list" class="_115e91wb _18e2gnn2" style="--_18e2gnn0:24px;--_18e2gnn1:16px;--_115e91w1:1;--_115e91w0:1;--_115e91wc:171px;--_115e91wd:304px"><li class="_115e91we"><div class="_115e91wg"></div><a class="esl7kn2s i8ir4s5 i8ir4s8 i8ir4sd _1yvyrz30" style="--i8ir4s0:12px;--i8ir4s1:12px;--i8ir4s2:1fr 1fr;--i8ir4s3:1fr 1fr" href="https://www.web.nhk/tv/an/drama-themis/pl/series-tep-32VWPKM6NX/ep/J65M4J33WP"><div class="i8ir4sg i8ir4si"><div class="_1i3qn2c0"><div class="esl7kn2s _1tpn2gp6 _1tpn2gpc"><figure class="esl7kn2s _1xgv8e9d _1xgv8e99" style="--_1xgv8e92:inline;--_1xgv8e97:100%;--_1xgv8e93:0px"><div class="_1xgv8e9h _1xgv8e9f _1xgv8e9i _1xgv8e9p" style="--_1xgv8e93:0px"><div data-testid="backgroundImage" class="_1xgv8e9j" style="--_1xgv8e96:auto;--_1xgv8e94:none;--_1xgv8e95:1.7777777777777777;--_1xgv8e93:0px"></div></div></figure></div></div><div class="esl7kn2s _16tua4u2" style="--_16tua4u0:8px;--_16tua4u1:8px;--_16tua4u3:12px;--_16tua4u4:12px"><div class="_1i3qn2c1"><p class="_1i3qn2c4">テミスの不確かな法廷</p><p class="esl7kn2s ex68pq0"><strong>(8)向き合う覚悟</strong></p></div><div class="_1yapkdt0"><div class="_1yapkdt1"><div class="_1yapkdt5"><span class="_1yapkdt7 _1yapkdt2" style="--_1yapkdt6:calc(0.875rem * (var(--font-size-scale-factor, 1)))">初回放送日</span><img alt="NHK総合テレビジョン" class="_1yapkdt3" src="https://imgu.web.nhk/common/broadcastservice/bs/g1/g1-badge9x4.svg"/></div><div class="_1yapkdt4"><div class="esl7kn2s _1o4gdfj5 _1o4gdfjc" style="--_1o4gdfj0:inline;--_1o4gdfj1:#1f1f20;--_1o4gdfj2:#f9f9f9;--_1o4gdfj3:calc(0.875rem * (var(--font-size-scale-factor, 1)));--_1o4gdfj4:calc(0.875rem * (var(--font-size-scale-factor, 1)))"><time dateTime="2026-03-10T22:00:00+09:00" aria-label="2026年3月10日火曜日午後10時00分">2026年3月10日<!-- -->(<span>火</span>)<!-- -->午後10:00</time></div></div></div></div></div></div></a></li><li class="_115e91we"><a class="esl7kn2s i8ir4s5 i8ir4s8 i8ir4sd _1yvyrz30" style="--i8ir4s0:12px;--i8ir4s1:12px;--i8ir4s2:1fr 1fr;--i8ir4s3:1fr 1fr" href="https://www.web.nhk/tv/an/drama-themis/pl/series-tep-32VWPKM6NX/ep/E6JLGKRYQZ"><div class="i8ir4sg i8ir4si"><div class="_1i3qn2c0"><div class="esl7kn2s _1tpn2gp6 _1tpn2gpc"><figure class="esl7kn2s _1xgv8e9d _1xgv8e99" style="--_1xgv8e92:inline;--_1xgv8e97:100%;--_1xgv8e93:0px"><div class="_1xgv8e9h _1xgv8e9f _1xgv8e9i _1xgv8e9p" style="--_1xgv8e93:0px"><div data-testid="backgroundImage" class="_1xgv8e9j" style="--_1xgv8e96:auto;--_1xgv8e94:none;--_1xgv8e95:1.7777777777777777;--_1xgv8e93:0px"></div></div></figure></div><div class="oqol7i3">44分30秒</div></div><div class="esl7kn2s _16tua4u2" style="--_16tua4u0:8px;--_16tua4u1:8px;--_16tua4u3:12px;--_16tua4u4:12px"><div class="_1i3qn2c1"><p class="_1i3qn2c4">テミスの不確かな法廷</p><p class="esl7kn2s ex68pq0"><strong>(7)裁判所主導の職権主義</strong></p></div><div class="_1yapkdt0"><div class="_1yapkdt1"><div class="_1yapkdt5"><span class="_1yapkdt7 _1yapkdt2" style="--_1yapkdt6:calc(0.875rem * (var(--font-size-scale-factor, 1)))">初回放送日</span><img alt="NHK総合テレビジョン" class="_1yapkdt3" src="https://imgu.web.nhk/common/broadcastservice/bs/g1/g1-badge9x4.svg"/></div><div class="_1yapkdt4"><div class="esl7kn2s _1o4gdfj5 _1o4gdfjc" style="--_1o4gdfj0:inline;--_1o4gdfj1:#1f1f20;--_1o4gdfj2:#f9f9f9;--_1o4gdfj3:calc(0.875rem * (var(--font-size-scale-factor, 1)));--_1o4gdfj4:calc(0.875rem * (var(--font-size-scale-factor, 1)))"><time dateTime="2026-03-03T22:00:00+09:00" aria-label="2026年3月3日火曜日午後10時00分">2026年3月3日<!-- -->(<span>火</span>)<!-- -->午後10:00</time></div></div></div></div></div></div></a></li><li class="_115e91we"><a class="esl7kn2s i8ir4s5 i8ir4s8 i8ir4sd _1yvyrz30" style="--i8ir4s0:12px;--i8ir4s1:12px;--i8ir4s2:1fr 1fr;--i8ir4s3:1fr 1fr" href="https://www.web.nhk/tv/an/drama-themis/pl/series-tep-32VWPKM6NX/ep/J7MGJ9RWL1"><div class="i8ir4sg i8ir4si"><div class="_1i3qn2c0"><div class="esl7kn2s _1tpn2gp6 _1tpn2gpc"><figure class="esl7kn2s _1xgv8e9d _1xgv8e99" style="--_1xgv8e92:inline;--_1xgv8e97:100%;--_1xgv8e93:0px"><div class="_1xgv8e9h _1xgv8e9f _1xgv8e9i _1xgv8e9p" style="--_1xgv8e93:0px"><div data-testid="backgroundImage" class="_1xgv8e9j" style="--_1xgv8e96:auto;--_1xgv8e94:none;--_1xgv8e95:1.7777777777777777;--_1xgv8e93:0px"></div></div></figure></div></div><div class="esl7kn2s _16tua4u2" style="--_16tua4u0:8px;--_16tua4u1:8px;--_16tua4u3:12px;--_16tua4u4:12px"><div class="_1i3qn2c1"><p class="_1i3qn2c4">テミスの不確かな法廷</p><p class="esl7kn2s ex68pq0"><strong>(6)再審請求審</strong></p></div><div class="_1yapkdt0"><div class="_1yapkdt1"><div class="_1yapkdt5"><span class="_1yapkdt7 _1yapkdt2" style="--_1yapkdt6:calc(0.875rem * (var(--font-size-scale-factor, 1)))">初回放送日</span><img alt="NHK総合テレビジョン" class="_1yapkdt3" src="https://imgu.web.nhk/common/broadcastservice/bs/g1/g1-badge9x4.svg"/></div><div class="_1yapkdt4"><div class="esl7kn2s _1o4gdfj5 _1o4gdfjc" style="--_1o4gdfj0:inline;--_1o4gdfj1:#1f1f20;--_1o4gdfj2:#f9f9f9;--_1o4gdfj3:calc(0.875rem * (var(--font-size-scale-factor, 1)));--_1o4gdfj4:calc(0.875rem * (var(--font-size-scale-factor, 1)))"><time dateTime="2026-02-24T22:00:00+09:00" aria-label="2026年2月24日火曜日午後10時00分">2026年2月24日<!-- -->(<span>火</span>)<!-- -->午後10:00</time></div></div></div></div></div></div></a></li><li class="_115e91we"><a class="esl7kn2s i8ir4s5 i8ir4s8 i8ir4sd _1yvyrz30" style="--i8ir4s0:12px;--i8ir4s1:12px;--i8ir4s2:1fr 1fr;--i8ir4s3:1fr 1fr" href="https://www.web.nhk/tv/an/drama-themis/pl/series-tep-32VWPKM6NX/ep/85JRNZM89P"><div class="i8ir4sg i8ir4si"><div class="_1i3qn2c0"><div class="esl7kn2s _1tpn2gp6 _1tpn2gpc"><figure class="esl7kn2s _1xgv8e9d _1xgv8e99" style="--_1xgv8e92:inline;--_1xgv8e97:100%;--_1xgv8e93:0px"><div class="_1xgv8e9h _1xgv8e9f _1xgv8e9i _1xgv8e9p" style="--_1xgv8e93:0px"><div data-testid="backgroundImage" class="_1xgv8e9j" style="--_1xgv8e96:auto;--_1xgv8e94:none;--_1xgv8e95:1.7777777777777777;--_1xgv8e93:0px"></div></div></figure></div></div><div class="esl7kn2s _16tua4u2" style="--_16tua4u0:8px;--_16tua4u1:8px;--_16tua4u3:12px;--_16tua4u4:12px"><div class="_1i3qn2c1"><p class="_1i3qn2c4">テミスの不確かな法廷</p><p class="esl7kn2s ex68pq0"><strong>(5)書証主義と人証主義</strong></p></div><div class="_1yapkdt0"><div class="_1yapkdt1"><div class="_1yapkdt5"><span class="_1yapkdt7 _1yapkdt2" style="--_1yapkdt6:calc(0.875rem * (var(--font-size-scale-factor, 1)))">初回放送日</span><img alt="NHK総合テレビジョン" class="_1yapkdt3" src="https://imgu.web.nhk/common/broadcastservice/bs/g1/g1-badge9x4.svg"/></div><div class="_1yapkdt4"><div class="esl7kn2s _1o4gdfj5 _1o4gdfjc" style="--_1o4gdfj0:inline;--_1o4gdfj1:#1f1f20;--_1o4gdfj2:#f9f9f9;--_1o4gdfj3:calc(0.875rem * (var(--font-size-scale-factor, 1)));--_1o4gdfj4:calc(0.875rem * (var(--font-size-scale-factor, 1)))"><time dateTime="2026-02-03T22:00:00+09:00" aria-label="2026年2月3日火曜日午後10時00分">2026年2月3日<!-- -->(<span>火</span>)<!-- -->午後10:00</time></div></div></div></div></div></div></a></li><li class="_115e91we"><a class="esl7kn2s i8ir4s5 i8ir4s8 i8ir4sd _1yvyrz30" style="--i8ir4s0:12px;--i8ir4s1:12px;--i8ir4s2:1fr 1fr;--i8ir4s3:1fr 1fr" href="https://www.web.nhk/tv/an/drama-themis/pl/series-tep-32VWPKM6NX/ep/9YGZLJN1WY"><div class="i8ir4sg i8ir4si"><div class="_1i3qn2c0"><div class="esl7kn2s _1tpn2gp6 _1tpn2gpc"><figure class="esl7kn2s _1xgv8e9d _1xgv8e99" style="--_1xgv8e92:inline;--_1xgv8e97:100%;--_1xgv8e93:0px"><div class="_1xgv8e9h _1xgv8e9f _1xgv8e9i _1xgv8e9p" style="--_1xgv8e93:0px"><div data-testid="backgroundImage" class="_1xgv8e9j" style="--_1xgv8e96:auto;--_1xgv8e94:none;--_1xgv8e95:1.7777777777777777;--_1xgv8e93:0px"></div></div></figure></div></div><div class="esl7kn2s _16tua4u2" style="--_16tua4u0:8px;--_16tua4u1:8px;--_16tua4u3:12px;--_16tua4u4:12px"><div class="_1i3qn2c1"><p class="_1i3qn2c4">テミスの不確かな法廷</p><p class="esl7kn2s ex68pq0"><strong>(4)伝説の反逆児</strong></p></div><div class="_1yapkdt0"><div class="_1yapkdt1"><div class="_1yapkdt5"><span class="_1yapkdt7 _1yapkdt2" style="--_1yapkdt6:calc(0.875rem * (var(--font-size-scale-factor, 1)))">初回放送日</span><img alt="NHK総合テレビジョン" class="_1yapkdt3" src="https://imgu.web.nhk/common/broadcastservice/bs/g1/g1-badge9x4.svg"/></div><div class="_1yapkdt4"><div class="esl7kn2s _1o4gdfj5 _1o4gdfjc" style="--_1o4gdfj0:inline;--_1o4gdfj1:#1f1f20;--_1o4gdfj2:#f9f9f9;--_1o4gdfj3:calc(0.875rem * (var(--font-size-scale-factor, 1)));--_1o4gdfj4:calc(0.875rem * (var(--font-size-scale-factor, 1)))"><time dateTime="2026-01-27T22:00:00+09:00" aria-label="2026年1月27日火曜日午後10時00分">2026年1月27日<!-- -->(<span>火</span>)<!-- -->午後10:00</time></div></div></div></div></div></div></a></li><li class="_115e91we"><a class="esl7kn2s i8ir4s5 i8ir4s8 i8ir4sd _1yvyrz30" style="--i8ir4s0:12px;--i8ir4s1:12px;--i8ir4s2:1fr 1fr;--i8ir4s3:1fr 1fr" href="https://www.web.nhk/tv/an/drama-themis/pl/series-tep-32VWPKM6NX/ep/M6WY164Z62"><div class="i8ir4sg i8ir4si"><div class="_1i3qn2c0"><div class="esl7kn2s _1tpn2gp6 _1tpn2gpc"><figure class="esl7kn2s _1xgv8e9d _1xgv8e99" style="--_1xgv8e92:inline;--_1xgv8e97:100%;--_1xgv8e93:0px"><div class="_1xgv8e9h _1xgv8e9f _1xgv8e9i _1xgv8e9p" style="--_1xgv8e93:0px"><div data-testid="backgroundImage" class="_1xgv8e9j" style="--_1xgv8e96:auto;--_1xgv8e94:none;--_1xgv8e95:1.7777777777777777;--_1xgv8e93:0px"></div></div></figure></div></div><div class="esl7kn2s _16tua4u2" style="--_16tua4u0:8px;--_16tua4u1:8px;--_16tua4u3:12px;--_16tua4u4:12px"><div class="_1i3qn2c1"><p class="_1i3qn2c4">テミスの不確かな法廷</p><p class="esl7kn2s ex68pq0"><strong>(3)裁判官の資質</strong></p></div><div class="_1yapkdt0"><div class="_1yapkdt1"><div class="_1yapkdt5"><span class="_1yapkdt7 _1yapkdt2" style="--_1yapkdt6:calc(0.875rem * (var(--font-size-scale-factor, 1)))">初回放送日</span><img alt="NHK総合テレビジョン" class="_1yapkdt3" src="https://imgu.web.nhk/common/broadcastservice/bs/g1/g1-badge9x4.svg"/></div><div class="_1yapkdt4"><div class="esl7kn2s _1o4gdfj5 _1o4gdfjc" style="--_1o4gdfj0:inline;--_1o4gdfj1:#1f1f20;--_1o4gdfj2:#f9f9f9;--_1o4gdfj3:calc(0.875rem * (var(--font-size-scale-factor, 1)));--_1o4gdfj4:calc(0.875rem * (var(--font-size-scale-factor, 1)))"><time dateTime="2026-01-20T22:00:00+09:00" aria-label="2026年1月20日火曜日午後10時00分">2026年1月20日<!-- -->(<span>火</span>)<!-- -->午後10:00</time></div></div></div></div></div></div></a></li><li class="_115e91we"><a class="esl7kn2s i8ir4s5 i8ir4s8 i8ir4sd _1yvyrz30" style="--i8ir4s0:12px;--i8ir4s1:12px;--i8ir4s2:1fr 1fr;--i8ir4s3:1fr 1fr" href="https://www.web.nhk/tv/an/drama-themis/pl/series-tep-32VWPKM6NX/ep/DGNPQVQ64L"><div class="i8ir4sg i8ir4si"><div class="_1i3qn2c0"><div class="esl7kn2s _1tpn2gp6 _1tpn2gpc"><figure class="esl7kn2s _1xgv8e9d _1xgv8e99" style="--_1xgv8e92:inline;--_1xgv8e97:100%;--_1xgv8e93:0px"><div class="_1xgv8e9h _1xgv8e9f _1xgv8e9i _1xgv8e9p" style="--_1xgv8e93:0px"><div data-testid="backgroundImage" class="_1xgv8e9j" style="--_1xgv8e96:auto;--_1xgv8e94:none;--_1xgv8e95:1.7777777777777777;--_1xgv8e93:0px"></div></div></figure></div></div><div class="esl7kn2s _16tua4u2" style="--_16tua4u0:8px;--_16tua4u1:8px;--_16tua4u3:12px;--_16tua4u4:12px"><div class="_1i3qn2c1"><p class="_1i3qn2c4">テミスの不確かな法廷</p><p class="esl7kn2s ex68pq0"><strong>(2)真実義務と誠実義務</strong></p></div><div class="_1yapkdt0"><div class="_1yapkdt1"><div class="_1yapkdt5"><span class="_1yapkdt7 _1yapkdt2" style="--_1yapkdt6:calc(0.875rem * (var(--font-size-scale-factor, 1)))">初回放送日</span><img alt="NHK総合テレビジョン" class="_1yapkdt3" src="https://imgu.web.nhk/common/broadcastservice/bs/g1/g1-badge9x4.svg"/></div><div class="_1yapkdt4"><div class="esl7kn2s _1o4gdfj5 _1o4gdfjc" style="--_1o4gdfj0:inline;--_1o4gdfj1:#1f1f20;--_1o4gdfj2:#f9f9f9;--_1o4gdfj3:calc(0.875rem * (var(--font-size-scale-factor, 1)));--_1o4gdfj4:calc(0.875rem * (var(--font-size-scale-factor, 1)))"><time dateTime="2026-01-13T22:00:00+09:00" aria-label="2026年1月13日火曜日午後10時00分">2026年1月13日<!-- -->(<span>火</span>)<!-- -->午後10:00</time></div></div></div></div></div></div></a></li><li class="_115e91we"><a class="esl7kn2s i8ir4s5 i8ir4s8 i8ir4sd _1yvyrz30" style="--i8ir4s0:12px;--i8ir4s1:12px;--i8ir4s2:1fr 1fr;--i8ir4s3:1fr 1fr" href="https://www.web.nhk/tv/an/drama-themis/pl/series-tep-32VWPKM6NX/ep/KX641RGLL6"><div class="i8ir4sg i8ir4si"><div class="_1i3qn2c0"><div class="esl7kn2s _1tpn2gp6 _1tpn2gpc"><figure class="esl7kn2s _1xgv8e9d _1xgv8e99" style="--_1xgv8e92:inline;--_1xgv8e97:100%;--_1xgv8e93:0px"><div class="_1xgv8e9h _1xgv8e9f _1xgv8e9i _1xgv8e9p" style="--_1xgv8e93:0px"><div data-testid="backgroundImage" class="_1xgv8e9j" style="--_1xgv8e96:auto;--_1xgv8e94:none;--_1xgv8e95:1.7777777777777777;--_1xgv8e93:0px"></div></div></figure></div></div><div class="esl7kn2s _16tua4u2" style="--_16tua4u0:8px;--_16tua4u1:8px;--_16tua4u3:12px;--_16tua4u4:12px"><div class="_1i3qn2c1"><p class="_1i3qn2c4">テミスの不確かな法廷</p><p class="esl7kn2s ex68pq0"><strong>(1)裁判官忌避</strong></p></div><div class="_1yapkdt0"><div class="_1yapkdt1"><div class="_1yapkdt5"><span class="_1yapkdt7 _1yapkdt2" style="--_1yapkdt6:calc(0.875rem * (var(--font-size-scale-factor, 1)))">初回放送日</span><img alt="NHK総合テレビジョン" class="_1yapkdt3" src="https://imgu.web.nhk/common/broadcastservice/bs/g1/g1-badge9x4.svg"/></div><div class="_1yapkdt4"><div class="esl7kn2s _1o4gdfj5 _1o4gdfjc" style="--_1o4gdfj0:inline;--_1o4gdfj1:#1f1f20;--_1o4gdfj2:#f9f9f9;--_1o4gdfj3:calc(0.875rem * (var(--font-size-scale-factor, 1)));--_1o4gdfj4:calc(0.875rem * (var(--font-size-scale-factor, 1)))"><time dateTime="2026-01-06T22:00:00+09:00" aria-label="2026年1月6日火曜日午後10時00分">2026年1月6日<!-- -->(<span>火</span>)<!-- -->午後10:00</time></div></div></div></div></div></div></a><div class="_115e91wi"></div></li></ul><div class="_115e91wk"><div role="scrollbar" aria-hidden="true" aria-controls="_R_26cpbsnpfiv5tsslbbb_-list" aria-valuenow="0" class="_115e91wl" style="--_115e91wo:0%;--_115e91wn:0%;--_115e91wq:100%"><div class="_115e91wm"><div class="_115e91wp"></div></div><div class="_115e91wr" tabindex="-1"><div class="_115e91ws"></div></div></div><div class="_115e91wt"><button class="_115e91wu" aria-hidden="true" tabindex="-1" type="button" disabled=""><svg xmlns="http://www.w3.org/2000/svg" viewBox="0 0 20 20" height="1em" width="1em" class="_18e2gnn7" style="--_18e2gnn5:currentColor;--_18e2gnn6:currentColor" focusable="false" aria-hidden="true" data-testid="ChevronLeftIcon"><defs></defs><g><g><path stroke-width="0px" fill="currentColor" d="m7.6141,10l6.1402-6.1406c.2539-.2539.2539-.665,0-.9189s-.666-.2539-.9199,0l-6.5996,6.6001c-.2539.2539-.2539.665,0,.9189l6.5996,6.6001c.127.127.2939.1904.46.1904s.333-.0635.46-.1904c.2539-.2539.2539-.665,0-.9189l-6.1402-6.1406Z"></path><rect fill="none" stroke-width="0px" width="20" height="20"></rect></g></g></svg></button><button class="_115e91wu" aria-hidden="true" tabindex="-1" type="button"><svg xmlns="http://www.w3.org/2000/svg" viewBox="0 0 20 20" height="1em" width="1em" class="_18e2gnn7" style="--_18e2gnn5:currentColor;--_18e2gnn6:currentColor" focusable="false" aria-hidden="true" data-testid="ChevronRightIcon"><defs></defs><g><g><path stroke-width="0px" fill="currentColor" d="m13.7538,9.5405L7.1532,2.9404c-.2539-.2539-.666-.2539-.9199,0s-.2539.665,0,.9189l6.1411,6.1406-6.1411,6.1406c-.2539.2539-.2539.665,0,.9189.127.127.2939.1904.46.1904s.333-.0635.46-.1904l6.6006-6.6001c.2539-.2539.2539-.665,0-.9189Z"></path><rect fill="none" stroke-width="0px" width="20" height="20"></rect></g></g></svg></button></div></div></div></div><div class="esl7kn2s _14kk1eq9" style="--_14kk1eq8:nowrap;--_14kk1eq0:column;--_14kk1eq1:column;--_14kk1eq2:start;--_14kk1eq3:start;--_14kk1eq4:stretch;--_14kk1eq5:stretch;--_14kk1eq6:32px;--_14kk1eq7:28px"><div class="esl7kn2s _1klntnk2 _1klntnk3" style="--_1klntnk0:#1f1f20;--_1klntnk1:#f9f9f9"><h2 class="_1klntnk4 _1klntnk9"><a class="_1klntnk5 _1klntnk7 _1yvyrz30" href="https://www.web.nhk/tv/pl/series-tep-R6ZNL4MY77">【夜ドラ】事件は、その周りで起きている<i class="_1klntnk6"><svg xmlns="http://www.w3.org/2000/svg" viewBox="0 0 20 20" height="100%" width="100%" class="_18e2gnn7" style="--_18e2gnn5:currentColor;--_18e2gnn6:currentColor" focusable="false" aria-hidden="true" data-testid="ChevronRightIcon"><defs></defs><g><g><path stroke-width="0px" fill="currentColor" d="m13.7538,9.5405L7.1532,2.9404c-.2539-.2539-.666-.2539-.9199,0s-.2539.665,0,.9189l6.1411,6.1406-6.1411,6.1406c-.2539.2539-.2539.665,0,.9189.127.127.2939.1904.46.1904s.333-.0635.46-.1904l6.6006-6.6001c.2539-.2539.2539-.665,0-.9189Z"></path><rect fill="none" stroke-width="0px" width="20" height="20"></rect></g></g></svg></i></a></h2></div><div class="esl7kn2s _115e91w2 _115e91w5"><ul id="_R_2acpbsnpfiv5tsslbbb_-list" class="_115e91wb _18e2gnn2" style="--_18e2gnn0:24px;--_18e2gnn1:16px;--_115e91w1:1;--_115e91w0:1;--_115e91wc:171px;--_115e91wd:304px"><li class="_115e91we"><div class="_115e91wg"></div><a class="esl7kn2s i8ir4s5 i8ir4s8 i8ir4sd _1yvyrz30" style="--i8ir4s0:12px;--i8ir4s1:12px;--i8ir4s2:1fr 1fr;--i8ir4s3:1fr 1fr" href="https://www.web.nhk/tv/pl/series-tep-R6ZNL4MY77/ep/D7RL5R5Q5Q"><div class="i8ir4sg i8ir4si"><div class="_1i3qn2c0"><div class="esl7kn2s _1tpn2gp6 _1tpn2gpc"><figure class="esl7kn2s _1xgv8e9d _1xgv8e99" style="--_1xgv8e92:inline;--_1xgv8e97:100%;--_1xgv8e93:0px"><div class="_1xgv8e9h _1xgv8e9f _1xgv8e9i _1xgv8e9p" style="--_1xgv8e93:0px"><div data-testid="backgroundImage" class="_1xgv8e9j" style="--_1xgv8e96:auto;--_1xgv8e94:none;--_1xgv8e95:1.7777777777777777;--_1xgv8e93:0px"></div></div></figure></div></div><div class="esl7kn2s _16tua4u2" style="--_16tua4u0:8px;--_16tua4u1:8px;--_16tua4u3:12px;--_16tua4u4:12px"><div class="_1i3qn2c1"><p class="_1i3qn2c4">【夜ドラ】事件は、その周りで起きている</p><p class="esl7kn2s ex68pq0"><strong>シリーズ3 (4)小芝風花主演・警察コメディー</strong></p></div><div class="_1yapkdt0"><div class="_1yapkdt1"><div class="_1yapkdt5"><span class="_1yapkdt7 _1yapkdt2" style="--_1yapkdt6:calc(0.875rem * (var(--font-size-scale-factor, 1)))">初回放送日</span><img alt="NHK総合テレビジョン" class="_1yapkdt3" src="https://imgu.web.nhk/common/broadcastservice/bs/g1/g1-badge9x4.svg"/></div><div class="_1yapkdt4"><div class="esl7kn2s _1o4gdfj5 _1o4gdfjc" style="--_1o4gdfj0:inline;--_1o4gdfj1:#1f1f20;--_1o4gdfj2:#f9f9f9;--_1o4gdfj3:calc(0.875rem * (var(--font-size-scale-factor, 1)));--_1o4gdfj4:calc(0.875rem * (var(--font-size-scale-factor, 1)))"><time dateTime="2026-03-12T22:45:00+09:00" aria-label="2026年3月12日木曜日午後10時45分">2026年3月12日<!-- -->(<span>木</span>)<!-- -->午後10:45</time></div></div></div></div></div></div></a></li><li class="_115e91we"><a class="esl7kn2s i8ir4s5 i8ir4s8 i8ir4sd _1yvyrz30" style="--i8ir4s0:12px;--i8ir4s1:12px;--i8ir4s2:1fr 1fr;--i8ir4s3:1fr 1fr" href="https://www.web.nhk/tv/pl/series-tep-R6ZNL4MY77/ep/GPMJM53Z8Q"><div class="i8ir4sg i8ir4si"><div class="_1i3qn2c0"><div class="esl7kn2s _1tpn2gp6 _1tpn2gpc"><figure class="esl7kn2s _1xgv8e9d _1xgv8e99" style="--_1xgv8e92:inline;--_1xgv8e97:100%;--_1xgv8e93:0px"><div class="_1xgv8e9h _1xgv8e9f _1xgv8e9i _1xgv8e9p" style="--_1xgv8e93:0px"><div data-testid="backgroundImage" class="_1xgv8e9j" style="--_1xgv8e96:auto;--_1xgv8e94:none;--_1xgv8e95:1.7777777777777777;--_1xgv8e93:0px"></div></div></figure></div></div><div class="esl7kn2s _16tua4u2" style="--_16tua4u0:8px;--_16tua4u1:8px;--_16tua4u3:12px;--_16tua4u4:12px"><div class="_1i3qn2c1"><p class="_1i3qn2c4">【夜ドラ】事件は、その周りで起きている</p><p class="esl7kn2s ex68pq0"><strong>シリーズ3 (3)小芝風花主演・警察コメディー</strong></p></div><div class="_1yapkdt0"><div class="_1yapkdt1"><div class="_1yapkdt5"><span class="_1yapkdt7 _1yapkdt2" style="--_1yapkdt6:calc(0.875rem * (var(--font-size-scale-factor, 1)))">初回放送日</span><img alt="NHK総合テレビジョン" class="_1yapkdt3" src="https://imgu.web.nhk/common/broadcastservice/bs/g1/g1-badge9x4.svg"/></div><div class="_1yapkdt4"><div class="esl7kn2s _1o4gdfj5 _1o4gdfjc" style="--_1o4gdfj0:inline;--_1o4gdfj1:#1f1f20;--_1o4gdfj2:#f9f9f9;--_1o4gdfj3:calc(0.875rem * (var(--font-size-scale-factor, 1)));--_1o4gdfj4:calc(0.875rem * (var(--font-size-scale-factor, 1)))"><time dateTime="2026-03-11T22:45:00+09:00" aria-label="2026年3月11日水曜日午後10時45分">2026年3月11日<!-- -->(<span>水</span>)<!-- -->午後10:45</time></div></div></div></div></div></div></a></li><li class="_115e91we"><a class="esl7kn2s i8ir4s5 i8ir4s8 i8ir4sd _1yvyrz30" style="--i8ir4s0:12px;--i8ir4s1:12px;--i8ir4s2:1fr 1fr;--i8ir4s3:1fr 1fr" href="https://www.web.nhk/tv/pl/series-tep-R6ZNL4MY77/ep/NLY5MZ8K5L"><div class="i8ir4sg i8ir4si"><div class="_1i3qn2c0"><div class="esl7kn2s _1tpn2gp6 _1tpn2gpc"><figure class="esl7kn2s _1xgv8e9d _1xgv8e99" style="--_1xgv8e92:inline;--_1xgv8e97:100%;--_1xgv8e93:0px"><div class="_1xgv8e9h _1xgv8e9f _1xgv8e9i _1xgv8e9p" style="--_1xgv8e93:0px"><div data-testid="backgroundImage" class="_1xgv8e9j" style="--_1xgv8e96:auto;--_1xgv8e94:none;--_1xgv8e95:1.7777777777777777;--_1xgv8e93:0px"></div></div></figure></div></div><div class="esl7kn2s _16tua4u2" style="--_16tua4u0:8px;--_16tua4u1:8px;--_16tua4u3:12px;--_16tua4u4:12px"><div class="_1i3qn2c1"><p class="_1i3qn2c4">【夜ドラ】事件は、その周りで起きている</p><p class="esl7kn2s ex68pq0"><strong>シリーズ3 (2)小芝風花主演・警察コメディー</strong></p></div><div class="_1yapkdt0"><div class="_1yapkdt1"><div class="_1yapkdt5"><span class="_1yapkdt7 _1yapkdt2" style="--_1yapkdt6:calc(0.875rem * (var(--font-size-scale-factor, 1)))">初回放送日</span><img alt="NHK総合テレビジョン" class="_1yapkdt3" src="https://imgu.web.nhk/common/broadcastservice/bs/g1/g1-badge9x4.svg"/></div><div class="_1yapkdt4"><div class="esl7kn2s _1o4gdfj5 _1o4gdfjc" style="--_1o4gdfj0:inline;--_1o4gdfj1:#1f1f20;--_1o4gdfj2:#f9f9f9;--_1o4gdfj3:calc(0.875rem * (var(--font-size-scale-factor, 1)));--_1o4gdfj4:calc(0.875rem * (var(--font-size-scale-factor, 1)))"><time dateTime="2026-03-10T22:45:00+09:00" aria-label="2026年3月10日火曜日午後10時45分">2026年3月10日<!-- -->(<span>火</span>)<!-- -->午後10:45</time></div></div></div></div></div></div></a></li><li class="_115e91we"><a class="esl7kn2s i8ir4s5 i8ir4s8 i8ir4sd _1yvyrz30" style="--i8ir4s0:12px;--i8ir4s1:12px;--i8ir4s2:1fr 1fr;--i8ir4s3:1fr 1fr" href="https://www.web.nhk/tv/pl/series-tep-R6ZNL4MY77/ep/JMKYNP7GRQ"><div class="i8ir4sg i8ir4si"><div class="_1i3qn2c0"><div class="esl7kn2s _1tpn2gp6 _1tpn2gpc"><figure class="esl7kn2s _1xgv8e9d _1xgv8e99" style="--_1xgv8e92:inline;--_1xgv8e97:100%;--_1xgv8e93:0px"><div class="_1xgv8e9h _1xgv8e9f _1xgv8e9i _1xgv8e9p" style="--_1xgv8e93:0px"><div data-testid="backgroundImage" class="_1xgv8e9j" style="--_1xgv8e96:auto;--_1xgv8e94:none;--_1xgv8e95:1.7777777777777777;--_1xgv8e93:0px"></div></div></figure></div></div><div class="esl7kn2s _16tua4u2" style="--_16tua4u0:8px;--_16tua4u1:8px;--_16tua4u3:12px;--_16tua4u4:12px"><div class="_1i3qn2c1"><p class="_1i3qn2c4">【夜ドラ】事件は、その周りで起きている</p><p class="esl7kn2s ex68pq0"><strong>シリーズ3 (1)小芝風花主演・警察コメディー</strong></p></div><div class="_1yapkdt0"><div class="_1yapkdt1"><div class="_1yapkdt5"><span class="_1yapkdt7 _1yapkdt2" style="--_1yapkdt6:calc(0.875rem * (var(--font-size-scale-factor, 1)))">初回放送日</span><img alt="NHK総合テレビジョン" class="_1yapkdt3" src="https://imgu.web.nhk/common/broadcastservice/bs/g1/g1-badge9x4.svg"/></div><div class="_1yapkdt4"><div class="esl7kn2s _1o4gdfj5 _1o4gdfjc" style="--_1o4gdfj0:inline;--_1o4gdfj1:#1f1f20;--_1o4gdfj2:#f9f9f9;--_1o4gdfj3:calc(0.875rem * (var(--font-size-scale-factor, 1)));--_1o4gdfj4:calc(0.875rem * (var(--font-size-scale-factor, 1)))"><time dateTime="2026-03-09T22:45:00+09:00" aria-label="2026年3月9日月曜日午後10時45分">2026年3月9日<!-- -->(<span>月</span>)<!-- -->午後10:45</time></div></div></div></div></div></div></a></li><li class="_115e91we"><a class="esl7kn2s i8ir4s5 i8ir4s8 i8ir4sd _1yvyrz30" style="--i8ir4s0:12px;--i8ir4s1:12px;--i8ir4s2:1fr 1fr;--i8ir4s3:1fr 1fr" href="https://www.web.nhk/tv/pl/series-tep-R6ZNL4MY77/ep/K92PKN1YX3"><div class="i8ir4sg i8ir4si"><div class="_1i3qn2c0"><div class="esl7kn2s _1tpn2gp6 _1tpn2gpc"><figure class="esl7kn2s _1xgv8e9d _1xgv8e99" style="--_1xgv8e92:inline;--_1xgv8e97:100%;--_1xgv8e93:0px"><div class="_1xgv8e9h _1xgv8e9f _1xgv8e9i _1xgv8e9p" style="--_1xgv8e93:0px"><div data-testid="backgroundImage" class="_1xgv8e9j" style="--_1xgv8e96:auto;--_1xgv8e94:none;--_1xgv8e95:1.7777777777777777;--_1xgv8e93:0px"></div></div></figure></div><div class="oqol7i3">15分</div></div><div class="esl7kn2s _16tua4u2" style="--_16tua4u0:8px;--_16tua4u1:8px;--_16tua4u3:12px;--_16tua4u4:12px"><div class="_1i3qn2c1"><p class="_1i3qn2c4">【夜ドラ】事件は、その周りで起きている</p><p class="esl7kn2s ex68pq0"><strong>シリーズ2 (4)/大反響コメディー・小芝風花主演</strong></p></div><div class="_1yapkdt0"><div class="_1yapkdt1"><div class="_1yapkdt5"><span class="_1yapkdt7 _1yapkdt2" style="--_1yapkdt6:calc(0.875rem * (var(--font-size-scale-factor, 1)))">初回放送日</span><img alt="NHK総合テレビジョン" class="_1yapkdt3" src="https://imgu.web.nhk/common/broadcastservice/bs/g1/g1-badge9x4.svg"/></div><div class="_1yapkdt4"><div class="esl7kn2s _1o4gdfj5 _1o4gdfjc" style="--_1o4gdfj0:inline;--_1o4gdfj1:#1f1f20;--_1o4gdfj2:#f9f9f9;--_1o4gdfj3:calc(0.875rem * (var(--font-size-scale-factor, 1)));--_1o4gdfj4:calc(0.875rem * (var(--font-size-scale-factor, 1)))"><time dateTime="2024-10-03T22:45:00+09:00" aria-label="2024年10月3日木曜日午後10時45分">2024年10月3日<!-- -->(<span>木</span>)<!-- -->午後10:45</time></div></div></div></div></div></div></a></li><li class="_115e91we"><a class="esl7kn2s i8ir4s5 i8ir4s8 i8ir4sd _1yvyrz30" style="--i8ir4s0:12px;--i8ir4s1:12px;--i8ir4s2:1fr 1fr;--i8ir4s3:1fr 1fr" href="https://www.web.nhk/tv/pl/series-tep-R6ZNL4MY77/ep/XMNJZZKWXM"><div class="i8ir4sg i8ir4si"><div class="_1i3qn2c0"><div class="esl7kn2s _1tpn2gp6 _1tpn2gpc"><figure class="esl7kn2s _1xgv8e9d _1xgv8e99" style="--_1xgv8e92:inline;--_1xgv8e97:100%;--_1xgv8e93:0px"><div class="_1xgv8e9h _1xgv8e9f _1xgv8e9i _1xgv8e9p" style="--_1xgv8e93:0px"><div data-testid="backgroundImage" class="_1xgv8e9j" style="--_1xgv8e96:auto;--_1xgv8e94:none;--_1xgv8e95:1.7777777777777777;--_1xgv8e93:0px"></div></div></figure></div><div class="oqol7i3">15分</div></div><div class="esl7kn2s _16tua4u2" style="--_16tua4u0:8px;--_16tua4u1:8px;--_16tua4u3:12px;--_16tua4u4:12px"><div class="_1i3qn2c1"><p class="_1i3qn2c4">【夜ドラ】事件は、その周りで起きている</p><p class="esl7kn2s ex68pq0"><strong>シリーズ2 (3)/大反響コメディー・小芝風花主演</strong></p></div><div class="_1yapkdt0"><div class="_1yapkdt1"><div class="_1yapkdt5"><span class="_1yapkdt7 _1yapkdt2" style="--_1yapkdt6:calc(0.875rem * (var(--font-size-scale-factor, 1)))">初回放送日</span><img alt="NHK総合テレビジョン" class="_1yapkdt3" src="https://imgu.web.nhk/common/broadcastservice/bs/g1/g1-badge9x4.svg"/></div><div class="_1yapkdt4"><div class="esl7kn2s _1o4gdfj5 _1o4gdfjc" style="--_1o4gdfj0:inline;--_1o4gdfj1:#1f1f20;--_1o4gdfj2:#f9f9f9;--_1o4gdfj3:calc(0.875rem * (var(--font-size-scale-factor, 1)));--_1o4gdfj4:calc(0.875rem * (var(--font-size-scale-factor, 1)))"><time dateTime="2024-10-02T22:45:00+09:00" aria-label="2024年10月2日水曜日午後10時45分">2024年10月2日<!-- -->(<span>水</span>)<!-- -->午後10:45</time></div></div></div></div></div></div></a></li><li class="_115e91we"><a class="esl7kn2s i8ir4s5 i8ir4s8 i8ir4sd _1yvyrz30" style="--i8ir4s0:12px;--i8ir4s1:12px;--i8ir4s2:1fr 1fr;--i8ir4s3:1fr 1fr" href="https://www.web.nhk/tv/pl/series-tep-R6ZNL4MY77/ep/QJ58NQ4QV1"><div class="i8ir4sg i8ir4si"><div class="_1i3qn2c0"><div class="esl7kn2s _1tpn2gp6 _1tpn2gpc"><figure class="esl7kn2s _1xgv8e9d _1xgv8e99" style="--_1xgv8e92:inline;--_1xgv8e97:100%;--_1xgv8e93:0px"><div class="_1xgv8e9h _1xgv8e9f _1xgv8e9i _1xgv8e9p" style="--_1xgv8e93:0px"><div data-testid="backgroundImage" class="_1xgv8e9j" style="--_1xgv8e96:auto;--_1xgv8e94:none;--_1xgv8e95:1.7777777777777777;--_1xgv8e93:0px"></div></div></figure></div><div class="oqol7i3">15分</div></div><div class="esl7kn2s _16tua4u2" style="--_16tua4u0:8px;--_16tua4u1:8px;--_16tua4u3:12px;--_16tua4u4:12px"><div class="_1i3qn2c1"><p class="_1i3qn2c4">【夜ドラ】事件は、その周りで起きている</p><p class="esl7kn2s ex68pq0"><strong>シリーズ2 (2)/大反響コメディー・小芝風花主演</strong></p></div><div class="_1yapkdt0"><div class="_1yapkdt1"><div class="_1yapkdt5"><span class="_1yapkdt7 _1yapkdt2" style="--_1yapkdt6:calc(0.875rem * (var(--font-size-scale-factor, 1)))">初回放送日</span><img alt="NHK総合テレビジョン" class="_1yapkdt3" src="https://imgu.web.nhk/common/broadcastservice/bs/g1/g1-badge9x4.svg"/></div><div class="_1yapkdt4"><div class="esl7kn2s _1o4gdfj5 _1o4gdfjc" style="--_1o4gdfj0:inline;--_1o4gdfj1:#1f1f20;--_1o4gdfj2:#f9f9f9;--_1o4gdfj3:calc(0.875rem * (var(--font-size-scale-factor, 1)));--_1o4gdfj4:calc(0.875rem * (var(--font-size-scale-factor, 1)))"><time dateTime="2024-10-01T23:15:00+09:00" aria-label="2024年10月1日火曜日午後11時15分">2024年10月1日<!-- -->(<span>火</span>)<!-- -->午後11:15</time></div></div></div></div></div></div></a></li><li class="_115e91we"><a class="esl7kn2s i8ir4s5 i8ir4s8 i8ir4sd _1yvyrz30" style="--i8ir4s0:12px;--i8ir4s1:12px;--i8ir4s2:1fr 1fr;--i8ir4s3:1fr 1fr" href="https://www.web.nhk/tv/pl/series-tep-R6ZNL4MY77/ep/Y6KZQ3XJ32"><div class="i8ir4sg i8ir4si"><div class="_1i3qn2c0"><div class="esl7kn2s _1tpn2gp6 _1tpn2gpc"><figure class="esl7kn2s _1xgv8e9d _1xgv8e99" style="--_1xgv8e92:inline;--_1xgv8e97:100%;--_1xgv8e93:0px"><div class="_1xgv8e9h _1xgv8e9f _1xgv8e9i _1xgv8e9p" style="--_1xgv8e93:0px"><div data-testid="backgroundImage" class="_1xgv8e9j" style="--_1xgv8e96:auto;--_1xgv8e94:none;--_1xgv8e95:1.7777777777777777;--_1xgv8e93:0px"></div></div></figure></div><div class="oqol7i3">15分</div></div><div class="esl7kn2s _16tua4u2" style="--_16tua4u0:8px;--_16tua4u1:8px;--_16tua4u3:12px;--_16tua4u4:12px"><div class="_1i3qn2c1"><p class="_1i3qn2c4">【夜ドラ】事件は、その周りで起きている</p><p class="esl7kn2s ex68pq0"><strong>シリーズ2 (1)/大反響コメディー・小芝風花主演</strong></p></div><div class="_1yapkdt0"><div class="_1yapkdt1"><div class="_1yapkdt5"><span class="_1yapkdt7 _1yapkdt2" style="--_1yapkdt6:calc(0.875rem * (var(--font-size-scale-factor, 1)))">初回放送日</span><img alt="NHK総合テレビジョン" class="_1yapkdt3" src="https://imgu.web.nhk/common/broadcastservice/bs/g1/g1-badge9x4.svg"/></div><div class="_1yapkdt4"><div class="esl7kn2s _1o4gdfj5 _1o4gdfjc" style="--_1o4gdfj0:inline;--_1o4gdfj1:#1f1f20;--_1o4gdfj2:#f9f9f9;--_1o4gdfj3:calc(0.875rem * (var(--font-size-scale-factor, 1)));--_1o4gdfj4:calc(0.875rem * (var(--font-size-scale-factor, 1)))"><time dateTime="2024-09-30T22:45:00+09:00" aria-label="2024年9月30日月曜日午後10時45分">2024年9月30日<!-- -->(<span>月</span>)<!-- -->午後10:45</time></div></div></div></div></div></div></a></li><li class="_115e91we"><a class="esl7kn2s i8ir4s5 i8ir4s8 i8ir4sd _1yvyrz30" style="--i8ir4s0:12px;--i8ir4s1:12px;--i8ir4s2:1fr 1fr;--i8ir4s3:1fr 1fr" href="https://www.web.nhk/tv/pl/series-tep-R6ZNL4MY77/ep/GQ6V66LZQN"><div class="i8ir4sg i8ir4si"><div class="_1i3qn2c0"><div class="esl7kn2s _1tpn2gp6 _1tpn2gpc"><figure class="esl7kn2s _1xgv8e9d _1xgv8e99" style="--_1xgv8e92:inline;--_1xgv8e97:100%;--_1xgv8e93:0px"><div class="_1xgv8e9h _1xgv8e9f _1xgv8e9i _1xgv8e9p" style="--_1xgv8e93:0px"><div data-testid="backgroundImage" class="_1xgv8e9j" style="--_1xgv8e96:auto;--_1xgv8e94:none;--_1xgv8e95:1.7777777777777777;--_1xgv8e93:0px"></div></div></figure></div></div><div class="esl7kn2s _16tua4u2" style="--_16tua4u0:8px;--_16tua4u1:8px;--_16tua4u3:12px;--_16tua4u4:12px"><div class="_1i3qn2c1"><p class="_1i3qn2c4">【夜ドラ】事件は、その周りで起きている</p><p class="esl7kn2s ex68pq0"><strong>シリーズ1 (4)/大好評コメディーシリーズ!主演:小芝風花</strong></p></div><div class="_1yapkdt0"><div class="_1yapkdt1"><div class="_1yapkdt5"><span class="_1yapkdt7 _1yapkdt2" style="--_1yapkdt6:calc(0.875rem * (var(--font-size-scale-factor, 1)))">初回放送日</span><img alt="NHK総合テレビジョン" class="_1yapkdt3" src="https://imgu.web.nhk/common/broadcastservice/bs/g1/g1-badge9x4.svg"/></div><div class="_1yapkdt4"><div class="esl7kn2s _1o4gdfj5 _1o4gdfjc" style="--_1o4gdfj0:inline;--_1o4gdfj1:#1f1f20;--_1o4gdfj2:#f9f9f9;--_1o4gdfj3:calc(0.875rem * (var(--font-size-scale-factor, 1)));--_1o4gdfj4:calc(0.875rem * (var(--font-size-scale-factor, 1)))"><time dateTime="2022-08-04T22:45:00+09:00" aria-label="2022年8月4日木曜日午後10時45分">2022年8月4日<!-- -->(<span>木</span>)<!-- -->午後10:45</time></div></div></div></div></div></div></a></li><li class="_115e91we"><a class="esl7kn2s i8ir4s5 i8ir4s8 i8ir4sd _1yvyrz30" style="--i8ir4s0:12px;--i8ir4s1:12px;--i8ir4s2:1fr 1fr;--i8ir4s3:1fr 1fr" href="https://www.web.nhk/tv/pl/series-tep-R6ZNL4MY77/ep/7KZ9PQMZ36"><div class="i8ir4sg i8ir4si"><div class="_1i3qn2c0"><div class="esl7kn2s _1tpn2gp6 _1tpn2gpc"><figure class="esl7kn2s _1xgv8e9d _1xgv8e99" style="--_1xgv8e92:inline;--_1xgv8e97:100%;--_1xgv8e93:0px"><div class="_1xgv8e9h _1xgv8e9f _1xgv8e9i _1xgv8e9p" style="--_1xgv8e93:0px"><div data-testid="backgroundImage" class="_1xgv8e9j" style="--_1xgv8e96:auto;--_1xgv8e94:none;--_1xgv8e95:1.7777777777777777;--_1xgv8e93:0px"></div></div></figure></div></div><div class="esl7kn2s _16tua4u2" style="--_16tua4u0:8px;--_16tua4u1:8px;--_16tua4u3:12px;--_16tua4u4:12px"><div class="_1i3qn2c1"><p class="_1i3qn2c4">【夜ドラ】事件は、その周りで起きている</p><p class="esl7kn2s ex68pq0"><strong>シリーズ1 (3)小芝風花主演・警察コメディー</strong></p></div><div class="_1yapkdt0"><div class="_1yapkdt1"><div class="_1yapkdt5"><span class="_1yapkdt7 _1yapkdt2" style="--_1yapkdt6:calc(0.875rem * (var(--font-size-scale-factor, 1)))">初回放送日</span><img alt="NHK総合テレビジョン" class="_1yapkdt3" src="https://imgu.web.nhk/common/broadcastservice/bs/g1/g1-badge9x4.svg"/></div><div class="_1yapkdt4"><div class="esl7kn2s _1o4gdfj5 _1o4gdfjc" style="--_1o4gdfj0:inline;--_1o4gdfj1:#1f1f20;--_1o4gdfj2:#f9f9f9;--_1o4gdfj3:calc(0.875rem * (var(--font-size-scale-factor, 1)));--_1o4gdfj4:calc(0.875rem * (var(--font-size-scale-factor, 1)))"><time dateTime="2022-08-03T22:45:00+09:00" aria-label="2022年8月3日水曜日午後10時45分">2022年8月3日<!-- -->(<span>水</span>)<!-- -->午後10:45</time></div></div></div></div></div></div></a><div class="_115e91wi"></div></li></ul><div class="_115e91wk"><div role="scrollbar" aria-hidden="true" aria-controls="_R_2acpbsnpfiv5tsslbbb_-list" aria-valuenow="0" class="_115e91wl" style="--_115e91wo:0%;--_115e91wn:0%;--_115e91wq:100%"><div class="_115e91wm"><div class="_115e91wp"></div></div><div class="_115e91wr" tabindex="-1"><div class="_115e91ws"></div></div></div><div class="_115e91wt"><button class="_115e91wu" aria-hidden="true" tabindex="-1" type="button" disabled=""><svg xmlns="http://www.w3.org/2000/svg" viewBox="0 0 20 20" height="1em" width="1em" class="_18e2gnn7" style="--_18e2gnn5:currentColor;--_18e2gnn6:currentColor" focusable="false" aria-hidden="true" data-testid="ChevronLeftIcon"><defs></defs><g><g><path stroke-width="0px" fill="currentColor" d="m7.6141,10l6.1402-6.1406c.2539-.2539.2539-.665,0-.9189s-.666-.2539-.9199,0l-6.5996,6.6001c-.2539.2539-.2539.665,0,.9189l6.5996,6.6001c.127.127.2939.1904.46.1904s.333-.0635.46-.1904c.2539-.2539.2539-.665,0-.9189l-6.1402-6.1406Z"></path><rect fill="none" stroke-width="0px" width="20" height="20"></rect></g></g></svg></button><button class="_115e91wu" aria-hidden="true" tabindex="-1" type="button"><svg xmlns="http://www.w3.org/2000/svg" viewBox="0 0 20 20" height="1em" width="1em" class="_18e2gnn7" style="--_18e2gnn5:currentColor;--_18e2gnn6:currentColor" focusable="false" aria-hidden="true" data-testid="ChevronRightIcon"><defs></defs><g><g><path stroke-width="0px" fill="currentColor" d="m13.7538,9.5405L7.1532,2.9404c-.2539-.2539-.666-.2539-.9199,0s-.2539.665,0,.9189l6.1411,6.1406-6.1411,6.1406c-.2539.2539-.2539.665,0,.9189.127.127.2939.1904.46.1904s.333-.0635.46-.1904l6.6006-6.6001c.2539-.2539.2539-.665,0-.9189Z"></path><rect fill="none" stroke-width="0px" width="20" height="20"></rect></g></g></svg></button></div></div></div></div><div class="esl7kn2s _14kk1eq9" style="--_14kk1eq8:nowrap;--_14kk1eq0:column;--_14kk1eq1:column;--_14kk1eq2:start;--_14kk1eq3:start;--_14kk1eq4:stretch;--_14kk1eq5:stretch;--_14kk1eq6:32px;--_14kk1eq7:28px"><div class="esl7kn2s _1klntnk2 _1klntnk3" style="--_1klntnk0:#1f1f20;--_1klntnk1:#f9f9f9"><h2 class="_1klntnk4 _1klntnk9"><a class="_1klntnk5 _1klntnk7 _1yvyrz30" href="https://www.web.nhk/tv/an/toyotomi-kyodai/pl/series-tep-P52L88MYXY">大河ドラマ「豊臣兄弟！」<i class="_1klntnk6"><svg xmlns="http://www.w3.org/2000/svg" viewBox="0 0 20 20" height="100%" width="100%" class="_18e2gnn7" style="--_18e2gnn5:currentColor;--_18e2gnn6:currentColor" focusable="false" aria-hidden="true" data-testid="ChevronRightIcon"><defs></defs><g><g><path stroke-width="0px" fill="currentColor" d="m13.7538,9.5405L7.1532,2.9404c-.2539-.2539-.666-.2539-.9199,0s-.2539.665,0,.9189l6.1411,6.1406-6.1411,6.1406c-.2539.2539-.2539.665,0,.9189.127.127.2939.1904.46.1904s.333-.0635.46-.1904l6.6006-6.6001c.2539-.2539.2539-.665,0-.9189Z"></path><rect fill="none" stroke-width="0px" width="20" height="20"></rect></g></g></svg></i></a></h2></div><div class="esl7kn2s _115e91w2 _115e91w5"><ul id="_R_2ecpbsnpfiv5tsslbbb_-list" class="_115e91wb _18e2gnn2" style="--_18e2gnn0:24px;--_18e2gnn1:16px;--_115e91w1:1;--_115e91w0:1;--_115e91wc:171px;--_115e91wd:304px"><li class="_115e91we"><div class="_115e91wg"></div><a class="esl7kn2s i8ir4s5 i8ir4s8 i8ir4sd _1yvyrz30" style="--i8ir4s0:12px;--i8ir4s1:12px;--i8ir4s2:1fr 1fr;--i8ir4s3:1fr 1fr" href="https://www.web.nhk/tv/an/toyotomi-kyodai/pl/series-tep-P52L88MYXY/ep/V79QN34LZ7"><div class="i8ir4sg i8ir4si"><div class="_1i3qn2c0"><div class="esl7kn2s _1tpn2gp6 _1tpn2gpc"><figure class="esl7kn2s _1xgv8e9d _1xgv8e99" style="--_1xgv8e92:inline;--_1xgv8e97:100%;--_1xgv8e93:0px"><div class="_1xgv8e9h _1xgv8e9f _1xgv8e9i _1xgv8e9p" style="--_1xgv8e93:0px"><div data-testid="backgroundImage" class="_1xgv8e9j" style="--_1xgv8e96:auto;--_1xgv8e94:none;--_1xgv8e95:1.7777777777777777;--_1xgv8e93:0px"></div></div></figure></div></div><div class="esl7kn2s _16tua4u2" style="--_16tua4u0:8px;--_16tua4u1:8px;--_16tua4u3:12px;--_16tua4u4:12px"><div class="_1i3qn2c1"><p class="_1i3qn2c4">大河ドラマ「豊臣兄弟！」</p><p class="esl7kn2s ex68pq0"><strong>(9)竹中半兵衛という男</strong></p></div><div class="_1yapkdt0"><div class="_1yapkdt1"><div class="_1yapkdt5"><span class="_1yapkdt7 _1yapkdt2" style="--_1yapkdt6:calc(0.875rem * (var(--font-size-scale-factor, 1)))">初回放送日</span><img alt="NHK総合テレビジョン" class="_1yapkdt3" src="https://imgu.web.nhk/common/broadcastservice/bs/g1/g1-badge9x4.svg"/></div><div class="_1yapkdt4"><div class="esl7kn2s _1o4gdfj5 _1o4gdfjc" style="--_1o4gdfj0:inline;--_1o4gdfj1:#1f1f20;--_1o4gdfj2:#f9f9f9;--_1o4gdfj3:calc(0.875rem * (var(--font-size-scale-factor, 1)));--_1o4gdfj4:calc(0.875rem * (var(--font-size-scale-factor, 1)))"><time dateTime="2026-03-08T20:00:00+09:00" aria-label="2026年3月8日日曜日午後8時00分">2026年3月8日<!-- -->(<span>日</span>)<!-- -->午後8:00</time></div></div></div></div></div></div></a></li><li class="_115e91we"><a class="esl7kn2s i8ir4s5 i8ir4s8 i8ir4sd _1yvyrz30" style="--i8ir4s0:12px;--i8ir4s1:12px;--i8ir4s2:1fr 1fr;--i8ir4s3:1fr 1fr" href="https://www.web.nhk/tv/an/toyotomi-kyodai/pl/series-tep-P52L88MYXY/ep/N3922VZ63P"><div class="i8ir4sg i8ir4si"><div class="_1i3qn2c0"><div class="esl7kn2s _1tpn2gp6 _1tpn2gpc"><figure class="esl7kn2s _1xgv8e9d _1xgv8e99" style="--_1xgv8e92:inline;--_1xgv8e97:100%;--_1xgv8e93:0px"><div class="_1xgv8e9h _1xgv8e9f _1xgv8e9i _1xgv8e9p" style="--_1xgv8e93:0px"><div data-testid="backgroundImage" class="_1xgv8e9j" style="--_1xgv8e96:auto;--_1xgv8e94:none;--_1xgv8e95:1.7777777777777777;--_1xgv8e93:0px"></div></div></figure></div><div class="oqol7i3">44分30秒</div></div><div class="esl7kn2s _16tua4u2" style="--_16tua4u0:8px;--_16tua4u1:8px;--_16tua4u3:12px;--_16tua4u4:12px"><div class="_1i3qn2c1"><p class="_1i3qn2c4">大河ドラマ「豊臣兄弟！」</p><p class="esl7kn2s ex68pq0"><strong>(8)墨俣(すのまた)一夜城</strong></p></div><div class="_1yapkdt0"><div class="_1yapkdt1"><div class="_1yapkdt5"><span class="_1yapkdt7 _1yapkdt2" style="--_1yapkdt6:calc(0.875rem * (var(--font-size-scale-factor, 1)))">初回放送日</span><img alt="NHK総合テレビジョン" class="_1yapkdt3" src="https://imgu.web.nhk/common/broadcastservice/bs/g1/g1-badge9x4.svg"/></div><div class="_1yapkdt4"><div class="esl7kn2s _1o4gdfj5 _1o4gdfjc" style="--_1o4gdfj0:inline;--_1o4gdfj1:#1f1f20;--_1o4gdfj2:#f9f9f9;--_1o4gdfj3:calc(0.875rem * (var(--font-size-scale-factor, 1)));--_1o4gdfj4:calc(0.875rem * (var(--font-size-scale-factor, 1)))"><time dateTime="2026-03-01T20:00:00+09:00" aria-label="2026年3月1日日曜日午後8時00分">2026年3月1日<!-- -->(<span>日</span>)<!-- -->午後8:00</time></div></div></div></div></div></div></a></li><li class="_115e91we"><a class="esl7kn2s i8ir4s5 i8ir4s8 i8ir4sd _1yvyrz30" style="--i8ir4s0:12px;--i8ir4s1:12px;--i8ir4s2:1fr 1fr;--i8ir4s3:1fr 1fr" href="https://www.web.nhk/tv/an/toyotomi-kyodai/pl/series-tep-P52L88MYXY/ep/9YN1977VG1"><div class="i8ir4sg i8ir4si"><div class="_1i3qn2c0"><div class="esl7kn2s _1tpn2gp6 _1tpn2gpc"><figure class="esl7kn2s _1xgv8e9d _1xgv8e99" style="--_1xgv8e92:inline;--_1xgv8e97:100%;--_1xgv8e93:0px"><div class="_1xgv8e9h _1xgv8e9f _1xgv8e9i _1xgv8e9p" style="--_1xgv8e93:0px"><div data-testid="backgroundImage" class="_1xgv8e9j" style="--_1xgv8e96:auto;--_1xgv8e94:none;--_1xgv8e95:1.7777777777777777;--_1xgv8e93:0px"></div></div></figure></div></div><div class="esl7kn2s _16tua4u2" style="--_16tua4u0:8px;--_16tua4u1:8px;--_16tua4u3:12px;--_16tua4u4:12px"><div class="_1i3qn2c1"><p class="_1i3qn2c4">大河ドラマ「豊臣兄弟！」</p><p class="esl7kn2s ex68pq0"><strong>(7)決死の築城作戦</strong></p></div><div class="_1yapkdt0"><div class="_1yapkdt1"><div class="_1yapkdt5"><span class="_1yapkdt7 _1yapkdt2" style="--_1yapkdt6:calc(0.875rem * (var(--font-size-scale-factor, 1)))">初回放送日</span><img alt="NHK総合テレビジョン" class="_1yapkdt3" src="https://imgu.web.nhk/common/broadcastservice/bs/g1/g1-badge9x4.svg"/></div><div class="_1yapkdt4"><div class="esl7kn2s _1o4gdfj5 _1o4gdfjc" style="--_1o4gdfj0:inline;--_1o4gdfj1:#1f1f20;--_1o4gdfj2:#f9f9f9;--_1o4gdfj3:calc(0.875rem * (var(--font-size-scale-factor, 1)));--_1o4gdfj4:calc(0.875rem * (var(--font-size-scale-factor, 1)))"><time dateTime="2026-02-22T20:00:00+09:00" aria-label="2026年2月22日日曜日午後8時00分">2026年2月22日<!-- -->(<span>日</span>)<!-- -->午後8:00</time></div></div></div></div></div></div></a></li><li class="_115e91we"><a class="esl7kn2s i8ir4s5 i8ir4s8 i8ir4sd _1yvyrz30" style="--i8ir4s0:12px;--i8ir4s1:12px;--i8ir4s2:1fr 1fr;--i8ir4s3:1fr 1fr" href="https://www.web.nhk/tv/an/toyotomi-kyodai/pl/series-tep-P52L88MYXY/ep/2KVJ881ZPQ"><div class="i8ir4sg i8ir4si"><div class="_1i3qn2c0"><div class="esl7kn2s _1tpn2gp6 _1tpn2gpc"><figure class="esl7kn2s _1xgv8e9d _1xgv8e99" style="--_1xgv8e92:inline;--_1xgv8e97:100%;--_1xgv8e93:0px"><div class="_1xgv8e9h _1xgv8e9f _1xgv8e9i _1xgv8e9p" style="--_1xgv8e93:0px"><div data-testid="backgroundImage" class="_1xgv8e9j" style="--_1xgv8e96:auto;--_1xgv8e94:none;--_1xgv8e95:1.7777777777777777;--_1xgv8e93:0px"></div></div></figure></div></div><div class="esl7kn2s _16tua4u2" style="--_16tua4u0:8px;--_16tua4u1:8px;--_16tua4u3:12px;--_16tua4u4:12px"><div class="_1i3qn2c1"><p class="_1i3qn2c4">大河ドラマ「豊臣兄弟！」</p><p class="esl7kn2s ex68pq0"><strong>(6)兄弟の絆(きずな)</strong></p></div><div class="_1yapkdt0"><div class="_1yapkdt1"><div class="_1yapkdt5"><span class="_1yapkdt7 _1yapkdt2" style="--_1yapkdt6:calc(0.875rem * (var(--font-size-scale-factor, 1)))">初回放送日</span><img alt="NHK総合テレビジョン" class="_1yapkdt3" src="https://imgu.web.nhk/common/broadcastservice/bs/g1/g1-badge9x4.svg"/></div><div class="_1yapkdt4"><div class="esl7kn2s _1o4gdfj5 _1o4gdfjc" style="--_1o4gdfj0:inline;--_1o4gdfj1:#1f1f20;--_1o4gdfj2:#f9f9f9;--_1o4gdfj3:calc(0.875rem * (var(--font-size-scale-factor, 1)));--_1o4gdfj4:calc(0.875rem * (var(--font-size-scale-factor, 1)))"><time dateTime="2026-02-15T20:00:00+09:00" aria-label="2026年2月15日日曜日午後8時00分">2026年2月15日<!-- -->(<span>日</span>)<!-- -->午後8:00</time></div></div></div></div></div></div></a></li><li class="_115e91we"><a class="esl7kn2s i8ir4s5 i8ir4s8 i8ir4sd _1yvyrz30" style="--i8ir4s0:12px;--i8ir4s1:12px;--i8ir4s2:1fr 1fr;--i8ir4s3:1fr 1fr" href="https://www.web.nhk/tv/an/toyotomi-kyodai/pl/series-tep-P52L88MYXY/ep/PYJP3Z3YQK"><div class="i8ir4sg i8ir4si"><div class="_1i3qn2c0"><div class="esl7kn2s _1tpn2gp6 _1tpn2gpc"><figure class="esl7kn2s _1xgv8e9d _1xgv8e99" style="--_1xgv8e92:inline;--_1xgv8e97:100%;--_1xgv8e93:0px"><div class="_1xgv8e9h _1xgv8e9f _1xgv8e9i _1xgv8e9p" style="--_1xgv8e93:0px"><div data-testid="backgroundImage" class="_1xgv8e9j" style="--_1xgv8e96:auto;--_1xgv8e94:none;--_1xgv8e95:1.7777777777777777;--_1xgv8e93:0px"></div></div></figure></div></div><div class="esl7kn2s _16tua4u2" style="--_16tua4u0:8px;--_16tua4u1:8px;--_16tua4u3:12px;--_16tua4u4:12px"><div class="_1i3qn2c1"><p class="_1i3qn2c4">大河ドラマ「豊臣兄弟！」</p><p class="esl7kn2s ex68pq0"><strong>(5)嘘から出た実(まこと)</strong></p></div><div class="_1yapkdt0"><div class="_1yapkdt1"><div class="_1yapkdt5"><span class="_1yapkdt7 _1yapkdt2" style="--_1yapkdt6:calc(0.875rem * (var(--font-size-scale-factor, 1)))">初回放送日</span><img alt="NHK総合テレビジョン" class="_1yapkdt3" src="https://imgu.web.nhk/common/broadcastservice/bs/g1/g1-badge9x4.svg"/></div><div class="_1yapkdt4"><div class="esl7kn2s _1o4gdfj5 _1o4gdfjc" style="--_1o4gdfj0:inline;--_1o4gdfj1:#1f1f20;--_1o4gdfj2:#f9f9f9;--_1o4gdfj3:calc(0.875rem * (var(--font-size-scale-factor, 1)));--_1o4gdfj4:calc(0.875rem * (var(--font-size-scale-factor, 1)))"><time dateTime="2026-02-01T20:00:00+09:00" aria-label="2026年2月1日日曜日午後8時00分">2026年2月1日<!-- -->(<span>日</span>)<!-- -->午後8:00</time></div></div></div></div></div></div></a></li><li class="_115e91we"><a class="esl7kn2s i8ir4s5 i8ir4s8 i8ir4sd _1yvyrz30" style="--i8ir4s0:12px;--i8ir4s1:12px;--i8ir4s2:1fr 1fr;--i8ir4s3:1fr 1fr" href="https://www.web.nhk/tv/an/toyotomi-kyodai/pl/series-tep-P52L88MYXY/ep/N3RJVK953X"><div class="i8ir4sg i8ir4si"><div class="_1i3qn2c0"><div class="esl7kn2s _1tpn2gp6 _1tpn2gpc"><figure class="esl7kn2s _1xgv8e9d _1xgv8e99" style="--_1xgv8e92:inline;--_1xgv8e97:100%;--_1xgv8e93:0px"><div class="_1xgv8e9h _1xgv8e9f _1xgv8e9i _1xgv8e9p" style="--_1xgv8e93:0px"><div data-testid="backgroundImage" class="_1xgv8e9j" style="--_1xgv8e96:auto;--_1xgv8e94:none;--_1xgv8e95:1.7777777777777777;--_1xgv8e93:0px"></div></div></figure></div></div><div class="esl7kn2s _16tua4u2" style="--_16tua4u0:8px;--_16tua4u1:8px;--_16tua4u3:12px;--_16tua4u4:12px"><div class="_1i3qn2c1"><p class="_1i3qn2c4">大河ドラマ「豊臣兄弟！」</p><p class="esl7kn2s ex68pq0"><strong>(4)桶狭間!</strong></p></div><div class="_1yapkdt0"><div class="_1yapkdt1"><div class="_1yapkdt5"><span class="_1yapkdt7 _1yapkdt2" style="--_1yapkdt6:calc(0.875rem * (var(--font-size-scale-factor, 1)))">初回放送日</span><img alt="NHK総合テレビジョン" class="_1yapkdt3" src="https://imgu.web.nhk/common/broadcastservice/bs/g1/g1-badge9x4.svg"/></div><div class="_1yapkdt4"><div class="esl7kn2s _1o4gdfj5 _1o4gdfjc" style="--_1o4gdfj0:inline;--_1o4gdfj1:#1f1f20;--_1o4gdfj2:#f9f9f9;--_1o4gdfj3:calc(0.875rem * (var(--font-size-scale-factor, 1)));--_1o4gdfj4:calc(0.875rem * (var(--font-size-scale-factor, 1)))"><time dateTime="2026-01-25T20:00:00+09:00" aria-label="2026年1月25日日曜日午後8時00分">2026年1月25日<!-- -->(<span>日</span>)<!-- -->午後8:00</time></div></div></div></div></div></div></a></li><li class="_115e91we"><a class="esl7kn2s i8ir4s5 i8ir4s8 i8ir4sd _1yvyrz30" style="--i8ir4s0:12px;--i8ir4s1:12px;--i8ir4s2:1fr 1fr;--i8ir4s3:1fr 1fr" href="https://www.web.nhk/tv/an/toyotomi-kyodai/pl/series-tep-P52L88MYXY/ep/5GNQ8QWWNV"><div class="i8ir4sg i8ir4si"><div class="_1i3qn2c0"><div class="esl7kn2s _1tpn2gp6 _1tpn2gpc"><figure class="esl7kn2s _1xgv8e9d _1xgv8e99" style="--_1xgv8e92:inline;--_1xgv8e97:100%;--_1xgv8e93:0px"><div class="_1xgv8e9h _1xgv8e9f _1xgv8e9i _1xgv8e9p" style="--_1xgv8e93:0px"><div data-testid="backgroundImage" class="_1xgv8e9j" style="--_1xgv8e96:auto;--_1xgv8e94:none;--_1xgv8e95:1.7777777777777777;--_1xgv8e93:0px"></div></div></figure></div></div><div class="esl7kn2s _16tua4u2" style="--_16tua4u0:8px;--_16tua4u1:8px;--_16tua4u3:12px;--_16tua4u4:12px"><div class="_1i3qn2c1"><p class="_1i3qn2c4">大河ドラマ「豊臣兄弟！」</p><p class="esl7kn2s ex68pq0"><strong>(3)決戦前夜</strong></p></div><div class="_1yapkdt0"><div class="_1yapkdt1"><div class="_1yapkdt5"><span class="_1yapkdt7 _1yapkdt2" style="--_1yapkdt6:calc(0.875rem * (var(--font-size-scale-factor, 1)))">初回放送日</span><img alt="NHK総合テレビジョン" class="_1yapkdt3" src="https://imgu.web.nhk/common/broadcastservice/bs/g1/g1-badge9x4.svg"/></div><div class="_1yapkdt4"><div class="esl7kn2s _1o4gdfj5 _1o4gdfjc" style="--_1o4gdfj0:inline;--_1o4gdfj1:#1f1f20;--_1o4gdfj2:#f9f9f9;--_1o4gdfj3:calc(0.875rem * (var(--font-size-scale-factor, 1)));--_1o4gdfj4:calc(0.875rem * (var(--font-size-scale-factor, 1)))"><time dateTime="2026-01-18T20:00:00+09:00" aria-label="2026年1月18日日曜日午後8時00分">2026年1月18日<!-- -->(<span>日</span>)<!-- -->午後8:00</time></div></div></div></div></div></div></a></li><li class="_115e91we"><a class="esl7kn2s i8ir4s5 i8ir4s8 i8ir4sd _1yvyrz30" style="--i8ir4s0:12px;--i8ir4s1:12px;--i8ir4s2:1fr 1fr;--i8ir4s3:1fr 1fr" href="https://www.web.nhk/tv/an/toyotomi-kyodai/pl/series-tep-P52L88MYXY/ep/4LG611Z8VP"><div class="i8ir4sg i8ir4si"><div class="_1i3qn2c0"><div class="esl7kn2s _1tpn2gp6 _1tpn2gpc"><figure class="esl7kn2s _1xgv8e9d _1xgv8e99" style="--_1xgv8e92:inline;--_1xgv8e97:100%;--_1xgv8e93:0px"><div class="_1xgv8e9h _1xgv8e9f _1xgv8e9i _1xgv8e9p" style="--_1xgv8e93:0px"><div data-testid="backgroundImage" class="_1xgv8e9j" style="--_1xgv8e96:auto;--_1xgv8e94:none;--_1xgv8e95:1.7777777777777777;--_1xgv8e93:0px"></div></div></figure></div></div><div class="esl7kn2s _16tua4u2" style="--_16tua4u0:8px;--_16tua4u1:8px;--_16tua4u3:12px;--_16tua4u4:12px"><div class="_1i3qn2c1"><p class="_1i3qn2c4">大河ドラマ「豊臣兄弟！」</p><p class="esl7kn2s ex68pq0"><strong>(2)願いの鐘</strong></p></div><div class="_1yapkdt0"><div class="_1yapkdt1"><div class="_1yapkdt5"><span class="_1yapkdt7 _1yapkdt2" style="--_1yapkdt6:calc(0.875rem * (var(--font-size-scale-factor, 1)))">初回放送日</span><img alt="NHK総合テレビジョン" class="_1yapkdt3" src="https://imgu.web.nhk/common/broadcastservice/bs/g1/g1-badge9x4.svg"/></div><div class="_1yapkdt4"><div class="esl7kn2s _1o4gdfj5 _1o4gdfjc" style="--_1o4gdfj0:inline;--_1o4gdfj1:#1f1f20;--_1o4gdfj2:#f9f9f9;--_1o4gdfj3:calc(0.875rem * (var(--font-size-scale-factor, 1)));--_1o4gdfj4:calc(0.875rem * (var(--font-size-scale-factor, 1)))"><time dateTime="2026-01-11T20:00:00+09:00" aria-label="2026年1月11日日曜日午後8時00分">2026年1月11日<!-- -->(<span>日</span>)<!-- -->午後8:00</time></div></div></div></div></div></div></a></li><li class="_115e91we"><a class="esl7kn2s i8ir4s5 i8ir4s8 i8ir4sd _1yvyrz30" style="--i8ir4s0:12px;--i8ir4s1:12px;--i8ir4s2:1fr 1fr;--i8ir4s3:1fr 1fr" href="https://www.web.nhk/tv/an/toyotomi-kyodai/pl/series-tep-P52L88MYXY/ep/5R6KN8839V"><div class="i8ir4sg i8ir4si"><div class="_1i3qn2c0"><div class="esl7kn2s _1tpn2gp6 _1tpn2gpc"><figure class="esl7kn2s _1xgv8e9d _1xgv8e99" style="--_1xgv8e92:inline;--_1xgv8e97:100%;--_1xgv8e93:0px"><div class="_1xgv8e9h _1xgv8e9f _1xgv8e9i _1xgv8e9p" style="--_1xgv8e93:0px"><div data-testid="backgroundImage" class="_1xgv8e9j" style="--_1xgv8e96:auto;--_1xgv8e94:none;--_1xgv8e95:1.7777777777777777;--_1xgv8e93:0px"></div></div></figure></div></div><div class="esl7kn2s _16tua4u2" style="--_16tua4u0:8px;--_16tua4u1:8px;--_16tua4u3:12px;--_16tua4u4:12px"><div class="_1i3qn2c1"><p class="_1i3qn2c4">大河ドラマ「豊臣兄弟！」</p><p class="esl7kn2s ex68pq0"><strong>(1)二匹の猿</strong></p></div><div class="_1yapkdt0"><div class="_1yapkdt1"><div class="_1yapkdt5"><span class="_1yapkdt7 _1yapkdt2" style="--_1yapkdt6:calc(0.875rem * (var(--font-size-scale-factor, 1)))">初回放送日</span><img alt="NHK総合テレビジョン" class="_1yapkdt3" src="https://imgu.web.nhk/common/broadcastservice/bs/g1/g1-badge9x4.svg"/></div><div class="_1yapkdt4"><div class="esl7kn2s _1o4gdfj5 _1o4gdfjc" style="--_1o4gdfj0:inline;--_1o4gdfj1:#1f1f20;--_1o4gdfj2:#f9f9f9;--_1o4gdfj3:calc(0.875rem * (var(--font-size-scale-factor, 1)));--_1o4gdfj4:calc(0.875rem * (var(--font-size-scale-factor, 1)))"><time dateTime="2026-01-04T20:00:00+09:00" aria-label="2026年1月4日日曜日午後8時00分">2026年1月4日<!-- -->(<span>日</span>)<!-- -->午後8:00</time></div></div></div></div></div></div></a><div class="_115e91wi"></div></li></ul><div class="_115e91wk"><div role="scrollbar" aria-hidden="true" aria-controls="_R_2ecpbsnpfiv5tsslbbb_-list" aria-valuenow="0" class="_115e91wl" style="--_115e91wo:0%;--_115e91wn:0%;--_115e91wq:100%"><div class="_115e91wm"><div class="_115e91wp"></div></div><div class="_115e91wr" tabindex="-1"><div class="_115e91ws"></div></div></div><div class="_115e91wt"><button class="_115e91wu" aria-hidden="true" tabindex="-1" type="button" disabled=""><svg xmlns="http://www.w3.org/2000/svg" viewBox="0 0 20 20" height="1em" width="1em" class="_18e2gnn7" style="--_18e2gnn5:currentColor;--_18e2gnn6:currentColor" focusable="false" aria-hidden="true" data-testid="ChevronLeftIcon"><defs></defs><g><g><path stroke-width="0px" fill="currentColor" d="m7.6141,10l6.1402-6.1406c.2539-.2539.2539-.665,0-.9189s-.666-.2539-.9199,0l-6.5996,6.6001c-.2539.2539-.2539.665,0,.9189l6.5996,6.6001c.127.127.2939.1904.46.1904s.333-.0635.46-.1904c.2539-.2539.2539-.665,0-.9189l-6.1402-6.1406Z"></path><rect fill="none" stroke-width="0px" width="20" height="20"></rect></g></g></svg></button><button class="_115e91wu" aria-hidden="true" tabindex="-1" type="button"><svg xmlns="http://www.w3.org/2000/svg" viewBox="0 0 20 20" height="1em" width="1em" class="_18e2gnn7" style="--_18e2gnn5:currentColor;--_18e2gnn6:currentColor" focusable="false" aria-hidden="true" data-testid="ChevronRightIcon"><defs></defs><g><g><path stroke-width="0px" fill="currentColor" d="m13.7538,9.5405L7.1532,2.9404c-.2539-.2539-.666-.2539-.9199,0s-.2539.665,0,.9189l6.1411,6.1406-6.1411,6.1406c-.2539.2539-.2539.665,0,.9189.127.127.2939.1904.46.1904s.333-.0635.46-.1904l6.6006-6.6001c.2539-.2539.2539-.665,0-.9189Z"></path><rect fill="none" stroke-width="0px" width="20" height="20"></rect></g></g></svg></button></div></div></div></div><div class="esl7kn2s _14kk1eq9" style="--_14kk1eq8:nowrap;--_14kk1eq0:column;--_14kk1eq1:column;--_14kk1eq2:start;--_14kk1eq3:start;--_14kk1eq4:stretch;--_14kk1eq5:stretch;--_14kk1eq6:32px;--_14kk1eq7:28px"><div class="esl7kn2s _1klntnk2 _1klntnk3" style="--_1klntnk0:#1f1f20;--_1klntnk1:#f9f9f9"><h2 class="_1klntnk4 _1klntnk9"><a class="_1klntnk5 _1klntnk7 _1yvyrz30" href="https://www.web.nhk/tv/an/bakebake/pl/series-tep-662ZX5J3WG">ばけばけ<i class="_1klntnk6"><svg xmlns="http://www.w3.org/2000/svg" viewBox="0 0 20 20" height="100%" width="100%" class="_18e2gnn7" style="--_18e2gnn5:currentColor;--_18e2gnn6:currentColor" focusable="false" aria-hidden="true" data-testid="ChevronRightIcon"><defs></defs><g><g><path stroke-width="0px" fill="currentColor" d="m13.7538,9.5405L7.1532,2.9404c-.2539-.2539-.666-.2539-.9199,0s-.2539.665,0,.9189l6.1411,6.1406-6.1411,6.1406c-.2539.2539-.2539.665,0,.9189.127.127.2939.1904.46.1904s.333-.0635.46-.1904l6.6006-6.6001c.2539-.2539.2539-.665,0-.9189Z"></path><rect fill="none" stroke-width="0px" width="20" height="20"></rect></g></g></svg></i></a></h2></div><div class="esl7kn2s _115e91w2 _115e91w5"><ul id="_R_2icpbsnpfiv5tsslbbb_-list" class="_115e91wb _18e2gnn2" style="--_18e2gnn0:24px;--_18e2gnn1:16px;--_115e91w1:1;--_115e91w0:1;--_115e91wc:171px;--_115e91wd:304px"><li class="_115e91we"><div class="_115e91wg"></div><a class="esl7kn2s i8ir4s5 i8ir4s8 i8ir4sd _1yvyrz30" style="--i8ir4s0:12px;--i8ir4s1:12px;--i8ir4s2:1fr 1fr;--i8ir4s3:1fr 1fr" href="https://www.web.nhk/tv/an/bakebake/pl/series-tep-662ZX5J3WG/ep/RP2G1YJ69X"><div class="i8ir4sg i8ir4si"><div class="_1i3qn2c0"><div class="esl7kn2s _1tpn2gp6 _1tpn2gpc"><figure class="esl7kn2s _1xgv8e9d _1xgv8e99" style="--_1xgv8e92:inline;--_1xgv8e97:100%;--_1xgv8e93:0px"><div class="_1xgv8e9h _1xgv8e9f _1xgv8e9i _1xgv8e9p" style="--_1xgv8e93:0px"><div data-testid="backgroundImage" class="_1xgv8e9j" style="--_1xgv8e96:auto;--_1xgv8e94:none;--_1xgv8e95:1.7777777777777777;--_1xgv8e93:0px"></div></div></figure></div></div><div class="esl7kn2s _16tua4u2" style="--_16tua4u0:8px;--_16tua4u1:8px;--_16tua4u3:12px;--_16tua4u4:12px"><div class="_1i3qn2c1"><p class="_1i3qn2c4">ばけばけ</p><p class="esl7kn2s ex68pq0"><strong>2026年3月14日</strong></p></div><div class="_1yapkdt0"><div class="_1yapkdt1"><div class="_1yapkdt5"><span class="_1yapkdt7 _1yapkdt2" style="--_1yapkdt6:calc(0.875rem * (var(--font-size-scale-factor, 1)))">初回放送日</span><img alt="NHK総合テレビジョン" class="_1yapkdt3" src="https://imgu.web.nhk/common/broadcastservice/bs/g1/g1-badge9x4.svg"/></div><div class="_1yapkdt4"><div class="esl7kn2s _1o4gdfj5 _1o4gdfjc" style="--_1o4gdfj0:inline;--_1o4gdfj1:#1f1f20;--_1o4gdfj2:#f9f9f9;--_1o4gdfj3:calc(0.875rem * (var(--font-size-scale-factor, 1)));--_1o4gdfj4:calc(0.875rem * (var(--font-size-scale-factor, 1)))"><time dateTime="2026-03-14T08:00:00+09:00" aria-label="2026年3月14日土曜日午前8時00分">2026年3月14日<!-- -->(<span>土</span>)<!-- -->午前8:00</time></div></div></div></div></div></div></a></li><li class="_115e91we"><a class="esl7kn2s i8ir4s5 i8ir4s8 i8ir4sd _1yvyrz30" style="--i8ir4s0:12px;--i8ir4s1:12px;--i8ir4s2:1fr 1fr;--i8ir4s3:1fr 1fr" href="https://www.web.nhk/tv/an/bakebake/pl/series-tep-662ZX5J3WG/ep/M7KV55MNXY"><div class="i8ir4sg i8ir4si"><div class="_1i3qn2c0"><div class="esl7kn2s _1tpn2gp6 _1tpn2gpc"><figure class="esl7kn2s _1xgv8e9d _1xgv8e99" style="--_1xgv8e92:inline;--_1xgv8e97:100%;--_1xgv8e93:0px"><div class="_1xgv8e9h _1xgv8e9f _1xgv8e9i _1xgv8e9p" style="--_1xgv8e93:0px"><div data-testid="backgroundImage" class="_1xgv8e9j" style="--_1xgv8e96:auto;--_1xgv8e94:none;--_1xgv8e95:1.7777777777777777;--_1xgv8e93:0px"></div></div></figure></div></div><div class="esl7kn2s _16tua4u2" style="--_16tua4u0:8px;--_16tua4u1:8px;--_16tua4u3:12px;--_16tua4u4:12px"><div class="_1i3qn2c1"><p class="_1i3qn2c4">ばけばけ</p><p class="esl7kn2s ex68pq0"><strong>(115)第23週「ゴブサタ、ニシコオリサン。」</strong></p></div><div class="_1yapkdt0"><div class="_1yapkdt1"><div class="_1yapkdt5"><span class="_1yapkdt7 _1yapkdt2" style="--_1yapkdt6:calc(0.875rem * (var(--font-size-scale-factor, 1)))">初回放送日</span><img alt="NHK総合テレビジョン" class="_1yapkdt3" src="https://imgu.web.nhk/common/broadcastservice/bs/g1/g1-badge9x4.svg"/></div><div class="_1yapkdt4"><div class="esl7kn2s _1o4gdfj5 _1o4gdfjc" style="--_1o4gdfj0:inline;--_1o4gdfj1:#1f1f20;--_1o4gdfj2:#f9f9f9;--_1o4gdfj3:calc(0.875rem * (var(--font-size-scale-factor, 1)));--_1o4gdfj4:calc(0.875rem * (var(--font-size-scale-factor, 1)))"><time dateTime="2026-03-13T08:00:00+09:00" aria-label="2026年3月13日金曜日午前8時00分">2026年3月13日<!-- -->(<span>金</span>)<!-- -->午前8:00</time></div></div></div></div></div></div></a></li><li class="_115e91we"><a class="esl7kn2s i8ir4s5 i8ir4s8 i8ir4sd _1yvyrz30" style="--i8ir4s0:12px;--i8ir4s1:12px;--i8ir4s2:1fr 1fr;--i8ir4s3:1fr 1fr" href="https://www.web.nhk/tv/an/bakebake/pl/series-tep-662ZX5J3WG/ep/RKWMR8L56W"><div class="i8ir4sg i8ir4si"><div class="_1i3qn2c0"><div class="esl7kn2s _1tpn2gp6 _1tpn2gpc"><figure class="esl7kn2s _1xgv8e9d _1xgv8e99" style="--_1xgv8e92:inline;--_1xgv8e97:100%;--_1xgv8e93:0px"><div class="_1xgv8e9h _1xgv8e9f _1xgv8e9i _1xgv8e9p" style="--_1xgv8e93:0px"><div data-testid="backgroundImage" class="_1xgv8e9j" style="--_1xgv8e96:auto;--_1xgv8e94:none;--_1xgv8e95:1.7777777777777777;--_1xgv8e93:0px"></div></div></figure></div></div><div class="esl7kn2s _16tua4u2" style="--_16tua4u0:8px;--_16tua4u1:8px;--_16tua4u3:12px;--_16tua4u4:12px"><div class="_1i3qn2c1"><p class="_1i3qn2c4">ばけばけ</p><p class="esl7kn2s ex68pq0"><strong>(114)第23週「ゴブサタ、ニシコオリサン。」</strong></p></div><div class="_1yapkdt0"><div class="_1yapkdt1"><div class="_1yapkdt5"><span class="_1yapkdt7 _1yapkdt2" style="--_1yapkdt6:calc(0.875rem * (var(--font-size-scale-factor, 1)))">初回放送日</span><img alt="NHK総合テレビジョン" class="_1yapkdt3" src="https://imgu.web.nhk/common/broadcastservice/bs/g1/g1-badge9x4.svg"/></div><div class="_1yapkdt4"><div class="esl7kn2s _1o4gdfj5 _1o4gdfjc" style="--_1o4gdfj0:inline;--_1o4gdfj1:#1f1f20;--_1o4gdfj2:#f9f9f9;--_1o4gdfj3:calc(0.875rem * (var(--font-size-scale-factor, 1)));--_1o4gdfj4:calc(0.875rem * (var(--font-size-scale-factor, 1)))"><time dateTime="2026-03-12T08:00:00+09:00" aria-label="2026年3月12日木曜日午前8時00分">2026年3月12日<!-- -->(<span>木</span>)<!-- -->午前8:00</time></div></div></div></div></div></div></a></li><li class="_115e91we"><a class="esl7kn2s i8ir4s5 i8ir4s8 i8ir4sd _1yvyrz30" style="--i8ir4s0:12px;--i8ir4s1:12px;--i8ir4s2:1fr 1fr;--i8ir4s3:1fr 1fr" href="https://www.web.nhk/tv/an/bakebake/pl/series-tep-662ZX5J3WG/ep/5ZWYL8RQVV"><div class="i8ir4sg i8ir4si"><div class="_1i3qn2c0"><div class="esl7kn2s _1tpn2gp6 _1tpn2gpc"><figure class="esl7kn2s _1xgv8e9d _1xgv8e99" style="--_1xgv8e92:inline;--_1xgv8e97:100%;--_1xgv8e93:0px"><div class="_1xgv8e9h _1xgv8e9f _1xgv8e9i _1xgv8e9p" style="--_1xgv8e93:0px"><div data-testid="backgroundImage" class="_1xgv8e9j" style="--_1xgv8e96:auto;--_1xgv8e94:none;--_1xgv8e95:1.7777777777777777;--_1xgv8e93:0px"></div></div></figure></div></div><div class="esl7kn2s _16tua4u2" style="--_16tua4u0:8px;--_16tua4u1:8px;--_16tua4u3:12px;--_16tua4u4:12px"><div class="_1i3qn2c1"><p class="_1i3qn2c4">ばけばけ</p><p class="esl7kn2s ex68pq0"><strong>(113)第23週「ゴブサタ、ニシコオリサン。」</strong></p></div><div class="_1yapkdt0"><div class="_1yapkdt1"><div class="_1yapkdt5"><span class="_1yapkdt7 _1yapkdt2" style="--_1yapkdt6:calc(0.875rem * (var(--font-size-scale-factor, 1)))">初回放送日</span><img alt="NHK総合テレビジョン" class="_1yapkdt3" src="https://imgu.web.nhk/common/broadcastservice/bs/g1/g1-badge9x4.svg"/></div><div class="_1yapkdt4"><div class="esl7kn2s _1o4gdfj5 _1o4gdfjc" style="--_1o4gdfj0:inline;--_1o4gdfj1:#1f1f20;--_1o4gdfj2:#f9f9f9;--_1o4gdfj3:calc(0.875rem * (var(--font-size-scale-factor, 1)));--_1o4gdfj4:calc(0.875rem * (var(--font-size-scale-factor, 1)))"><time dateTime="2026-03-11T08:00:00+09:00" aria-label="2026年3月11日水曜日午前8時00分">2026年3月11日<!-- -->(<span>水</span>)<!-- -->午前8:00</time></div></div></div></div></div></div></a></li><li class="_115e91we"><a class="esl7kn2s i8ir4s5 i8ir4s8 i8ir4sd _1yvyrz30" style="--i8ir4s0:12px;--i8ir4s1:12px;--i8ir4s2:1fr 1fr;--i8ir4s3:1fr 1fr" href="https://www.web.nhk/tv/an/bakebake/pl/series-tep-662ZX5J3WG/ep/EXJ35L6GLQ"><div class="i8ir4sg i8ir4si"><div class="_1i3qn2c0"><div class="esl7kn2s _1tpn2gp6 _1tpn2gpc"><figure class="esl7kn2s _1xgv8e9d _1xgv8e99" style="--_1xgv8e92:inline;--_1xgv8e97:100%;--_1xgv8e93:0px"><div class="_1xgv8e9h _1xgv8e9f _1xgv8e9i _1xgv8e9p" style="--_1xgv8e93:0px"><div data-testid="backgroundImage" class="_1xgv8e9j" style="--_1xgv8e96:auto;--_1xgv8e94:none;--_1xgv8e95:1.7777777777777777;--_1xgv8e93:0px"></div></div></figure></div></div><div class="esl7kn2s _16tua4u2" style="--_16tua4u0:8px;--_16tua4u1:8px;--_16tua4u3:12px;--_16tua4u4:12px"><div class="_1i3qn2c1"><p class="_1i3qn2c4">ばけばけ</p><p class="esl7kn2s ex68pq0"><strong>(112)第23週「ゴブサタ、ニシコオリサン。」</strong></p></div><div class="_1yapkdt0"><div class="_1yapkdt1"><div class="_1yapkdt5"><span class="_1yapkdt7 _1yapkdt2" style="--_1yapkdt6:calc(0.875rem * (var(--font-size-scale-factor, 1)))">初回放送日</span><img alt="NHK総合テレビジョン" class="_1yapkdt3" src="https://imgu.web.nhk/common/broadcastservice/bs/g1/g1-badge9x4.svg"/></div><div class="_1yapkdt4"><div class="esl7kn2s _1o4gdfj5 _1o4gdfjc" style="--_1o4gdfj0:inline;--_1o4gdfj1:#1f1f20;--_1o4gdfj2:#f9f9f9;--_1o4gdfj3:calc(0.875rem * (var(--font-size-scale-factor, 1)));--_1o4gdfj4:calc(0.875rem * (var(--font-size-scale-factor, 1)))"><time dateTime="2026-03-10T08:00:00+09:00" aria-label="2026年3月10日火曜日午前8時00分">2026年3月10日<!-- -->(<span>火</span>)<!-- -->午前8:00</time></div></div></div></div></div></div></a></li><li class="_115e91we"><a class="esl7kn2s i8ir4s5 i8ir4s8 i8ir4sd _1yvyrz30" style="--i8ir4s0:12px;--i8ir4s1:12px;--i8ir4s2:1fr 1fr;--i8ir4s3:1fr 1fr" href="https://www.web.nhk/tv/an/bakebake/pl/series-tep-662ZX5J3WG/ep/LGN2YRWN43"><div class="i8ir4sg i8ir4si"><div class="_1i3qn2c0"><div class="esl7kn2s _1tpn2gp6 _1tpn2gpc"><figure class="esl7kn2s _1xgv8e9d _1xgv8e99" style="--_1xgv8e92:inline;--_1xgv8e97:100%;--_1xgv8e93:0px"><div class="_1xgv8e9h _1xgv8e9f _1xgv8e9i _1xgv8e9p" style="--_1xgv8e93:0px"><div data-testid="backgroundImage" class="_1xgv8e9j" style="--_1xgv8e96:auto;--_1xgv8e94:none;--_1xgv8e95:1.7777777777777777;--_1xgv8e93:0px"></div></div></figure></div></div><div class="esl7kn2s _16tua4u2" style="--_16tua4u0:8px;--_16tua4u1:8px;--_16tua4u3:12px;--_16tua4u4:12px"><div class="_1i3qn2c1"><p class="_1i3qn2c4">ばけばけ</p><p class="esl7kn2s ex68pq0"><strong>(111)第23週「ゴブサタ、ニシコオリサン。」</strong></p></div><div class="_1yapkdt0"><div class="_1yapkdt1"><div class="_1yapkdt5"><span class="_1yapkdt7 _1yapkdt2" style="--_1yapkdt6:calc(0.875rem * (var(--font-size-scale-factor, 1)))">初回放送日</span><img alt="NHK総合テレビジョン" class="_1yapkdt3" src="https://imgu.web.nhk/common/broadcastservice/bs/g1/g1-badge9x4.svg"/></div><div class="_1yapkdt4"><div class="esl7kn2s _1o4gdfj5 _1o4gdfjc" style="--_1o4gdfj0:inline;--_1o4gdfj1:#1f1f20;--_1o4gdfj2:#f9f9f9;--_1o4gdfj3:calc(0.875rem * (var(--font-size-scale-factor, 1)));--_1o4gdfj4:calc(0.875rem * (var(--font-size-scale-factor, 1)))"><time dateTime="2026-03-09T08:00:00+09:00" aria-label="2026年3月9日月曜日午前8時00分">2026年3月9日<!-- -->(<span>月</span>)<!-- -->午前8:00</time></div></div></div></div></div></div></a></li><li class="_115e91we"><a class="esl7kn2s i8ir4s5 i8ir4s8 i8ir4sd _1yvyrz30" style="--i8ir4s0:12px;--i8ir4s1:12px;--i8ir4s2:1fr 1fr;--i8ir4s3:1fr 1fr" href="https://www.web.nhk/tv/an/bakebake/pl/series-tep-662ZX5J3WG/ep/V2XXZ3GRL7"><div class="i8ir4sg i8ir4si"><div class="_1i3qn2c0"><div class="esl7kn2s _1tpn2gp6 _1tpn2gpc"><figure class="esl7kn2s _1xgv8e9d _1xgv8e99" style="--_1xgv8e92:inline;--_1xgv8e97:100%;--_1xgv8e93:0px"><div class="_1xgv8e9h _1xgv8e9f _1xgv8e9i _1xgv8e9p" style="--_1xgv8e93:0px"><div data-testid="backgroundImage" class="_1xgv8e9j" style="--_1xgv8e96:auto;--_1xgv8e94:none;--_1xgv8e95:1.7777777777777777;--_1xgv8e93:0px"></div></div></figure></div><div class="oqol7i3">15分</div></div><div class="esl7kn2s _16tua4u2" style="--_16tua4u0:8px;--_16tua4u1:8px;--_16tua4u3:12px;--_16tua4u4:12px"><div class="_1i3qn2c1"><p class="_1i3qn2c4">ばけばけ</p><p class="esl7kn2s ex68pq0"><strong>第22週「アタラシ、ノ、ジンセイ。」</strong></p></div><div class="_1yapkdt0"><div class="_1yapkdt1"><div class="_1yapkdt5"><span class="_1yapkdt7 _1yapkdt2" style="--_1yapkdt6:calc(0.875rem * (var(--font-size-scale-factor, 1)))">初回放送日</span><img alt="NHK総合テレビジョン" class="_1yapkdt3" src="https://imgu.web.nhk/common/broadcastservice/bs/g1/g1-badge9x4.svg"/></div><div class="_1yapkdt4"><div class="esl7kn2s _1o4gdfj5 _1o4gdfjc" style="--_1o4gdfj0:inline;--_1o4gdfj1:#1f1f20;--_1o4gdfj2:#f9f9f9;--_1o4gdfj3:calc(0.875rem * (var(--font-size-scale-factor, 1)));--_1o4gdfj4:calc(0.875rem * (var(--font-size-scale-factor, 1)))"><time dateTime="2026-03-07T08:00:00+09:00" aria-label="2026年3月7日土曜日午前8時00分">2026年3月7日<!-- -->(<span>土</span>)<!-- -->午前8:00</time></div></div></div></div></div></div></a></li><li class="_115e91we"><a class="esl7kn2s i8ir4s5 i8ir4s8 i8ir4sd _1yvyrz30" style="--i8ir4s0:12px;--i8ir4s1:12px;--i8ir4s2:1fr 1fr;--i8ir4s3:1fr 1fr" href="https://www.web.nhk/tv/an/bakebake/pl/series-tep-662ZX5J3WG/ep/PM8G32LN9N"><div class="i8ir4sg i8ir4si"><div class="_1i3qn2c0"><div class="esl7kn2s _1tpn2gp6 _1tpn2gpc"><figure class="esl7kn2s _1xgv8e9d _1xgv8e99" style="--_1xgv8e92:inline;--_1xgv8e97:100%;--_1xgv8e93:0px"><div class="_1xgv8e9h _1xgv8e9f _1xgv8e9i _1xgv8e9p" style="--_1xgv8e93:0px"><div data-testid="backgroundImage" class="_1xgv8e9j" style="--_1xgv8e96:auto;--_1xgv8e94:none;--_1xgv8e95:1.7777777777777777;--_1xgv8e93:0px"></div></div></figure></div><div class="oqol7i3">15分</div></div><div class="esl7kn2s _16tua4u2" style="--_16tua4u0:8px;--_16tua4u1:8px;--_16tua4u3:12px;--_16tua4u4:12px"><div class="_1i3qn2c1"><p class="_1i3qn2c4">ばけばけ</p><p class="esl7kn2s ex68pq0"><strong>(110)第22週「アタラシ、ノ、ジンセイ。」</strong></p></div><div class="_1yapkdt0"><div class="_1yapkdt1"><div class="_1yapkdt5"><span class="_1yapkdt7 _1yapkdt2" style="--_1yapkdt6:calc(0.875rem * (var(--font-size-scale-factor, 1)))">初回放送日</span><img alt="NHK総合テレビジョン" class="_1yapkdt3" src="https://imgu.web.nhk/common/broadcastservice/bs/g1/g1-badge9x4.svg"/></div><div class="_1yapkdt4"><div class="esl7kn2s _1o4gdfj5 _1o4gdfjc" style="--_1o4gdfj0:inline;--_1o4gdfj1:#1f1f20;--_1o4gdfj2:#f9f9f9;--_1o4gdfj3:calc(0.875rem * (var(--font-size-scale-factor, 1)));--_1o4gdfj4:calc(0.875rem * (var(--font-size-scale-factor, 1)))"><time dateTime="2026-03-06T08:00:00+09:00" aria-label="2026年3月6日金曜日午前8時00分">2026年3月6日<!-- -->(<span>金</span>)<!-- -->午前8:00</time></div></div></div></div></div></div></a></li><li class="_115e91we"><a class="esl7kn2s i8ir4s5 i8ir4s8 i8ir4sd _1yvyrz30" style="--i8ir4s0:12px;--i8ir4s1:12px;--i8ir4s2:1fr 1fr;--i8ir4s3:1fr 1fr" href="https://www.web.nhk/tv/an/bakebake/pl/series-tep-662ZX5J3WG/ep/M74M5M66JN"><div class="i8ir4sg i8ir4si"><div class="_1i3qn2c0"><div class="esl7kn2s _1tpn2gp6 _1tpn2gpc"><figure class="esl7kn2s _1xgv8e9d _1xgv8e99" style="--_1xgv8e92:inline;--_1xgv8e97:100%;--_1xgv8e93:0px"><div class="_1xgv8e9h _1xgv8e9f _1xgv8e9i _1xgv8e9p" style="--_1xgv8e93:0px"><div data-testid="backgroundImage" class="_1xgv8e9j" style="--_1xgv8e96:auto;--_1xgv8e94:none;--_1xgv8e95:1.7777777777777777;--_1xgv8e93:0px"></div></div></figure></div><div class="oqol7i3">15分</div></div><div class="esl7kn2s _16tua4u2" style="--_16tua4u0:8px;--_16tua4u1:8px;--_16tua4u3:12px;--_16tua4u4:12px"><div class="_1i3qn2c1"><p class="_1i3qn2c4">ばけばけ</p><p class="esl7kn2s ex68pq0"><strong>(109)第22週「アタラシ、ノ、ジンセイ。」</strong></p></div><div class="_1yapkdt0"><div class="_1yapkdt1"><div class="_1yapkdt5"><span class="_1yapkdt7 _1yapkdt2" style="--_1yapkdt6:calc(0.875rem * (var(--font-size-scale-factor, 1)))">初回放送日</span><img alt="NHK総合テレビジョン" class="_1yapkdt3" src="https://imgu.web.nhk/common/broadcastservice/bs/g1/g1-badge9x4.svg"/></div><div class="_1yapkdt4"><div class="esl7kn2s _1o4gdfj5 _1o4gdfjc" style="--_1o4gdfj0:inline;--_1o4gdfj1:#1f1f20;--_1o4gdfj2:#f9f9f9;--_1o4gdfj3:calc(0.875rem * (var(--font-size-scale-factor, 1)));--_1o4gdfj4:calc(0.875rem * (var(--font-size-scale-factor, 1)))"><time dateTime="2026-03-05T08:00:00+09:00" aria-label="2026年3月5日木曜日午前8時00分">2026年3月5日<!-- -->(<span>木</span>)<!-- -->午前8:00</time></div></div></div></div></div></div></a></li><li class="_115e91we"><a class="esl7kn2s i8ir4s5 i8ir4s8 i8ir4sd _1yvyrz30" style="--i8ir4s0:12px;--i8ir4s1:12px;--i8ir4s2:1fr 1fr;--i8ir4s3:1fr 1fr" href="https://www.web.nhk/tv/an/bakebake/pl/series-tep-662ZX5J3WG/ep/Y6WYN5Z4VY"><div class="i8ir4sg i8ir4si"><div class="_1i3qn2c0"><div class="esl7kn2s _1tpn2gp6 _1tpn2gpc"><figure class="esl7kn2s _1xgv8e9d _1xgv8e99" style="--_1xgv8e92:inline;--_1xgv8e97:100%;--_1xgv8e93:0px"><div class="_1xgv8e9h _1xgv8e9f _1xgv8e9i _1xgv8e9p" style="--_1xgv8e93:0px"><div data-testid="backgroundImage" class="_1xgv8e9j" style="--_1xgv8e96:auto;--_1xgv8e94:none;--_1xgv8e95:1.7777777777777777;--_1xgv8e93:0px"></div></div></figure></div><div class="oqol7i3">15分</div></div><div class="esl7kn2s _16tua4u2" style="--_16tua4u0:8px;--_16tua4u1:8px;--_16tua4u3:12px;--_16tua4u4:12px"><div class="_1i3qn2c1"><p class="_1i3qn2c4">ばけばけ</p><p class="esl7kn2s ex68pq0"><strong>(108)第22週「アタラシ、ノ、ジンセイ。」</strong></p></div><div class="_1yapkdt0"><div class="_1yapkdt1"><div class="_1yapkdt5"><span class="_1yapkdt7 _1yapkdt2" style="--_1yapkdt6:calc(0.875rem * (var(--font-size-scale-factor, 1)))">初回放送日</span><img alt="NHK総合テレビジョン" class="_1yapkdt3" src="https://imgu.web.nhk/common/broadcastservice/bs/g1/g1-badge9x4.svg"/></div><div class="_1yapkdt4"><div class="esl7kn2s _1o4gdfj5 _1o4gdfjc" style="--_1o4gdfj0:inline;--_1o4gdfj1:#1f1f20;--_1o4gdfj2:#f9f9f9;--_1o4gdfj3:calc(0.875rem * (var(--font-size-scale-factor, 1)));--_1o4gdfj4:calc(0.875rem * (var(--font-size-scale-factor, 1)))"><time dateTime="2026-03-04T08:00:00+09:00" aria-label="2026年3月4日水曜日午前8時00分">2026年3月4日<!-- -->(<span>水</span>)<!-- -->午前8:00</time></div></div></div></div></div></div></a><div class="_115e91wi"></div></li></ul><div class="_115e91wk"><div role="scrollbar" aria-hidden="true" aria-controls="_R_2icpbsnpfiv5tsslbbb_-list" aria-valuenow="0" class="_115e91wl" style="--_115e91wo:0%;--_115e91wn:0%;--_115e91wq:100%"><div class="_115e91wm"><div class="_115e91wp"></div></div><div class="_115e91wr" tabindex="-1"><div class="_115e91ws"></div></div></div><div class="_115e91wt"><button class="_115e91wu" aria-hidden="true" tabindex="-1" type="button" disabled=""><svg xmlns="http://www.w3.org/2000/svg" viewBox="0 0 20 20" height="1em" width="1em" class="_18e2gnn7" style="--_18e2gnn5:currentColor;--_18e2gnn6:currentColor" focusable="false" aria-hidden="true" data-testid="ChevronLeftIcon"><defs></defs><g><g><path stroke-width="0px" fill="currentColor" d="m7.6141,10l6.1402-6.1406c.2539-.2539.2539-.665,0-.9189s-.666-.2539-.9199,0l-6.5996,6.6001c-.2539.2539-.2539.665,0,.9189l6.5996,6.6001c.127.127.2939.1904.46.1904s.333-.0635.46-.1904c.2539-.2539.2539-.665,0-.9189l-6.1402-6.1406Z"></path><rect fill="none" stroke-width="0px" width="20" height="20"></rect></g></g></svg></button><button class="_115e91wu" aria-hidden="true" tabindex="-1" type="button"><svg xmlns="http://www.w3.org/2000/svg" viewBox="0 0 20 20" height="1em" width="1em" class="_18e2gnn7" style="--_18e2gnn5:currentColor;--_18e2gnn6:currentColor" focusable="false" aria-hidden="true" data-testid="ChevronRightIcon"><defs></defs><g><g><path stroke-width="0px" fill="currentColor" d="m13.7538,9.5405L7.1532,2.9404c-.2539-.2539-.666-.2539-.9199,0s-.2539.665,0,.9189l6.1411,6.1406-6.1411,6.1406c-.2539.2539-.2539.665,0,.9189.127.127.2939.1904.46.1904s.333-.0635.46-.1904l6.6006-6.6001c.2539-.2539.2539-.665,0-.9189Z"></path><rect fill="none" stroke-width="0px" width="20" height="20"></rect></g></g></svg></button></div></div></div></div><div class="esl7kn2s _14kk1eq9" style="--_14kk1eq8:nowrap;--_14kk1eq0:column;--_14kk1eq1:column;--_14kk1eq2:start;--_14kk1eq3:start;--_14kk1eq4:stretch;--_14kk1eq5:stretch;--_14kk1eq6:32px;--_14kk1eq7:28px"><div class="esl7kn2s _1klntnk2 _1klntnk3" style="--_1klntnk0:#1f1f20;--_1klntnk1:#f9f9f9"><h2 class="_1klntnk4 _1klntnk9"><a class="_1klntnk5 _1klntnk7 _1yvyrz30" href="https://www.web.nhk/tv/pl/series-tep-M6Q9QR18KJ">マッサン<i class="_1klntnk6"><svg xmlns="http://www.w3.org/2000/svg" viewBox="0 0 20 20" height="100%" width="100%" class="_18e2gnn7" style="--_18e2gnn5:currentColor;--_18e2gnn6:currentColor" focusable="false" aria-hidden="true" data-testid="ChevronRightIcon"><defs></defs><g><g><path stroke-width="0px" fill="currentColor" d="m13.7538,9.5405L7.1532,2.9404c-.2539-.2539-.666-.2539-.9199,0s-.2539.665,0,.9189l6.1411,6.1406-6.1411,6.1406c-.2539.2539-.2539.665,0,.9189.127.127.2939.1904.46.1904s.333-.0635.46-.1904l6.6006-6.6001c.2539-.2539.2539-.665,0-.9189Z"></path><rect fill="none" stroke-width="0px" width="20" height="20"></rect></g></g></svg></i></a></h2></div><div class="esl7kn2s _115e91w2 _115e91w5"><ul id="_R_2mcpbsnpfiv5tsslbbb_-list" class="_115e91wb _18e2gnn2" style="--_18e2gnn0:24px;--_18e2gnn1:16px;--_115e91w1:1;--_115e91w0:1;--_115e91wc:171px;--_115e91wd:304px"><li class="_115e91we"><div class="_115e91wg"></div><a class="esl7kn2s i8ir4s5 i8ir4s8 i8ir4sd _1yvyrz30" style="--i8ir4s0:12px;--i8ir4s1:12px;--i8ir4s2:1fr 1fr;--i8ir4s3:1fr 1fr" href="https://www.web.nhk/tv/pl/series-tep-M6Q9QR18KJ/ep/XR8XKN3GJ4"><div class="i8ir4sg i8ir4si"><div class="_1i3qn2c0"><div class="esl7kn2s _1tpn2gp6 _1tpn2gpc"><figure class="esl7kn2s _1xgv8e9d _1xgv8e99" style="--_1xgv8e92:inline;--_1xgv8e97:100%;--_1xgv8e93:0px"><div class="_1xgv8e9h _1xgv8e9f _1xgv8e9i _1xgv8e9p" style="--_1xgv8e93:0px"><div data-testid="backgroundImage" class="_1xgv8e9j" style="--_1xgv8e96:auto;--_1xgv8e94:none;--_1xgv8e95:1.7777777777777777;--_1xgv8e93:0px"></div></div></figure></div></div><div class="esl7kn2s _16tua4u2" style="--_16tua4u0:8px;--_16tua4u1:8px;--_16tua4u3:12px;--_16tua4u4:12px"><div class="_1i3qn2c1"><p class="_1i3qn2c4">マッサン</p><p class="esl7kn2s ex68pq0"><strong>(55)「灯台下(もと)暗し」</strong></p></div></div></div></a></li><li class="_115e91we"><a class="esl7kn2s i8ir4s5 i8ir4s8 i8ir4sd _1yvyrz30" style="--i8ir4s0:12px;--i8ir4s1:12px;--i8ir4s2:1fr 1fr;--i8ir4s3:1fr 1fr" href="https://www.web.nhk/tv/pl/series-tep-M6Q9QR18KJ/ep/JR12XJ436Y"><div class="i8ir4sg i8ir4si"><div class="_1i3qn2c0"><div class="esl7kn2s _1tpn2gp6 _1tpn2gpc"><figure class="esl7kn2s _1xgv8e9d _1xgv8e99" style="--_1xgv8e92:inline;--_1xgv8e97:100%;--_1xgv8e93:0px"><div class="_1xgv8e9h _1xgv8e9f _1xgv8e9i _1xgv8e9p" style="--_1xgv8e93:0px"><div data-testid="backgroundImage" class="_1xgv8e9j" style="--_1xgv8e96:auto;--_1xgv8e94:none;--_1xgv8e95:1.7777777777777777;--_1xgv8e93:0px"></div></div></figure></div></div><div class="esl7kn2s _16tua4u2" style="--_16tua4u0:8px;--_16tua4u1:8px;--_16tua4u3:12px;--_16tua4u4:12px"><div class="_1i3qn2c1"><p class="_1i3qn2c4">マッサン</p><p class="esl7kn2s ex68pq0"><strong>(54)「虎穴(こけつ)に入らずんば虎子を得ず」</strong></p></div></div></div></a></li><li class="_115e91we"><a class="esl7kn2s i8ir4s5 i8ir4s8 i8ir4sd _1yvyrz30" style="--i8ir4s0:12px;--i8ir4s1:12px;--i8ir4s2:1fr 1fr;--i8ir4s3:1fr 1fr" href="https://www.web.nhk/tv/pl/series-tep-M6Q9QR18KJ/ep/LJM3Z28JKP"><div class="i8ir4sg i8ir4si"><div class="_1i3qn2c0"><div class="esl7kn2s _1tpn2gp6 _1tpn2gpc"><figure class="esl7kn2s _1xgv8e9d _1xgv8e99" style="--_1xgv8e92:inline;--_1xgv8e97:100%;--_1xgv8e93:0px"><div class="_1xgv8e9h _1xgv8e9f _1xgv8e9i _1xgv8e9p" style="--_1xgv8e93:0px"><div data-testid="backgroundImage" class="_1xgv8e9j" style="--_1xgv8e96:auto;--_1xgv8e94:none;--_1xgv8e95:1.7777777777777777;--_1xgv8e93:0px"></div></div></figure></div></div><div class="esl7kn2s _16tua4u2" style="--_16tua4u0:8px;--_16tua4u1:8px;--_16tua4u3:12px;--_16tua4u4:12px"><div class="_1i3qn2c1"><p class="_1i3qn2c4">マッサン</p><p class="esl7kn2s ex68pq0"><strong>(53)「虎穴(こけつ)に入らずんば虎子を得ず」</strong></p></div></div></div></a></li><li class="_115e91we"><a class="esl7kn2s i8ir4s5 i8ir4s8 i8ir4sd _1yvyrz30" style="--i8ir4s0:12px;--i8ir4s1:12px;--i8ir4s2:1fr 1fr;--i8ir4s3:1fr 1fr" href="https://www.web.nhk/tv/pl/series-tep-M6Q9QR18KJ/ep/3PZQ5YG2KZ"><div class="i8ir4sg i8ir4si"><div class="_1i3qn2c0"><div class="esl7kn2s _1tpn2gp6 _1tpn2gpc"><figure class="esl7kn2s _1xgv8e9d _1xgv8e99" style="--_1xgv8e92:inline;--_1xgv8e97:100%;--_1xgv8e93:0px"><div class="_1xgv8e9h _1xgv8e9f _1xgv8e9i _1xgv8e9p" style="--_1xgv8e93:0px"><div data-testid="backgroundImage" class="_1xgv8e9j" style="--_1xgv8e96:auto;--_1xgv8e94:none;--_1xgv8e95:1.7777777777777777;--_1xgv8e93:0px"></div></div></figure></div></div><div class="esl7kn2s _16tua4u2" style="--_16tua4u0:8px;--_16tua4u1:8px;--_16tua4u3:12px;--_16tua4u4:12px"><div class="_1i3qn2c1"><p class="_1i3qn2c4">マッサン</p><p class="esl7kn2s ex68pq0"><strong>(52)「虎穴(こけつ)に入らずんば虎子を得ず」</strong></p></div></div></div></a></li><li class="_115e91we"><a class="esl7kn2s i8ir4s5 i8ir4s8 i8ir4sd _1yvyrz30" style="--i8ir4s0:12px;--i8ir4s1:12px;--i8ir4s2:1fr 1fr;--i8ir4s3:1fr 1fr" href="https://www.web.nhk/tv/pl/series-tep-M6Q9QR18KJ/ep/YX6ZXQ9G2P"><div class="i8ir4sg i8ir4si"><div class="_1i3qn2c0"><div class="esl7kn2s _1tpn2gp6 _1tpn2gpc"><figure class="esl7kn2s _1xgv8e9d _1xgv8e99" style="--_1xgv8e92:inline;--_1xgv8e97:100%;--_1xgv8e93:0px"><div class="_1xgv8e9h _1xgv8e9f _1xgv8e9i _1xgv8e9p" style="--_1xgv8e93:0px"><div data-testid="backgroundImage" class="_1xgv8e9j" style="--_1xgv8e96:auto;--_1xgv8e94:none;--_1xgv8e95:1.7777777777777777;--_1xgv8e93:0px"></div></div></figure></div></div><div class="esl7kn2s _16tua4u2" style="--_16tua4u0:8px;--_16tua4u1:8px;--_16tua4u3:12px;--_16tua4u4:12px"><div class="_1i3qn2c1"><p class="_1i3qn2c4">マッサン</p><p class="esl7kn2s ex68pq0"><strong>(51)「虎穴(こけつ)に入らずんば虎子を得ず」</strong></p></div></div></div></a></li><li class="_115e91we"><a class="esl7kn2s i8ir4s5 i8ir4s8 i8ir4sd _1yvyrz30" style="--i8ir4s0:12px;--i8ir4s1:12px;--i8ir4s2:1fr 1fr;--i8ir4s3:1fr 1fr" href="https://www.web.nhk/tv/pl/series-tep-M6Q9QR18KJ/ep/X6N1QNMK69"><div class="i8ir4sg i8ir4si"><div class="_1i3qn2c0"><div class="esl7kn2s _1tpn2gp6 _1tpn2gpc"><figure class="esl7kn2s _1xgv8e9d _1xgv8e99" style="--_1xgv8e92:inline;--_1xgv8e97:100%;--_1xgv8e93:0px"><div class="_1xgv8e9h _1xgv8e9f _1xgv8e9i _1xgv8e9p" style="--_1xgv8e93:0px"><div data-testid="backgroundImage" class="_1xgv8e9j" style="--_1xgv8e96:auto;--_1xgv8e94:none;--_1xgv8e95:1.7777777777777777;--_1xgv8e93:0px"></div></div></figure></div><div class="oqol7i3">15分</div></div><div class="esl7kn2s _16tua4u2" style="--_16tua4u0:8px;--_16tua4u1:8px;--_16tua4u3:12px;--_16tua4u4:12px"><div class="_1i3qn2c1"><p class="_1i3qn2c4">マッサン</p><p class="esl7kn2s ex68pq0"><strong>(50)「虎穴(こけつ)に入らずんば虎子を得ず」</strong></p></div></div></div></a></li><li class="_115e91we"><a class="esl7kn2s i8ir4s5 i8ir4s8 i8ir4sd _1yvyrz30" style="--i8ir4s0:12px;--i8ir4s1:12px;--i8ir4s2:1fr 1fr;--i8ir4s3:1fr 1fr" href="https://www.web.nhk/tv/pl/series-tep-M6Q9QR18KJ/ep/GL7MR1V243"><div class="i8ir4sg i8ir4si"><div class="_1i3qn2c0"><div class="esl7kn2s _1tpn2gp6 _1tpn2gpc"><figure class="esl7kn2s _1xgv8e9d _1xgv8e99" style="--_1xgv8e92:inline;--_1xgv8e97:100%;--_1xgv8e93:0px"><div class="_1xgv8e9h _1xgv8e9f _1xgv8e9i _1xgv8e9p" style="--_1xgv8e93:0px"><div data-testid="backgroundImage" class="_1xgv8e9j" style="--_1xgv8e96:auto;--_1xgv8e94:none;--_1xgv8e95:1.7777777777777777;--_1xgv8e93:0px"></div></div></figure></div><div class="oqol7i3">15分</div></div><div class="esl7kn2s _16tua4u2" style="--_16tua4u0:8px;--_16tua4u1:8px;--_16tua4u3:12px;--_16tua4u4:12px"><div class="_1i3qn2c1"><p class="_1i3qn2c4">マッサン</p><p class="esl7kn2s ex68pq0"><strong>(49)「虎穴(こけつ)に入らずんば虎子を得ず」</strong></p></div></div></div></a></li><li class="_115e91we"><a class="esl7kn2s i8ir4s5 i8ir4s8 i8ir4sd _1yvyrz30" style="--i8ir4s0:12px;--i8ir4s1:12px;--i8ir4s2:1fr 1fr;--i8ir4s3:1fr 1fr" href="https://www.web.nhk/tv/pl/series-tep-M6Q9QR18KJ/ep/9945517Y13"><div class="i8ir4sg i8ir4si"><div class="_1i3qn2c0"><div class="esl7kn2s _1tpn2gp6 _1tpn2gpc"><figure class="esl7kn2s _1xgv8e9d _1xgv8e99" style="--_1xgv8e92:inline;--_1xgv8e97:100%;--_1xgv8e93:0px"><div class="_1xgv8e9h _1xgv8e9f _1xgv8e9i _1xgv8e9p" style="--_1xgv8e93:0px"><div data-testid="backgroundImage" class="_1xgv8e9j" style="--_1xgv8e96:auto;--_1xgv8e94:none;--_1xgv8e95:1.7777777777777777;--_1xgv8e93:0px"></div></div></figure></div><div class="oqol7i3">15分</div></div><div class="esl7kn2s _16tua4u2" style="--_16tua4u0:8px;--_16tua4u1:8px;--_16tua4u3:12px;--_16tua4u4:12px"><div class="_1i3qn2c1"><p class="_1i3qn2c4">マッサン</p><p class="esl7kn2s ex68pq0"><strong>(48)「絵に描いた餅」</strong></p></div></div></div></a></li><li class="_115e91we"><a class="esl7kn2s i8ir4s5 i8ir4s8 i8ir4sd _1yvyrz30" style="--i8ir4s0:12px;--i8ir4s1:12px;--i8ir4s2:1fr 1fr;--i8ir4s3:1fr 1fr" href="https://www.web.nhk/tv/pl/series-tep-M6Q9QR18KJ/ep/NWRJ34ZLV4"><div class="i8ir4sg i8ir4si"><div class="_1i3qn2c0"><div class="esl7kn2s _1tpn2gp6 _1tpn2gpc"><figure class="esl7kn2s _1xgv8e9d _1xgv8e99" style="--_1xgv8e92:inline;--_1xgv8e97:100%;--_1xgv8e93:0px"><div class="_1xgv8e9h _1xgv8e9f _1xgv8e9i _1xgv8e9p" style="--_1xgv8e93:0px"><div data-testid="backgroundImage" class="_1xgv8e9j" style="--_1xgv8e96:auto;--_1xgv8e94:none;--_1xgv8e95:1.7777777777777777;--_1xgv8e93:0px"></div></div></figure></div><div class="oqol7i3">15分</div></div><div class="esl7kn2s _16tua4u2" style="--_16tua4u0:8px;--_16tua4u1:8px;--_16tua4u3:12px;--_16tua4u4:12px"><div class="_1i3qn2c1"><p class="_1i3qn2c4">マッサン</p><p class="esl7kn2s ex68pq0"><strong>(47)「絵に描いた餅」</strong></p></div></div></div></a></li><li class="_115e91we"><a class="esl7kn2s i8ir4s5 i8ir4s8 i8ir4sd _1yvyrz30" style="--i8ir4s0:12px;--i8ir4s1:12px;--i8ir4s2:1fr 1fr;--i8ir4s3:1fr 1fr" href="https://www.web.nhk/tv/pl/series-tep-M6Q9QR18KJ/ep/MZL2731KJJ"><div class="i8ir4sg i8ir4si"><div class="_1i3qn2c0"><div class="esl7kn2s _1tpn2gp6 _1tpn2gpc"><figure class="esl7kn2s _1xgv8e9d _1xgv8e99" style="--_1xgv8e92:inline;--_1xgv8e97:100%;--_1xgv8e93:0px"><div class="_1xgv8e9h _1xgv8e9f _1xgv8e9i _1xgv8e9p" style="--_1xgv8e93:0px"><div data-testid="backgroundImage" class="_1xgv8e9j" style="--_1xgv8e96:auto;--_1xgv8e94:none;--_1xgv8e95:1.7777777777777777;--_1xgv8e93:0px"></div></div></figure></div><div class="oqol7i3">15分</div></div><div class="esl7kn2s _16tua4u2" style="--_16tua4u0:8px;--_16tua4u1:8px;--_16tua4u3:12px;--_16tua4u4:12px"><div class="_1i3qn2c1"><p class="_1i3qn2c4">マッサン</p><p class="esl7kn2s ex68pq0"><strong>(46)「絵に描いた餅」</strong></p></div></div></div></a><div class="_115e91wi"></div></li></ul><div class="_115e91wk"><div role="scrollbar" aria-hidden="true" aria-controls="_R_2mcpbsnpfiv5tsslbbb_-list" aria-valuenow="0" class="_115e91wl" style="--_115e91wo:0%;--_115e91wn:0%;--_115e91wq:100%"><div class="_115e91wm"><div class="_115e91wp"></div></div><div class="_115e91wr" tabindex="-1"><div class="_115e91ws"></div></div></div><div class="_115e91wt"><button class="_115e91wu" aria-hidden="true" tabindex="-1" type="button" disabled=""><svg xmlns="http://www.w3.org/2000/svg" viewBox="0 0 20 20" height="1em" width="1em" class="_18e2gnn7" style="--_18e2gnn5:currentColor;--_18e2gnn6:currentColor" focusable="false" aria-hidden="true" data-testid="ChevronLeftIcon"><defs></defs><g><g><path stroke-width="0px" fill="currentColor" d="m7.6141,10l6.1402-6.1406c.2539-.2539.2539-.665,0-.9189s-.666-.2539-.9199,0l-6.5996,6.6001c-.2539.2539-.2539.665,0,.9189l6.5996,6.6001c.127.127.2939.1904.46.1904s.333-.0635.46-.1904c.2539-.2539.2539-.665,0-.9189l-6.1402-6.1406Z"></path><rect fill="none" stroke-width="0px" width="20" height="20"></rect></g></g></svg></button><button class="_115e91wu" aria-hidden="true" tabindex="-1" type="button"><svg xmlns="http://www.w3.org/2000/svg" viewBox="0 0 20 20" height="1em" width="1em" class="_18e2gnn7" style="--_18e2gnn5:currentColor;--_18e2gnn6:currentColor" focusable="false" aria-hidden="true" data-testid="ChevronRightIcon"><defs></defs><g><g><path stroke-width="0px" fill="currentColor" d="m13.7538,9.5405L7.1532,2.9404c-.2539-.2539-.666-.2539-.9199,0s-.2539.665,0,.9189l6.1411,6.1406-6.1411,6.1406c-.2539.2539-.2539.665,0,.9189.127.127.2939.1904.46.1904s.333-.0635.46-.1904l6.6006-6.6001c.2539-.2539.2539-.665,0-.9189Z"></path><rect fill="none" stroke-width="0px" width="20" height="20"></rect></g></g></svg></button></div></div></div></div><div class="esl7kn2s _14kk1eq9" style="--_14kk1eq8:nowrap;--_14kk1eq0:column;--_14kk1eq1:column;--_14kk1eq2:start;--_14kk1eq3:start;--_14kk1eq4:stretch;--_14kk1eq5:stretch;--_14kk1eq6:32px;--_14kk1eq7:28px"><div class="esl7kn2s _1klntnk2 _1klntnk3" style="--_1klntnk0:#1f1f20;--_1klntnk1:#f9f9f9"><h2 class="_1klntnk4 _1klntnk9"><a class="_1klntnk5 _1klntnk7 _1yvyrz30" href="https://www.web.nhk/tv/pl/series-tep-EG75YWMKNN">茂七の事件簿・新ふしぎ草紙<i class="_1klntnk6"><svg xmlns="http://www.w3.org/2000/svg" viewBox="0 0 20 20" height="100%" width="100%" class="_18e2gnn7" style="--_18e2gnn5:currentColor;--_18e2gnn6:currentColor" focusable="false" aria-hidden="true" data-testid="ChevronRightIcon"><defs></defs><g><g><path stroke-width="0px" fill="currentColor" d="m13.7538,9.5405L7.1532,2.9404c-.2539-.2539-.666-.2539-.9199,0s-.2539.665,0,.9189l6.1411,6.1406-6.1411,6.1406c-.2539.2539-.2539.665,0,.9189.127.127.2939.1904.46.1904s.333-.0635.46-.1904l6.6006-6.6001c.2539-.2539.2539-.665,0-.9189Z"></path><rect fill="none" stroke-width="0px" width="20" height="20"></rect></g></g></svg></i></a></h2></div><div class="esl7kn2s _115e91w2 _115e91w5"><ul id="_R_2qcpbsnpfiv5tsslbbb_-list" class="_115e91wb _18e2gnn2" style="--_18e2gnn0:24px;--_18e2gnn1:16px;--_115e91w1:1;--_115e91w0:1;--_115e91wc:171px;--_115e91wd:304px"><li class="_115e91we"><div class="_115e91wg"></div><a class="esl7kn2s i8ir4s5 i8ir4s8 i8ir4sd _1yvyrz30" style="--i8ir4s0:12px;--i8ir4s1:12px;--i8ir4s2:1fr 1fr;--i8ir4s3:1fr 1fr" href="https://www.web.nhk/tv/pl/series-tep-EG75YWMKNN/ep/K642QN5VM2"><div class="i8ir4sg i8ir4si"><div class="_1i3qn2c0"><div class="esl7kn2s _1tpn2gp6 _1tpn2gpc"><figure class="esl7kn2s _1xgv8e9d _1xgv8e99" style="--_1xgv8e92:inline;--_1xgv8e97:100%;--_1xgv8e93:0px"><div class="_1xgv8e9h _1xgv8e9f _1xgv8e9i _1xgv8e9p" style="--_1xgv8e93:0px"><div data-testid="backgroundImage" class="_1xgv8e9j" style="--_1xgv8e96:auto;--_1xgv8e94:none;--_1xgv8e95:1.7777777777777777;--_1xgv8e93:0px"></div></div></figure></div></div><div class="esl7kn2s _16tua4u2" style="--_16tua4u0:8px;--_16tua4u1:8px;--_16tua4u3:12px;--_16tua4u4:12px"><div class="_1i3qn2c1"><p class="_1i3qn2c4">茂七の事件簿・新ふしぎ草紙</p><p class="esl7kn2s ex68pq0"><strong>(4)「消えずの行灯」</strong></p></div></div></div></a></li><li class="_115e91we"><a class="esl7kn2s i8ir4s5 i8ir4s8 i8ir4sd _1yvyrz30" style="--i8ir4s0:12px;--i8ir4s1:12px;--i8ir4s2:1fr 1fr;--i8ir4s3:1fr 1fr" href="https://www.web.nhk/tv/pl/series-tep-EG75YWMKNN/ep/E6YP71XNZN"><div class="i8ir4sg i8ir4si"><div class="_1i3qn2c0"><div class="esl7kn2s _1tpn2gp6 _1tpn2gpc"><figure class="esl7kn2s _1xgv8e9d _1xgv8e99" style="--_1xgv8e92:inline;--_1xgv8e97:100%;--_1xgv8e93:0px"><div class="_1xgv8e9h _1xgv8e9f _1xgv8e9i _1xgv8e9p" style="--_1xgv8e93:0px"><div data-testid="backgroundImage" class="_1xgv8e9j" style="--_1xgv8e96:auto;--_1xgv8e94:none;--_1xgv8e95:1.7777777777777777;--_1xgv8e93:0px"></div></div></figure></div><div class="oqol7i3">43分</div></div><div class="esl7kn2s _16tua4u2" style="--_16tua4u0:8px;--_16tua4u1:8px;--_16tua4u3:12px;--_16tua4u4:12px"><div class="_1i3qn2c1"><p class="_1i3qn2c4">茂七の事件簿・新ふしぎ草紙</p><p class="esl7kn2s ex68pq0"><strong>(3)「鬼子母火」</strong></p></div></div></div></a></li><li class="_115e91we"><a class="esl7kn2s i8ir4s5 i8ir4s8 i8ir4sd _1yvyrz30" style="--i8ir4s0:12px;--i8ir4s1:12px;--i8ir4s2:1fr 1fr;--i8ir4s3:1fr 1fr" href="https://www.web.nhk/tv/pl/series-tep-EG75YWMKNN/ep/KGG47K5J94"><div class="i8ir4sg i8ir4si"><div class="_1i3qn2c0"><div class="esl7kn2s _1tpn2gp6 _1tpn2gpc"><figure class="esl7kn2s _1xgv8e9d _1xgv8e99" style="--_1xgv8e92:inline;--_1xgv8e97:100%;--_1xgv8e93:0px"><div class="_1xgv8e9h _1xgv8e9f _1xgv8e9i _1xgv8e9p" style="--_1xgv8e93:0px"><div data-testid="backgroundImage" class="_1xgv8e9j" style="--_1xgv8e96:auto;--_1xgv8e94:none;--_1xgv8e95:1.7777777777777777;--_1xgv8e93:0px"></div></div></figure></div></div><div class="esl7kn2s _16tua4u2" style="--_16tua4u0:8px;--_16tua4u1:8px;--_16tua4u3:12px;--_16tua4u4:12px"><div class="_1i3qn2c1"><p class="_1i3qn2c4">茂七の事件簿・新ふしぎ草紙</p><p class="esl7kn2s ex68pq0"><strong>(2)「落ち葉なしの椎」</strong></p></div></div></div></a></li><li class="_115e91we"><a class="esl7kn2s i8ir4s5 i8ir4s8 i8ir4sd _1yvyrz30" style="--i8ir4s0:12px;--i8ir4s1:12px;--i8ir4s2:1fr 1fr;--i8ir4s3:1fr 1fr" href="https://www.web.nhk/tv/pl/series-tep-EG75YWMKNN/ep/JR2224Q271"><div class="i8ir4sg i8ir4si"><div class="_1i3qn2c0"><div class="esl7kn2s _1tpn2gp6 _1tpn2gpc"><figure class="esl7kn2s _1xgv8e9d _1xgv8e99" style="--_1xgv8e92:inline;--_1xgv8e97:100%;--_1xgv8e93:0px"><div class="_1xgv8e9h _1xgv8e9f _1xgv8e9i _1xgv8e9p" style="--_1xgv8e93:0px"><div data-testid="backgroundImage" class="_1xgv8e9j" style="--_1xgv8e96:auto;--_1xgv8e94:none;--_1xgv8e95:1.7777777777777777;--_1xgv8e93:0px"></div></div></figure></div></div><div class="esl7kn2s _16tua4u2" style="--_16tua4u0:8px;--_16tua4u1:8px;--_16tua4u3:12px;--_16tua4u4:12px"><div class="_1i3qn2c1"><p class="_1i3qn2c4">茂七の事件簿・新ふしぎ草紙</p><p class="esl7kn2s ex68pq0"><strong>(1)「かまいたち」</strong></p></div></div></div></a><div class="_115e91wi"></div></li></ul><div class="_115e91wk"><div role="scrollbar" aria-hidden="true" aria-controls="_R_2qcpbsnpfiv5tsslbbb_-list" aria-valuenow="0" class="_115e91wl" style="--_115e91wo:0%;--_115e91wn:0%;--_115e91wq:100%"><div class="_115e91wm"><div class="_115e91wp"></div></div><div class="_115e91wr" tabindex="-1"><div class="_115e91ws"></div></div></div><div class="_115e91wt"><button class="_115e91wu" aria-hidden="true" tabindex="-1" type="button" disabled=""><svg xmlns="http://www.w3.org/2000/svg" viewBox="0 0 20 20" height="1em" width="1em" class="_18e2gnn7" style="--_18e2gnn5:currentColor;--_18e2gnn6:currentColor" focusable="false" aria-hidden="true" data-testid="ChevronLeftIcon"><defs></defs><g><g><path stroke-width="0px" fill="currentColor" d="m7.6141,10l6.1402-6.1406c.2539-.2539.2539-.665,0-.9189s-.666-.2539-.9199,0l-6.5996,6.6001c-.2539.2539-.2539.665,0,.9189l6.5996,6.6001c.127.127.2939.1904.46.1904s.333-.0635.46-.1904c.2539-.2539.2539-.665,0-.9189l-6.1402-6.1406Z"></path><rect fill="none" stroke-width="0px" width="20" height="20"></rect></g></g></svg></button><button class="_115e91wu" aria-hidden="true" tabindex="-1" type="button"><svg xmlns="http://www.w3.org/2000/svg" viewBox="0 0 20 20" height="1em" width="1em" class="_18e2gnn7" style="--_18e2gnn5:currentColor;--_18e2gnn6:currentColor" focusable="false" aria-hidden="true" data-testid="ChevronRightIcon"><defs></defs><g><g><path stroke-width="0px" fill="currentColor" d="m13.7538,9.5405L7.1532,2.9404c-.2539-.2539-.666-.2539-.9199,0s-.2539.665,0,.9189l6.1411,6.1406-6.1411,6.1406c-.2539.2539-.2539.665,0,.9189.127.127.2939.1904.46.1904s.333-.0635.46-.1904l6.6006-6.6001c.2539-.2539.2539-.665,0-.9189Z"></path><rect fill="none" stroke-width="0px" width="20" height="20"></rect></g></g></svg></button></div></div></div></div><div class="esl7kn2s _14kk1eq9" style="--_14kk1eq8:nowrap;--_14kk1eq0:column;--_14kk1eq1:column;--_14kk1eq2:start;--_14kk1eq3:start;--_14kk1eq4:stretch;--_14kk1eq5:stretch;--_14kk1eq6:32px;--_14kk1eq7:28px"><div class="esl7kn2s _1klntnk2 _1klntnk3" style="--_1klntnk0:#1f1f20;--_1klntnk1:#f9f9f9"><h2 class="_1klntnk4 _1klntnk9"><a class="_1klntnk5 _1klntnk7 _1yvyrz30" href="https://www.web.nhk/tv/an/thundermans-undercover/pl/series-tep-J5N1R29NKP">超能力ファミリー サンダーマン 〜秘密大作戦<i class="_1klntnk6"><svg xmlns="http://www.w3.org/2000/svg" viewBox="0 0 20 20" height="100%" width="100%" class="_18e2gnn7" style="--_18e2gnn5:currentColor;--_18e2gnn6:currentColor" focusable="false" aria-hidden="true" data-testid="ChevronRightIcon"><defs></defs><g><g><path stroke-width="0px" fill="currentColor" d="m13.7538,9.5405L7.1532,2.9404c-.2539-.2539-.666-.2539-.9199,0s-.2539.665,0,.9189l6.1411,6.1406-6.1411,6.1406c-.2539.2539-.2539.665,0,.9189.127.127.2939.1904.46.1904s.333-.0635.46-.1904l6.6006-6.6001c.2539-.2539.2539-.665,0-.9189Z"></path><rect fill="none" stroke-width="0px" width="20" height="20"></rect></g></g></svg></i></a></h2></div><div class="esl7kn2s _115e91w2 _115e91w5"><ul id="_R_2ucpbsnpfiv5tsslbbb_-list" class="_115e91wb _18e2gnn2" style="--_18e2gnn0:24px;--_18e2gnn1:16px;--_115e91w1:1;--_115e91w0:1;--_115e91wc:171px;--_115e91wd:304px"><li class="_115e91we"><div class="_115e91wg"></div><a class="esl7kn2s i8ir4s5 i8ir4s8 i8ir4sd _1yvyrz30" style="--i8ir4s0:12px;--i8ir4s1:12px;--i8ir4s2:1fr 1fr;--i8ir4s3:1fr 1fr" href="https://www.web.nhk/tv/an/thundermans-undercover/pl/series-tep-J5N1R29NKP/ep/K8GG9KRKYG"><div class="i8ir4sg i8ir4si"><div class="_1i3qn2c0"><div class="esl7kn2s _1tpn2gp6 _1tpn2gpc"><figure class="esl7kn2s _1xgv8e9d _1xgv8e99" style="--_1xgv8e92:inline;--_1xgv8e97:100%;--_1xgv8e93:0px"><div class="_1xgv8e9h _1xgv8e9f _1xgv8e9i _1xgv8e9p" style="--_1xgv8e93:0px"><div data-testid="backgroundImage" class="_1xgv8e9j" style="--_1xgv8e96:auto;--_1xgv8e94:none;--_1xgv8e95:1.7777777777777777;--_1xgv8e93:0px"></div></div></figure></div></div><div class="esl7kn2s _16tua4u2" style="--_16tua4u0:8px;--_16tua4u1:8px;--_16tua4u3:12px;--_16tua4u4:12px"><div class="_1i3qn2c1"><p class="_1i3qn2c4">超能力ファミリー サンダーマン 〜秘密大作戦</p><p class="esl7kn2s ex68pq0"><strong>(10)「スティーブのすべて」</strong></p></div><div class="_1yapkdt0"><div class="_1yapkdt1"><div class="_1yapkdt5"><span class="_1yapkdt7 _1yapkdt2" style="--_1yapkdt6:calc(0.875rem * (var(--font-size-scale-factor, 1)))">初回放送日</span><img alt="NHK教育テレビジョン" class="_1yapkdt3" src="https://imgu.web.nhk/common/broadcastservice/bs/e1/e1-badge9x4.svg"/></div><div class="_1yapkdt4"><div class="esl7kn2s _1o4gdfj5 _1o4gdfjc" style="--_1o4gdfj0:inline;--_1o4gdfj1:#1f1f20;--_1o4gdfj2:#f9f9f9;--_1o4gdfj3:calc(0.875rem * (var(--font-size-scale-factor, 1)));--_1o4gdfj4:calc(0.875rem * (var(--font-size-scale-factor, 1)))"><time dateTime="2026-03-08T17:25:00+09:00" aria-label="2026年3月8日日曜日午後5時25分">2026年3月8日<!-- -->(<span>日</span>)<!-- -->午後5:25</time></div></div></div></div></div></div></a></li><li class="_115e91we"><a class="esl7kn2s i8ir4s5 i8ir4s8 i8ir4sd _1yvyrz30" style="--i8ir4s0:12px;--i8ir4s1:12px;--i8ir4s2:1fr 1fr;--i8ir4s3:1fr 1fr" href="https://www.web.nhk/tv/an/thundermans-undercover/pl/series-tep-J5N1R29NKP/ep/NLX94G77X8"><div class="i8ir4sg i8ir4si"><div class="_1i3qn2c0"><div class="esl7kn2s _1tpn2gp6 _1tpn2gpc"><figure class="esl7kn2s _1xgv8e9d _1xgv8e99" style="--_1xgv8e92:inline;--_1xgv8e97:100%;--_1xgv8e93:0px"><div class="_1xgv8e9h _1xgv8e9f _1xgv8e9i _1xgv8e9p" style="--_1xgv8e93:0px"><div data-testid="backgroundImage" class="_1xgv8e9j" style="--_1xgv8e96:auto;--_1xgv8e94:none;--_1xgv8e95:1.7777777777777777;--_1xgv8e93:0px"></div></div></figure></div><div class="oqol7i3">23分</div></div><div class="esl7kn2s _16tua4u2" style="--_16tua4u0:8px;--_16tua4u1:8px;--_16tua4u3:12px;--_16tua4u4:12px"><div class="_1i3qn2c1"><p class="_1i3qn2c4">超能力ファミリー サンダーマン 〜秘密大作戦</p><p class="esl7kn2s ex68pq0"><strong>(9)「フレンドはどこ?」</strong></p></div><div class="_1yapkdt0"><div class="_1yapkdt1"><div class="_1yapkdt5"><span class="_1yapkdt7 _1yapkdt2" style="--_1yapkdt6:calc(0.875rem * (var(--font-size-scale-factor, 1)))">初回放送日</span><img alt="NHK教育テレビジョン" class="_1yapkdt3" src="https://imgu.web.nhk/common/broadcastservice/bs/e1/e1-badge9x4.svg"/></div><div class="_1yapkdt4"><div class="esl7kn2s _1o4gdfj5 _1o4gdfjc" style="--_1o4gdfj0:inline;--_1o4gdfj1:#1f1f20;--_1o4gdfj2:#f9f9f9;--_1o4gdfj3:calc(0.875rem * (var(--font-size-scale-factor, 1)));--_1o4gdfj4:calc(0.875rem * (var(--font-size-scale-factor, 1)))"><time dateTime="2026-03-01T17:25:00+09:00" aria-label="2026年3月1日日曜日午後5時25分">2026年3月1日<!-- -->(<span>日</span>)<!-- -->午後5:25</time></div></div></div></div></div></div></a></li><li class="_115e91we"><a class="esl7kn2s i8ir4s5 i8ir4s8 i8ir4sd _1yvyrz30" style="--i8ir4s0:12px;--i8ir4s1:12px;--i8ir4s2:1fr 1fr;--i8ir4s3:1fr 1fr" href="https://www.web.nhk/tv/an/thundermans-undercover/pl/series-tep-J5N1R29NKP/ep/KVK69J5V99"><div class="i8ir4sg i8ir4si"><div class="_1i3qn2c0"><div class="esl7kn2s _1tpn2gp6 _1tpn2gpc"><figure class="esl7kn2s _1xgv8e9d _1xgv8e99" style="--_1xgv8e92:inline;--_1xgv8e97:100%;--_1xgv8e93:0px"><div class="_1xgv8e9h _1xgv8e9f _1xgv8e9i _1xgv8e9p" style="--_1xgv8e93:0px"><div data-testid="backgroundImage" class="_1xgv8e9j" style="--_1xgv8e96:auto;--_1xgv8e94:none;--_1xgv8e95:1.7777777777777777;--_1xgv8e93:0px"></div></div></figure></div></div><div class="esl7kn2s _16tua4u2" style="--_16tua4u0:8px;--_16tua4u1:8px;--_16tua4u3:12px;--_16tua4u4:12px"><div class="_1i3qn2c1"><p class="_1i3qn2c4">超能力ファミリー サンダーマン 〜秘密大作戦</p><p class="esl7kn2s ex68pq0"><strong>(8)「ユア・スパイズ・オンリー」</strong></p></div><div class="_1yapkdt0"><div class="_1yapkdt1"><div class="_1yapkdt5"><span class="_1yapkdt7 _1yapkdt2" style="--_1yapkdt6:calc(0.875rem * (var(--font-size-scale-factor, 1)))">初回放送日</span><img alt="NHK教育テレビジョン" class="_1yapkdt3" src="https://imgu.web.nhk/common/broadcastservice/bs/e1/e1-badge9x4.svg"/></div><div class="_1yapkdt4"><div class="esl7kn2s _1o4gdfj5 _1o4gdfjc" style="--_1o4gdfj0:inline;--_1o4gdfj1:#1f1f20;--_1o4gdfj2:#f9f9f9;--_1o4gdfj3:calc(0.875rem * (var(--font-size-scale-factor, 1)));--_1o4gdfj4:calc(0.875rem * (var(--font-size-scale-factor, 1)))"><time dateTime="2026-02-22T17:25:00+09:00" aria-label="2026年2月22日日曜日午後5時25分">2026年2月22日<!-- -->(<span>日</span>)<!-- -->午後5:25</time></div></div></div></div></div></div></a></li><li class="_115e91we"><a class="esl7kn2s i8ir4s5 i8ir4s8 i8ir4sd _1yvyrz30" style="--i8ir4s0:12px;--i8ir4s1:12px;--i8ir4s2:1fr 1fr;--i8ir4s3:1fr 1fr" href="https://www.web.nhk/tv/an/thundermans-undercover/pl/series-tep-J5N1R29NKP/ep/3MM5Q63ZLR"><div class="i8ir4sg i8ir4si"><div class="_1i3qn2c0"><div class="esl7kn2s _1tpn2gp6 _1tpn2gpc"><figure class="esl7kn2s _1xgv8e9d _1xgv8e99" style="--_1xgv8e92:inline;--_1xgv8e97:100%;--_1xgv8e93:0px"><div class="_1xgv8e9h _1xgv8e9f _1xgv8e9i _1xgv8e9p" style="--_1xgv8e93:0px"><div data-testid="backgroundImage" class="_1xgv8e9j" style="--_1xgv8e96:auto;--_1xgv8e94:none;--_1xgv8e95:1.7777777777777777;--_1xgv8e93:0px"></div></div></figure></div></div><div class="esl7kn2s _16tua4u2" style="--_16tua4u0:8px;--_16tua4u1:8px;--_16tua4u3:12px;--_16tua4u4:12px"><div class="_1i3qn2c1"><p class="_1i3qn2c4">超能力ファミリー サンダーマン 〜秘密大作戦</p><p class="esl7kn2s ex68pq0"><strong>(7)「スピードを出さないで」</strong></p></div><div class="_1yapkdt0"><div class="_1yapkdt1"><div class="_1yapkdt5"><span class="_1yapkdt7 _1yapkdt2" style="--_1yapkdt6:calc(0.875rem * (var(--font-size-scale-factor, 1)))">初回放送日</span><img alt="NHK教育テレビジョン" class="_1yapkdt3" src="https://imgu.web.nhk/common/broadcastservice/bs/e1/e1-badge9x4.svg"/></div><div class="_1yapkdt4"><div class="esl7kn2s _1o4gdfj5 _1o4gdfjc" style="--_1o4gdfj0:inline;--_1o4gdfj1:#1f1f20;--_1o4gdfj2:#f9f9f9;--_1o4gdfj3:calc(0.875rem * (var(--font-size-scale-factor, 1)));--_1o4gdfj4:calc(0.875rem * (var(--font-size-scale-factor, 1)))"><time dateTime="2026-02-15T17:25:00+09:00" aria-label="2026年2月15日日曜日午後5時25分">2026年2月15日<!-- -->(<span>日</span>)<!-- -->午後5:25</time></div></div></div></div></div></div></a></li><li class="_115e91we"><a class="esl7kn2s i8ir4s5 i8ir4s8 i8ir4sd _1yvyrz30" style="--i8ir4s0:12px;--i8ir4s1:12px;--i8ir4s2:1fr 1fr;--i8ir4s3:1fr 1fr" href="https://www.web.nhk/tv/an/thundermans-undercover/pl/series-tep-J5N1R29NKP/ep/EV7122VJ6W"><div class="i8ir4sg i8ir4si"><div class="_1i3qn2c0"><div class="esl7kn2s _1tpn2gp6 _1tpn2gpc"><figure class="esl7kn2s _1xgv8e9d _1xgv8e99" style="--_1xgv8e92:inline;--_1xgv8e97:100%;--_1xgv8e93:0px"><div class="_1xgv8e9h _1xgv8e9f _1xgv8e9i _1xgv8e9p" style="--_1xgv8e93:0px"><div data-testid="backgroundImage" class="_1xgv8e9j" style="--_1xgv8e96:auto;--_1xgv8e94:none;--_1xgv8e95:1.7777777777777777;--_1xgv8e93:0px"></div></div></figure></div></div><div class="esl7kn2s _16tua4u2" style="--_16tua4u0:8px;--_16tua4u1:8px;--_16tua4u3:12px;--_16tua4u4:12px"><div class="_1i3qn2c1"><p class="_1i3qn2c4">超能力ファミリー サンダーマン 〜秘密大作戦</p><p class="esl7kn2s ex68pq0"><strong>(6)「いけないチェリー」</strong></p></div><div class="_1yapkdt0"><div class="_1yapkdt1"><div class="_1yapkdt5"><span class="_1yapkdt7 _1yapkdt2" style="--_1yapkdt6:calc(0.875rem * (var(--font-size-scale-factor, 1)))">初回放送日</span><img alt="NHK教育テレビジョン" class="_1yapkdt3" src="https://imgu.web.nhk/common/broadcastservice/bs/e1/e1-badge9x4.svg"/></div><div class="_1yapkdt4"><div class="esl7kn2s _1o4gdfj5 _1o4gdfjc" style="--_1o4gdfj0:inline;--_1o4gdfj1:#1f1f20;--_1o4gdfj2:#f9f9f9;--_1o4gdfj3:calc(0.875rem * (var(--font-size-scale-factor, 1)));--_1o4gdfj4:calc(0.875rem * (var(--font-size-scale-factor, 1)))"><time dateTime="2026-02-08T17:25:00+09:00" aria-label="2026年2月8日日曜日午後5時25分">2026年2月8日<!-- -->(<span>日</span>)<!-- -->午後5:25</time></div></div></div></div></div></div></a></li><li class="_115e91we"><a class="esl7kn2s i8ir4s5 i8ir4s8 i8ir4sd _1yvyrz30" style="--i8ir4s0:12px;--i8ir4s1:12px;--i8ir4s2:1fr 1fr;--i8ir4s3:1fr 1fr" href="https://www.web.nhk/tv/an/thundermans-undercover/pl/series-tep-J5N1R29NKP/ep/LX9ZQ8NNR4"><div class="i8ir4sg i8ir4si"><div class="_1i3qn2c0"><div class="esl7kn2s _1tpn2gp6 _1tpn2gpc"><figure class="esl7kn2s _1xgv8e9d _1xgv8e99" style="--_1xgv8e92:inline;--_1xgv8e97:100%;--_1xgv8e93:0px"><div class="_1xgv8e9h _1xgv8e9f _1xgv8e9i _1xgv8e9p" style="--_1xgv8e93:0px"><div data-testid="backgroundImage" class="_1xgv8e9j" style="--_1xgv8e96:auto;--_1xgv8e94:none;--_1xgv8e95:1.7777777777777777;--_1xgv8e93:0px"></div></div></figure></div></div><div class="esl7kn2s _16tua4u2" style="--_16tua4u0:8px;--_16tua4u1:8px;--_16tua4u3:12px;--_16tua4u4:12px"><div class="_1i3qn2c1"><p class="_1i3qn2c4">超能力ファミリー サンダーマン 〜秘密大作戦</p><p class="esl7kn2s ex68pq0"><strong>(5)「デートを守ろう」</strong></p></div><div class="_1yapkdt0"><div class="_1yapkdt1"><div class="_1yapkdt5"><span class="_1yapkdt7 _1yapkdt2" style="--_1yapkdt6:calc(0.875rem * (var(--font-size-scale-factor, 1)))">初回放送日</span><img alt="NHK教育テレビジョン" class="_1yapkdt3" src="https://imgu.web.nhk/common/broadcastservice/bs/e1/e1-badge9x4.svg"/></div><div class="_1yapkdt4"><div class="esl7kn2s _1o4gdfj5 _1o4gdfjc" style="--_1o4gdfj0:inline;--_1o4gdfj1:#1f1f20;--_1o4gdfj2:#f9f9f9;--_1o4gdfj3:calc(0.875rem * (var(--font-size-scale-factor, 1)));--_1o4gdfj4:calc(0.875rem * (var(--font-size-scale-factor, 1)))"><time dateTime="2026-02-01T17:25:00+09:00" aria-label="2026年2月1日日曜日午後5時25分">2026年2月1日<!-- -->(<span>日</span>)<!-- -->午後5:25</time></div></div></div></div></div></div></a></li><li class="_115e91we"><a class="esl7kn2s i8ir4s5 i8ir4s8 i8ir4sd _1yvyrz30" style="--i8ir4s0:12px;--i8ir4s1:12px;--i8ir4s2:1fr 1fr;--i8ir4s3:1fr 1fr" href="https://www.web.nhk/tv/an/thundermans-undercover/pl/series-tep-J5N1R29NKP/ep/7WZ6J2G6N4"><div class="i8ir4sg i8ir4si"><div class="_1i3qn2c0"><div class="esl7kn2s _1tpn2gp6 _1tpn2gpc"><figure class="esl7kn2s _1xgv8e9d _1xgv8e99" style="--_1xgv8e92:inline;--_1xgv8e97:100%;--_1xgv8e93:0px"><div class="_1xgv8e9h _1xgv8e9f _1xgv8e9i _1xgv8e9p" style="--_1xgv8e93:0px"><div data-testid="backgroundImage" class="_1xgv8e9j" style="--_1xgv8e96:auto;--_1xgv8e94:none;--_1xgv8e95:1.7777777777777777;--_1xgv8e93:0px"></div></div></figure></div></div><div class="esl7kn2s _16tua4u2" style="--_16tua4u0:8px;--_16tua4u1:8px;--_16tua4u3:12px;--_16tua4u4:12px"><div class="_1i3qn2c1"><p class="_1i3qn2c4">超能力ファミリー サンダーマン 〜秘密大作戦</p><p class="esl7kn2s ex68pq0"><strong>(4)「ファミリーで変身」</strong></p></div><div class="_1yapkdt0"><div class="_1yapkdt1"><div class="_1yapkdt5"><span class="_1yapkdt7 _1yapkdt2" style="--_1yapkdt6:calc(0.875rem * (var(--font-size-scale-factor, 1)))">初回放送日</span><img alt="NHK教育テレビジョン" class="_1yapkdt3" src="https://imgu.web.nhk/common/broadcastservice/bs/e1/e1-badge9x4.svg"/></div><div class="_1yapkdt4"><div class="esl7kn2s _1o4gdfj5 _1o4gdfjc" style="--_1o4gdfj0:inline;--_1o4gdfj1:#1f1f20;--_1o4gdfj2:#f9f9f9;--_1o4gdfj3:calc(0.875rem * (var(--font-size-scale-factor, 1)));--_1o4gdfj4:calc(0.875rem * (var(--font-size-scale-factor, 1)))"><time dateTime="2026-01-25T17:25:00+09:00" aria-label="2026年1月25日日曜日午後5時25分">2026年1月25日<!-- -->(<span>日</span>)<!-- -->午後5:25</time></div></div></div></div></div></div></a></li><li class="_115e91we"><a class="esl7kn2s i8ir4s5 i8ir4s8 i8ir4sd _1yvyrz30" style="--i8ir4s0:12px;--i8ir4s1:12px;--i8ir4s2:1fr 1fr;--i8ir4s3:1fr 1fr" href="https://www.web.nhk/tv/an/thundermans-undercover/pl/series-tep-J5N1R29NKP/ep/W3G6PZ9929"><div class="i8ir4sg i8ir4si"><div class="_1i3qn2c0"><div class="esl7kn2s _1tpn2gp6 _1tpn2gpc"><figure class="esl7kn2s _1xgv8e9d _1xgv8e99" style="--_1xgv8e92:inline;--_1xgv8e97:100%;--_1xgv8e93:0px"><div class="_1xgv8e9h _1xgv8e9f _1xgv8e9i _1xgv8e9p" style="--_1xgv8e93:0px"><div data-testid="backgroundImage" class="_1xgv8e9j" style="--_1xgv8e96:auto;--_1xgv8e94:none;--_1xgv8e95:1.7777777777777777;--_1xgv8e93:0px"></div></div></figure></div></div><div class="esl7kn2s _16tua4u2" style="--_16tua4u0:8px;--_16tua4u1:8px;--_16tua4u3:12px;--_16tua4u4:12px"><div class="_1i3qn2c1"><p class="_1i3qn2c4">超能力ファミリー サンダーマン 〜秘密大作戦</p><p class="esl7kn2s ex68pq0"><strong>(3)「がっかりな学校」</strong></p></div><div class="_1yapkdt0"><div class="_1yapkdt1"><div class="_1yapkdt5"><span class="_1yapkdt7 _1yapkdt2" style="--_1yapkdt6:calc(0.875rem * (var(--font-size-scale-factor, 1)))">初回放送日</span><img alt="NHK教育テレビジョン" class="_1yapkdt3" src="https://imgu.web.nhk/common/broadcastservice/bs/e1/e1-badge9x4.svg"/></div><div class="_1yapkdt4"><div class="esl7kn2s _1o4gdfj5 _1o4gdfjc" style="--_1o4gdfj0:inline;--_1o4gdfj1:#1f1f20;--_1o4gdfj2:#f9f9f9;--_1o4gdfj3:calc(0.875rem * (var(--font-size-scale-factor, 1)));--_1o4gdfj4:calc(0.875rem * (var(--font-size-scale-factor, 1)))"><time dateTime="2026-01-18T17:25:00+09:00" aria-label="2026年1月18日日曜日午後5時25分">2026年1月18日<!-- -->(<span>日</span>)<!-- -->午後5:25</time></div></div></div></div></div></div></a></li><li class="_115e91we"><a class="esl7kn2s i8ir4s5 i8ir4s8 i8ir4sd _1yvyrz30" style="--i8ir4s0:12px;--i8ir4s1:12px;--i8ir4s2:1fr 1fr;--i8ir4s3:1fr 1fr" href="https://www.web.nhk/tv/an/thundermans-undercover/pl/series-tep-J5N1R29NKP/ep/5N2QXQKNRP"><div class="i8ir4sg i8ir4si"><div class="_1i3qn2c0"><div class="esl7kn2s _1tpn2gp6 _1tpn2gpc"><figure class="esl7kn2s _1xgv8e9d _1xgv8e99" style="--_1xgv8e92:inline;--_1xgv8e97:100%;--_1xgv8e93:0px"><div class="_1xgv8e9h _1xgv8e9f _1xgv8e9i _1xgv8e9p" style="--_1xgv8e93:0px"><div data-testid="backgroundImage" class="_1xgv8e9j" style="--_1xgv8e96:auto;--_1xgv8e94:none;--_1xgv8e95:1.7777777777777777;--_1xgv8e93:0px"></div></div></figure></div></div><div class="esl7kn2s _16tua4u2" style="--_16tua4u0:8px;--_16tua4u1:8px;--_16tua4u3:12px;--_16tua4u4:12px"><div class="_1i3qn2c1"><p class="_1i3qn2c4">超能力ファミリー サンダーマン 〜秘密大作戦</p><p class="esl7kn2s ex68pq0"><strong>(2)「不完全パワー」</strong></p></div><div class="_1yapkdt0"><div class="_1yapkdt1"><div class="_1yapkdt5"><span class="_1yapkdt7 _1yapkdt2" style="--_1yapkdt6:calc(0.875rem * (var(--font-size-scale-factor, 1)))">初回放送日</span><img alt="NHK教育テレビジョン" class="_1yapkdt3" src="https://imgu.web.nhk/common/broadcastservice/bs/e1/e1-badge9x4.svg"/></div><div class="_1yapkdt4"><div class="esl7kn2s _1o4gdfj5 _1o4gdfjc" style="--_1o4gdfj0:inline;--_1o4gdfj1:#1f1f20;--_1o4gdfj2:#f9f9f9;--_1o4gdfj3:calc(0.875rem * (var(--font-size-scale-factor, 1)));--_1o4gdfj4:calc(0.875rem * (var(--font-size-scale-factor, 1)))"><time dateTime="2026-01-11T17:25:00+09:00" aria-label="2026年1月11日日曜日午後5時25分">2026年1月11日<!-- -->(<span>日</span>)<!-- -->午後5:25</time></div></div></div></div></div></div></a></li><li class="_115e91we"><a class="esl7kn2s i8ir4s5 i8ir4s8 i8ir4sd _1yvyrz30" style="--i8ir4s0:12px;--i8ir4s1:12px;--i8ir4s2:1fr 1fr;--i8ir4s3:1fr 1fr" href="https://www.web.nhk/tv/an/thundermans-undercover/pl/series-tep-J5N1R29NKP/ep/856PVM8X3Y"><div class="i8ir4sg i8ir4si"><div class="_1i3qn2c0"><div class="esl7kn2s _1tpn2gp6 _1tpn2gpc"><figure class="esl7kn2s _1xgv8e9d _1xgv8e99" style="--_1xgv8e92:inline;--_1xgv8e97:100%;--_1xgv8e93:0px"><div class="_1xgv8e9h _1xgv8e9f _1xgv8e9i _1xgv8e9p" style="--_1xgv8e93:0px"><div data-testid="backgroundImage" class="_1xgv8e9j" style="--_1xgv8e96:auto;--_1xgv8e94:none;--_1xgv8e95:1.7777777777777777;--_1xgv8e93:0px"></div></div></figure></div></div><div class="esl7kn2s _16tua4u2" style="--_16tua4u0:8px;--_16tua4u1:8px;--_16tua4u3:12px;--_16tua4u4:12px"><div class="_1i3qn2c1"><p class="_1i3qn2c4">超能力ファミリー サンダーマン 〜秘密大作戦</p><p class="esl7kn2s ex68pq0"><strong>(1)「サンダーカバー」</strong></p></div><div class="_1yapkdt0"><div class="_1yapkdt1"><div class="_1yapkdt5"><span class="_1yapkdt7 _1yapkdt2" style="--_1yapkdt6:calc(0.875rem * (var(--font-size-scale-factor, 1)))">初回放送日</span><img alt="NHK教育テレビジョン" class="_1yapkdt3" src="https://imgu.web.nhk/common/broadcastservice/bs/e1/e1-badge9x4.svg"/></div><div class="_1yapkdt4"><div class="esl7kn2s _1o4gdfj5 _1o4gdfjc" style="--_1o4gdfj0:inline;--_1o4gdfj1:#1f1f20;--_1o4gdfj2:#f9f9f9;--_1o4gdfj3:calc(0.875rem * (var(--font-size-scale-factor, 1)));--_1o4gdfj4:calc(0.875rem * (var(--font-size-scale-factor, 1)))"><time dateTime="2026-01-04T17:25:00+09:00" aria-label="2026年1月4日日曜日午後5時25分">2026年1月4日<!-- -->(<span>日</span>)<!-- -->午後5:25</time></div></div></div></div></div></div></a><div class="_115e91wi"></div></li></ul><div class="_115e91wk"><div role="scrollbar" aria-hidden="true" aria-controls="_R_2ucpbsnpfiv5tsslbbb_-list" aria-valuenow="0" class="_115e91wl" style="--_115e91wo:0%;--_115e91wn:0%;--_115e91wq:100%"><div class="_115e91wm"><div class="_115e91wp"></div></div><div class="_115e91wr" tabindex="-1"><div class="_115e91ws"></div></div></div><div class="_115e91wt"><button class="_115e91wu" aria-hidden="true" tabindex="-1" type="button" disabled=""><svg xmlns="http://www.w3.org/2000/svg" viewBox="0 0 20 20" height="1em" width="1em" class="_18e2gnn7" style="--_18e2gnn5:currentColor;--_18e2gnn6:currentColor" focusable="false" aria-hidden="true" data-testid="ChevronLeftIcon"><defs></defs><g><g><path stroke-width="0px" fill="currentColor" d="m7.6141,10l6.1402-6.1406c.2539-.2539.2539-.665,0-.9189s-.666-.2539-.9199,0l-6.5996,6.6001c-.2539.2539-.2539.665,0,.9189l6.5996,6.6001c.127.127.2939.1904.46.1904s.333-.0635.46-.1904c.2539-.2539.2539-.665,0-.9189l-6.1402-6.1406Z"></path><rect fill="none" stroke-width="0px" width="20" height="20"></rect></g></g></svg></button><button class="_115e91wu" aria-hidden="true" tabindex="-1" type="button"><svg xmlns="http://www.w3.org/2000/svg" viewBox="0 0 20 20" height="1em" width="1em" class="_18e2gnn7" style="--_18e2gnn5:currentColor;--_18e2gnn6:currentColor" focusable="false" aria-hidden="true" data-testid="ChevronRightIcon"><defs></defs><g><g><path stroke-width="0px" fill="currentColor" d="m13.7538,9.5405L7.1532,2.9404c-.2539-.2539-.666-.2539-.9199,0s-.2539.665,0,.9189l6.1411,6.1406-6.1411,6.1406c-.2539.2539-.2539.665,0,.9189.127.127.2939.1904.46.1904s.333-.0635.46-.1904l6.6006-6.6001c.2539-.2539.2539-.665,0-.9189Z"></path><rect fill="none" stroke-width="0px" width="20" height="20"></rect></g></g></svg></button></div></div></div></div></div><div class="esl7kn2s gp34ob0"><div class="gp34ob2">7 件表示</div><nav><ul class="gp34ob1"><li><a class="gp34ob8 gp34oba _1yvyrz30" aria-current="page" href="/tv/dk/series-tep-drama-997LTPA45I">1</a></li></ul></nav><div class="gp34ob3"></div></div></div></div><div class="esl7kn2s esl7kn2p esl7kn1l _1o0k0y90 _1o0k0y91" style="--esl7kn2:80px;--esl7kn3:56px"><nav class="esl7kn2s" aria-label="パンくずリスト"><ol class="_1c5es4m0"><li class="_1c5es4m2"><a class="_1c5es4m3 _1yvyrz30" href="/">NHK ONE トップ</a><svg xmlns="http://www.w3.org/2000/svg" width="20" height="20" viewBox="0 0 20 20" fill="none" class="_1c5es4m1" aria-hidden="true" focusable="false"><g id="icon_divider"><path id="Vector" d="M12.6852 3H11.8082C11.6782 3 11.5632 3.084 11.5232 3.207L7.1252 16.738C7.0832 16.867 7.1792 17 7.3152 17H8.1922C8.3222 17 8.4372 16.916 8.4772 16.793L12.8752 3.262C12.9172 3.133 12.8212 3 12.6852 3Z"></path></g></svg></li><li class="_1c5es4m2">ドラマ</li></ol></nav></div></div></div><footer class="esl7kn2s _13gf4ax7"><div class="_13gf4ax8" style="--_13gf4ax0:1040px"><div class="_13gf4ax9"><svg class="esl7kn2s _1s3ayt32" style="--_1s3ayt30:currentColor;--_1s3ayt31:currentColor" viewBox="0 0 73 22" aria-label="エヌエイチケー" role="img"><g clip-path="url(#clip0_67292_4475)"><path fill-rule="evenodd" clip-rule="evenodd" d="M46.4443 0.614488C45.6582 0.386135 44.8158 0.486634 44.1019 0.893927C43.3881 1.30122 42.8612 1.98202 42.6368 2.7869L41.191 8.00399H34.2508L35.2308 4.51496C35.3638 4.10893 35.4145 3.67933 35.3797 3.25253C35.3448 2.82572 35.2252 2.41071 35.0282 2.03297C34.8311 1.65523 34.5608 1.32272 34.2338 1.05586C33.9068 0.788998 33.53 0.593408 33.1265 0.481096C32.7231 0.368784 32.3015 0.342119 31.8876 0.402737C31.4737 0.463355 31.0763 0.609977 30.7198 0.833605C30.3632 1.05723 30.055 1.35315 29.8141 1.70319C29.5732 2.05323 29.4046 2.45002 29.3188 2.86919L25.2222 17.4836C24.9985 18.2823 25.0926 19.1393 25.484 19.8671C25.8754 20.595 26.5321 21.1345 27.3107 21.3676C27.5874 21.4504 27.8738 21.4947 28.1621 21.4993C28.8302 21.4974 29.4796 21.2733 30.0127 20.8607C30.5458 20.4482 30.9337 19.8695 31.1181 19.2117L32.58 13.9946H39.5202L38.5563 17.4836C38.3332 18.2845 38.4295 19.1434 38.8241 19.8717C39.2187 20.5999 39.8793 21.1379 40.6608 21.3676C40.9376 21.4504 41.224 21.4947 41.5123 21.4993C42.1803 21.4974 42.8298 21.2733 43.3628 20.8607C43.8959 20.4482 44.2838 19.8695 44.4682 19.2117L48.5649 4.51496C48.7878 3.70966 48.6897 2.84666 48.2921 2.11538C47.8945 1.38411 47.2299 0.844315 46.4443 0.614488ZM21.3347 0.614347C20.9465 0.501497 20.5404 0.46819 20.1397 0.516334C19.7389 0.564479 19.3513 0.693128 18.9992 0.894916C18.647 1.09671 18.3371 1.36767 18.0873 1.6923C17.8375 2.01693 17.6526 2.38885 17.5433 2.78676L15.3103 10.7852L9.75174 1.94742C9.43967 1.43194 8.988 1.02056 8.45174 0.763411C7.91548 0.506262 7.31779 0.414444 6.73149 0.499143C6.14058 0.590863 5.58814 0.855582 5.14066 1.26144C4.69318 1.66729 4.36974 2.19699 4.20926 2.78676L0.112651 17.4835C0.00249213 17.8811 -0.0300199 18.2972 0.0169759 18.7077C0.0639717 19.1183 0.189552 19.5153 0.386528 19.8761C0.583504 20.2369 0.848007 20.5543 1.16489 20.8102C1.48178 21.0661 1.84483 21.2555 2.23325 21.3675C2.50431 21.4513 2.78553 21.4956 3.06864 21.4991C3.73738 21.4999 4.38806 21.2769 4.92166 20.8639C5.45526 20.451 5.84256 19.8707 6.02462 19.2115L8.25768 11.2131L13.8002 20.0509C14.122 20.5587 14.5787 20.9617 15.1167 21.2125C15.6546 21.4633 16.2513 21.5513 16.8365 21.4662C17.4111 21.3683 17.9463 21.1039 18.379 20.7044C18.8117 20.3049 19.1238 19.7869 19.2784 19.2115L23.4553 4.51482C23.6782 3.70952 23.5801 2.84652 23.1825 2.11524C22.7849 1.38397 22.1204 0.844174 21.3347 0.614347ZM71.4775 0.932883C71.8257 1.14223 72.1302 1.41994 72.3734 1.75007C72.6198 2.07857 72.8 2.45395 72.9035 2.8544C73.0071 3.25484 73.0319 3.67237 72.9766 4.08274C72.9213 4.4931 72.787 4.88812 72.5814 5.24485C72.3758 5.60157 72.1031 5.91289 71.779 6.16073L65.0156 11.4107L69.3693 16.1999C69.6435 16.5036 69.8567 16.8596 69.9967 17.2476C70.1366 17.6357 70.2006 18.0482 70.1849 18.4616C70.1693 18.875 70.0743 19.2812 69.9054 19.6569C69.7365 20.0327 69.497 20.3707 69.2006 20.6517C68.9042 20.9327 68.5566 21.1511 68.1778 21.2944C67.799 21.4378 67.3964 21.5034 66.9928 21.4873C66.5893 21.4713 66.1928 21.3739 65.826 21.2009C65.4592 21.0279 65.1292 20.7826 64.855 20.4789L58.204 13.1388L58.0915 12.9907C58.0555 12.962 58.0231 12.9288 57.9951 12.8919L56.228 19.2117C56.1364 19.6181 55.9656 20.0013 55.7258 20.3383C55.486 20.6754 55.1821 20.9593 54.8325 21.173C54.4828 21.3867 54.0946 21.5257 53.6912 21.5818C53.2877 21.6379 52.8774 21.6098 52.4848 21.4993C52.0964 21.3873 51.7333 21.1979 51.4164 20.942C51.0996 20.6861 50.8351 20.3687 50.6381 20.0079C50.4411 19.6471 50.3155 19.2501 50.2685 18.8395C50.2215 18.429 50.254 18.0129 50.3642 17.6153L54.4769 2.91856C54.5627 2.49939 54.7313 2.10261 54.9722 1.75256C55.2131 1.40252 55.5213 1.10661 55.8778 0.882978C56.2344 0.65935 56.6318 0.512728 57.0457 0.45211C57.4595 0.391493 57.8811 0.418158 58.2846 0.53047C58.688 0.642782 59.0648 0.838371 59.3918 1.10523C59.7188 1.3721 59.9892 1.7046 60.1862 2.08234C60.3833 2.46009 60.5029 2.8751 60.5377 3.3019C60.5726 3.72871 60.5219 4.15831 60.3888 4.56433L59.441 7.85587L68.068 1.14113C68.3895 0.890876 68.756 0.70808 69.1466 0.603222C69.5372 0.498365 69.9441 0.473508 70.3441 0.530078C70.7441 0.586648 71.1292 0.723532 71.4775 0.932883Z" fill="currentColor"></path></g><defs><clipPath id="clip0_67292_4475"><rect width="73" height="21" fill="white" transform="translate(0 0.5)"></rect></clipPath></defs></svg></div><div aria-label="ローディング" role="progressbar" class="_13gf4ax1"><div class="_13gf4ax2"></div><div class="_13gf4ax3"></div><div class="_13gf4ax4"></div><div class="_13gf4ax5"></div><div class="_13gf4ax6"></div></div><hr class="esl7kn2s esl7kn1l esl7kn1n _14xli2ae" style="--esl7kn2:48px;--esl7kn3:48px;--esl7kn6:16px;--esl7kn7:16px;--_14xli2a0:100%;--_14xli2a1:100%;--_14xli2a2:0px;--_14xli2a3:0px;--_14xli2a4:0;--_14xli2a5:0;--_14xli2a6:1px solid #e2e2e3;--_14xli2a7:1px solid #e2e2e3;--_14xli2a8:1px solid #414143;--_14xli2a9:1px solid #414143;--_14xli2aa:none;--_14xli2ab:none;--_14xli2ac:none;--_14xli2ad:none"/><p class="esl7kn2s esl7kn1m esl7kn1o _1yvk0f68 _1lugom81" style="--esl7kn4:8px;--esl7kn5:8px;--esl7kn8:8px;--esl7kn9:8px;--_1yvk0f60:#414143;--_1yvk0f61:#e2e2e3;--_1yvk0f62:normal;--_1yvk0f63:1.5;--_1yvk0f64:calc(0.625rem * (var(--font-size-scale-factor, 1)));--_1yvk0f65:calc(0.625rem * (var(--font-size-scale-factor, 1)))">Copyright NHK (Japan Broadcasting Corporation). All rights reserved. 許可なく転載することを禁じます。このページは受信料で制作しています。</p></div></footer></div><script src="https://www.web.nhk/_next/static/chunks/webpack-ccbf2e48ee26883e.js?dpl=580b690a4f62e40031951ad497c31bb88c5fef14" id="_R_" async=""></script><script>(self.__next_f=self.__next_f||[]).push([0])</script><script>self.__next_f.push([1,"1:\"$Sreact.fragment\"\n12:I[21476,[\"8622\",\"static/chunks/8622-e01fa3175040df9f.js?dpl=580b690a4f62e40031951ad497c31bb88c5fef14\",\"4320\",\"static/chunks/4320-f9e94b7c22242c77.js?dpl=580b690a4f62e40031951ad497c31bb88c5fef14\",\"4219\",\"static/chunks/app/global-error-aede287546a81262.js?dpl=580b690a4f62e40031951ad497c31bb88c5fef14\"],\"default\"]\n17:I[8399,[],\"\"]\n18:I[91731,[],\"\"]\n1a:I[21197,[],\"OutletBoundary\"]\n1d:I[21197,[],\"ViewportBoundary\"]\n1f:I[21197,[],\"MetadataBoundary\"]\n22:I[39870,[\"8622\",\"static/chunks/8622-e01fa3175040df9f.js?dpl=580b690a4f62e40031951ad497c31bb88c5fef14\",\"4320\",\"static/chunks/4320-f9e94b7c22242c77.js?dpl=580b690a4f62e40031951ad497c31bb88c5fef14\",\"1431\",\"static/chunks/1431-a4c470eaeafe0b36.js?dpl=580b690a4f62e40031951ad497c31bb88c5fef14\",\"8839\",\"static/chunks/8839-bbd11e521955edff.js?dpl=580b690a4f62e40031951ad497c31bb88c5fef14\",\"5385\",\"static/chunks/5385-b468888fef052095.js?dpl=580b690a4f62e40031951ad497c31bb88c5fef14\",\"7574\",\"static/chunks/app/(withCommonMetadata)/tv/dk/%5BdeckId%5D/page-9800f746943ed07d.js?dpl=580b690a4f62e40031951ad497c31bb88c5fef14\"],\"default\"]\n23:I[71525,[\"8622\",\"static/chunks/8622-e01fa3175040df9f.js?dpl=580b690a4f62e40031951ad497c31bb88c5fef14\",\"4320\",\"static/chunks/4320-f9e94b7c22242c77.js?dpl=580b690a4f62e40031951ad497c31bb88c5fef14\",\"1431\",\"static/chunks/1431-a4c470eaeafe0b36.js?dpl=580b690a4f62e40031951ad497c31bb88c5fef14\",\"8839\",\"static/chunks/8839-bbd11e521955edff.js?dpl=580b690a4f62e40031951ad497c31bb88c5fef14\",\"5385\",\"static/chunks/5385-b468888fef052095.js?dpl=580b690a4f62e40031951ad497c31bb88c5fef14\",\"7574\",\"static/chunks/app/(withCommonMetadata)/tv/dk/%5BdeckId%5D/page-9800f746943ed07d.js?dpl=580b690a4f62e40031951ad497c31bb88c5fef14\"],\"default\"]\n24:I[65161,[\"8622\",\"static/chunks/8622-e01fa3175040df9f.js?dpl=580b690a4f62e40031951ad497c31bb88c5fef14\",\"4320\",\"static/chunks/4320-f9e94b7c22242c77.js?dpl=580b690a4f62e40031951ad497c31bb88c5fef14\",\"1431\",\"static/chunks/1431-a4c470eaeafe0b36.js?dpl=580b690a4f62e40031951ad497c31bb88c5fef14\",\"8839\",\"static/chunks/8839-bbd11e5"])</script><script>self.__next_f.push([1,"21955edff.js?dpl=580b690a4f62e40031951ad497c31bb88c5fef14\",\"5385\",\"static/chunks/5385-b468888fef052095.js?dpl=580b690a4f62e40031951ad497c31bb88c5fef14\",\"7574\",\"static/chunks/app/(withCommonMetadata)/tv/dk/%5BdeckId%5D/page-9800f746943ed07d.js?dpl=580b690a4f62e40031951ad497c31bb88c5fef14\"],\"default\"]\n27:I[92859,[\"8622\",\"static/chunks/8622-e01fa3175040df9f.js?dpl=580b690a4f62e40031951ad497c31bb88c5fef14\",\"4320\",\"static/chunks/4320-f9e94b7c22242c77.js?dpl=580b690a4f62e40031951ad497c31bb88c5fef14\",\"1431\",\"static/chunks/1431-a4c470eaeafe0b36.js?dpl=580b690a4f62e40031951ad497c31bb88c5fef14\",\"8839\",\"static/chunks/8839-bbd11e521955edff.js?dpl=580b690a4f62e40031951ad497c31bb88c5fef14\",\"5385\",\"static/chunks/5385-b468888fef052095.js?dpl=580b690a4f62e40031951ad497c31bb88c5fef14\",\"7574\",\"static/chunks/app/(withCommonMetadata)/tv/dk/%5BdeckId%5D/page-9800f746943ed07d.js?dpl=580b690a4f62e40031951ad497c31bb88c5fef14\"],\"default\"]\n28:I[76375,[\"8622\",\"static/chunks/8622-e01fa3175040df9f.js?dpl=580b690a4f62e40031951ad497c31bb88c5fef14\",\"4320\",\"static/chunks/4320-f9e94b7c22242c77.js?dpl=580b690a4f62e40031951ad497c31bb88c5fef14\",\"1431\",\"static/chunks/1431-a4c470eaeafe0b36.js?dpl=580b690a4f62e40031951ad497c31bb88c5fef14\",\"8839\",\"static/chunks/8839-bbd11e521955edff.js?dpl=580b690a4f62e40031951ad497c31bb88c5fef14\",\"5385\",\"static/chunks/5385-b468888fef052095.js?dpl=580b690a4f62e40031951ad497c31bb88c5fef14\",\"7574\",\"static/chunks/app/(withCommonMetadata)/tv/dk/%5BdeckId%5D/page-9800f746943ed07d.js?dpl=580b690a4f62e40031951ad497c31bb88c5fef14\"],\"default\"]\n29:I[27762,[\"8622\",\"static/chunks/8622-e01fa3175040df9f.js?dpl=580b690a4f62e40031951ad497c31bb88c5fef14\",\"4320\",\"static/chunks/4320-f9e94b7c22242c77.js?dpl=580b690a4f62e40031951ad497c31bb88c5fef14\",\"1431\",\"static/chunks/1431-a4c470eaeafe0b36.js?dpl=580b690a4f62e40031951ad497c31bb88c5fef14\",\"8839\",\"static/chunks/8839-bbd11e521955edff.js?dpl=580b690a4f62e40031951ad497c31bb88c5fef14\",\"5385\",\"static/chunks/5385-b468888fef052095.js?dpl=580b690a4f62e40031951ad497c31bb88c5fef14\",\"7574\",\"static/chu"])</script><script>self.__next_f.push([1,"nks/app/(withCommonMetadata)/tv/dk/%5BdeckId%5D/page-9800f746943ed07d.js?dpl=580b690a4f62e40031951ad497c31bb88c5fef14\"],\"default\"]\n2a:I[49245,[\"8622\",\"static/chunks/8622-e01fa3175040df9f.js?dpl=580b690a4f62e40031951ad497c31bb88c5fef14\",\"4320\",\"static/chunks/4320-f9e94b7c22242c77.js?dpl=580b690a4f62e40031951ad497c31bb88c5fef14\",\"1431\",\"static/chunks/1431-a4c470eaeafe0b36.js?dpl=580b690a4f62e40031951ad497c31bb88c5fef14\",\"8839\",\"static/chunks/8839-bbd11e521955edff.js?dpl=580b690a4f62e40031951ad497c31bb88c5fef14\",\"5385\",\"static/chunks/5385-b468888fef052095.js?dpl=580b690a4f62e40031951ad497c31bb88c5fef14\",\"7574\",\"static/chunks/app/(withCommonMetadata)/tv/dk/%5BdeckId%5D/page-9800f746943ed07d.js?dpl=580b690a4f62e40031951ad497c31bb88c5fef14\"],\"default\"]\n39:I[81626,[\"8622\",\"static/chunks/8622-e01fa3175040df9f.js?dpl=580b690a4f62e40031951ad497c31bb88c5fef14\",\"4320\",\"static/chunks/4320-f9e94b7c22242c77.js?dpl=580b690a4f62e40031951ad497c31bb88c5fef14\",\"1431\",\"static/chunks/1431-a4c470eaeafe0b36.js?dpl=580b690a4f62e40031951ad497c31bb88c5fef14\",\"8839\",\"static/chunks/8839-bbd11e521955edff.js?dpl=580b690a4f62e40031951ad497c31bb88c5fef14\",\"5385\",\"static/chunks/5385-b468888fef052095.js?dpl=580b690a4f62e40031951ad497c31bb88c5fef14\",\"7574\",\"static/chunks/app/(withCommonMetadata)/tv/dk/%5BdeckId%5D/page-9800f746943ed07d.js?dpl=580b690a4f62e40031951ad497c31bb88c5fef14\"],\"default\"]\n3a:I[12837,[\"8622\",\"static/chunks/8622-e01fa3175040df9f.js?dpl=580b690a4f62e40031951ad497c31bb88c5fef14\",\"4320\",\"static/chunks/4320-f9e94b7c22242c77.js?dpl=580b690a4f62e40031951ad497c31bb88c5fef14\",\"1431\",\"static/chunks/1431-a4c470eaeafe0b36.js?dpl=580b690a4f62e40031951ad497c31bb88c5fef14\",\"8839\",\"static/chunks/8839-bbd11e521955edff.js?dpl=580b690a4f62e40031951ad497c31bb88c5fef14\",\"5385\",\"static/chunks/5385-b468888fef052095.js?dpl=580b690a4f62e40031951ad497c31bb88c5fef14\",\"7574\",\"static/chunks/app/(withCommonMetadata)/tv/dk/%5BdeckId%5D/page-9800f746943ed07d.js?dpl=580b690a4f62e40031951ad497c31bb88c5fef14\"],\"default\"]\n6a:I[45118,[\"8622\",\"static/chunks/8622-"])</script><script>self.__next_f.push([1,"e01fa3175040df9f.js?dpl=580b690a4f62e40031951ad497c31bb88c5fef14\",\"4320\",\"static/chunks/4320-f9e94b7c22242c77.js?dpl=580b690a4f62e40031951ad497c31bb88c5fef14\",\"1431\",\"static/chunks/1431-a4c470eaeafe0b36.js?dpl=580b690a4f62e40031951ad497c31bb88c5fef14\",\"8839\",\"static/chunks/8839-bbd11e521955edff.js?dpl=580b690a4f62e40031951ad497c31bb88c5fef14\",\"5385\",\"static/chunks/5385-b468888fef052095.js?dpl=580b690a4f62e40031951ad497c31bb88c5fef14\",\"7574\",\"static/chunks/app/(withCommonMetadata)/tv/dk/%5BdeckId%5D/page-9800f746943ed07d.js?dpl=580b690a4f62e40031951ad497c31bb88c5fef14\"],\"ClientPagination\"]\n"])</script><script>self.__next_f.push([1,"6b:I[54797,[\"8622\",\"static/chunks/8622-e01fa3175040df9f.js?dpl=580b690a4f62e40031951ad497c31bb88c5fef14\",\"4320\",\"static/chunks/4320-f9e94b7c22242c77.js?dpl=580b690a4f62e40031951ad497c31bb88c5fef14\",\"5955\",\"static/chunks/5955-c8113b80019acb51.js?dpl=580b690a4f62e40031951ad497c31bb88c5fef14\",\"3799\",\"static/chunks/3799-e60eb4a38cecabae.js?dpl=580b690a4f62e40031951ad497c31bb88c5fef14\",\"2398\",\"static/chunks/2398-958bc860759e1b33.js?dpl=580b690a4f62e40031951ad497c31bb88c5fef14\",\"1140\",\"static/chunks/1140-fe100d13ee120151.js?dpl=580b690a4f62e40031951ad497c31bb88c5fef14\",\"2073\",\"static/chunks/2073-a98968c6603fe571.js?dpl=580b690a4f62e40031951ad497c31bb88c5fef14\",\"1431\",\"static/chunks/1431-a4c470eaeafe0b36.js?dpl=580b690a4f62e40031951ad497c31bb88c5fef14\",\"1899\",\"static/chunks/1899-f2c8359ae0d727c2.js?dpl=580b690a4f62e40031951ad497c31bb88c5fef14\",\"8839\",\"static/chunks/8839-bbd11e521955edff.js?dpl=580b690a4f62e40031951ad497c31bb88c5fef14\",\"4942\",\"static/chunks/4942-899734154f830f31.js?dpl=580b690a4f62e40031951ad497c31bb88c5fef14\",\"3746\",\"static/chunks/3746-0a2d826ab31cccb0.js?dpl=580b690a4f62e40031951ad497c31bb88c5fef14\",\"5112\",\"static/chunks/5112-7d6cc0b291432d82.js?dpl=580b690a4f62e40031951ad497c31bb88c5fef14\",\"6623\",\"static/chunks/6623-6d80afbd824e6d6a.js?dpl=580b690a4f62e40031951ad497c31bb88c5fef14\",\"6101\",\"static/chunks/6101-9b11b4394d88454e.js?dpl=580b690a4f62e40031951ad497c31bb88c5fef14\",\"5780\",\"static/chunks/app/(withCommonMetadata)/page-da109e65055d0afc.js?dpl=580b690a4f62e40031951ad497c31bb88c5fef14\"],\"default\"]\n"])</script><script>self.__next_f.push([1,"6c:I[89914,[\"8622\",\"static/chunks/8622-e01fa3175040df9f.js?dpl=580b690a4f62e40031951ad497c31bb88c5fef14\",\"4320\",\"static/chunks/4320-f9e94b7c22242c77.js?dpl=580b690a4f62e40031951ad497c31bb88c5fef14\",\"5955\",\"static/chunks/5955-c8113b80019acb51.js?dpl=580b690a4f62e40031951ad497c31bb88c5fef14\",\"3799\",\"static/chunks/3799-e60eb4a38cecabae.js?dpl=580b690a4f62e40031951ad497c31bb88c5fef14\",\"2398\",\"static/chunks/2398-958bc860759e1b33.js?dpl=580b690a4f62e40031951ad497c31bb88c5fef14\",\"1140\",\"static/chunks/1140-fe100d13ee120151.js?dpl=580b690a4f62e40031951ad497c31bb88c5fef14\",\"2073\",\"static/chunks/2073-a98968c6603fe571.js?dpl=580b690a4f62e40031951ad497c31bb88c5fef14\",\"1899\",\"static/chunks/1899-f2c8359ae0d727c2.js?dpl=580b690a4f62e40031951ad497c31bb88c5fef14\",\"3929\",\"static/chunks/3929-008d4b5b58d9f5f3.js?dpl=580b690a4f62e40031951ad497c31bb88c5fef14\",\"7115\",\"static/chunks/7115-237eaaa98e059029.js?dpl=580b690a4f62e40031951ad497c31bb88c5fef14\",\"7177\",\"static/chunks/app/layout-659427566167ec91.js?dpl=580b690a4f62e40031951ad497c31bb88c5fef14\"],\"AppLinkRendererProvider\"]\n"])</script><script>self.__next_f.push([1,"6d:I[79886,[\"8622\",\"static/chunks/8622-e01fa3175040df9f.js?dpl=580b690a4f62e40031951ad497c31bb88c5fef14\",\"4320\",\"static/chunks/4320-f9e94b7c22242c77.js?dpl=580b690a4f62e40031951ad497c31bb88c5fef14\",\"5955\",\"static/chunks/5955-c8113b80019acb51.js?dpl=580b690a4f62e40031951ad497c31bb88c5fef14\",\"3799\",\"static/chunks/3799-e60eb4a38cecabae.js?dpl=580b690a4f62e40031951ad497c31bb88c5fef14\",\"2398\",\"static/chunks/2398-958bc860759e1b33.js?dpl=580b690a4f62e40031951ad497c31bb88c5fef14\",\"1140\",\"static/chunks/1140-fe100d13ee120151.js?dpl=580b690a4f62e40031951ad497c31bb88c5fef14\",\"2073\",\"static/chunks/2073-a98968c6603fe571.js?dpl=580b690a4f62e40031951ad497c31bb88c5fef14\",\"1899\",\"static/chunks/1899-f2c8359ae0d727c2.js?dpl=580b690a4f62e40031951ad497c31bb88c5fef14\",\"3929\",\"static/chunks/3929-008d4b5b58d9f5f3.js?dpl=580b690a4f62e40031951ad497c31bb88c5fef14\",\"7115\",\"static/chunks/7115-237eaaa98e059029.js?dpl=580b690a4f62e40031951ad497c31bb88c5fef14\",\"7177\",\"static/chunks/app/layout-659427566167ec91.js?dpl=580b690a4f62e40031951ad497c31bb88c5fef14\"],\"AppNHKProvider\"]\n"])</script><script>self.__next_f.push([1,"70:I[98180,[\"8622\",\"static/chunks/8622-e01fa3175040df9f.js?dpl=580b690a4f62e40031951ad497c31bb88c5fef14\",\"4320\",\"static/chunks/4320-f9e94b7c22242c77.js?dpl=580b690a4f62e40031951ad497c31bb88c5fef14\",\"5955\",\"static/chunks/5955-c8113b80019acb51.js?dpl=580b690a4f62e40031951ad497c31bb88c5fef14\",\"3799\",\"static/chunks/3799-e60eb4a38cecabae.js?dpl=580b690a4f62e40031951ad497c31bb88c5fef14\",\"2398\",\"static/chunks/2398-958bc860759e1b33.js?dpl=580b690a4f62e40031951ad497c31bb88c5fef14\",\"1140\",\"static/chunks/1140-fe100d13ee120151.js?dpl=580b690a4f62e40031951ad497c31bb88c5fef14\",\"2073\",\"static/chunks/2073-a98968c6603fe571.js?dpl=580b690a4f62e40031951ad497c31bb88c5fef14\",\"1899\",\"static/chunks/1899-f2c8359ae0d727c2.js?dpl=580b690a4f62e40031951ad497c31bb88c5fef14\",\"3929\",\"static/chunks/3929-008d4b5b58d9f5f3.js?dpl=580b690a4f62e40031951ad497c31bb88c5fef14\",\"7115\",\"static/chunks/7115-237eaaa98e059029.js?dpl=580b690a4f62e40031951ad497c31bb88c5fef14\",\"7177\",\"static/chunks/app/layout-659427566167ec91.js?dpl=580b690a4f62e40031951ad497c31bb88c5fef14\"],\"NativeAppNavigationBridge\"]\n"])</script><script>self.__next_f.push([1,"71:I[58681,[\"8622\",\"static/chunks/8622-e01fa3175040df9f.js?dpl=580b690a4f62e40031951ad497c31bb88c5fef14\",\"4320\",\"static/chunks/4320-f9e94b7c22242c77.js?dpl=580b690a4f62e40031951ad497c31bb88c5fef14\",\"5955\",\"static/chunks/5955-c8113b80019acb51.js?dpl=580b690a4f62e40031951ad497c31bb88c5fef14\",\"3799\",\"static/chunks/3799-e60eb4a38cecabae.js?dpl=580b690a4f62e40031951ad497c31bb88c5fef14\",\"2398\",\"static/chunks/2398-958bc860759e1b33.js?dpl=580b690a4f62e40031951ad497c31bb88c5fef14\",\"1140\",\"static/chunks/1140-fe100d13ee120151.js?dpl=580b690a4f62e40031951ad497c31bb88c5fef14\",\"2073\",\"static/chunks/2073-a98968c6603fe571.js?dpl=580b690a4f62e40031951ad497c31bb88c5fef14\",\"1431\",\"static/chunks/1431-a4c470eaeafe0b36.js?dpl=580b690a4f62e40031951ad497c31bb88c5fef14\",\"1899\",\"static/chunks/1899-f2c8359ae0d727c2.js?dpl=580b690a4f62e40031951ad497c31bb88c5fef14\",\"8839\",\"static/chunks/8839-bbd11e521955edff.js?dpl=580b690a4f62e40031951ad497c31bb88c5fef14\",\"4942\",\"static/chunks/4942-899734154f830f31.js?dpl=580b690a4f62e40031951ad497c31bb88c5fef14\",\"3746\",\"static/chunks/3746-0a2d826ab31cccb0.js?dpl=580b690a4f62e40031951ad497c31bb88c5fef14\",\"5112\",\"static/chunks/5112-7d6cc0b291432d82.js?dpl=580b690a4f62e40031951ad497c31bb88c5fef14\",\"6623\",\"static/chunks/6623-6d80afbd824e6d6a.js?dpl=580b690a4f62e40031951ad497c31bb88c5fef14\",\"6101\",\"static/chunks/6101-9b11b4394d88454e.js?dpl=580b690a4f62e40031951ad497c31bb88c5fef14\",\"5780\",\"static/chunks/app/(withCommonMetadata)/page-da109e65055d0afc.js?dpl=580b690a4f62e40031951ad497c31bb88c5fef14\"],\"ClientApiProvider\"]\n"])</script><script>self.__next_f.push([1,"72:I[3910,[\"8622\",\"static/chunks/8622-e01fa3175040df9f.js?dpl=580b690a4f62e40031951ad497c31bb88c5fef14\",\"4320\",\"static/chunks/4320-f9e94b7c22242c77.js?dpl=580b690a4f62e40031951ad497c31bb88c5fef14\",\"5955\",\"static/chunks/5955-c8113b80019acb51.js?dpl=580b690a4f62e40031951ad497c31bb88c5fef14\",\"3799\",\"static/chunks/3799-e60eb4a38cecabae.js?dpl=580b690a4f62e40031951ad497c31bb88c5fef14\",\"2398\",\"static/chunks/2398-958bc860759e1b33.js?dpl=580b690a4f62e40031951ad497c31bb88c5fef14\",\"1140\",\"static/chunks/1140-fe100d13ee120151.js?dpl=580b690a4f62e40031951ad497c31bb88c5fef14\",\"2073\",\"static/chunks/2073-a98968c6603fe571.js?dpl=580b690a4f62e40031951ad497c31bb88c5fef14\",\"1899\",\"static/chunks/1899-f2c8359ae0d727c2.js?dpl=580b690a4f62e40031951ad497c31bb88c5fef14\",\"3929\",\"static/chunks/3929-008d4b5b58d9f5f3.js?dpl=580b690a4f62e40031951ad497c31bb88c5fef14\",\"7115\",\"static/chunks/7115-237eaaa98e059029.js?dpl=580b690a4f62e40031951ad497c31bb88c5fef14\",\"7177\",\"static/chunks/app/layout-659427566167ec91.js?dpl=580b690a4f62e40031951ad497c31bb88c5fef14\"],\"ScrollManager\"]\n"])</script><script>self.__next_f.push([1,"73:I[17902,[\"8622\",\"static/chunks/8622-e01fa3175040df9f.js?dpl=580b690a4f62e40031951ad497c31bb88c5fef14\",\"4320\",\"static/chunks/4320-f9e94b7c22242c77.js?dpl=580b690a4f62e40031951ad497c31bb88c5fef14\",\"3799\",\"static/chunks/3799-e60eb4a38cecabae.js?dpl=580b690a4f62e40031951ad497c31bb88c5fef14\",\"2398\",\"static/chunks/2398-958bc860759e1b33.js?dpl=580b690a4f62e40031951ad497c31bb88c5fef14\",\"3419\",\"static/chunks/3419-46b32cab27e567c6.js?dpl=580b690a4f62e40031951ad497c31bb88c5fef14\",\"7905\",\"static/chunks/7905-4f7f497592a202f6.js?dpl=580b690a4f62e40031951ad497c31bb88c5fef14\",\"8039\",\"static/chunks/app/error-1b2862f350fcb153.js?dpl=580b690a4f62e40031951ad497c31bb88c5fef14\"],\"default\"]\n"])</script><script>self.__next_f.push([1,"74:I[84728,[\"8622\",\"static/chunks/8622-e01fa3175040df9f.js?dpl=580b690a4f62e40031951ad497c31bb88c5fef14\",\"4320\",\"static/chunks/4320-f9e94b7c22242c77.js?dpl=580b690a4f62e40031951ad497c31bb88c5fef14\",\"3799\",\"static/chunks/3799-e60eb4a38cecabae.js?dpl=580b690a4f62e40031951ad497c31bb88c5fef14\",\"2398\",\"static/chunks/2398-958bc860759e1b33.js?dpl=580b690a4f62e40031951ad497c31bb88c5fef14\",\"3419\",\"static/chunks/3419-46b32cab27e567c6.js?dpl=580b690a4f62e40031951ad497c31bb88c5fef14\",\"7905\",\"static/chunks/7905-4f7f497592a202f6.js?dpl=580b690a4f62e40031951ad497c31bb88c5fef14\",\"4345\",\"static/chunks/app/not-found-6f9c76ee109e3658.js?dpl=580b690a4f62e40031951ad497c31bb88c5fef14\"],\"default\"]\n"])</script><script>self.__next_f.push([1,"76:I[48812,[\"8622\",\"static/chunks/8622-e01fa3175040df9f.js?dpl=580b690a4f62e40031951ad497c31bb88c5fef14\",\"4320\",\"static/chunks/4320-f9e94b7c22242c77.js?dpl=580b690a4f62e40031951ad497c31bb88c5fef14\",\"5955\",\"static/chunks/5955-c8113b80019acb51.js?dpl=580b690a4f62e40031951ad497c31bb88c5fef14\",\"3799\",\"static/chunks/3799-e60eb4a38cecabae.js?dpl=580b690a4f62e40031951ad497c31bb88c5fef14\",\"2398\",\"static/chunks/2398-958bc860759e1b33.js?dpl=580b690a4f62e40031951ad497c31bb88c5fef14\",\"1140\",\"static/chunks/1140-fe100d13ee120151.js?dpl=580b690a4f62e40031951ad497c31bb88c5fef14\",\"2073\",\"static/chunks/2073-a98968c6603fe571.js?dpl=580b690a4f62e40031951ad497c31bb88c5fef14\",\"1899\",\"static/chunks/1899-f2c8359ae0d727c2.js?dpl=580b690a4f62e40031951ad497c31bb88c5fef14\",\"3929\",\"static/chunks/3929-008d4b5b58d9f5f3.js?dpl=580b690a4f62e40031951ad497c31bb88c5fef14\",\"7115\",\"static/chunks/7115-237eaaa98e059029.js?dpl=580b690a4f62e40031951ad497c31bb88c5fef14\",\"7177\",\"static/chunks/app/layout-659427566167ec91.js?dpl=580b690a4f62e40031951ad497c31bb88c5fef14\"],\"PopupModalEmitter\"]\n"])</script><script>self.__next_f.push([1,"77:I[77091,[],\"IconMark\"]\n:HL[\"https://www.web.nhk/_next/static/css/77187865140d825a.css?dpl=580b690a4f62e40031951ad497c31bb88c5fef14\",\"style\"]\n:HL[\"https://www.web.nhk/_next/static/css/97f8cecc2452cffc.css?dpl=580b690a4f62e40031951ad497c31bb88c5fef14\",\"style\"]\n:HL[\"https://www.web.nhk/_next/static/css/849751aefbc323a4.css?dpl=580b690a4f62e40031951ad497c31bb88c5fef14\",\"style\"]\n:HL[\"https://www.web.nhk/_next/static/css/9b75feafcd0360c7.css?dpl=580b690a4f62e40031951ad497c31bb88c5fef14\",\"style\"]\n:HL[\"https://www.web.nhk/_next/static/css/b45026ae5f652a23.css?dpl=580b690a4f62e40031951ad497c31bb88c5fef14\",\"style\"]\n:HL[\"https://www.web.nhk/_next/static/css/75b1b3dca22c4992.css?dpl=580b690a4f62e40031951ad497c31bb88c5fef14\",\"style\"]\n:HL[\"https://www.web.nhk/_next/static/css/6db9654b981d5259.css?dpl=580b690a4f62e40031951ad497c31bb88c5fef14\",\"style\"]\n:HL[\"https://www.web.nhk/_next/static/css/ab7b4510995fea16.css?dpl=580b690a4f62e40031951ad497c31bb88c5fef14\",\"style\"]\n:HL[\"https://www.web.nhk/_next/static/css/63a9635440950b68.css?dpl=580b690a4f62e40031951ad497c31bb88c5fef14\",\"style\"]\n:HL[\"https://www.web.nhk/_next/static/css/9c00a9e0b393a8d3.css?dpl=580b690a4f62e40031951ad497c31bb88c5fef14\",\"style\"]\n:HL[\"https://www.web.nhk/_next/static/css/e2d41de513b58832.css?dpl=580b690a4f62e40031951ad497c31bb88c5fef14\",\"style\"]\n:HL[\"https://www.web.nhk/_next/static/css/7adf270f04ebb360.css?dpl=580b690a4f62e40031951ad497c31bb88c5fef14\",\"style\"]\n:HL[\"https://www.web.nhk/_next/static/css/417349216306faac.css?dpl=580b690a4f62e40031951ad497c31bb88c5fef14\",\"style\"]\n:HL[\"https://www.web.nhk/_next/static/css/c85498fb4b6dd79f.css?dpl=580b690a4f62e40031951ad497c31bb88c5fef14\",\"style\"]\n:HL[\"https://www.web.nhk/_next/static/css/6d5da515d4bd8b0c.css?dpl=580b690a4f62e40031951ad497c31bb88c5fef14\",\"style\"]\n:HL[\"https://www.web.nhk/_next/static/css/0b0b6b00d12bc1ff.css?dpl=580b690a4f62e40031951ad497c31bb88c5fef14\",\"style\"]\n:HL[\"https://www.web.nhk/_next/static/css/df014d89496d2489.css?dpl=580b690a4f62e40031951ad497c31bb88c5fef14\",\"style\"]\n:HL[\"https://www"])</script><script>self.__next_f.push([1,".web.nhk/_next/static/css/b17e3bf9988ec934.css?dpl=580b690a4f62e40031951ad497c31bb88c5fef14\",\"style\"]\n:HL[\"https://www.web.nhk/_next/static/css/e1c1fd1be08b693a.css?dpl=580b690a4f62e40031951ad497c31bb88c5fef14\",\"style\"]\n:HL[\"https://www.web.nhk/_next/static/css/52b1032070cc5007.css?dpl=580b690a4f62e40031951ad497c31bb88c5fef14\",\"style\"]\n:HL[\"https://www.web.nhk/_next/static/css/2958e2813f706396.css?dpl=580b690a4f62e40031951ad497c31bb88c5fef14\",\"style\"]\n:HL[\"https://www.web.nhk/_next/static/css/e1a13a07a9894f57.css?dpl=580b690a4f62e40031951ad497c31bb88c5fef14\",\"style\"]\n:HL[\"https://www.web.nhk/_next/static/css/76f614dcca174378.css?dpl=580b690a4f62e40031951ad497c31bb88c5fef14\",\"style\"]\n:HL[\"https://www.web.nhk/_next/static/css/0f71251cb9067db3.css?dpl=580b690a4f62e40031951ad497c31bb88c5fef14\",\"style\"]\n:HL[\"https://www.web.nhk/_next/static/css/d2b89e11779a6096.css?dpl=580b690a4f62e40031951ad497c31bb88c5fef14\",\"style\"]\n:HL[\"https://www.web.nhk/_next/static/css/3e69080a52ed4a76.css?dpl=580b690a4f62e40031951ad497c31bb88c5fef14\",\"style\"]\n:HL[\"https://www.web.nhk/_next/static/css/64f18f90ff546728.css?dpl=580b690a4f62e40031951ad497c31bb88c5fef14\",\"style\"]\n:HL[\"https://www.web.nhk/_next/static/css/270724ea0bb0dc79.css?dpl=580b690a4f62e40031951ad497c31bb88c5fef14\",\"style\"]\n:HL[\"https://www.web.nhk/_next/static/css/d4479128d7fddfc8.css?dpl=580b690a4f62e40031951ad497c31bb88c5fef14\",\"style\"]\n:HL[\"https://www.web.nhk/_next/static/css/2c9f1fe36e33ab94.css?dpl=580b690a4f62e40031951ad497c31bb88c5fef14\",\"style\"]\n:HL[\"https://www.web.nhk/_next/static/css/a402ce75692873da.css?dpl=580b690a4f62e40031951ad497c31bb88c5fef14\",\"style\"]\n:HL[\"https://www.web.nhk/_next/static/css/63839568741da0f3.css?dpl=580b690a4f62e40031951ad497c31bb88c5fef14\",\"style\"]\n:HL[\"https://www.web.nhk/_next/static/css/7d90a038ca3d222a.css?dpl=580b690a4f62e40031951ad497c31bb88c5fef14\",\"style\"]\n:HL[\"https://www.web.nhk/_next/static/css/cf14253ec8626352.css?dpl=580b690a4f62e40031951ad497c31bb88c5fef14\",\"style\"]\n:HL[\"https://www.web.nhk/_next/static/css/6f59bc675dd024aa"])</script><script>self.__next_f.push([1,".css?dpl=580b690a4f62e40031951ad497c31bb88c5fef14\",\"style\"]\n:HL[\"https://www.web.nhk/_next/static/css/595e2b960f6cb14b.css?dpl=580b690a4f62e40031951ad497c31bb88c5fef14\",\"style\"]\n:HL[\"https://www.web.nhk/_next/static/css/dc662f417abe4aa6.css?dpl=580b690a4f62e40031951ad497c31bb88c5fef14\",\"style\"]\n:HL[\"https://www.web.nhk/_next/static/css/b73d144c94dc7864.css?dpl=580b690a4f62e40031951ad497c31bb88c5fef14\",\"style\"]\n:HL[\"https://www.web.nhk/_next/static/css/4364aa0c015fa002.css?dpl=580b690a4f62e40031951ad497c31bb88c5fef14\",\"style\"]\n:HL[\"https://www.web.nhk/_next/static/css/5f6f5d727f29a476.css?dpl=580b690a4f62e40031951ad497c31bb88c5fef14\",\"style\"]\n:HL[\"https://www.web.nhk/_next/static/css/80a8c136dda5a37c.css?dpl=580b690a4f62e40031951ad497c31bb88c5fef14\",\"style\"]\n:HL[\"https://www.web.nhk/_next/static/css/072d4899846d1aec.css?dpl=580b690a4f62e40031951ad497c31bb88c5fef14\",\"style\"]\n:HL[\"https://www.web.nhk/_next/static/css/ee229214fa739de8.css?dpl=580b690a4f62e40031951ad497c31bb88c5fef14\",\"style\"]\n:HL[\"https://www.web.nhk/_next/static/css/472a679559c95bea.css?dpl=580b690a4f62e40031951ad497c31bb88c5fef14\",\"style\"]\n:HL[\"https://www.web.nhk/_next/static/css/77b9a2d78496288d.css?dpl=580b690a4f62e40031951ad497c31bb88c5fef14\",\"style\"]\n:HL[\"https://www.web.nhk/_next/static/css/40ab95a9346793cc.css?dpl=580b690a4f62e40031951ad497c31bb88c5fef14\",\"style\"]\n"])</script><script>self.__next_f.push([1,"0:{\"P\":null,\"b\":\"580b690a4f62e40031951ad497c31bb88c5fef14\",\"p\":\"https://www.web.nhk\",\"c\":[\"\",\"tv\",\"dk\",\"series-tep-drama-997LTPA45I\"],\"i\":false,\"f\":[[[\"\",{\"children\":[\"(withCommonMetadata)\",{\"children\":[\"tv\",{\"children\":[\"dk\",{\"children\":[[\"deckId\",\"series-tep-drama-997LTPA45I\",\"d\"],{\"children\":[\"__PAGE__\",{}]}]}]}]}]},\"$undefined\",\"$undefined\",true],[\"\",[\"$\",\"$1\",\"c\",{\"children\":[[[\"$\",\"link\",\"0\",{\"rel\":\"stylesheet\",\"href\":\"https://www.web.nhk/_next/static/css/77187865140d825a.css?dpl=580b690a4f62e40031951ad497c31bb88c5fef14\",\"precedence\":\"next\",\"crossOrigin\":\"$undefined\",\"nonce\":\"$undefined\"}],[\"$\",\"link\",\"1\",{\"rel\":\"stylesheet\",\"href\":\"https://www.web.nhk/_next/static/css/97f8cecc2452cffc.css?dpl=580b690a4f62e40031951ad497c31bb88c5fef14\",\"precedence\":\"next\",\"crossOrigin\":\"$undefined\",\"nonce\":\"$undefined\"}],[\"$\",\"link\",\"2\",{\"rel\":\"stylesheet\",\"href\":\"https://www.web.nhk/_next/static/css/849751aefbc323a4.css?dpl=580b690a4f62e40031951ad497c31bb88c5fef14\",\"precedence\":\"next\",\"crossOrigin\":\"$undefined\",\"nonce\":\"$undefined\"}],[\"$\",\"link\",\"3\",{\"rel\":\"stylesheet\",\"href\":\"https://www.web.nhk/_next/static/css/9b75feafcd0360c7.css?dpl=580b690a4f62e40031951ad497c31bb88c5fef14\",\"precedence\":\"next\",\"crossOrigin\":\"$undefined\",\"nonce\":\"$undefined\"}],[\"$\",\"link\",\"4\",{\"rel\":\"stylesheet\",\"href\":\"https://www.web.nhk/_next/static/css/b45026ae5f652a23.css?dpl=580b690a4f62e40031951ad497c31bb88c5fef14\",\"precedence\":\"next\",\"crossOrigin\":\"$undefined\",\"nonce\":\"$undefined\"}],[\"$\",\"link\",\"5\",{\"rel\":\"stylesheet\",\"href\":\"https://www.web.nhk/_next/static/css/75b1b3dca22c4992.css?dpl=580b690a4f62e40031951ad497c31bb88c5fef14\",\"precedence\":\"next\",\"crossOrigin\":\"$undefined\",\"nonce\":\"$undefined\"}],[\"$\",\"link\",\"6\",{\"rel\":\"stylesheet\",\"href\":\"https://www.web.nhk/_next/static/css/6db9654b981d5259.css?dpl=580b690a4f62e40031951ad497c31bb88c5fef14\",\"precedence\":\"next\",\"crossOrigin\":\"$undefined\",\"nonce\":\"$undefined\"}],[\"$\",\"link\",\"7\",{\"rel\":\"stylesheet\",\"href\":\"https://www.web.nhk/_next/static/css/ab7b4510995fea16.css?dpl=580b690a4f62e40031951ad497c31bb88c5fef14\",\"precedence\":\"next\",\"crossOrigin\":\"$undefined\",\"nonce\":\"$undefined\"}],[\"$\",\"link\",\"8\",{\"rel\":\"stylesheet\",\"href\":\"https://www.web.nhk/_next/static/css/63a9635440950b68.css?dpl=580b690a4f62e40031951ad497c31bb88c5fef14\",\"precedence\":\"next\",\"crossOrigin\":\"$undefined\",\"nonce\":\"$undefined\"}],[\"$\",\"link\",\"9\",{\"rel\":\"stylesheet\",\"href\":\"https://www.web.nhk/_next/static/css/9c00a9e0b393a8d3.css?dpl=580b690a4f62e40031951ad497c31bb88c5fef14\",\"precedence\":\"next\",\"crossOrigin\":\"$undefined\",\"nonce\":\"$undefined\"}],[\"$\",\"link\",\"10\",{\"rel\":\"stylesheet\",\"href\":\"https://www.web.nhk/_next/static/css/e2d41de513b58832.css?dpl=580b690a4f62e40031951ad497c31bb88c5fef14\",\"precedence\":\"next\",\"crossOrigin\":\"$undefined\",\"nonce\":\"$undefined\"}],[\"$\",\"link\",\"11\",{\"rel\":\"stylesheet\",\"href\":\"https://www.web.nhk/_next/static/css/7adf270f04ebb360.css?dpl=580b690a4f62e40031951ad497c31bb88c5fef14\",\"precedence\":\"next\",\"crossOrigin\":\"$undefined\",\"nonce\":\"$undefined\"}],[\"$\",\"link\",\"12\",{\"rel\":\"stylesheet\",\"href\":\"https://www.web.nhk/_next/static/css/417349216306faac.css?dpl=580b690a4f62e40031951ad497c31bb88c5fef14\",\"precedence\":\"next\",\"crossOrigin\":\"$undefined\",\"nonce\":\"$undefined\"}],[\"$\",\"link\",\"13\",{\"rel\":\"stylesheet\",\"href\":\"https://www.web.nhk/_next/static/css/c85498fb4b6dd79f.css?dpl=580b690a4f62e40031951ad497c31bb88c5fef14\",\"precedence\":\"next\",\"crossOrigin\":\"$undefined\",\"nonce\":\"$undefined\"}],[\"$\",\"link\",\"14\",{\"rel\":\"stylesheet\",\"href\":\"https://www.web.nhk/_next/static/css/6d5da515d4bd8b0c.css?dpl=580b690a4f62e40031951ad497c31bb88c5fef14\",\"precedence\":\"next\",\"crossOrigin\":\"$undefined\",\"nonce\":\"$undefined\"}],[\"$\",\"link\",\"15\",{\"rel\":\"stylesheet\",\"href\":\"https://www.web.nhk/_next/static/css/0b0b6b00d12bc1ff.css?dpl=580b690a4f62e40031951ad497c31bb88c5fef14\",\"precedence\":\"next\",\"crossOrigin\":\"$undefined\",\"nonce\":\"$undefined\"}],[\"$\",\"link\",\"16\",{\"rel\":\"stylesheet\",\"href\":\"https://www.web.nhk/_next/static/css/df014d89496d2489.css?dpl=580b690a4f62e40031951ad497c31bb88c5fef14\",\"precedence\":\"next\",\"crossOrigin\":\"$undefined\",\"nonce\":\"$undefined\"}],[\"$\",\"link\",\"17\",{\"rel\":\"stylesheet\",\"href\":\"https://www.web.nhk/_next/static/css/b17e3bf9988ec934.css?dpl=580b690a4f62e40031951ad497c31bb88c5fef14\",\"precedence\":\"next\",\"crossOrigin\":\"$undefined\",\"nonce\":\"$undefined\"}],[\"$\",\"link\",\"18\",{\"rel\":\"stylesheet\",\"href\":\"https://www.web.nhk/_next/static/css/e1c1fd1be08b693a.css?dpl=580b690a4f62e40031951ad497c31bb88c5fef14\",\"precedence\":\"next\",\"crossOrigin\":\"$undefined\",\"nonce\":\"$undefined\"}],\"$L2\",\"$L3\",\"$L4\",\"$L5\",\"$L6\",\"$L7\",\"$L8\",\"$L9\",\"$La\"],\"$Lb\"]}],{\"children\":[\"(withCommonMetadata)\",\"$Lc\",{\"children\":[\"tv\",\"$Ld\",{\"children\":[\"dk\",\"$Le\",{\"children\":[[\"deckId\",\"series-tep-drama-997LTPA45I\",\"d\"],\"$Lf\",{\"children\":[\"__PAGE__\",\"$L10\",{},null,false]},null,false]},null,false]},null,false]},null,false]},null,false],\"$L11\",false]],\"m\":\"$undefined\",\"G\":[\"$12\",[\"$L13\",\"$L14\",\"$L15\"]],\"s\":false,\"S\":false}\n"])</script><script>self.__next_f.push([1,"2:[\"$\",\"link\",\"19\",{\"rel\":\"stylesheet\",\"href\":\"https://www.web.nhk/_next/static/css/52b1032070cc5007.css?dpl=580b690a4f62e40031951ad497c31bb88c5fef14\",\"precedence\":\"next\",\"crossOrigin\":\"$undefined\",\"nonce\":\"$undefined\"}]\n3:[\"$\",\"link\",\"20\",{\"rel\":\"stylesheet\",\"href\":\"https://www.web.nhk/_next/static/css/2958e2813f706396.css?dpl=580b690a4f62e40031951ad497c31bb88c5fef14\",\"precedence\":\"next\",\"crossOrigin\":\"$undefined\",\"nonce\":\"$undefined\"}]\n4:[\"$\",\"link\",\"21\",{\"rel\":\"stylesheet\",\"href\":\"https://www.web.nhk/_next/static/css/e1a13a07a9894f57.css?dpl=580b690a4f62e40031951ad497c31bb88c5fef14\",\"precedence\":\"next\",\"crossOrigin\":\"$undefined\",\"nonce\":\"$undefined\"}]\n5:[\"$\",\"link\",\"22\",{\"rel\":\"stylesheet\",\"href\":\"https://www.web.nhk/_next/static/css/76f614dcca174378.css?dpl=580b690a4f62e40031951ad497c31bb88c5fef14\",\"precedence\":\"next\",\"crossOrigin\":\"$undefined\",\"nonce\":\"$undefined\"}]\n6:[\"$\",\"link\",\"23\",{\"rel\":\"stylesheet\",\"href\":\"https://www.web.nhk/_next/static/css/0f71251cb9067db3.css?dpl=580b690a4f62e40031951ad497c31bb88c5fef14\",\"precedence\":\"next\",\"crossOrigin\":\"$undefined\",\"nonce\":\"$undefined\"}]\n7:[\"$\",\"link\",\"24\",{\"rel\":\"stylesheet\",\"href\":\"https://www.web.nhk/_next/static/css/d2b89e11779a6096.css?dpl=580b690a4f62e40031951ad497c31bb88c5fef14\",\"precedence\":\"next\",\"crossOrigin\":\"$undefined\",\"nonce\":\"$undefined\"}]\n8:[\"$\",\"link\",\"25\",{\"rel\":\"stylesheet\",\"href\":\"https://www.web.nhk/_next/static/css/3e69080a52ed4a76.css?dpl=580b690a4f62e40031951ad497c31bb88c5fef14\",\"precedence\":\"next\",\"crossOrigin\":\"$undefined\",\"nonce\":\"$undefined\"}]\n9:[\"$\",\"link\",\"26\",{\"rel\":\"stylesheet\",\"href\":\"https://www.web.nhk/_next/static/css/64f18f90ff546728.css?dpl=580b690a4f62e40031951ad497c31bb88c5fef14\",\"precedence\":\"next\",\"crossOrigin\":\"$undefined\",\"nonce\":\"$undefined\"}]\na:[\"$\",\"link\",\"27\",{\"rel\":\"stylesheet\",\"href\":\"https://www.web.nhk/_next/static/css/270724ea0bb0dc79.css?dpl=580b690a4f62e40031951ad497c31bb88c5fef14\",\"precedence\":\"next\",\"crossOrigin\":\"$undefined\",\"nonce\":\"$undefined\"}]\nc:[\"$\",\"$1\",\"c\",{\"children\":[null,\"$L16\"]}]\nd:[\"$\",\"$1\",\"c\""])</script><script>self.__next_f.push([1,",{\"children\":[null,[\"$\",\"$L17\",null,{\"parallelRouterKey\":\"children\",\"error\":\"$undefined\",\"errorStyles\":\"$undefined\",\"errorScripts\":\"$undefined\",\"template\":[\"$\",\"$L18\",null,{}],\"templateStyles\":\"$undefined\",\"templateScripts\":\"$undefined\",\"notFound\":\"$undefined\",\"forbidden\":\"$undefined\",\"unauthorized\":\"$undefined\"}]]}]\ne:[\"$\",\"$1\",\"c\",{\"children\":[null,[\"$\",\"$L17\",null,{\"parallelRouterKey\":\"children\",\"error\":\"$undefined\",\"errorStyles\":\"$undefined\",\"errorScripts\":\"$undefined\",\"template\":[\"$\",\"$L18\",null,{}],\"templateStyles\":\"$undefined\",\"templateScripts\":\"$undefined\",\"notFound\":\"$undefined\",\"forbidden\":\"$undefined\",\"unauthorized\":\"$undefined\"}]]}]\nf:[\"$\",\"$1\",\"c\",{\"children\":[null,[\"$\",\"$L17\",null,{\"parallelRouterKey\":\"children\",\"error\":\"$undefined\",\"errorStyles\":\"$undefined\",\"errorScripts\":\"$undefined\",\"template\":[\"$\",\"$L18\",null,{}],\"templateStyles\":\"$undefined\",\"templateScripts\":\"$undefined\",\"notFound\":\"$undefined\",\"forbidden\":\"$undefined\",\"unauthorized\":\"$undefined\"}]]}]\n"])</script><script>self.__next_f.push([1,"10:[\"$\",\"$1\",\"c\",{\"children\":[\"$L19\",[[\"$\",\"link\",\"0\",{\"rel\":\"stylesheet\",\"href\":\"https://www.web.nhk/_next/static/css/d4479128d7fddfc8.css?dpl=580b690a4f62e40031951ad497c31bb88c5fef14\",\"precedence\":\"next\",\"crossOrigin\":\"$undefined\",\"nonce\":\"$undefined\"}],[\"$\",\"link\",\"1\",{\"rel\":\"stylesheet\",\"href\":\"https://www.web.nhk/_next/static/css/2c9f1fe36e33ab94.css?dpl=580b690a4f62e40031951ad497c31bb88c5fef14\",\"precedence\":\"next\",\"crossOrigin\":\"$undefined\",\"nonce\":\"$undefined\"}],[\"$\",\"link\",\"2\",{\"rel\":\"stylesheet\",\"href\":\"https://www.web.nhk/_next/static/css/a402ce75692873da.css?dpl=580b690a4f62e40031951ad497c31bb88c5fef14\",\"precedence\":\"next\",\"crossOrigin\":\"$undefined\",\"nonce\":\"$undefined\"}],[\"$\",\"link\",\"3\",{\"rel\":\"stylesheet\",\"href\":\"https://www.web.nhk/_next/static/css/63839568741da0f3.css?dpl=580b690a4f62e40031951ad497c31bb88c5fef14\",\"precedence\":\"next\",\"crossOrigin\":\"$undefined\",\"nonce\":\"$undefined\"}],[\"$\",\"link\",\"4\",{\"rel\":\"stylesheet\",\"href\":\"https://www.web.nhk/_next/static/css/7d90a038ca3d222a.css?dpl=580b690a4f62e40031951ad497c31bb88c5fef14\",\"precedence\":\"next\",\"crossOrigin\":\"$undefined\",\"nonce\":\"$undefined\"}],[\"$\",\"link\",\"5\",{\"rel\":\"stylesheet\",\"href\":\"https://www.web.nhk/_next/static/css/cf14253ec8626352.css?dpl=580b690a4f62e40031951ad497c31bb88c5fef14\",\"precedence\":\"next\",\"crossOrigin\":\"$undefined\",\"nonce\":\"$undefined\"}],[\"$\",\"link\",\"6\",{\"rel\":\"stylesheet\",\"href\":\"https://www.web.nhk/_next/static/css/6f59bc675dd024aa.css?dpl=580b690a4f62e40031951ad497c31bb88c5fef14\",\"precedence\":\"next\",\"crossOrigin\":\"$undefined\",\"nonce\":\"$undefined\"}],[\"$\",\"link\",\"7\",{\"rel\":\"stylesheet\",\"href\":\"https://www.web.nhk/_next/static/css/595e2b960f6cb14b.css?dpl=580b690a4f62e40031951ad497c31bb88c5fef14\",\"precedence\":\"next\",\"crossOrigin\":\"$undefined\",\"nonce\":\"$undefined\"}],[\"$\",\"link\",\"8\",{\"rel\":\"stylesheet\",\"href\":\"https://www.web.nhk/_next/static/css/dc662f417abe4aa6.css?dpl=580b690a4f62e40031951ad497c31bb88c5fef14\",\"precedence\":\"next\",\"crossOrigin\":\"$undefined\",\"nonce\":\"$undefined\"}],[\"$\",\"link\",\"9\",{\"rel\":\"stylesheet\",\"href\":\"https://www.web.nhk/_next/static/css/b73d144c94dc7864.css?dpl=580b690a4f62e40031951ad497c31bb88c5fef14\",\"precedence\":\"next\",\"crossOrigin\":\"$undefined\",\"nonce\":\"$undefined\"}],[\"$\",\"link\",\"10\",{\"rel\":\"stylesheet\",\"href\":\"https://www.web.nhk/_next/static/css/4364aa0c015fa002.css?dpl=580b690a4f62e40031951ad497c31bb88c5fef14\",\"precedence\":\"next\",\"crossOrigin\":\"$undefined\",\"nonce\":\"$undefined\"}],[\"$\",\"link\",\"11\",{\"rel\":\"stylesheet\",\"href\":\"https://www.web.nhk/_next/static/css/5f6f5d727f29a476.css?dpl=580b690a4f62e40031951ad497c31bb88c5fef14\",\"precedence\":\"next\",\"crossOrigin\":\"$undefined\",\"nonce\":\"$undefined\"}],[\"$\",\"link\",\"12\",{\"rel\":\"stylesheet\",\"href\":\"https://www.web.nhk/_next/static/css/80a8c136dda5a37c.css?dpl=580b690a4f62e40031951ad497c31bb88c5fef14\",\"precedence\":\"next\",\"crossOrigin\":\"$undefined\",\"nonce\":\"$undefined\"}],[\"$\",\"link\",\"13\",{\"rel\":\"stylesheet\",\"href\":\"https://www.web.nhk/_next/static/css/072d4899846d1aec.css?dpl=580b690a4f62e40031951ad497c31bb88c5fef14\",\"precedence\":\"next\",\"crossOrigin\":\"$undefined\",\"nonce\":\"$undefined\"}],[\"$\",\"link\",\"14\",{\"rel\":\"stylesheet\",\"href\":\"https://www.web.nhk/_next/static/css/ee229214fa739de8.css?dpl=580b690a4f62e40031951ad497c31bb88c5fef14\",\"precedence\":\"next\",\"crossOrigin\":\"$undefined\",\"nonce\":\"$undefined\"}],[\"$\",\"link\",\"15\",{\"rel\":\"stylesheet\",\"href\":\"https://www.web.nhk/_next/static/css/472a679559c95bea.css?dpl=580b690a4f62e40031951ad497c31bb88c5fef14\",\"precedence\":\"next\",\"crossOrigin\":\"$undefined\",\"nonce\":\"$undefined\"}],[\"$\",\"link\",\"16\",{\"rel\":\"stylesheet\",\"href\":\"https://www.web.nhk/_next/static/css/77b9a2d78496288d.css?dpl=580b690a4f62e40031951ad497c31bb88c5fef14\",\"precedence\":\"next\",\"crossOrigin\":\"$undefined\",\"nonce\":\"$undefined\"}],[\"$\",\"link\",\"17\",{\"rel\":\"stylesheet\",\"href\":\"https://www.web.nhk/_next/static/css/40ab95a9346793cc.css?dpl=580b690a4f62e40031951ad497c31bb88c5fef14\",\"precedence\":\"next\",\"crossOrigin\":\"$undefined\",\"nonce\":\"$undefined\"}]],[\"$\",\"$L1a\",null,{\"children\":[\"$L1b\",\"$L1c\"]}]]}]\n"])</script><script>self.__next_f.push([1,"11:[\"$\",\"$1\",\"h\",{\"children\":[null,[[\"$\",\"$L1d\",null,{\"children\":\"$L1e\"}],null],[\"$\",\"$L1f\",null,{\"children\":\"$L20\"}]]}]\n13:[\"$\",\"link\",\"0\",{\"rel\":\"stylesheet\",\"href\":\"https://www.web.nhk/_next/static/css/97f8cecc2452cffc.css?dpl=580b690a4f62e40031951ad497c31bb88c5fef14\",\"precedence\":\"next\",\"crossOrigin\":\"$undefined\",\"nonce\":\"$undefined\"}]\n14:[\"$\",\"link\",\"1\",{\"rel\":\"stylesheet\",\"href\":\"https://www.web.nhk/_next/static/css/75b1b3dca22c4992.css?dpl=580b690a4f62e40031951ad497c31bb88c5fef14\",\"precedence\":\"next\",\"crossOrigin\":\"$undefined\",\"nonce\":\"$undefined\"}]\n15:[\"$\",\"link\",\"2\",{\"rel\":\"stylesheet\",\"href\":\"https://www.web.nhk/_next/static/css/6db9654b981d5259.css?dpl=580b690a4f62e40031951ad497c31bb88c5fef14\",\"precedence\":\"next\",\"crossOrigin\":\"$undefined\",\"nonce\":\"$undefined\"}]\n16:[\"$\",\"$L17\",null,{\"parallelRouterKey\":\"children\",\"error\":\"$undefined\",\"errorStyles\":\"$undefined\",\"errorScripts\":\"$undefined\",\"template\":[\"$\",\"$L18\",null,{}],\"templateStyles\":\"$undefined\",\"templateScripts\":\"$undefined\",\"notFound\":\"$undefined\",\"forbidden\":\"$undefined\",\"unauthorized\":\"$undefined\"}]\nb:[\"$\",\"html\",null,{\"lang\":\"ja\",\"suppressHydrationWarning\":true,\"children\":[\"$\",\"body\",null,{\"children\":\"$L21\"}]}]\n"])</script><script>self.__next_f.push([1,"19:[[[\"$\",\"script\",\"0\",{\"id\":\"json-ld-0\",\"type\":\"application/ld+json\",\"dangerouslySetInnerHTML\":{\"__html\":\"{\\\"@context\\\":[\\\"http://schema.org\\\",{\\\"@language\\\":\\\"ja\\\"}],\\\"@type\\\":\\\"WebPage\\\",\\\"name\\\":\\\"ドラマ\\\",\\\"description\\\":\\\"【NHK】ドラマのシリーズです。\\\",\\\"url\\\":\\\"https://www.web.nhk/tv/dk/series-tep-drama-997LTPA45I\\\",\\\"mainEntityOfPage\\\":{\\\"@type\\\":\\\"WebSite\\\",\\\"@id\\\":\\\"www.web.nhk\\\"},\\\"publisher\\\":{\\\"@type\\\":\\\"Organization\\\",\\\"name\\\":\\\"日本放送協会\\\",\\\"logo\\\":{\\\"@type\\\":\\\"ImageObject\\\",\\\"url\\\":\\\"https://imgu.bx.nhk/common/ci/logo/nhk_w50-w80-logo.svg\\\"}}}\"}}],[\"$\",\"script\",\"1\",{\"id\":\"json-ld-1\",\"type\":\"application/ld+json\",\"dangerouslySetInnerHTML\":{\"__html\":\"{\\\"@context\\\":[\\\"http://schema.org\\\",{\\\"@language\\\":\\\"ja\\\"}],\\\"@type\\\":\\\"Organization\\\",\\\"name\\\":\\\"日本放送協会\\\",\\\"logo\\\":{\\\"@type\\\":\\\"ImageObject\\\",\\\"url\\\":\\\"https://www.nhk.jp/assets/images/ci/logo/nhk_w50-w80-logo.svg\\\"},\\\"url\\\":\\\"https://www.nhk.or.jp/\\\"}\"}}]],[\"$\",\"$L22\",null,{\"topSpacing\":\"contents\",\"bottomSpacing\":\"object\",\"children\":[[\"$\",\"$L23\",null,{\"spacing\":\"paragraph\",\"children\":[[\"$\",\"$L24\",null,{\"title\":\"ドラマ\",\"description\":\"ドラマのシリーズです。\"}],\"$L25\"]}],\"$L26\"]}]]\n"])</script><script>self.__next_f.push([1,"25:[\"$\",\"$L23\",null,{\"spacing\":\"object\",\"children\":[[\"$\",\"$L23\",null,{\"spacing\":\"section\",\"children\":[[\"$\",\"$L27\",null,{\"initialActiveChipIndex\":0,\"items\":[{\"label\":\"すべて\",\"link\":{\"href\":\"/tv/dk/series-tep-drama-997LTPA45I\",\"scroll\":false}},{\"label\":\"配信中\",\"link\":{\"href\":{\"pathname\":\"/tv/dk/series-tep-drama-997LTPA45I\",\"query\":{\"mediaAction\":\"watch\"}},\"scroll\":false}},{\"label\":\"番組記事\",\"link\":{\"href\":{\"pathname\":\"/tv/dk/series-tep-drama-997LTPA45I\",\"query\":{\"mediaAction\":\"read\"}},\"scroll\":false}}]}],[[\"$\",\"$L23\",\"series-tep-32VWPKM6NX\",{\"spacing\":\"paragraph\",\"children\":[[\"$\",\"$L28\",null,{\"title\":\"テミスの不確かな法廷\",\"link\":{\"href\":\"https://www.web.nhk/tv/an/drama-themis/pl/series-tep-32VWPKM6NX\"}}],[\"$\",\"$L29\",null,{\"itemWidth\":{\"mobile\":171,\"desktop\":304},\"children\":[[\"$\",\"$L2a\",\"J65M4J33WP\",{\"content\":{\"type\":\"TVEpisode\",\"id\":\"J65M4J33WP\",\"name\":\"(8)向き合う覚悟\",\"detailedEpisodeNameRuby\":\"\",\"identifierGroup\":{\"tvEpisodeId\":\"J65M4J33WP\",\"tvSeriesId\":\"32VWPKM6NX\",\"tvEpisodeName\":\"(8)向き合う覚悟\",\"tvSeriesName\":\"テミスの不確かな法廷\",\"hashtag\":[],\"serviceId\":[\"g1\",\"g2\"],\"aliasId\":\"drama-themis\",\"formatGenreTag\":[{\"id\":\"03\",\"name\":\"ドラマ\"}],\"themeGenreTag\":[{\"id\":\"031\",\"name\":\"国内ドラマ\"}]},\"keyword\":[],\"description\":\"結城（小木茂光）は、精神科医・山路（和久井映見）に何かを伝えようとしていた。その事実を知った安堂（松山ケンイチ）は、結城が残した手がかりをもとに、前橋一家殺人事件との接点を探り始める。安堂の精神状態を案じた小野崎（鳴海唯）は調査に同行。前橋地裁第一支部、弁護団、検察がそれぞれの立場から真相に迫る中、真犯人の存在が浮かび上がり、徐々に点と点がつながっていく。そしてついに、再審請求の決議の日を迎える。\",\"dateCreated\":\"2025-12-25T18:36:44+09:00\",\"dateModified\":\"2026-03-03T04:39:48+09:00\",\"actor\":[],\"contributor\":[],\"partOfSeries\":{\"id\":\"32VWPKM6NX\",\"name\":\"テミスの不確かな法廷\",\"detailedSeriesNameRuby\":\"てみすのふたしかなほうてい\",\"identifierGroup\":{\"tvSeriesId\":\"32VWPKM6NX\",\"tvSeriesPlaylistId\":\"series-tep-32VWPKM6NX\",\"tvSeriesUId\":\"p05e97c86-fead-516b-b9c3-1a2a8a3c15c5\",\"tvSeriesName\":\"テミスの不確かな法廷\",\"hashtag\":[],\"serviceId\":[\"g1\",\"g2\"],\"aliasId\":\"drama-themis\",\"formatGenre\":[{\"id\":\"03\",\"name\":\"ドラマ\"}]},\"keyword\":[],\"detailedSynonym\":[],\"sameAs\":[{\"name\":\"NHKドラマ\",\"url\":\"https://www.nhk.jp/g/drama/\"},{\"name\":\"NHKオンデマンド\",\"url\":\"https://www.nhk-ondemand.jp/program/P202500492200000/index.html?capid=nol004922_001\"},{\"name\":\"制作開始のお知らせ\",\"url\":\"https://www.nhk.jp/g/blog/7225ufm1ma/\"}],\"canonical\":\"https://www.web.nhk/tv/an/drama-themis/pl/series-tep-32VWPKM6NX\",\"description\":\"【NHK公式】ドラマ10「テミスの不確かな法廷」\\n「宙わたる教室」制作チームが手がける法廷ヒューマンドラマ！\\n任官七年目の裁判官・安堂清春（松山ケンイチ）。東京から前橋地方裁判所第一支部へと異動してきた彼は、一見、穏やかな裁判官に見える。\\nだが、その内側には絶対に打ち明けられない秘密が…。\\n幼い頃、衝動性や落ち着きのなさからASD（自閉スペクトラム症）とADHD（注意欠如多動症）と診断された安堂。\\n彼は自らの特性を隠し、自分の考える“普通”を装って生きてきた。\\nそれでも、ふとした言動が前橋地裁第一支部の面々を戸惑わせ、法廷内外で混乱を巻き起こしてしまう。\\n\\nそんな安堂の元に、複雑な人間模様が絡み合う、難解な事件が舞い込んでくる。\\n市長を襲った青年。親友をこん睡状態に追い込んだ高校生。そして「父は法律に殺された」と訴える娘――。\\nやがて、安堂の特性からくる“こだわり”が、誰も気づかなかった事件の矛盾をあぶり出す。\\nしかし同時に、彼は自身の衝動とも格闘しながら公判に挑まなければならない。\\n果たして安堂は、公正に事件を裁き、真実へと辿り着くことができるのか！？\\n\\n【放送予定】\\n2026年1月6日（火）スタート〈全8回〉\\n総合テレビ　毎週火曜　夜10:00～10:45\\n[再放送] 総合テレビ　毎週金曜　午前0:35～1:20　※木曜深夜\\n【原作】　直島翔 「テミスの不確かな法廷」\\n【脚本】　浜田秀哉\\n【音楽】　jizue\\n【出演】　松山ケンイチ　鳴海唯　恒松祐里　山崎樹範／市川実日子／和久井映見　遠藤憲一　他\\n【演出】　吉川久岳（ランプ）、山下和徳、相良健一、富澤昭文\\n【制作統括】　橋立聖史（ランプ）、神林伸太郎（NHKエンタープライズ）、渡辺悟（NHK）\",\"detailedCatch\":\"発達障害を抱えた裁判官が難解な事件に挑む\",\"logo\":{\"main\":{\"url\":\"https://imgu.web.nhk/static/assets/images/tvseries/ts/32VWPKM6NX/32VWPKM6NX-logo_828f940b0935f2c88c185499d12d2962.png\",\"width\":1080,\"height\":1080},\"medium\":{\"url\":\"https://imgu.web.nhk/static/assets/images/tvseries/ts/32VWPKM6NX/32VWPKM6NX-logo_8efc99cc3bd9306dd4467364a74fc245.png\",\"width\":640,\"height\":640},\"small\":{\"url\":\"https://imgu.web.nhk/static/assets/images/tvseries/ts/32VWPKM6NX/32VWPKM6NX-logo_eb53b73599bb3a12a7348e223b80d402.png\",\"width\":200,\"height\":200}},\"eyecatch\":{\"large\":{\"url\":\"https://imgu.web.nhk/static/assets/images/tvseries/ts/32VWPKM6NX/32VWPKM6NX-eyecatch_8c03dd6170b3c1f9839acd1470b220cb.png\",\"width\":3840,\"height\":2160},\"main\":{\"url\":\"https://imgu.web.nhk/static/assets/images/tvseries/ts/32VWPKM6NX/32VWPKM6NX-eyecatch_1978a831e355939ce5b784e1ccaa8a51.png\",\"width\":1920,\"height\":1080},\"medium\":{\"url\":\"https://imgu.web.nhk/static/assets/images/tvseries/ts/32VWPKM6NX/32VWPKM6NX-eyecatch_bfb53794ff02850bbf363238ee44389f.png\",\"width\":1280,\"height\":720},\"small\":{\"url\":\"https://imgu.web.nhk/static/assets/images/tvseries/ts/32VWPKM6NX/32VWPKM6NX-eyecatch_c4bf75e830963eb2a39241978a2ea298.png\",\"width\":640,\"height\":360}},\"hero\":{\"main\":{\"url\":\"https://imgu.web.nhk/static/assets/images/tvseries/ts/32VWPKM6NX/32VWPKM6NX-hero_a3a67dcfe488d632aba74e48fe2e622a.png\",\"width\":1920,\"height\":640},\"medium\":{\"url\":\"https://imgu.web.nhk/static/assets/images/tvseries/ts/32VWPKM6NX/32VWPKM6NX-hero_8d883d52b93f5e90cdb211757afade88.png\",\"width\":1080,\"height\":360}},\"style\":{\"textLight\":\"#000000\",\"textDark\":\"#FFFFFF\",\"linkLight\":\"#E22300\",\"linkDark\":\"#FF330D\",\"primaryLight\":\"#FF2800\",\"primaryDark\":\"#FF2800\"},\"additionalProperty\":{\"publishLevel\":\"full\",\"layoutPattern\":\"summary\",\"episodeOrderBy\":\"releasedEvent\",\"availableOnPlus\":false,\"enableVariablePlayBackSpeedControl\":false,\"optional\":[],\"seriesPackStatus\":\"notPacked\",\"supportMedia\":[\"@screen\"],\"supportMusicList\":true,\"supportPlusEmbed\":true,\"enableWebContent\":false},\"url\":\"https://api-local.ss.org.nhk/r8/t/nplaylist/pl/series-tep-32VWPKM6NX.json\",\"itemUrl\":\"https://api-local.ss.org.nhk/r8/l/tvepisode/pl/series-tep-32VWPKM6NX.json\"},\"releasedEvent\":{\"id\":\"g1-130-2026031012164\",\"startDate\":\"2026-03-10T22:00:00+09:00\",\"displayStartDate\":\"2026-03-10T22:00:00+09:00\",\"endDate\":\"2026-03-10T22:45:00+09:00\",\"publishedOn\":{\"type\":\"BroadcastService\",\"id\":\"bs-g1-130\",\"name\":\"NHK総合テレビジョン\",\"url\":\"https://api-local.ss.org.nhk/r8/t/broadcastservice/bs/g1-130.json\",\"broadcastDisplayName\":\"NHK総合・東京\",\"videoFormat\":[\"2K\"],\"encodingFormat\":[\"video/X-arib-mpeg2\",\"audio/X-arib-mpeg2-aac\"],\"identifierGroup\":{\"serviceId\":\"g1\",\"serviceName\":\"NHK総合1\",\"areaId\":\"130\",\"areaName\":\"東京\",\"channelId\":\"011\",\"channelKey\":\"1\",\"channelAreaName\":\"東京\",\"channelStationName\":\"首都圏\",\"shortenedName\":\"NHK総合1\",\"shortenedDisplayName\":\"総合\",\"multiChannelDisplayName\":\"総合\"},\"logo\":{\"url\":\"https://imgu.web.nhk/common/broadcastservice/bs/g1/g1-logo.svg\",\"main\":{\"url\":\"https://imgu.web.nhk/common/broadcastservice/bs/g1/g1-logo_1080x1080.png\",\"width\":1080,\"height\":1080},\"medium\":{\"url\":\"https://imgu.web.nhk/common/broadcastservice/bs/g1/g1-logo_640x640.png\",\"width\":640,\"height\":640},\"small\":{\"url\":\"https://imgu.web.nhk/common/broadcastservice/bs/g1/g1-logo_200x200.png\",\"width\":200,\"height\":200}},\"eyecatch\":{\"url\":\"https://imgu.web.nhk/common/broadcastservice/bs/g1/g1-eyecatch.svg\",\"large\":{\"url\":\"https://imgu.web.nhk/common/broadcastservice/bs/g1/g1-eyecatch_3840x2160.png\",\"width\":3840,\"height\":2160},\"main\":{\"url\":\"https://imgu.web.nhk/common/broadcastservice/bs/g1/g1-eyecatch_1920x1080.png\",\"width\":1920,\"height\":1080},\"medium\":{\"url\":\"https://imgu.web.nhk/common/broadcastservice/bs/g1/g1-eyecatch_1280x720.png\",\"width\":1280,\"height\":720},\"small\":{\"url\":\"https://imgu.web.nhk/common/broadcastservice/bs/g1/g1-eyecatch_640x360.png\",\"width\":640,\"height\":360}},\"hero\":{\"url\":\"https://imgu.web.nhk/common/broadcastservice/bs/g1/g1-hero.svg\",\"main\":{\"url\":\"https://imgu.web.nhk/common/broadcastservice/bs/g1/g1-hero_1920x640.png\",\"width\":1920,\"height\":640},\"medium\":{\"url\":\"https://imgu.web.nhk/common/broadcastservice/bs/g1/g1-hero_1080x360.png\",\"width\":1080,\"height\":360}},\"badge9x4\":{\"url\":\"https://imgu.web.nhk/common/broadcastservice/bs/g1/g1-badge9x4.svg\",\"main\":{\"url\":\"https://imgu.web.nhk/common/broadcastservice/bs/g1/g1-badge9x4_360x160.png\",\"width\":360,\"height\":160},\"small\":{\"url\":\"https://imgu.web.nhk/common/broadcastservice/bs/g1/g1-badge9x4_180x80.png\",\"width\":180,\"height\":80}}}},\"detailedRecentEvent\":{\"id\":\"g1-130-2026031012164\",\"startDate\":\"2026-03-10T22:00:00+09:00\",\"endDate\":\"2026-03-10T22:45:00+09:00\",\"identifierGroup\":{\"broadcastEventId\":\"g1-130-2026031012164\",\"serviceId\":\"g1\",\"areaId\":\"130\",\"stationId\":\"001\",\"date\":\"2026-03-10\",\"eventId\":\"12164\",\"genre\":[{\"id\":\"0300\",\"name1\":\"ドラマ\",\"name2\":\"国内ドラマ\"}],\"onid\":\"7fe0\",\"sid\":\"0400\",\"tsid\":\"7fe0\"},\"misc\":{\"displayVideoMode\":\"none\",\"displayVideoRange\":\"sdr\",\"displayAudioMode\":[\"kaisetsu\"],\"audioMode\":[\"stereoKaisetsu\"],\"supportCaption\":true,\"supportSign\":false,\"supportHybridcast\":false,\"supportDataBroadcast\":false,\"isInteractive\":false,\"isChangeable\":false,\"releaseLevel\":\"original\",\"programType\":\"program\",\"coverage\":\"nationwide\",\"actList\":[{\"role\":\"原作\",\"name\":\"直島翔\",\"nameRuby\":\"ﾅｵｼﾏｼｮｳ\"},{\"role\":\"脚本\",\"name\":\"浜田秀哉\",\"nameRuby\":\"ﾊﾏﾀﾞﾋﾃﾞﾔ\"},{\"role\":\"出演\",\"name\":\"松山ケンイチ\",\"nameRuby\":\"ﾏﾂﾔﾏｹﾝｲﾁ\"},{\"role\":\"出演\",\"name\":\"鳴海唯\",\"nameRuby\":\"ﾅﾙﾐﾕｲ\"},{\"role\":\"出演\",\"name\":\"恒松祐里\",\"nameRuby\":\"ﾂﾈﾏﾂﾕﾘ\"},{\"role\":\"出演\",\"name\":\"山崎樹範\",\"nameRuby\":\"ﾔﾏｻﾞｷｼｹﾞﾉﾘ\"},{\"role\":\"出演\",\"name\":\"小木茂光\",\"nameRuby\":\"ｵｷﾞｼｹﾞﾐﾂ\"},{\"role\":\"出演\",\"name\":\"山本未來\",\"nameRuby\":\"ﾔﾏﾓﾄﾐﾗｲ\"},{\"role\":\"出演\",\"name\":\"齋藤飛鳥\",\"nameRuby\":\"ｻｲﾄｳｱｽｶ\"},{\"role\":\"出演\",\"name\":\"市川実日子\",\"nameRuby\":\"ｲﾁｶﾜﾐｶｺ\"},{\"role\":\"出演\",\"name\":\"和久井映見\",\"nameRuby\":\"ﾜｸｲｴﾐ\"},{\"role\":\"出演\",\"name\":\"遠藤憲一\",\"nameRuby\":\"ｴﾝﾄﾞｳｹﾝｲﾁ\"}],\"musicList\":[]},\"publishedOn\":{\"type\":\"BroadcastService\",\"id\":\"bs-g1-130\",\"name\":\"NHK総合テレビジョン\",\"url\":\"https://api-local.ss.org.nhk/r8/t/broadcastservice/bs/g1-130.json\",\"broadcastDisplayName\":\"NHK総合・東京\",\"videoFormat\":[\"2K\"],\"encodingFormat\":[\"video/X-arib-mpeg2\",\"audio/X-arib-mpeg2-aac\"],\"identifierGroup\":{\"serviceId\":\"g1\",\"serviceName\":\"NHK総合1\",\"areaId\":\"130\",\"areaName\":\"東京\",\"channelId\":\"011\",\"channelKey\":\"1\",\"channelAreaName\":\"東京\",\"channelStationName\":\"首都圏\",\"shortenedName\":\"NHK総合1\",\"shortenedDisplayName\":\"総合\",\"multiChannelDisplayName\":\"総合\"},\"logo\":{\"url\":\"https://imgu.web.nhk/common/broadcastservice/bs/g1/g1-logo.svg\",\"main\":{\"url\":\"https://imgu.web.nhk/common/broadcastservice/bs/g1/g1-logo_1080x1080.png\",\"width\":1080,\"height\":1080},\"medium\":{\"url\":\"https://imgu.web.nhk/common/broadcastservice/bs/g1/g1-logo_640x640.png\",\"width\":640,\"height\":640},\"small\":{\"url\":\"https://imgu.web.nhk/common/broadcastservice/bs/g1/g1-logo_200x200.png\",\"width\":200,\"height\":200}},\"eyecatch\":{\"url\":\"https://imgu.web.nhk/common/broadcastservice/bs/g1/g1-eyecatch.svg\",\"large\":{\"url\":\"https://imgu.web.nhk/common/broadcastservice/bs/g1/g1-eyecatch_3840x2160.png\",\"width\":3840,\"height\":2160},\"main\":{\"url\":\"https://imgu.web.nhk/common/broadcastservice/bs/g1/g1-eyecatch_1920x1080.png\",\"width\":1920,\"height\":1080},\"medium\":{\"url\":\"https://imgu.web.nhk/common/broadcastservice/bs/g1/g1-eyecatch_1280x720.png\",\"width\":1280,\"height\":720},\"small\":{\"url\":\"https://imgu.web.nhk/common/broadcastservice/bs/g1/g1-eyecatch_640x360.png\",\"width\":640,\"height\":360}},\"hero\":{\"url\":\"https://imgu.web.nhk/common/broadcastservice/bs/g1/g1-hero.svg\",\"main\":{\"url\":\"https://imgu.web.nhk/common/broadcastservice/bs/g1/g1-hero_1920x640.png\",\"width\":1920,\"height\":640},\"medium\":{\"url\":\"https://imgu.web.nhk/common/broadcastservice/bs/g1/g1-hero_1080x360.png\",\"width\":1080,\"height\":360}},\"badge9x4\":{\"url\":\"https://imgu.web.nhk/common/broadcastservice/bs/g1/g1-badge9x4.svg\",\"main\":{\"url\":\"https://imgu.web.nhk/common/broadcastservice/bs/g1/g1-badge9x4_360x160.png\",\"width\":360,\"height\":160},\"small\":{\"url\":\"https://imgu.web.nhk/common/broadcastservice/bs/g1/g1-badge9x4_180x80.png\",\"width\":180,\"height\":80}}}},\"detailedComingEvent\":{\"id\":\"g1-130-2026031012164\",\"startDate\":\"2026-03-10T22:00:00+09:00\",\"endDate\":\"2026-03-10T22:45:00+09:00\",\"identifierGroup\":{\"broadcastEventId\":\"g1-130-2026031012164\",\"serviceId\":\"g1\",\"areaId\":\"130\",\"stationId\":\"001\",\"date\":\"2026-03-10\",\"eventId\":\"12164\",\"genre\":[{\"id\":\"0300\",\"name1\":\"ドラマ\",\"name2\":\"国内ドラマ\"}],\"onid\":\"7fe0\",\"sid\":\"0400\",\"tsid\":\"7fe0\"},\"misc\":{\"displayVideoMode\":\"none\",\"displayVideoRange\":\"sdr\",\"displayAudioMode\":[\"kaisetsu\"],\"audioMode\":[\"stereoKaisetsu\"],\"supportCaption\":true,\"supportSign\":false,\"supportHybridcast\":false,\"supportDataBroadcast\":false,\"isInteractive\":false,\"isChangeable\":false,\"releaseLevel\":\"original\",\"programType\":\"program\",\"coverage\":\"nationwide\",\"actList\":[{\"role\":\"原作\",\"name\":\"直島翔\",\"nameRuby\":\"ﾅｵｼﾏｼｮｳ\"},{\"role\":\"脚本\",\"name\":\"浜田秀哉\",\"nameRuby\":\"ﾊﾏﾀﾞﾋﾃﾞﾔ\"},{\"role\":\"出演\",\"name\":\"松山ケンイチ\",\"nameRuby\":\"ﾏﾂﾔﾏｹﾝｲﾁ\"},{\"role\":\"出演\",\"name\":\"鳴海唯\",\"nameRuby\":\"ﾅﾙﾐﾕｲ\"},{\"role\":\"出演\",\"name\":\"恒松祐里\",\"nameRuby\":\"ﾂﾈﾏﾂﾕﾘ\"},{\"role\":\"出演\",\"name\":\"山崎樹範\",\"nameRuby\":\"ﾔﾏｻﾞｷｼｹﾞﾉﾘ\"},{\"role\":\"出演\",\"name\":\"小木茂光\",\"nameRuby\":\"ｵｷﾞｼｹﾞﾐﾂ\"},{\"role\":\"出演\",\"name\":\"山本未來\",\"nameRuby\":\"ﾔﾏﾓﾄﾐﾗｲ\"},{\"role\":\"出演\",\"name\":\"齋藤飛鳥\",\"nameRuby\":\"ｻｲﾄｳｱｽｶ\"},{\"role\":\"出演\",\"name\":\"市川実日子\",\"nameRuby\":\"ｲﾁｶﾜﾐｶｺ\"},{\"role\":\"出演\",\"name\":\"和久井映見\",\"nameRuby\":\"ﾜｸｲｴﾐ\"},{\"role\":\"出演\",\"name\":\"遠藤憲一\",\"nameRuby\":\"ｴﾝﾄﾞｳｹﾝｲﾁ\"}],\"musicList\":[]},\"publishedOn\":{\"type\":\"BroadcastService\",\"id\":\"bs-g1-130\",\"name\":\"NHK総合テレビジョン\",\"url\":\"https://api-local.ss.org.nhk/r8/t/broadcastservice/bs/g1-130.json\",\"broadcastDisplayName\":\"NHK総合・東京\",\"videoFormat\":[\"2K\"],\"encodingFormat\":[\"video/X-arib-mpeg2\",\"audio/X-arib-mpeg2-aac\"],\"identifierGroup\":{\"serviceId\":\"g1\",\"serviceName\":\"NHK総合1\",\"areaId\":\"130\",\"areaName\":\"東京\",\"channelId\":\"011\",\"channelKey\":\"1\",\"channelAreaName\":\"東京\",\"channelStationName\":\"首都圏\",\"shortenedName\":\"NHK総合1\",\"shortenedDisplayName\":\"総合\",\"multiChannelDisplayName\":\"総合\"},\"logo\":{\"url\":\"https://imgu.web.nhk/common/broadcastservice/bs/g1/g1-logo.svg\",\"main\":{\"url\":\"https://imgu.web.nhk/common/broadcastservice/bs/g1/g1-logo_1080x1080.png\",\"width\":1080,\"height\":1080},\"medium\":{\"url\":\"https://imgu.web.nhk/common/broadcastservice/bs/g1/g1-logo_640x640.png\",\"width\":640,\"height\":640},\"small\":{\"url\":\"https://imgu.web.nhk/common/broadcastservice/bs/g1/g1-logo_200x200.png\",\"width\":200,\"height\":200}},\"eyecatch\":{\"url\":\"https://imgu.web.nhk/common/broadcastservice/bs/g1/g1-eyecatch.svg\",\"large\":{\"url\":\"https://imgu.web.nhk/common/broadcastservice/bs/g1/g1-eyecatch_3840x2160.png\",\"width\":3840,\"height\":2160},\"main\":{\"url\":\"https://imgu.web.nhk/common/broadcastservice/bs/g1/g1-eyecatch_1920x1080.png\",\"width\":1920,\"height\":1080},\"medium\":{\"url\":\"https://imgu.web.nhk/common/broadcastservice/bs/g1/g1-eyecatch_1280x720.png\",\"width\":1280,\"height\":720},\"small\":{\"url\":\"https://imgu.web.nhk/common/broadcastservice/bs/g1/g1-eyecatch_640x360.png\",\"width\":640,\"height\":360}},\"hero\":{\"url\":\"https://imgu.web.nhk/common/broadcastservice/bs/g1/g1-hero.svg\",\"main\":{\"url\":\"https://imgu.web.nhk/common/broadcastservice/bs/g1/g1-hero_1920x640.png\",\"width\":1920,\"height\":640},\"medium\":{\"url\":\"https://imgu.web.nhk/common/broadcastservice/bs/g1/g1-hero_1080x360.png\",\"width\":1080,\"height\":360}},\"badge9x4\":{\"url\":\"https://imgu.web.nhk/common/broadcastservice/bs/g1/g1-badge9x4.svg\",\"main\":{\"url\":\"https://imgu.web.nhk/common/broadcastservice/bs/g1/g1-badge9x4_360x160.png\",\"width\":360,\"height\":160},\"small\":{\"url\":\"https://imgu.web.nhk/common/broadcastservice/bs/g1/g1-badge9x4_180x80.png\",\"width\":180,\"height\":80}}}},\"eyecatch\":{\"large\":{\"url\":\"https://imgu.web.nhk/static/assets/images/tvepisode/te/J65M4J33WP/J65M4J33WP-eyecatch_6be65d62eb9d68b377b75c2065d3eb53.png\",\"width\":3840,\"height\":2160},\"main\":{\"url\":\"https://imgu.web.nhk/static/assets/images/tvepisode/te/J65M4J33WP/J65M4J33WP-eyecatch_8d2915ea19e98262113db0d7843af8cd.png\",\"width\":1920,\"height\":1080},\"medium\":{\"url\":\"https://imgu.web.nhk/static/assets/images/tvepisode/te/J65M4J33WP/J65M4J33WP-eyecatch_9574f65091da578f7508e6ff0b5bf8ba.png\",\"width\":1280,\"height\":720},\"small\":{\"url\":\"https://imgu.web.nhk/static/assets/images/tvepisode/te/J65M4J33WP/J65M4J33WP-eyecatch_55ad464cfd2f5b6b7a18bffb5a19d588.png\",\"width\":640,\"height\":360}},\"eyecatchList\":[{\"large\":{\"url\":\"https://imgu.web.nhk/static/assets/images/tvepisode/te/J65M4J33WP/J65M4J33WP-eyecatches_11b4703168eb4f83fdc2585604d9e8fb.jpg\",\"width\":3840,\"height\":2160},\"main\":{\"url\":\"https://imgu.web.nhk/static/assets/images/tvepisode/te/J65M4J33WP/J65M4J33WP-eyecatches_b6932c40a5e33f499e6c9bf57254da33.jpg\",\"width\":1920,\"height\":1080},\"medium\":{\"url\":\"https://imgu.web.nhk/static/assets/images/tvepisode/te/J65M4J33WP/J65M4J33WP-eyecatches_d4c38720430b5dc1025679146c2d9b96.jpg\",\"width\":1280,\"height\":720},\"small\":{\"url\":\"https://imgu.web.nhk/static/assets/images/tvepisode/te/J65M4J33WP/J65M4J33WP-eyecatches_5772761e574bf037ea1e93c706b097bf.jpg\",\"width\":640,\"height\":360}},{\"large\":{\"url\":\"https://imgu.web.nhk/static/assets/images/tvepisode/te/J65M4J33WP/J65M4J33WP-eyecatches_3de2ac23048d068708659d09e7efb8a1.jpg\",\"width\":3840,\"height\":2160},\"main\":{\"url\":\"https://imgu.web.nhk/static/assets/images/tvepisode/te/J65M4J33WP/J65M4J33WP-eyecatches_9c19aef5fa31419b5622799c9eca3715.jpg\",\"width\":1920,\"height\":1080},\"medium\":{\"url\":\"https://imgu.web.nhk/static/assets/images/tvepisode/te/J65M4J33WP/J65M4J33WP-eyecatches_d04126b9636f2f16e7cc20464d035ba5.jpg\",\"width\":1280,\"height\":720},\"small\":{\"url\":\"https://imgu.web.nhk/static/assets/images/tvepisode/te/J65M4J33WP/J65M4J33WP-eyecatches_3e18644a09a52837c618f4fc51922f10.jpg\",\"width\":640,\"height\":360}},{\"large\":{\"url\":\"https://imgu.web.nhk/static/assets/images/tvepisode/te/J65M4J33WP/J65M4J33WP-eyecatches_b37b1bcc66f8dc29f9cb387bf72f60de.jpg\",\"width\":3840,\"height\":2160},\"main\":{\"url\":\"https://imgu.web.nhk/static/assets/images/tvepisode/te/J65M4J33WP/J65M4J33WP-eyecatches_de713e18a6124a0757b00a6c481da2ee.jpg\",\"width\":1920,\"height\":1080},\"medium\":{\"url\":\"https://imgu.web.nhk/static/assets/images/tvepisode/te/J65M4J33WP/J65M4J33WP-eyecatches_1cb24b1b8f83b11257ff4634e4d685ff.jpg\",\"width\":1280,\"height\":720},\"small\":{\"url\":\"https://imgu.web.nhk/static/assets/images/tvepisode/te/J65M4J33WP/J65M4J33WP-eyecatches_b64535e701460e286f27a5b95dfb7426.jpg\",\"width\":640,\"height\":360}},{\"large\":{\"url\":\"https://imgu.web.nhk/static/assets/images/tvepisode/te/J65M4J33WP/J65M4J33WP-eyecatches_c5a38be4ffeaf00ab9be6073fffad0b7.jpg\",\"width\":3840,\"height\":2160},\"main\":{\"url\":\"https://imgu.web.nhk/static/assets/images/tvepisode/te/J65M4J33WP/J65M4J33WP-eyecatches_692591271d0d9578260e6ca7260a546f.jpg\",\"width\":1920,\"height\":1080},\"medium\":{\"url\":\"https://imgu.web.nhk/static/assets/images/tvepisode/te/J65M4J33WP/J65M4J33WP-eyecatches_12d05306bbb982f25d79ad314d56cc5c.jpg\",\"width\":1280,\"height\":720},\"small\":{\"url\":\"https://imgu.web.nhk/static/assets/images/tvepisode/te/J65M4J33WP/J65M4J33WP-eyecatches_ecaaab4798ea500e09d07224439bcc51.jpg\",\"width\":640,\"height\":360}}],\"video\":[{\"id\":\"hskOriginal-g1-130-2026031012164\",\"name\":\"【ドラマ１０】テミスの不確かな法廷　🈡（８）向き合う覚悟\",\"description\":\"結城（小木茂光）は、精神科医・山路（和久井映見）に何かを伝えようとしていた。その事実を知った安堂（松山ケンイチ）は、結城が残した手がかりをもとに、前橋一家殺人事件との接点を探り始める。安堂の精神状態を案じた小野崎（鳴海唯）は調査に同行。前橋地裁第一支部、弁護団、検察がそれぞれの立場から真相に迫る中、真犯人の存在が浮かび上がり、徐々に点と点がつながっていく。そしてついに、再審請求の決議の日を迎える。\",\"url\":\"https://www.web.nhk/tv/an/drama-themis/pl/series-tep-32VWPKM6NX/ep/J65M4J33WP\",\"identifierGroup\":{\"environmentId\":\"hskOriginal\",\"broadcastEventId\":\"g1-130-2026031012164\",\"serviceId\":\"g1\",\"streamType\":\"vod\"},\"detailedContentStatus\":{\"environmentId\":\"hskOriginal\",\"streamType\":\"vod\",\"contentStatus\":\"notyet\"},\"detailedVideoDescriptor\":\"https://simul.hsk.st.nhk/npd3/7fe0-0400/20260310/2f84-1-1-b4569581d478a9e7e9ae240ceeda2bf4/videoinfo-7f2fe6b7ea445e40d1cd558e6f4872da.json\",\"expires\":\"2026-03-17T22:44:30+09:00\",\"duration\":\"PT44M30S\",\"startDate\":\"2026-03-10T22:00:00+09:00\",\"endDate\":\"2026-03-10T22:44:30+09:00\",\"isDivided\":false,\"publication\":[{\"id\":\"g1-130-2026031012164\",\"url\":\"https://api-local.ss.org.nhk/r8/t/broadcastevent/be/g1-130-2026031012164.json\",\"isLiveBroadcast\":true}],\"uploadDate\":\"2026-03-10T22:44:30+09:00\"}],\"citation\":[],\"detailedPinnedCitation\":[],\"sameAs\":[],\"correction\":[],\"url\":\"https://api-local.ss.org.nhk/r8/t/tvepisode/te/J65M4J33WP.json\",\"canonical\":\"https://www.web.nhk/tv/an/drama-themis/pl/series-tep-32VWPKM6NX/ep/J65M4J33WP\",\"associatedMedia\":[{\"id\":\"bcUploadTrailer1\",\"name\":\"【ドラマ10】テミスの不確かな法廷\",\"description\":\"(8)向き合う覚悟\\n\",\"embedUrl\":\"https://www.nhk.jp/assets/players/bc/v3/index.html?account=6415847969001\u0026player=YVUjvvMQb\u0026videoId=6390301977112\",\"identifierGroup\":{\"environmentId\":\"bcUploadTrailer\",\"streamType\":\"clip\",\"bcAccountId\":\"6415847969001\",\"bcVideoId\":\"6390301977112\"},\"detailedContentStatus\":{\"environmentId\":\"bcUploadTrailer\",\"streamType\":\"clip\",\"contentStatus\":\"ready\"},\"thumbnail\":{\"main\":{\"url\":\"https://imgu.web.nhk/static/assets/images/tvepisode/te/J65M4J33WP/J65M4J33WP-eyecatch_8d2915ea19e98262113db0d7843af8cd.png\",\"width\":1920,\"height\":1080},\"medium\":{\"url\":\"https://imgu.web.nhk/static/assets/images/tvepisode/te/J65M4J33WP/J65M4J33WP-eyecatch_9574f65091da578f7508e6ff0b5bf8ba.png\",\"width\":1280,\"height\":720},\"small\":{\"url\":\"https://imgu.web.nhk/static/assets/images/tvepisode/te/J65M4J33WP/J65M4J33WP-eyecatch_55ad464cfd2f5b6b7a18bffb5a19d588.png\",\"width\":640,\"height\":360}},\"additionalProperty\":{\"typeOfUpload\":\"trailer\"},\"uploadDate\":\"2026-03-04T10:00:00+09:00\",\"regionsAllowed\":\"JP\",\"expires\":\"2026-03-17T00:00:00+09:00\"}],\"hasPart\":[],\"additionalProperty\":{\"episodeMergeStatus\":\"notMerged\"}},\"link\":{\"href\":\"https://www.web.nhk/tv/an/drama-themis/pl/series-tep-32VWPKM6NX/ep/J65M4J33WP\"}}],\"$L2b\",\"$L2c\",\"$L2d\",\"$L2e\",\"$L2f\",\"$L30\",\"$L31\"]}]]}],\"$L32\",\"$L33\",\"$L34\",\"$L35\",\"$L36\",\"$L37\"]]}],\"$L38\"]}]\n"])</script><script>self.__next_f.push([1,"26:[\"$\",\"$L39\",null,{\"marginTop\":\"section\",\"children\":[\"$\",\"$L3a\",null,{\"items\":[{\"label\":\"NHK ONE トップ\",\"link\":{\"href\":\"/\"}},{\"label\":\"ドラマ\"}]}]}]\n"])</script><script>self.__next_f.push([1,"2b:[\"$\",\"$L2a\",\"E6JLGKRYQZ\",{\"content\":{\"type\":\"TVEpisode\",\"id\":\"E6JLGKRYQZ\",\"name\":\"(7)裁判所主導の職権主義\",\"detailedEpisodeNameRuby\":\"\",\"identifierGroup\":{\"tvEpisodeId\":\"E6JLGKRYQZ\",\"tvSeriesId\":\"32VWPKM6NX\",\"tvEpisodeName\":\"(7)裁判所主導の職権主義\",\"tvSeriesName\":\"テミスの不確かな法廷\",\"hashtag\":[],\"serviceId\":[\"g1\",\"g2\"],\"aliasId\":\"drama-themis\",\"formatGenreTag\":[{\"id\":\"03\",\"name\":\"ドラマ\"}],\"themeGenreTag\":[{\"id\":\"031\",\"name\":\"国内ドラマ\"}]},\"keyword\":[],\"description\":\"検察が証拠を開示しないために行き詰まる再審請求審。裁判長・門倉（遠藤憲一）は職権主義を持ち出し、異例にも裁判所主導で新たな証拠を見つけると決断。一方、裁判所には、事件に関わるかもしれない情報が寄せられる。その中で、明らかに関連がなさそうな別の事件の情報が気になった安堂（松山ケンイチ）は、小野崎（鳴海唯）と共に被害者の父・羽鳥（田辺誠一）を訪ねる。しかし調査を進める最中、予期せぬ連絡が入り・・・\",\"dateCreated\":\"2025-12-25T18:20:24+09:00\",\"dateModified\":\"2026-02-24T18:54:32+09:00\",\"actor\":[],\"contributor\":[],\"partOfSeries\":{\"id\":\"32VWPKM6NX\",\"name\":\"テミスの不確かな法廷\",\"detailedSeriesNameRuby\":\"てみすのふたしかなほうてい\",\"identifierGroup\":{\"tvSeriesId\":\"32VWPKM6NX\",\"tvSeriesPlaylistId\":\"series-tep-32VWPKM6NX\",\"tvSeriesUId\":\"p05e97c86-fead-516b-b9c3-1a2a8a3c15c5\",\"tvSeriesName\":\"テミスの不確かな法廷\",\"hashtag\":[],\"serviceId\":[\"g1\",\"g2\"],\"aliasId\":\"drama-themis\",\"formatGenre\":[{\"id\":\"03\",\"name\":\"ドラマ\"}]},\"keyword\":[],\"detailedSynonym\":[],\"sameAs\":[{\"name\":\"NHKドラマ\",\"url\":\"https://www.nhk.jp/g/drama/\"},{\"name\":\"NHKオンデマンド\",\"url\":\"https://www.nhk-ondemand.jp/program/P202500492200000/index.html?capid=nol004922_001\"},{\"name\":\"制作開始のお知らせ\",\"url\":\"https://www.nhk.jp/g/blog/7225ufm1ma/\"}],\"canonical\":\"https://www.web.nhk/tv/an/drama-themis/pl/series-tep-32VWPKM6NX\",\"description\":\"【NHK公式】ドラマ10「テミスの不確かな法廷」\\n「宙わたる教室」制作チームが手がける法廷ヒューマンドラマ！\\n任官七年目の裁判官・安堂清春（松山ケンイチ）。東京から前橋地方裁判所第一支部へと異動してきた彼は、一見、穏やかな裁判官に見える。\\nだが、その内側には絶対に打ち明けられない秘密が…。\\n幼い頃、衝動性や落ち着きのなさからASD（自閉スペクトラム症）とADHD（注意欠如多動症）と診断された安堂。\\n彼は自らの特性を隠し、自分の考える“普通”を装って生きてきた。\\nそれでも、ふとした言動が前橋地裁第一支部の面々を戸惑わせ、法廷内外で混乱を巻き起こしてしまう。\\n\\nそんな安堂の元に、複雑な人間模様が絡み合う、難解な事件が舞い込んでくる。\\n市長を襲った青年。親友をこん睡状態に追い込んだ高校生。そして「父は法律に殺された」と訴える娘――。\\nやがて、安堂の特性からくる“こだわり”が、誰も気づかなかった事件の矛盾をあぶり出す。\\nしかし同時に、彼は自身の衝動とも格闘しながら公判に挑まなければならない。\\n果たして安堂は、公正に事件を裁き、真実へと辿り着くことができるのか！？\\n\\n【放送予定】\\n2026年1月6日（火）スタート〈全8回〉\\n総合テレビ　毎週火曜　夜10:00～10:45\\n[再放送] 総合テレビ　毎週金曜　午前0:35～1:20　※木曜深夜\\n【原作】　直島翔 「テミスの不確かな法廷」\\n【脚本】　浜田秀哉\\n【音楽】　jizue\\n【出演】　松山ケンイチ　鳴海唯　恒松祐里　山崎樹範／市川実日子／和久井映見　遠藤憲一　他\\n【演出】　吉川久岳（ランプ）、山下和徳、相良健一、富澤昭文\\n【制作統括】　橋立聖史（ランプ）、神林伸太郎（NHKエンタープライズ）、渡辺悟（NHK）\",\"detailedCatch\":\"発達障害を抱えた裁判官が難解な事件に挑む\",\"logo\":{\"main\":{\"url\":\"https://imgu.web.nhk/static/assets/images/tvseries/ts/32VWPKM6NX/32VWPKM6NX-logo_828f940b0935f2c88c185499d12d2962.png\",\"width\":1080,\"height\":1080},\"medium\":{\"url\":\"https://imgu.web.nhk/static/assets/images/tvseries/ts/32VWPKM6NX/32VWPKM6NX-logo_8efc99cc3bd9306dd4467364a74fc245.png\",\"width\":640,\"height\":640},\"small\":{\"url\":\"https://imgu.web.nhk/static/assets/images/tvseries/ts/32VWPKM6NX/32VWPKM6NX-logo_eb53b73599bb3a12a7348e223b80d402.png\",\"width\":200,\"height\":200}},\"eyecatch\":{\"large\":{\"url\":\"https://imgu.web.nhk/static/assets/images/tvseries/ts/32VWPKM6NX/32VWPKM6NX-eyecatch_8c03dd6170b3c1f9839acd1470b220cb.png\",\"width\":3840,\"height\":2160},\"main\":{\"url\":\"https://imgu.web.nhk/static/assets/images/tvseries/ts/32VWPKM6NX/32VWPKM6NX-eyecatch_1978a831e355939ce5b784e1ccaa8a51.png\",\"width\":1920,\"height\":1080},\"medium\":{\"url\":\"https://imgu.web.nhk/static/assets/images/tvseries/ts/32VWPKM6NX/32VWPKM6NX-eyecatch_bfb53794ff02850bbf363238ee44389f.png\",\"width\":1280,\"height\":720},\"small\":{\"url\":\"https://imgu.web.nhk/static/assets/images/tvseries/ts/32VWPKM6NX/32VWPKM6NX-eyecatch_c4bf75e830963eb2a39241978a2ea298.png\",\"width\":640,\"height\":360}},\"hero\":{\"main\":{\"url\":\"https://imgu.web.nhk/static/assets/images/tvseries/ts/32VWPKM6NX/32VWPKM6NX-hero_a3a67dcfe488d632aba74e48fe2e622a.png\",\"width\":1920,\"height\":640},\"medium\":{\"url\":\"https://imgu.web.nhk/static/assets/images/tvseries/ts/32VWPKM6NX/32VWPKM6NX-hero_8d883d52b93f5e90cdb211757afade88.png\",\"width\":1080,\"height\":360}},\"style\":{\"textLight\":\"#000000\",\"textDark\":\"#FFFFFF\",\"linkLight\":\"#E22300\",\"linkDark\":\"#FF330D\",\"primaryLight\":\"#FF2800\",\"primaryDark\":\"#FF2800\"},\"additionalProperty\":{\"publishLevel\":\"full\",\"layoutPattern\":\"summary\",\"episodeOrderBy\":\"releasedEvent\",\"availableOnPlus\":false,\"enableVariablePlayBackSpeedControl\":false,\"optional\":[],\"seriesPackStatus\":\"notPacked\",\"supportMedia\":[\"@screen\"],\"supportMusicList\":true,\"supportPlusEmbed\":true,\"enableWebContent\":false},\"url\":\"https://api-local.ss.org.nhk/r8/t/nplaylist/pl/series-tep-32VWPKM6NX.json\",\"itemUrl\":\"https://api-local.ss.org.nhk/r8/l/tvepisode/pl/series-tep-32VWPKM6NX.json\"},\"releasedEvent\":{\"id\":\"g1-130-2026030308105\",\"startDate\":\"2026-03-03T22:00:00+09:00\",\"displayStartDate\":\"2026-03-03T22:00:00+09:00\",\"endDate\":\"2026-03-03T22:45:00+09:00\",\"publishedOn\":{\"type\":\"BroadcastService\",\"id\":\"bs-g1-130\",\"name\":\"NHK総合テレビジョン\",\"url\":\"https://api-local.ss.org.nhk/r8/t/broadcastservice/bs/g1-130.json\",\"broadcastDisplayName\":\"NHK総合・東京\",\"videoFormat\":[\"2K\"],\"encodingFormat\":[\"video/X-arib-mpeg2\",\"audio/X-arib-mpeg2-aac\"],\"identifierGroup\":{\"serviceId\":\"g1\",\"serviceName\":\"NHK総合1\",\"areaId\":\"130\",\"areaName\":\"東京\",\"channelId\":\"011\",\"channelKey\":\"1\",\"channelAreaName\":\"東京\",\"channelStationName\":\"首都圏\",\"shortenedName\":\"NHK総合1\",\"shortenedDisplayName\":\"総合\",\"multiChannelDisplayName\":\"総合\"},\"logo\":{\"url\":\"https://imgu.web.nhk/common/broadcastservice/bs/g1/g1-logo.svg\",\"main\":{\"url\":\"https://imgu.web.nhk/common/broadcastservice/bs/g1/g1-logo_1080x1080.png\",\"width\":1080,\"height\":1080},\"medium\":{\"url\":\"https://imgu.web.nhk/common/broadcastservice/bs/g1/g1-logo_640x640.png\",\"width\":640,\"height\":640},\"small\":{\"url\":\"https://imgu.web.nhk/common/broadcastservice/bs/g1/g1-logo_200x200.png\",\"width\":200,\"height\":200}},\"eyecatch\":{\"url\":\"https://imgu.web.nhk/common/broadcastservice/bs/g1/g1-eyecatch.svg\",\"large\":{\"url\":\"https://imgu.web.nhk/common/broadcastservice/bs/g1/g1-eyecatch_3840x2160.png\",\"width\":3840,\"height\":2160},\"main\":{\"url\":\"https://imgu.web.nhk/common/broadcastservice/bs/g1/g1-eyecatch_1920x1080.png\",\"width\":1920,\"height\":1080},\"medium\":{\"url\":\"https://imgu.web.nhk/common/broadcastservice/bs/g1/g1-eyecatch_1280x720.png\",\"width\":1280,\"height\":720},\"small\":{\"url\":\"https://imgu.web.nhk/common/broadcastservice/bs/g1/g1-eyecatch_640x360.png\",\"width\":640,\"height\":360}},\"hero\":{\"url\":\"https://imgu.web.nhk/common/broadcastservice/bs/g1/g1-hero.svg\",\"main\":{\"url\":\"https://imgu.web.nhk/common/broadcastservice/bs/g1/g1-hero_1920x640.png\",\"width\":1920,\"height\":640},\"medium\":{\"url\":\"https://imgu.web.nhk/common/broadcastservice/bs/g1/g1-hero_1080x360.png\",\"width\":1080,\"height\":360}},\"badge9x4\":{\"url\":\"https://imgu.web.nhk/common/broadcastservice/bs/g1/g1-badge9x4.svg\",\"main\":{\"url\":\"https://imgu.web.nhk/common/broadcastservice/bs/g1/g1-badge9x4_360x160.png\",\"width\":360,\"height\":160},\"small\":{\"url\":\"https://imgu.web.nhk/common/broadcastservice/bs/g1/g1-badge9x4_180x80.png\",\"width\":180,\"height\":80}}}},\"detailedRecentEvent\":{\"id\":\"g1-130-2026030308105\",\"startDate\":\"2026-03-03T22:00:00+09:00\",\"endDate\":\"2026-03-03T22:45:00+09:00\",\"identifierGroup\":{\"broadcastEventId\":\"g1-130-2026030308105\",\"serviceId\":\"g1\",\"areaId\":\"130\",\"stationId\":\"001\",\"date\":\"2026-03-03\",\"eventId\":\"08105\",\"genre\":[{\"id\":\"0300\",\"name1\":\"ドラマ\",\"name2\":\"国内ドラマ\"}],\"onid\":\"7fe0\",\"sid\":\"0400\",\"tsid\":\"7fe0\"},\"misc\":{\"displayVideoMode\":\"none\",\"displayVideoRange\":\"sdr\",\"displayAudioMode\":[\"kaisetsu\"],\"audioMode\":[\"stereoKaisetsu\"],\"supportCaption\":true,\"supportSign\":false,\"supportHybridcast\":false,\"supportDataBroadcast\":false,\"isInteractive\":false,\"isChangeable\":false,\"releaseLevel\":\"original\",\"programType\":\"program\",\"coverage\":\"nationwide\",\"actList\":[{\"role\":\"原作\",\"name\":\"直島翔\",\"nameRuby\":\"ﾅｵｼﾏｼｮｳ\"},{\"role\":\"脚本\",\"name\":\"浜田秀哉\",\"nameRuby\":\"ﾊﾏﾀﾞﾋﾃﾞﾔ\"},{\"role\":\"出演\",\"name\":\"松山ケンイチ\",\"nameRuby\":\"ﾏﾂﾔﾏｹﾝｲﾁ\"},{\"role\":\"出演\",\"name\":\"鳴海唯\",\"nameRuby\":\"ﾅﾙﾐﾕｲ\"},{\"role\":\"出演\",\"name\":\"恒松祐里\",\"nameRuby\":\"ﾂﾈﾏﾂﾕﾘ\"},{\"role\":\"出演\",\"name\":\"山崎樹範\",\"nameRuby\":\"ﾔﾏｻﾞｷｼｹﾞﾉﾘ\"},{\"role\":\"出演\",\"name\":\"小木茂光\",\"nameRuby\":\"ｵｷﾞｼｹﾞﾐﾂ\"},{\"role\":\"出演\",\"name\":\"山本未來\",\"nameRuby\":\"ﾔﾏﾓﾄﾐﾗｲ\"},{\"role\":\"出演\",\"name\":\"齋藤飛鳥\",\"nameRuby\":\"ｻｲﾄｳｱｽｶ\"},{\"role\":\"出演\",\"name\":\"市川実日子\",\"nameRuby\":\"ｲﾁｶﾜﾐｶｺ\"},{\"role\":\"出演\",\"name\":\"田辺誠一\",\"nameRuby\":\"ﾀﾅﾍﾞｾｲｲﾁ\"},{\"role\":\"出演\",\"name\":\"和久井映見\",\"nameRuby\":\"ﾜｸｲｴﾐ\"},{\"role\":\"出演\",\"name\":\"遠藤憲一\",\"nameRuby\":\"ｴﾝﾄﾞｳｹﾝｲﾁ\"}],\"musicList\":[]},\"publishedOn\":{\"type\":\"BroadcastService\",\"id\":\"bs-g1-130\",\"name\":\"NHK総合テレビジョン\",\"url\":\"https://api-local.ss.org.nhk/r8/t/broadcastservice/bs/g1-130.json\",\"broadcastDisplayName\":\"NHK総合・東京\",\"videoFormat\":[\"2K\"],\"encodingFormat\":[\"video/X-arib-mpeg2\",\"audio/X-arib-mpeg2-aac\"],\"identifierGroup\":{\"serviceId\":\"g1\",\"serviceName\":\"NHK総合1\",\"areaId\":\"130\",\"areaName\":\"東京\",\"channelId\":\"011\",\"channelKey\":\"1\",\"channelAreaName\":\"東京\",\"channelStationName\":\"首都圏\",\"shortenedName\":\"NHK総合1\",\"shortenedDisplayName\":\"総合\",\"multiChannelDisplayName\":\"総合\"},\"logo\":{\"url\":\"https://imgu.web.nhk/common/broadcastservice/bs/g1/g1-logo.svg\",\"main\":{\"url\":\"https://imgu.web.nhk/common/broadcastservice/bs/g1/g1-logo_1080x1080.png\",\"width\":1080,\"height\":1080},\"medium\":{\"url\":\"https://imgu.web.nhk/common/broadcastservice/bs/g1/g1-logo_640x640.png\",\"width\":640,\"height\":640},\"small\":{\"url\":\"https://imgu.web.nhk/common/broadcastservice/bs/g1/g1-logo_200x200.png\",\"width\":200,\"height\":200}},\"eyecatch\":{\"url\":\"https://imgu.web.nhk/common/broadcastservice/bs/g1/g1-eyecatch.svg\",\"large\":{\"url\":\"https://imgu.web.nhk/common/broadcastservice/bs/g1/g1-eyecatch_3840x2160.png\",\"width\":3840,\"height\":2160},\"main\":{\"url\":\"https://imgu.web.nhk/common/broadcastservice/bs/g1/g1-eyecatch_1920x1080.png\",\"width\":1920,\"height\":1080},\"medium\":{\"url\":\"https://imgu.web.nhk/common/broadcastservice/bs/g1/g1-eyecatch_1280x720.png\",\"width\":1280,\"height\":720},\"small\":{\"url\":\"https://imgu.web.nhk/common/broadcastservice/bs/g1/g1-eyecatch_640x360.png\",\"width\":640,\"height\":360}},\"hero\":{\"url\":\"https://imgu.web.nhk/common/broadcastservice/bs/g1/g1-hero.svg\",\"main\":{\"url\":\"https://imgu.web.nhk/common/broadcastservice/bs/g1/g1-hero_1920x640.png\",\"width\":1920,\"height\":640},\"medium\":{\"url\":\"https://imgu.web.nhk/common/broadcastservice/bs/g1/g1-hero_1080x360.png\",\"width\":1080,\"height\":360}},\"badge9x4\":{\"url\":\"https://imgu.web.nhk/common/broadcastservice/bs/g1/g1-badge9x4.svg\",\"main\":{\"url\":\"https://imgu.web.nhk/common/broadcastservice/bs/g1/g1-badge9x4_360x160.png\",\"width\":360,\"height\":160},\"small\":{\"url\":\"https://imgu.web.nhk/common/broadcastservice/bs/g1/g1-badge9x4_180x80.png\",\"width\":180,\"height\":80}}}},\"detailedComingEvent\":{\"id\":\"g1-130-2026030609523\",\"startDate\":\"2026-03-06T00:35:00+09:00\",\"endDate\":\"2026-03-06T01:20:00+09:00\",\"identifierGroup\":{\"broadcastEventId\":\"g1-130-2026030609523\",\"serviceId\":\"g1\",\"areaId\":\"130\",\"stationId\":\"001\",\"date\":\"2026-03-05\",\"eventId\":\"09523\",\"genre\":[{\"id\":\"0300\",\"name1\":\"ドラマ\",\"name2\":\"国内ドラマ\"}],\"onid\":\"7fe0\",\"sid\":\"0400\",\"tsid\":\"7fe0\"},\"misc\":{\"displayVideoMode\":\"none\",\"displayVideoRange\":\"sdr\",\"displayAudioMode\":[\"kaisetsu\"],\"audioMode\":[\"stereoKaisetsu\"],\"supportCaption\":true,\"supportSign\":false,\"supportHybridcast\":false,\"supportDataBroadcast\":false,\"isInteractive\":false,\"isChangeable\":false,\"releaseLevel\":\"repeat\",\"programType\":\"program\",\"coverage\":\"nationwide\",\"actList\":[{\"role\":\"原作\",\"name\":\"直島翔\",\"nameRuby\":\"ﾅｵｼﾏｼｮｳ\"},{\"role\":\"脚本\",\"name\":\"浜田秀哉\",\"nameRuby\":\"ﾊﾏﾀﾞﾋﾃﾞﾔ\"},{\"role\":\"出演\",\"name\":\"松山ケンイチ\",\"nameRuby\":\"ﾏﾂﾔﾏｹﾝｲﾁ\"},{\"role\":\"出演\",\"name\":\"鳴海唯\",\"nameRuby\":\"ﾅﾙﾐﾕｲ\"},{\"role\":\"出演\",\"name\":\"恒松祐里\",\"nameRuby\":\"ﾂﾈﾏﾂﾕﾘ\"},{\"role\":\"出演\",\"name\":\"山崎樹範\",\"nameRuby\":\"ﾔﾏｻﾞｷｼｹﾞﾉﾘ\"},{\"role\":\"出演\",\"name\":\"小木茂光\",\"nameRuby\":\"ｵｷﾞｼｹﾞﾐﾂ\"},{\"role\":\"出演\",\"name\":\"山本未來\",\"nameRuby\":\"ﾔﾏﾓﾄﾐﾗｲ\"},{\"role\":\"出演\",\"name\":\"齋藤飛鳥\",\"nameRuby\":\"ｻｲﾄｳｱｽｶ\"},{\"role\":\"出演\",\"name\":\"市川実日子\",\"nameRuby\":\"ｲﾁｶﾜﾐｶｺ\"},{\"role\":\"出演\",\"name\":\"田辺誠一\",\"nameRuby\":\"ﾀﾅﾍﾞｾｲｲﾁ\"},{\"role\":\"出演\",\"name\":\"和久井映見\",\"nameRuby\":\"ﾜｸｲｴﾐ\"},{\"role\":\"出演\",\"name\":\"遠藤憲一\",\"nameRuby\":\"ｴﾝﾄﾞｳｹﾝｲﾁ\"}],\"musicList\":[]},\"publishedOn\":{\"type\":\"BroadcastService\",\"id\":\"bs-g1-130\",\"name\":\"NHK総合テレビジョン\",\"url\":\"https://api-local.ss.org.nhk/r8/t/broadcastservice/bs/g1-130.json\",\"broadcastDisplayName\":\"NHK総合・東京\",\"videoFormat\":[\"2K\"],\"encodingFormat\":[\"video/X-arib-mpeg2\",\"audio/X-arib-mpeg2-aac\"],\"identifierGroup\":{\"serviceId\":\"g1\",\"serviceName\":\"NHK総合1\",\"areaId\":\"130\",\"areaName\":\"東京\",\"channelId\":\"011\",\"channelKey\":\"1\",\"channelAreaName\":\"東京\",\"channelStationName\":\"首都圏\",\"shortenedName\":\"NHK総合1\",\"shortenedDisplayName\":\"総合\",\"multiChannelDisplayName\":\"総合\"},\"logo\":{\"url\":\"https://imgu.web.nhk/common/broadcastservice/bs/g1/g1-logo.svg\",\"main\":{\"url\":\"https://imgu.web.nhk/common/broadcastservice/bs/g1/g1-logo_1080x1080.png\",\"width\":1080,\"height\":1080},\"medium\":{\"url\":\"https://imgu.web.nhk/common/broadcastservice/bs/g1/g1-logo_640x640.png\",\"width\":640,\"height\":640},\"small\":{\"url\":\"https://imgu.web.nhk/common/broadcastservice/bs/g1/g1-logo_200x200.png\",\"width\":200,\"height\":200}},\"eyecatch\":{\"url\":\"https://imgu.web.nhk/common/broadcastservice/bs/g1/g1-eyecatch.svg\",\"large\":{\"url\":\"https://imgu.web.nhk/common/broadcastservice/bs/g1/g1-eyecatch_3840x2160.png\",\"width\":3840,\"height\":2160},\"main\":{\"url\":\"https://imgu.web.nhk/common/broadcastservice/bs/g1/g1-eyecatch_1920x1080.png\",\"width\":1920,\"height\":1080},\"medium\":{\"url\":\"https://imgu.web.nhk/common/broadcastservice/bs/g1/g1-eyecatch_1280x720.png\",\"width\":1280,\"height\":720},\"small\":{\"url\":\"https://imgu.web.nhk/common/broadcastservice/bs/g1/g1-eyecatch_640x360.png\",\"width\":640,\"height\":360}},\"hero\":{\"url\":\"https://imgu.web.nhk/common/broadcastservice/bs/g1/g1-hero.svg\",\"main\":{\"url\":\"https://imgu.web.nhk/common/broadcastservice/bs/g1/g1-hero_1920x640.png\",\"width\":1920,\"height\":640},\"medium\":{\"url\":\"https://imgu.web.nhk/common/broadcastservice/bs/g1/g1-hero_1080x360.png\",\"width\":1080,\"height\":360}},\"badge9x4\":{\"url\":\"https://imgu.web.nhk/common/broadcastservice/bs/g1/g1-badge9x4.svg\",\"main\":{\"url\":\"https://imgu.web.nhk/common/broadcastservice/bs/g1/g1-badge9x4_360x160.png\",\"width\":360,\"height\":160},\"small\":{\"url\":\"https://imgu.web.nhk/common/broadcastservice/bs/g1/g1-badge9x4_180x80.png\",\"width\":180,\"height\":80}}}},\"eyecatch\":{\"large\":{\"url\":\"https://imgu.web.nhk/static/assets/images/tvepisode/te/E6JLGKRYQZ/E6JLGKRYQZ-eyecatch_0dc59fe4796ff213d1765ecbfda4ad46.png\",\"width\":3840,\"height\":2160},\"main\":{\"url\":\"https://imgu.web.nhk/static/assets/images/tvepisode/te/E6JLGKRYQZ/E6JLGKRYQZ-eyecatch_60932cb384149c5899da1bae99a6a537.png\",\"width\":1920,\"height\":1080},\"medium\":{\"url\":\"https://imgu.web.nhk/static/assets/images/tvepisode/te/E6JLGKRYQZ/E6JLGKRYQZ-eyecatch_ec212175a2c54abc3b689371068e27dd.png\",\"width\":1280,\"height\":720},\"small\":{\"url\":\"https://imgu.web.nhk/static/assets/images/tvepisode/te/E6JLGKRYQZ/E6JLGKRYQZ-eyecatch_717000aaea0b168a94f9fc3094b70a86.png\",\"width\":640,\"height\":360}},\"eyecatchList\":[{\"large\":{\"url\":\"https://imgu.web.nhk/static/assets/images/tvepisode/te/E6JLGKRYQZ/E6JLGKRYQZ-eyecatches_66ab6b9411e3cd9e02e3569e5940cca9.jpg\",\"width\":3840,\"height\":2160},\"main\":{\"url\":\"https://imgu.web.nhk/static/assets/images/tvepisode/te/E6JLGKRYQZ/E6JLGKRYQZ-eyecatches_acda307ea3dde51c4b8ad83be3a106ea.jpg\",\"width\":1920,\"height\":1080},\"medium\":{\"url\":\"https://imgu.web.nhk/static/assets/images/tvepisode/te/E6JLGKRYQZ/E6JLGKRYQZ-eyecatches_7fbe9aba790269397820121935032243.jpg\",\"width\":1280,\"height\":720},\"small\":{\"url\":\"https://imgu.web.nhk/static/assets/images/tvepisode/te/E6JLGKRYQZ/E6JLGKRYQZ-eyecatches_a1cea3b88fcb09d9b2551ee73f531d14.jpg\",\"width\":640,\"height\":360}},{\"large\":{\"url\":\"https://imgu.web.nhk/static/assets/images/tvepisode/te/E6JLGKRYQZ/E6JLGKRYQZ-eyecatches_84b95d81fd46cae5be1d4cdcf8a92e53.jpg\",\"width\":3840,\"height\":2160},\"main\":{\"url\":\"https://imgu.web.nhk/static/assets/images/tvepisode/te/E6JLGKRYQZ/E6JLGKRYQZ-eyecatches_6efde973f64ea04df47152cd6b62f3c4.jpg\",\"width\":1920,\"height\":1080},\"medium\":{\"url\":\"https://imgu.web.nhk/static/assets/images/tvepisode/te/E6JLGKRYQZ/E6JLGKRYQZ-eyecatches_18c321b79db772c9fc9f7b62c5a3c1c4.jpg\",\"width\":1280,\"height\":720},\"small\":{\"url\":\"https://imgu.web.nhk/static/assets/images/tvepisode/te/E6JLGKRYQZ/E6JLGKRYQZ-eyecatches_42f89b3bcfa08a2f43f6413f4e6b5b4f.jpg\",\"width\":640,\"height\":360}},{\"large\":{\"url\":\"https://imgu.web.nhk/static/assets/images/tvepisode/te/E6JLGKRYQZ/E6JLGKRYQZ-eyecatches_b2dc8117561cf6ce701a3c5f8c9052be.jpg\",\"width\":3840,\"height\":2160},\"main\":{\"url\":\"https://imgu.web.nhk/static/assets/images/tvepisode/te/E6JLGKRYQZ/E6JLGKRYQZ-eyecatches_a89ed047e2d39068aa42dda16bb91143.jpg\",\"width\":1920,\"height\":1080},\"medium\":{\"url\":\"https://imgu.web.nhk/static/assets/images/tvepisode/te/E6JLGKRYQZ/E6JLGKRYQZ-eyecatches_e3a2188467534130aefe88453830ee12.jpg\",\"width\":1280,\"height\":720},\"small\":{\"url\":\"https://imgu.web.nhk/static/assets/images/tvepisode/te/E6JLGKRYQZ/E6JLGKRYQZ-eyecatches_64df405ad90922a3d6c8cffe5db0d0da.jpg\",\"width\":640,\"height\":360}},{\"large\":{\"url\":\"https://imgu.web.nhk/static/assets/images/tvepisode/te/E6JLGKRYQZ/E6JLGKRYQZ-eyecatches_812deeabeea9699838a2a050027b7b33.jpg\",\"width\":3840,\"height\":2160},\"main\":{\"url\":\"https://imgu.web.nhk/static/assets/images/tvepisode/te/E6JLGKRYQZ/E6JLGKRYQZ-eyecatches_0ea394760e90cb9e1c1c4b18d318458b.jpg\",\"width\":1920,\"height\":1080},\"medium\":{\"url\":\"https://imgu.web.nhk/static/assets/images/tvepisode/te/E6JLGKRYQZ/E6JLGKRYQZ-eyecatches_bdd78ffbfa1c4a5fad51b7193a037dc3.jpg\",\"width\":1280,\"height\":720},\"small\":{\"url\":\"https://imgu.web.nhk/static/assets/images/tvepisode/te/E6JLGKRYQZ/E6JLGKRYQZ-eyecatches_8ec38f128ac16a92c3a034e66b2e3c66.jpg\",\"width\":640,\"height\":360}}],\"video\":[{\"id\":\"hskOriginal-g1-130-2026030308105\",\"name\":\"【ドラマ１０】テミスの不確かな法廷（７）裁判所主導の職権主義\",\"description\":\"検察が証拠を開示しないために行き詰まる再審請求審。裁判長・門倉（遠藤憲一）は職権主義を持ち出し、異例にも裁判所主導で新たな証拠を見つけると決断。一方、裁判所には、事件に関わるかもしれない情報が寄せられる。その中で、明らかに関連がなさそうな別の事件の情報が気になった安堂（松山ケンイチ）は、小野崎（鳴海唯）と共に被害者の父・羽鳥（田辺誠一）を訪ねる。しかし調査を進める最中、予期せぬ連絡が入り・・・\",\"url\":\"https://www.web.nhk/tv/an/drama-themis/pl/series-tep-32VWPKM6NX/ep/E6JLGKRYQZ\",\"identifierGroup\":{\"environmentId\":\"hskOriginal\",\"broadcastEventId\":\"g1-130-2026030308105\",\"serviceId\":\"g1\",\"streamType\":\"vod\"},\"detailedContentStatus\":{\"environmentId\":\"hskOriginal\",\"streamType\":\"vod\",\"contentStatus\":\"ready\"},\"detailedVideoDescriptor\":\"https://archive.hsk.st.nhk/npd3/7fe0-0400/20260303/1fa9-1-3-a52dfb0e492b455783c10ab473e1148b/videoinfo-4aedbfe4e112c0c0ec3458fad795a1e7.json\",\"expires\":\"2026-03-10T22:44:30+09:00\",\"duration\":\"PT44M29S\",\"startDate\":\"2026-03-03T22:00:00+09:00\",\"endDate\":\"2026-03-03T22:44:30+09:00\",\"isDivided\":false,\"publication\":[{\"id\":\"g1-130-2026030308105\",\"url\":\"https://api-local.ss.org.nhk/r8/t/broadcastevent/be/g1-130-2026030308105.json\",\"isLiveBroadcast\":true}],\"hasPart\":[],\"uploadDate\":\"2026-03-03T22:44:30+09:00\"}],\"citation\":[],\"detailedPinnedCitation\":[],\"sameAs\":[],\"correction\":[],\"url\":\"https://api-local.ss.org.nhk/r8/t/tvepisode/te/E6JLGKRYQZ.json\",\"canonical\":\"https://www.web.nhk/tv/an/drama-themis/pl/series-tep-32VWPKM6NX/ep/E6JLGKRYQZ\",\"associatedMedia\":[{\"id\":\"bcUploadTrailer1\",\"name\":\"テミスの不確かな法廷\",\"description\":\"(7)裁判所主導の職権主義\\n\",\"embedUrl\":\"https://www.nhk.jp/assets/players/bc/v3/index.html?account=6415847969001\u0026player=YVUjvvMQb\u0026videoId=6389855566112\",\"identifierGroup\":{\"environmentId\":\"bcUploadTrailer\",\"streamType\":\"clip\",\"bcAccountId\":\"6415847969001\",\"bcVideoId\":\"6389855566112\"},\"detailedContentStatus\":{\"environmentId\":\"bcUploadTrailer\",\"streamType\":\"clip\",\"contentStatus\":\"ready\"},\"thumbnail\":{\"main\":{\"url\":\"https://imgu.web.nhk/static/assets/images/tvepisode/te/E6JLGKRYQZ/E6JLGKRYQZ-eyecatch_60932cb384149c5899da1bae99a6a537.png\",\"width\":1920,\"height\":1080},\"medium\":{\"url\":\"https://imgu.web.nhk/static/assets/images/tvepisode/te/E6JLGKRYQZ/E6JLGKRYQZ-eyecatch_ec212175a2c54abc3b689371068e27dd.png\",\"width\":1280,\"height\":720},\"small\":{\"url\":\"https://imgu.web.nhk/static/assets/images/tvepisode/te/E6JLGKRYQZ/E6JLGKRYQZ-eyecatch_717000aaea0b168a94f9fc3094b70a86.png\",\"width\":640,\"height\":360}},\"additionalProperty\":{\"typeOfUpload\":\"trailer\"},\"uploadDate\":\"2026-02-25T14:00:00+09:00\",\"regionsAllowed\":\"JP\",\"expires\":\"2026-03-10T00:00:00+09:00\"}],\"hasPart\":[],\"additionalProperty\":{\"episodeMergeStatus\":\"notMerged\"}},\"link\":{\"href\":\"https://www.web.nhk/tv/an/drama-themis/pl/series-tep-32VWPKM6NX/ep/E6JLGKRYQZ\"}}]\n"])</script><script>self.__next_f.push([1,"2c:[\"$\",\"$L2a\",\"J7MGJ9RWL1\",{\"content\":{\"type\":\"TVEpisode\",\"id\":\"J7MGJ9RWL1\",\"name\":\"(6)再審請求審\",\"detailedEpisodeNameRuby\":\"\",\"identifierGroup\":{\"tvEpisodeId\":\"J7MGJ9RWL1\",\"tvSeriesId\":\"32VWPKM6NX\",\"tvEpisodeName\":\"(6)再審請求審\",\"tvSeriesName\":\"テミスの不確かな法廷\",\"hashtag\":[],\"serviceId\":[\"g1\",\"g2\"],\"aliasId\":\"drama-themis\",\"formatGenreTag\":[{\"id\":\"03\",\"name\":\"ドラマ\"}],\"themeGenreTag\":[{\"id\":\"031\",\"name\":\"国内ドラマ\"}]},\"keyword\":[],\"description\":\"一家４人が惨殺された「前橋一家殺人事件」。逮捕された秋葉一馬には死刑判決が下され、死刑が執行された。事件から２５年、秋葉の娘・吉沢（齋藤飛鳥）が父の無罪を訴え、新たな証拠を手に再審を求めていた。再審開始を認めるか否か、その審理に関わるべきか葛藤する安堂（松山ケンイチ）の脳裏に、封じてきた苦い記憶がよみがえる。それは、かつて秋葉に死刑を求刑した検察官・結城（小木茂光）との、消せない過去だった。\",\"dateCreated\":\"2025-12-25T18:36:45+09:00\",\"dateModified\":\"2026-02-17T04:37:41+09:00\",\"actor\":[],\"contributor\":[],\"partOfSeries\":{\"id\":\"32VWPKM6NX\",\"name\":\"テミスの不確かな法廷\",\"detailedSeriesNameRuby\":\"てみすのふたしかなほうてい\",\"identifierGroup\":{\"tvSeriesId\":\"32VWPKM6NX\",\"tvSeriesPlaylistId\":\"series-tep-32VWPKM6NX\",\"tvSeriesUId\":\"p05e97c86-fead-516b-b9c3-1a2a8a3c15c5\",\"tvSeriesName\":\"テミスの不確かな法廷\",\"hashtag\":[],\"serviceId\":[\"g1\",\"g2\"],\"aliasId\":\"drama-themis\",\"formatGenre\":[{\"id\":\"03\",\"name\":\"ドラマ\"}]},\"keyword\":[],\"detailedSynonym\":[],\"sameAs\":[{\"name\":\"NHKドラマ\",\"url\":\"https://www.nhk.jp/g/drama/\"},{\"name\":\"NHKオンデマンド\",\"url\":\"https://www.nhk-ondemand.jp/program/P202500492200000/index.html?capid=nol004922_001\"},{\"name\":\"制作開始のお知らせ\",\"url\":\"https://www.nhk.jp/g/blog/7225ufm1ma/\"}],\"canonical\":\"https://www.web.nhk/tv/an/drama-themis/pl/series-tep-32VWPKM6NX\",\"description\":\"【NHK公式】ドラマ10「テミスの不確かな法廷」\\n「宙わたる教室」制作チームが手がける法廷ヒューマンドラマ！\\n任官七年目の裁判官・安堂清春（松山ケンイチ）。東京から前橋地方裁判所第一支部へと異動してきた彼は、一見、穏やかな裁判官に見える。\\nだが、その内側には絶対に打ち明けられない秘密が…。\\n幼い頃、衝動性や落ち着きのなさからASD（自閉スペクトラム症）とADHD（注意欠如多動症）と診断された安堂。\\n彼は自らの特性を隠し、自分の考える“普通”を装って生きてきた。\\nそれでも、ふとした言動が前橋地裁第一支部の面々を戸惑わせ、法廷内外で混乱を巻き起こしてしまう。\\n\\nそんな安堂の元に、複雑な人間模様が絡み合う、難解な事件が舞い込んでくる。\\n市長を襲った青年。親友をこん睡状態に追い込んだ高校生。そして「父は法律に殺された」と訴える娘――。\\nやがて、安堂の特性からくる“こだわり”が、誰も気づかなかった事件の矛盾をあぶり出す。\\nしかし同時に、彼は自身の衝動とも格闘しながら公判に挑まなければならない。\\n果たして安堂は、公正に事件を裁き、真実へと辿り着くことができるのか！？\\n\\n【放送予定】\\n2026年1月6日（火）スタート〈全8回〉\\n総合テレビ　毎週火曜　夜10:00～10:45\\n[再放送] 総合テレビ　毎週金曜　午前0:35～1:20　※木曜深夜\\n【原作】　直島翔 「テミスの不確かな法廷」\\n【脚本】　浜田秀哉\\n【音楽】　jizue\\n【出演】　松山ケンイチ　鳴海唯　恒松祐里　山崎樹範／市川実日子／和久井映見　遠藤憲一　他\\n【演出】　吉川久岳（ランプ）、山下和徳、相良健一、富澤昭文\\n【制作統括】　橋立聖史（ランプ）、神林伸太郎（NHKエンタープライズ）、渡辺悟（NHK）\",\"detailedCatch\":\"発達障害を抱えた裁判官が難解な事件に挑む\",\"logo\":{\"main\":{\"url\":\"https://imgu.web.nhk/static/assets/images/tvseries/ts/32VWPKM6NX/32VWPKM6NX-logo_828f940b0935f2c88c185499d12d2962.png\",\"width\":1080,\"height\":1080},\"medium\":{\"url\":\"https://imgu.web.nhk/static/assets/images/tvseries/ts/32VWPKM6NX/32VWPKM6NX-logo_8efc99cc3bd9306dd4467364a74fc245.png\",\"width\":640,\"height\":640},\"small\":{\"url\":\"https://imgu.web.nhk/static/assets/images/tvseries/ts/32VWPKM6NX/32VWPKM6NX-logo_eb53b73599bb3a12a7348e223b80d402.png\",\"width\":200,\"height\":200}},\"eyecatch\":{\"large\":{\"url\":\"https://imgu.web.nhk/static/assets/images/tvseries/ts/32VWPKM6NX/32VWPKM6NX-eyecatch_8c03dd6170b3c1f9839acd1470b220cb.png\",\"width\":3840,\"height\":2160},\"main\":{\"url\":\"https://imgu.web.nhk/static/assets/images/tvseries/ts/32VWPKM6NX/32VWPKM6NX-eyecatch_1978a831e355939ce5b784e1ccaa8a51.png\",\"width\":1920,\"height\":1080},\"medium\":{\"url\":\"https://imgu.web.nhk/static/assets/images/tvseries/ts/32VWPKM6NX/32VWPKM6NX-eyecatch_bfb53794ff02850bbf363238ee44389f.png\",\"width\":1280,\"height\":720},\"small\":{\"url\":\"https://imgu.web.nhk/static/assets/images/tvseries/ts/32VWPKM6NX/32VWPKM6NX-eyecatch_c4bf75e830963eb2a39241978a2ea298.png\",\"width\":640,\"height\":360}},\"hero\":{\"main\":{\"url\":\"https://imgu.web.nhk/static/assets/images/tvseries/ts/32VWPKM6NX/32VWPKM6NX-hero_a3a67dcfe488d632aba74e48fe2e622a.png\",\"width\":1920,\"height\":640},\"medium\":{\"url\":\"https://imgu.web.nhk/static/assets/images/tvseries/ts/32VWPKM6NX/32VWPKM6NX-hero_8d883d52b93f5e90cdb211757afade88.png\",\"width\":1080,\"height\":360}},\"style\":{\"textLight\":\"#000000\",\"textDark\":\"#FFFFFF\",\"linkLight\":\"#E22300\",\"linkDark\":\"#FF330D\",\"primaryLight\":\"#FF2800\",\"primaryDark\":\"#FF2800\"},\"additionalProperty\":{\"publishLevel\":\"full\",\"layoutPattern\":\"summary\",\"episodeOrderBy\":\"releasedEvent\",\"availableOnPlus\":false,\"enableVariablePlayBackSpeedControl\":false,\"optional\":[],\"seriesPackStatus\":\"notPacked\",\"supportMedia\":[\"@screen\"],\"supportMusicList\":true,\"supportPlusEmbed\":true,\"enableWebContent\":false},\"url\":\"https://api-local.ss.org.nhk/r8/t/nplaylist/pl/series-tep-32VWPKM6NX.json\",\"itemUrl\":\"https://api-local.ss.org.nhk/r8/l/tvepisode/pl/series-tep-32VWPKM6NX.json\"},\"releasedEvent\":{\"id\":\"g1-130-2026022404566\",\"startDate\":\"2026-02-24T22:00:00+09:00\",\"displayStartDate\":\"2026-02-24T22:00:00+09:00\",\"endDate\":\"2026-02-24T22:45:00+09:00\",\"publishedOn\":{\"type\":\"BroadcastService\",\"id\":\"bs-g1-130\",\"name\":\"NHK総合テレビジョン\",\"url\":\"https://api-local.ss.org.nhk/r8/t/broadcastservice/bs/g1-130.json\",\"broadcastDisplayName\":\"NHK総合・東京\",\"videoFormat\":[\"2K\"],\"encodingFormat\":[\"video/X-arib-mpeg2\",\"audio/X-arib-mpeg2-aac\"],\"identifierGroup\":{\"serviceId\":\"g1\",\"serviceName\":\"NHK総合1\",\"areaId\":\"130\",\"areaName\":\"東京\",\"channelId\":\"011\",\"channelKey\":\"1\",\"channelAreaName\":\"東京\",\"channelStationName\":\"首都圏\",\"shortenedName\":\"NHK総合1\",\"shortenedDisplayName\":\"総合\",\"multiChannelDisplayName\":\"総合\"},\"logo\":{\"url\":\"https://imgu.web.nhk/common/broadcastservice/bs/g1/g1-logo.svg\",\"main\":{\"url\":\"https://imgu.web.nhk/common/broadcastservice/bs/g1/g1-logo_1080x1080.png\",\"width\":1080,\"height\":1080},\"medium\":{\"url\":\"https://imgu.web.nhk/common/broadcastservice/bs/g1/g1-logo_640x640.png\",\"width\":640,\"height\":640},\"small\":{\"url\":\"https://imgu.web.nhk/common/broadcastservice/bs/g1/g1-logo_200x200.png\",\"width\":200,\"height\":200}},\"eyecatch\":{\"url\":\"https://imgu.web.nhk/common/broadcastservice/bs/g1/g1-eyecatch.svg\",\"large\":{\"url\":\"https://imgu.web.nhk/common/broadcastservice/bs/g1/g1-eyecatch_3840x2160.png\",\"width\":3840,\"height\":2160},\"main\":{\"url\":\"https://imgu.web.nhk/common/broadcastservice/bs/g1/g1-eyecatch_1920x1080.png\",\"width\":1920,\"height\":1080},\"medium\":{\"url\":\"https://imgu.web.nhk/common/broadcastservice/bs/g1/g1-eyecatch_1280x720.png\",\"width\":1280,\"height\":720},\"small\":{\"url\":\"https://imgu.web.nhk/common/broadcastservice/bs/g1/g1-eyecatch_640x360.png\",\"width\":640,\"height\":360}},\"hero\":{\"url\":\"https://imgu.web.nhk/common/broadcastservice/bs/g1/g1-hero.svg\",\"main\":{\"url\":\"https://imgu.web.nhk/common/broadcastservice/bs/g1/g1-hero_1920x640.png\",\"width\":1920,\"height\":640},\"medium\":{\"url\":\"https://imgu.web.nhk/common/broadcastservice/bs/g1/g1-hero_1080x360.png\",\"width\":1080,\"height\":360}},\"badge9x4\":{\"url\":\"https://imgu.web.nhk/common/broadcastservice/bs/g1/g1-badge9x4.svg\",\"main\":{\"url\":\"https://imgu.web.nhk/common/broadcastservice/bs/g1/g1-badge9x4_360x160.png\",\"width\":360,\"height\":160},\"small\":{\"url\":\"https://imgu.web.nhk/common/broadcastservice/bs/g1/g1-badge9x4_180x80.png\",\"width\":180,\"height\":80}}}},\"detailedRecentEvent\":{\"id\":\"g1-130-2026022404566\",\"startDate\":\"2026-02-24T22:00:00+09:00\",\"endDate\":\"2026-02-24T22:45:00+09:00\",\"identifierGroup\":{\"broadcastEventId\":\"g1-130-2026022404566\",\"serviceId\":\"g1\",\"areaId\":\"130\",\"stationId\":\"001\",\"date\":\"2026-02-24\",\"eventId\":\"04566\",\"genre\":[{\"id\":\"0300\",\"name1\":\"ドラマ\",\"name2\":\"国内ドラマ\"}],\"onid\":\"7fe0\",\"sid\":\"0400\",\"tsid\":\"7fe0\"},\"misc\":{\"displayVideoMode\":\"none\",\"displayVideoRange\":\"sdr\",\"displayAudioMode\":[\"kaisetsu\"],\"audioMode\":[\"stereoKaisetsu\"],\"supportCaption\":true,\"supportSign\":false,\"supportHybridcast\":false,\"supportDataBroadcast\":false,\"isInteractive\":false,\"isChangeable\":false,\"releaseLevel\":\"original\",\"programType\":\"program\",\"coverage\":\"nationwide\",\"actList\":[{\"role\":\"原作\",\"name\":\"直島翔\",\"nameRuby\":\"ﾅｵｼﾏｼｮｳ\"},{\"role\":\"脚本\",\"name\":\"浜田秀哉\",\"nameRuby\":\"ﾊﾏﾀﾞﾋﾃﾞﾔ\"},{\"role\":\"出演\",\"name\":\"松山ケンイチ\",\"nameRuby\":\"ﾏﾂﾔﾏｹﾝｲﾁ\"},{\"role\":\"出演\",\"name\":\"鳴海唯\",\"nameRuby\":\"ﾅﾙﾐﾕｲ\"},{\"role\":\"出演\",\"name\":\"恒松祐里\",\"nameRuby\":\"ﾂﾈﾏﾂﾕﾘ\"},{\"role\":\"出演\",\"name\":\"山崎樹範\",\"nameRuby\":\"ﾔﾏｻﾞｷｼｹﾞﾉﾘ\"},{\"role\":\"出演\",\"name\":\"小木茂光\",\"nameRuby\":\"ｵｷﾞｼｹﾞﾐﾂ\"},{\"role\":\"出演\",\"name\":\"山本未來\",\"nameRuby\":\"ﾔﾏﾓﾄﾐﾗｲ\"},{\"role\":\"出演\",\"name\":\"齋藤飛鳥\",\"nameRuby\":\"ｻｲﾄｳｱｽｶ\"},{\"role\":\"出演\",\"name\":\"和久井映見\",\"nameRuby\":\"ﾜｸｲｴﾐ\"},{\"role\":\"出演\",\"name\":\"遠藤憲一\",\"nameRuby\":\"ｴﾝﾄﾞｳｹﾝｲﾁ\"}],\"musicList\":[]},\"publishedOn\":{\"type\":\"BroadcastService\",\"id\":\"bs-g1-130\",\"name\":\"NHK総合テレビジョン\",\"url\":\"https://api-local.ss.org.nhk/r8/t/broadcastservice/bs/g1-130.json\",\"broadcastDisplayName\":\"NHK総合・東京\",\"videoFormat\":[\"2K\"],\"encodingFormat\":[\"video/X-arib-mpeg2\",\"audio/X-arib-mpeg2-aac\"],\"identifierGroup\":{\"serviceId\":\"g1\",\"serviceName\":\"NHK総合1\",\"areaId\":\"130\",\"areaName\":\"東京\",\"channelId\":\"011\",\"channelKey\":\"1\",\"channelAreaName\":\"東京\",\"channelStationName\":\"首都圏\",\"shortenedName\":\"NHK総合1\",\"shortenedDisplayName\":\"総合\",\"multiChannelDisplayName\":\"総合\"},\"logo\":{\"url\":\"https://imgu.web.nhk/common/broadcastservice/bs/g1/g1-logo.svg\",\"main\":{\"url\":\"https://imgu.web.nhk/common/broadcastservice/bs/g1/g1-logo_1080x1080.png\",\"width\":1080,\"height\":1080},\"medium\":{\"url\":\"https://imgu.web.nhk/common/broadcastservice/bs/g1/g1-logo_640x640.png\",\"width\":640,\"height\":640},\"small\":{\"url\":\"https://imgu.web.nhk/common/broadcastservice/bs/g1/g1-logo_200x200.png\",\"width\":200,\"height\":200}},\"eyecatch\":{\"url\":\"https://imgu.web.nhk/common/broadcastservice/bs/g1/g1-eyecatch.svg\",\"large\":{\"url\":\"https://imgu.web.nhk/common/broadcastservice/bs/g1/g1-eyecatch_3840x2160.png\",\"width\":3840,\"height\":2160},\"main\":{\"url\":\"https://imgu.web.nhk/common/broadcastservice/bs/g1/g1-eyecatch_1920x1080.png\",\"width\":1920,\"height\":1080},\"medium\":{\"url\":\"https://imgu.web.nhk/common/broadcastservice/bs/g1/g1-eyecatch_1280x720.png\",\"width\":1280,\"height\":720},\"small\":{\"url\":\"https://imgu.web.nhk/common/broadcastservice/bs/g1/g1-eyecatch_640x360.png\",\"width\":640,\"height\":360}},\"hero\":{\"url\":\"https://imgu.web.nhk/common/broadcastservice/bs/g1/g1-hero.svg\",\"main\":{\"url\":\"https://imgu.web.nhk/common/broadcastservice/bs/g1/g1-hero_1920x640.png\",\"width\":1920,\"height\":640},\"medium\":{\"url\":\"https://imgu.web.nhk/common/broadcastservice/bs/g1/g1-hero_1080x360.png\",\"width\":1080,\"height\":360}},\"badge9x4\":{\"url\":\"https://imgu.web.nhk/common/broadcastservice/bs/g1/g1-badge9x4.svg\",\"main\":{\"url\":\"https://imgu.web.nhk/common/broadcastservice/bs/g1/g1-badge9x4_360x160.png\",\"width\":360,\"height\":160},\"small\":{\"url\":\"https://imgu.web.nhk/common/broadcastservice/bs/g1/g1-badge9x4_180x80.png\",\"width\":180,\"height\":80}}}},\"detailedComingEvent\":{\"id\":\"g1-130-2026022705938\",\"startDate\":\"2026-02-27T00:35:00+09:00\",\"endDate\":\"2026-02-27T01:20:00+09:00\",\"identifierGroup\":{\"broadcastEventId\":\"g1-130-2026022705938\",\"serviceId\":\"g1\",\"areaId\":\"130\",\"stationId\":\"001\",\"date\":\"2026-02-26\",\"eventId\":\"05938\",\"genre\":[{\"id\":\"0300\",\"name1\":\"ドラマ\",\"name2\":\"国内ドラマ\"}],\"onid\":\"7fe0\",\"sid\":\"0400\",\"tsid\":\"7fe0\"},\"misc\":{\"displayVideoMode\":\"none\",\"displayVideoRange\":\"sdr\",\"displayAudioMode\":[\"kaisetsu\"],\"audioMode\":[\"stereoKaisetsu\"],\"supportCaption\":true,\"supportSign\":false,\"supportHybridcast\":false,\"supportDataBroadcast\":false,\"isInteractive\":false,\"isChangeable\":false,\"releaseLevel\":\"repeat\",\"programType\":\"program\",\"coverage\":\"nationwide\",\"actList\":[{\"role\":\"原作\",\"name\":\"直島翔\",\"nameRuby\":\"ﾅｵｼﾏｼｮｳ\"},{\"role\":\"脚本\",\"name\":\"浜田秀哉\",\"nameRuby\":\"ﾊﾏﾀﾞﾋﾃﾞﾔ\"},{\"role\":\"出演\",\"name\":\"松山ケンイチ\",\"nameRuby\":\"ﾏﾂﾔﾏｹﾝｲﾁ\"},{\"role\":\"出演\",\"name\":\"鳴海唯\",\"nameRuby\":\"ﾅﾙﾐﾕｲ\"},{\"role\":\"出演\",\"name\":\"恒松祐里\",\"nameRuby\":\"ﾂﾈﾏﾂﾕﾘ\"},{\"role\":\"出演\",\"name\":\"山崎樹範\",\"nameRuby\":\"ﾔﾏｻﾞｷｼｹﾞﾉﾘ\"},{\"role\":\"出演\",\"name\":\"小木茂光\",\"nameRuby\":\"ｵｷﾞｼｹﾞﾐﾂ\"},{\"role\":\"出演\",\"name\":\"山本未來\",\"nameRuby\":\"ﾔﾏﾓﾄﾐﾗｲ\"},{\"role\":\"出演\",\"name\":\"齋藤飛鳥\",\"nameRuby\":\"ｻｲﾄｳｱｽｶ\"},{\"role\":\"出演\",\"name\":\"和久井映見\",\"nameRuby\":\"ﾜｸｲｴﾐ\"},{\"role\":\"出演\",\"name\":\"遠藤憲一\",\"nameRuby\":\"ｴﾝﾄﾞｳｹﾝｲﾁ\"}],\"musicList\":[]},\"publishedOn\":{\"type\":\"BroadcastService\",\"id\":\"bs-g1-130\",\"name\":\"NHK総合テレビジョン\",\"url\":\"https://api-local.ss.org.nhk/r8/t/broadcastservice/bs/g1-130.json\",\"broadcastDisplayName\":\"NHK総合・東京\",\"videoFormat\":[\"2K\"],\"encodingFormat\":[\"video/X-arib-mpeg2\",\"audio/X-arib-mpeg2-aac\"],\"identifierGroup\":{\"serviceId\":\"g1\",\"serviceName\":\"NHK総合1\",\"areaId\":\"130\",\"areaName\":\"東京\",\"channelId\":\"011\",\"channelKey\":\"1\",\"channelAreaName\":\"東京\",\"channelStationName\":\"首都圏\",\"shortenedName\":\"NHK総合1\",\"shortenedDisplayName\":\"総合\",\"multiChannelDisplayName\":\"総合\"},\"logo\":{\"url\":\"https://imgu.web.nhk/common/broadcastservice/bs/g1/g1-logo.svg\",\"main\":{\"url\":\"https://imgu.web.nhk/common/broadcastservice/bs/g1/g1-logo_1080x1080.png\",\"width\":1080,\"height\":1080},\"medium\":{\"url\":\"https://imgu.web.nhk/common/broadcastservice/bs/g1/g1-logo_640x640.png\",\"width\":640,\"height\":640},\"small\":{\"url\":\"https://imgu.web.nhk/common/broadcastservice/bs/g1/g1-logo_200x200.png\",\"width\":200,\"height\":200}},\"eyecatch\":{\"url\":\"https://imgu.web.nhk/common/broadcastservice/bs/g1/g1-eyecatch.svg\",\"large\":{\"url\":\"https://imgu.web.nhk/common/broadcastservice/bs/g1/g1-eyecatch_3840x2160.png\",\"width\":3840,\"height\":2160},\"main\":{\"url\":\"https://imgu.web.nhk/common/broadcastservice/bs/g1/g1-eyecatch_1920x1080.png\",\"width\":1920,\"height\":1080},\"medium\":{\"url\":\"https://imgu.web.nhk/common/broadcastservice/bs/g1/g1-eyecatch_1280x720.png\",\"width\":1280,\"height\":720},\"small\":{\"url\":\"https://imgu.web.nhk/common/broadcastservice/bs/g1/g1-eyecatch_640x360.png\",\"width\":640,\"height\":360}},\"hero\":{\"url\":\"https://imgu.web.nhk/common/broadcastservice/bs/g1/g1-hero.svg\",\"main\":{\"url\":\"https://imgu.web.nhk/common/broadcastservice/bs/g1/g1-hero_1920x640.png\",\"width\":1920,\"height\":640},\"medium\":{\"url\":\"https://imgu.web.nhk/common/broadcastservice/bs/g1/g1-hero_1080x360.png\",\"width\":1080,\"height\":360}},\"badge9x4\":{\"url\":\"https://imgu.web.nhk/common/broadcastservice/bs/g1/g1-badge9x4.svg\",\"main\":{\"url\":\"https://imgu.web.nhk/common/broadcastservice/bs/g1/g1-badge9x4_360x160.png\",\"width\":360,\"height\":160},\"small\":{\"url\":\"https://imgu.web.nhk/common/broadcastservice/bs/g1/g1-badge9x4_180x80.png\",\"width\":180,\"height\":80}}}},\"eyecatch\":{\"large\":{\"url\":\"https://imgu.web.nhk/static/assets/images/tvepisode/te/J7MGJ9RWL1/J7MGJ9RWL1-eyecatch_e5195faaaddf8e85cc98863c192d8cbc.png\",\"width\":3840,\"height\":2160},\"main\":{\"url\":\"https://imgu.web.nhk/static/assets/images/tvepisode/te/J7MGJ9RWL1/J7MGJ9RWL1-eyecatch_c5d957bb85d00419b13bb131d0393e77.png\",\"width\":1920,\"height\":1080},\"medium\":{\"url\":\"https://imgu.web.nhk/static/assets/images/tvepisode/te/J7MGJ9RWL1/J7MGJ9RWL1-eyecatch_3c45afc871a0cc7f0bd01a7350a9a5bf.png\",\"width\":1280,\"height\":720},\"small\":{\"url\":\"https://imgu.web.nhk/static/assets/images/tvepisode/te/J7MGJ9RWL1/J7MGJ9RWL1-eyecatch_4342d3a76afeef8558a4c223981192cc.png\",\"width\":640,\"height\":360}},\"eyecatchList\":[{\"large\":{\"url\":\"https://imgu.web.nhk/static/assets/images/tvepisode/te/J7MGJ9RWL1/J7MGJ9RWL1-eyecatches_e5a58ac0e036de1789780432498986e2.jpg\",\"width\":3840,\"height\":2160},\"main\":{\"url\":\"https://imgu.web.nhk/static/assets/images/tvepisode/te/J7MGJ9RWL1/J7MGJ9RWL1-eyecatches_4c4c2eaa36ab385b2f518b1c33aecdd4.jpg\",\"width\":1920,\"height\":1080},\"medium\":{\"url\":\"https://imgu.web.nhk/static/assets/images/tvepisode/te/J7MGJ9RWL1/J7MGJ9RWL1-eyecatches_df1a4cd4f60054a40116b1be6fe94d4b.jpg\",\"width\":1280,\"height\":720},\"small\":{\"url\":\"https://imgu.web.nhk/static/assets/images/tvepisode/te/J7MGJ9RWL1/J7MGJ9RWL1-eyecatches_41b930a45e7b9efd0123f95f1eb077c8.jpg\",\"width\":640,\"height\":360}},{\"large\":{\"url\":\"https://imgu.web.nhk/static/assets/images/tvepisode/te/J7MGJ9RWL1/J7MGJ9RWL1-eyecatches_8377070833ca55b707ff349c57b71c48.jpg\",\"width\":3840,\"height\":2160},\"main\":{\"url\":\"https://imgu.web.nhk/static/assets/images/tvepisode/te/J7MGJ9RWL1/J7MGJ9RWL1-eyecatches_0286731ec08a48461bcdfdd194a12557.jpg\",\"width\":1920,\"height\":1080},\"medium\":{\"url\":\"https://imgu.web.nhk/static/assets/images/tvepisode/te/J7MGJ9RWL1/J7MGJ9RWL1-eyecatches_55170a632e0ec42614ebd44083d33feb.jpg\",\"width\":1280,\"height\":720},\"small\":{\"url\":\"https://imgu.web.nhk/static/assets/images/tvepisode/te/J7MGJ9RWL1/J7MGJ9RWL1-eyecatches_7326659d9d52cce34c9295f90acf81ac.jpg\",\"width\":640,\"height\":360}},{\"large\":{\"url\":\"https://imgu.web.nhk/static/assets/images/tvepisode/te/J7MGJ9RWL1/J7MGJ9RWL1-eyecatches_c36b47e487d6db7e730d093993759497.jpg\",\"width\":3840,\"height\":2160},\"main\":{\"url\":\"https://imgu.web.nhk/static/assets/images/tvepisode/te/J7MGJ9RWL1/J7MGJ9RWL1-eyecatches_a7fd8c616972bd15c2acb614abc65b54.jpg\",\"width\":1920,\"height\":1080},\"medium\":{\"url\":\"https://imgu.web.nhk/static/assets/images/tvepisode/te/J7MGJ9RWL1/J7MGJ9RWL1-eyecatches_edc5dea0225618b735d5d40c51398c48.jpg\",\"width\":1280,\"height\":720},\"small\":{\"url\":\"https://imgu.web.nhk/static/assets/images/tvepisode/te/J7MGJ9RWL1/J7MGJ9RWL1-eyecatches_ac24c896205bf7f1753ef615497c1b92.jpg\",\"width\":640,\"height\":360}},{\"large\":{\"url\":\"https://imgu.web.nhk/static/assets/images/tvepisode/te/J7MGJ9RWL1/J7MGJ9RWL1-eyecatches_e69ade9cd5125c481c203ea39036a331.jpg\",\"width\":3840,\"height\":2160},\"main\":{\"url\":\"https://imgu.web.nhk/static/assets/images/tvepisode/te/J7MGJ9RWL1/J7MGJ9RWL1-eyecatches_7ed7d343297ba6b460a7d53908c80b73.jpg\",\"width\":1920,\"height\":1080},\"medium\":{\"url\":\"https://imgu.web.nhk/static/assets/images/tvepisode/te/J7MGJ9RWL1/J7MGJ9RWL1-eyecatches_e528a6f9f87d6cf4c532bbe141515084.jpg\",\"width\":1280,\"height\":720},\"small\":{\"url\":\"https://imgu.web.nhk/static/assets/images/tvepisode/te/J7MGJ9RWL1/J7MGJ9RWL1-eyecatches_19160a130c2535c44298c7e6c2cdfceb.jpg\",\"width\":640,\"height\":360}}],\"video\":[],\"citation\":[],\"detailedPinnedCitation\":[],\"sameAs\":[],\"correction\":[],\"url\":\"https://api-local.ss.org.nhk/r8/t/tvepisode/te/J7MGJ9RWL1.json\",\"canonical\":\"https://www.web.nhk/tv/an/drama-themis/pl/series-tep-32VWPKM6NX/ep/J7MGJ9RWL1\",\"associatedMedia\":[],\"hasPart\":[],\"additionalProperty\":{\"episodeMergeStatus\":\"notMerged\"}},\"link\":{\"href\":\"https://www.web.nhk/tv/an/drama-themis/pl/series-tep-32VWPKM6NX/ep/J7MGJ9RWL1\"}}]\n"])</script><script>self.__next_f.push([1,"2d:[\"$\",\"$L2a\",\"85JRNZM89P\",{\"content\":{\"type\":\"TVEpisode\",\"id\":\"85JRNZM89P\",\"name\":\"(5)書証主義と人証主義\",\"detailedEpisodeNameRuby\":\"\",\"identifierGroup\":{\"tvEpisodeId\":\"85JRNZM89P\",\"tvSeriesId\":\"32VWPKM6NX\",\"tvEpisodeName\":\"(5)書証主義と人証主義\",\"tvSeriesName\":\"テミスの不確かな法廷\",\"hashtag\":[],\"serviceId\":[\"g1\",\"g2\"],\"aliasId\":\"drama-themis\",\"formatGenreTag\":[{\"id\":\"03\",\"name\":\"ドラマ\"}],\"themeGenreTag\":[{\"id\":\"031\",\"name\":\"国内ドラマ\"}]},\"keyword\":[],\"description\":\"執行官・津村（市川実日子）が、強制立ち退きを催告するためベトナム人・グエンのアパートを訪れた際、グエンに刺される傷害事件が発生。書類に基づく判断を重視するエリート判事補・落合（恒松祐里）は、自らが判を押した立ち退き命令は適切で、責任は注意不足だった津村にあると主張。一方、人の証言を重視する安堂（松山ケンイチ）は、裁判所主導でグエンが刺した動機解明を提案するが、落合はその主張に強く反発し・・・。\",\"dateCreated\":\"2025-11-12T18:20:02+09:00\",\"dateModified\":\"2026-02-16T10:53:42+09:00\",\"actor\":[],\"contributor\":[],\"partOfSeries\":{\"id\":\"32VWPKM6NX\",\"name\":\"テミスの不確かな法廷\",\"detailedSeriesNameRuby\":\"てみすのふたしかなほうてい\",\"identifierGroup\":{\"tvSeriesId\":\"32VWPKM6NX\",\"tvSeriesPlaylistId\":\"series-tep-32VWPKM6NX\",\"tvSeriesUId\":\"p05e97c86-fead-516b-b9c3-1a2a8a3c15c5\",\"tvSeriesName\":\"テミスの不確かな法廷\",\"hashtag\":[],\"serviceId\":[\"g1\",\"g2\"],\"aliasId\":\"drama-themis\",\"formatGenre\":[{\"id\":\"03\",\"name\":\"ドラマ\"}]},\"keyword\":[],\"detailedSynonym\":[],\"sameAs\":[{\"name\":\"NHKドラマ\",\"url\":\"https://www.nhk.jp/g/drama/\"},{\"name\":\"NHKオンデマンド\",\"url\":\"https://www.nhk-ondemand.jp/program/P202500492200000/index.html?capid=nol004922_001\"},{\"name\":\"制作開始のお知らせ\",\"url\":\"https://www.nhk.jp/g/blog/7225ufm1ma/\"}],\"canonical\":\"https://www.web.nhk/tv/an/drama-themis/pl/series-tep-32VWPKM6NX\",\"description\":\"【NHK公式】ドラマ10「テミスの不確かな法廷」\\n「宙わたる教室」制作チームが手がける法廷ヒューマンドラマ！\\n任官七年目の裁判官・安堂清春（松山ケンイチ）。東京から前橋地方裁判所第一支部へと異動してきた彼は、一見、穏やかな裁判官に見える。\\nだが、その内側には絶対に打ち明けられない秘密が…。\\n幼い頃、衝動性や落ち着きのなさからASD（自閉スペクトラム症）とADHD（注意欠如多動症）と診断された安堂。\\n彼は自らの特性を隠し、自分の考える“普通”を装って生きてきた。\\nそれでも、ふとした言動が前橋地裁第一支部の面々を戸惑わせ、法廷内外で混乱を巻き起こしてしまう。\\n\\nそんな安堂の元に、複雑な人間模様が絡み合う、難解な事件が舞い込んでくる。\\n市長を襲った青年。親友をこん睡状態に追い込んだ高校生。そして「父は法律に殺された」と訴える娘――。\\nやがて、安堂の特性からくる“こだわり”が、誰も気づかなかった事件の矛盾をあぶり出す。\\nしかし同時に、彼は自身の衝動とも格闘しながら公判に挑まなければならない。\\n果たして安堂は、公正に事件を裁き、真実へと辿り着くことができるのか！？\\n\\n【放送予定】\\n2026年1月6日（火）スタート〈全8回〉\\n総合テレビ　毎週火曜　夜10:00～10:45\\n[再放送] 総合テレビ　毎週金曜　午前0:35～1:20　※木曜深夜\\n【原作】　直島翔 「テミスの不確かな法廷」\\n【脚本】　浜田秀哉\\n【音楽】　jizue\\n【出演】　松山ケンイチ　鳴海唯　恒松祐里　山崎樹範／市川実日子／和久井映見　遠藤憲一　他\\n【演出】　吉川久岳（ランプ）、山下和徳、相良健一、富澤昭文\\n【制作統括】　橋立聖史（ランプ）、神林伸太郎（NHKエンタープライズ）、渡辺悟（NHK）\",\"detailedCatch\":\"発達障害を抱えた裁判官が難解な事件に挑む\",\"logo\":{\"main\":{\"url\":\"https://imgu.web.nhk/static/assets/images/tvseries/ts/32VWPKM6NX/32VWPKM6NX-logo_828f940b0935f2c88c185499d12d2962.png\",\"width\":1080,\"height\":1080},\"medium\":{\"url\":\"https://imgu.web.nhk/static/assets/images/tvseries/ts/32VWPKM6NX/32VWPKM6NX-logo_8efc99cc3bd9306dd4467364a74fc245.png\",\"width\":640,\"height\":640},\"small\":{\"url\":\"https://imgu.web.nhk/static/assets/images/tvseries/ts/32VWPKM6NX/32VWPKM6NX-logo_eb53b73599bb3a12a7348e223b80d402.png\",\"width\":200,\"height\":200}},\"eyecatch\":{\"large\":{\"url\":\"https://imgu.web.nhk/static/assets/images/tvseries/ts/32VWPKM6NX/32VWPKM6NX-eyecatch_8c03dd6170b3c1f9839acd1470b220cb.png\",\"width\":3840,\"height\":2160},\"main\":{\"url\":\"https://imgu.web.nhk/static/assets/images/tvseries/ts/32VWPKM6NX/32VWPKM6NX-eyecatch_1978a831e355939ce5b784e1ccaa8a51.png\",\"width\":1920,\"height\":1080},\"medium\":{\"url\":\"https://imgu.web.nhk/static/assets/images/tvseries/ts/32VWPKM6NX/32VWPKM6NX-eyecatch_bfb53794ff02850bbf363238ee44389f.png\",\"width\":1280,\"height\":720},\"small\":{\"url\":\"https://imgu.web.nhk/static/assets/images/tvseries/ts/32VWPKM6NX/32VWPKM6NX-eyecatch_c4bf75e830963eb2a39241978a2ea298.png\",\"width\":640,\"height\":360}},\"hero\":{\"main\":{\"url\":\"https://imgu.web.nhk/static/assets/images/tvseries/ts/32VWPKM6NX/32VWPKM6NX-hero_a3a67dcfe488d632aba74e48fe2e622a.png\",\"width\":1920,\"height\":640},\"medium\":{\"url\":\"https://imgu.web.nhk/static/assets/images/tvseries/ts/32VWPKM6NX/32VWPKM6NX-hero_8d883d52b93f5e90cdb211757afade88.png\",\"width\":1080,\"height\":360}},\"style\":{\"textLight\":\"#000000\",\"textDark\":\"#FFFFFF\",\"linkLight\":\"#E22300\",\"linkDark\":\"#FF330D\",\"primaryLight\":\"#FF2800\",\"primaryDark\":\"#FF2800\"},\"additionalProperty\":{\"publishLevel\":\"full\",\"layoutPattern\":\"summary\",\"episodeOrderBy\":\"releasedEvent\",\"availableOnPlus\":false,\"enableVariablePlayBackSpeedControl\":false,\"optional\":[],\"seriesPackStatus\":\"notPacked\",\"supportMedia\":[\"@screen\"],\"supportMusicList\":true,\"supportPlusEmbed\":true,\"enableWebContent\":false},\"url\":\"https://api-local.ss.org.nhk/r8/t/nplaylist/pl/series-tep-32VWPKM6NX.json\",\"itemUrl\":\"https://api-local.ss.org.nhk/r8/l/tvepisode/pl/series-tep-32VWPKM6NX.json\"},\"releasedEvent\":{\"startDate\":\"2026-02-03T22:00:00+09:00\",\"displayStartDate\":\"2026-02-03T22:00:00+09:00\",\"endDate\":\"2026-02-03T22:45:00+09:00\",\"publishedOn\":{\"type\":\"BroadcastService\",\"id\":\"bs-g1-130\",\"name\":\"NHK総合テレビジョン\",\"url\":\"https://api-local.ss.org.nhk/r8/t/broadcastservice/bs/g1-130.json\",\"broadcastDisplayName\":\"NHK総合・東京\",\"videoFormat\":[\"2K\"],\"encodingFormat\":[\"video/X-arib-mpeg2\",\"audio/X-arib-mpeg2-aac\"],\"identifierGroup\":{\"serviceId\":\"g1\",\"serviceName\":\"NHK総合1\",\"areaId\":\"130\",\"areaName\":\"東京\",\"channelId\":\"011\",\"channelKey\":\"1\",\"channelAreaName\":\"東京\",\"channelStationName\":\"首都圏\",\"shortenedName\":\"NHK総合1\",\"shortenedDisplayName\":\"総合\",\"multiChannelDisplayName\":\"総合\"},\"logo\":{\"url\":\"https://imgu.web.nhk/common/broadcastservice/bs/g1/g1-logo.svg\",\"main\":{\"url\":\"https://imgu.web.nhk/common/broadcastservice/bs/g1/g1-logo_1080x1080.png\",\"width\":1080,\"height\":1080},\"medium\":{\"url\":\"https://imgu.web.nhk/common/broadcastservice/bs/g1/g1-logo_640x640.png\",\"width\":640,\"height\":640},\"small\":{\"url\":\"https://imgu.web.nhk/common/broadcastservice/bs/g1/g1-logo_200x200.png\",\"width\":200,\"height\":200}},\"eyecatch\":{\"url\":\"https://imgu.web.nhk/common/broadcastservice/bs/g1/g1-eyecatch.svg\",\"large\":{\"url\":\"https://imgu.web.nhk/common/broadcastservice/bs/g1/g1-eyecatch_3840x2160.png\",\"width\":3840,\"height\":2160},\"main\":{\"url\":\"https://imgu.web.nhk/common/broadcastservice/bs/g1/g1-eyecatch_1920x1080.png\",\"width\":1920,\"height\":1080},\"medium\":{\"url\":\"https://imgu.web.nhk/common/broadcastservice/bs/g1/g1-eyecatch_1280x720.png\",\"width\":1280,\"height\":720},\"small\":{\"url\":\"https://imgu.web.nhk/common/broadcastservice/bs/g1/g1-eyecatch_640x360.png\",\"width\":640,\"height\":360}},\"hero\":{\"url\":\"https://imgu.web.nhk/common/broadcastservice/bs/g1/g1-hero.svg\",\"main\":{\"url\":\"https://imgu.web.nhk/common/broadcastservice/bs/g1/g1-hero_1920x640.png\",\"width\":1920,\"height\":640},\"medium\":{\"url\":\"https://imgu.web.nhk/common/broadcastservice/bs/g1/g1-hero_1080x360.png\",\"width\":1080,\"height\":360}},\"badge9x4\":{\"url\":\"https://imgu.web.nhk/common/broadcastservice/bs/g1/g1-badge9x4.svg\",\"main\":{\"url\":\"https://imgu.web.nhk/common/broadcastservice/bs/g1/g1-badge9x4_360x160.png\",\"width\":360,\"height\":160},\"small\":{\"url\":\"https://imgu.web.nhk/common/broadcastservice/bs/g1/g1-badge9x4_180x80.png\",\"width\":180,\"height\":80}}}},\"detailedRecentEvent\":{\"id\":\"g1-130-2026022408711\",\"startDate\":\"2026-02-24T02:50:00+09:00\",\"endDate\":\"2026-02-24T03:35:00+09:00\",\"identifierGroup\":{\"broadcastEventId\":\"g1-130-2026022408711\",\"serviceId\":\"g1\",\"areaId\":\"130\",\"stationId\":\"001\",\"date\":\"2026-02-23\",\"eventId\":\"08711\",\"genre\":[{\"id\":\"0300\",\"name1\":\"ドラマ\",\"name2\":\"国内ドラマ\"}],\"onid\":\"7fe0\",\"sid\":\"0400\",\"tsid\":\"7fe0\"},\"misc\":{\"displayVideoMode\":\"none\",\"displayVideoRange\":\"sdr\",\"displayAudioMode\":[\"kaisetsu\"],\"audioMode\":[\"stereoKaisetsu\"],\"supportCaption\":true,\"supportSign\":false,\"supportHybridcast\":false,\"supportDataBroadcast\":false,\"isInteractive\":false,\"isChangeable\":false,\"releaseLevel\":\"repeat\",\"programType\":\"program\",\"coverage\":\"nationwide\",\"actList\":[{\"role\":\"原作\",\"name\":\"直島翔\",\"nameRuby\":\"ﾅｵｼﾏｼｮｳ\"},{\"role\":\"脚本\",\"name\":\"浜田秀哉\",\"nameRuby\":\"ﾊﾏﾀﾞﾋﾃﾞﾔ\"},{\"role\":\"出演\",\"name\":\"松山ケンイチ\",\"nameRuby\":\"ﾏﾂﾔﾏｹﾝｲﾁ\"},{\"role\":\"出演\",\"name\":\"鳴海唯\",\"nameRuby\":\"ﾅﾙﾐﾕｲ\"},{\"role\":\"出演\",\"name\":\"恒松祐里\",\"nameRuby\":\"ﾂﾈﾏﾂﾕﾘ\"},{\"role\":\"出演\",\"name\":\"山崎樹範\",\"nameRuby\":\"ﾔﾏｻﾞｷｼｹﾞﾉﾘ\"},{\"role\":\"出演\",\"name\":\"山本未來\",\"nameRuby\":\"ﾔﾏﾓﾄﾐﾗｲ\"},{\"role\":\"出演\",\"name\":\"齋藤飛鳥\",\"nameRuby\":\"ｻｲﾄｳｱｽｶ\"},{\"role\":\"出演\",\"name\":\"市川実日子\",\"nameRuby\":\"ｲﾁｶﾜﾐｶｺ\"},{\"role\":\"出演\",\"name\":\"和久井映見\",\"nameRuby\":\"ﾜｸｲｴﾐ\"},{\"role\":\"出演\",\"name\":\"遠藤憲一\",\"nameRuby\":\"ｴﾝﾄﾞｳｹﾝｲﾁ\"}],\"musicList\":[]},\"publishedOn\":{\"type\":\"BroadcastService\",\"id\":\"bs-g1-130\",\"name\":\"NHK総合テレビジョン\",\"url\":\"https://api-local.ss.org.nhk/r8/t/broadcastservice/bs/g1-130.json\",\"broadcastDisplayName\":\"NHK総合・東京\",\"videoFormat\":[\"2K\"],\"encodingFormat\":[\"video/X-arib-mpeg2\",\"audio/X-arib-mpeg2-aac\"],\"identifierGroup\":{\"serviceId\":\"g1\",\"serviceName\":\"NHK総合1\",\"areaId\":\"130\",\"areaName\":\"東京\",\"channelId\":\"011\",\"channelKey\":\"1\",\"channelAreaName\":\"東京\",\"channelStationName\":\"首都圏\",\"shortenedName\":\"NHK総合1\",\"shortenedDisplayName\":\"総合\",\"multiChannelDisplayName\":\"総合\"},\"logo\":{\"url\":\"https://imgu.web.nhk/common/broadcastservice/bs/g1/g1-logo.svg\",\"main\":{\"url\":\"https://imgu.web.nhk/common/broadcastservice/bs/g1/g1-logo_1080x1080.png\",\"width\":1080,\"height\":1080},\"medium\":{\"url\":\"https://imgu.web.nhk/common/broadcastservice/bs/g1/g1-logo_640x640.png\",\"width\":640,\"height\":640},\"small\":{\"url\":\"https://imgu.web.nhk/common/broadcastservice/bs/g1/g1-logo_200x200.png\",\"width\":200,\"height\":200}},\"eyecatch\":{\"url\":\"https://imgu.web.nhk/common/broadcastservice/bs/g1/g1-eyecatch.svg\",\"large\":{\"url\":\"https://imgu.web.nhk/common/broadcastservice/bs/g1/g1-eyecatch_3840x2160.png\",\"width\":3840,\"height\":2160},\"main\":{\"url\":\"https://imgu.web.nhk/common/broadcastservice/bs/g1/g1-eyecatch_1920x1080.png\",\"width\":1920,\"height\":1080},\"medium\":{\"url\":\"https://imgu.web.nhk/common/broadcastservice/bs/g1/g1-eyecatch_1280x720.png\",\"width\":1280,\"height\":720},\"small\":{\"url\":\"https://imgu.web.nhk/common/broadcastservice/bs/g1/g1-eyecatch_640x360.png\",\"width\":640,\"height\":360}},\"hero\":{\"url\":\"https://imgu.web.nhk/common/broadcastservice/bs/g1/g1-hero.svg\",\"main\":{\"url\":\"https://imgu.web.nhk/common/broadcastservice/bs/g1/g1-hero_1920x640.png\",\"width\":1920,\"height\":640},\"medium\":{\"url\":\"https://imgu.web.nhk/common/broadcastservice/bs/g1/g1-hero_1080x360.png\",\"width\":1080,\"height\":360}},\"badge9x4\":{\"url\":\"https://imgu.web.nhk/common/broadcastservice/bs/g1/g1-badge9x4.svg\",\"main\":{\"url\":\"https://imgu.web.nhk/common/broadcastservice/bs/g1/g1-badge9x4_360x160.png\",\"width\":360,\"height\":160},\"small\":{\"url\":\"https://imgu.web.nhk/common/broadcastservice/bs/g1/g1-badge9x4_180x80.png\",\"width\":180,\"height\":80}}}},\"detailedComingEvent\":{\"id\":\"g1-130-2026022408711\",\"startDate\":\"2026-02-24T02:50:00+09:00\",\"endDate\":\"2026-02-24T03:35:00+09:00\",\"identifierGroup\":{\"broadcastEventId\":\"g1-130-2026022408711\",\"serviceId\":\"g1\",\"areaId\":\"130\",\"stationId\":\"001\",\"date\":\"2026-02-23\",\"eventId\":\"08711\",\"genre\":[{\"id\":\"0300\",\"name1\":\"ドラマ\",\"name2\":\"国内ドラマ\"}],\"onid\":\"7fe0\",\"sid\":\"0400\",\"tsid\":\"7fe0\"},\"misc\":{\"displayVideoMode\":\"none\",\"displayVideoRange\":\"sdr\",\"displayAudioMode\":[\"kaisetsu\"],\"audioMode\":[\"stereoKaisetsu\"],\"supportCaption\":true,\"supportSign\":false,\"supportHybridcast\":false,\"supportDataBroadcast\":false,\"isInteractive\":false,\"isChangeable\":false,\"releaseLevel\":\"repeat\",\"programType\":\"program\",\"coverage\":\"nationwide\",\"actList\":[{\"role\":\"原作\",\"name\":\"直島翔\",\"nameRuby\":\"ﾅｵｼﾏｼｮｳ\"},{\"role\":\"脚本\",\"name\":\"浜田秀哉\",\"nameRuby\":\"ﾊﾏﾀﾞﾋﾃﾞﾔ\"},{\"role\":\"出演\",\"name\":\"松山ケンイチ\",\"nameRuby\":\"ﾏﾂﾔﾏｹﾝｲﾁ\"},{\"role\":\"出演\",\"name\":\"鳴海唯\",\"nameRuby\":\"ﾅﾙﾐﾕｲ\"},{\"role\":\"出演\",\"name\":\"恒松祐里\",\"nameRuby\":\"ﾂﾈﾏﾂﾕﾘ\"},{\"role\":\"出演\",\"name\":\"山崎樹範\",\"nameRuby\":\"ﾔﾏｻﾞｷｼｹﾞﾉﾘ\"},{\"role\":\"出演\",\"name\":\"山本未來\",\"nameRuby\":\"ﾔﾏﾓﾄﾐﾗｲ\"},{\"role\":\"出演\",\"name\":\"齋藤飛鳥\",\"nameRuby\":\"ｻｲﾄｳｱｽｶ\"},{\"role\":\"出演\",\"name\":\"市川実日子\",\"nameRuby\":\"ｲﾁｶﾜﾐｶｺ\"},{\"role\":\"出演\",\"name\":\"和久井映見\",\"nameRuby\":\"ﾜｸｲｴﾐ\"},{\"role\":\"出演\",\"name\":\"遠藤憲一\",\"nameRuby\":\"ｴﾝﾄﾞｳｹﾝｲﾁ\"}],\"musicList\":[]},\"publishedOn\":{\"type\":\"BroadcastService\",\"id\":\"bs-g1-130\",\"name\":\"NHK総合テレビジョン\",\"url\":\"https://api-local.ss.org.nhk/r8/t/broadcastservice/bs/g1-130.json\",\"broadcastDisplayName\":\"NHK総合・東京\",\"videoFormat\":[\"2K\"],\"encodingFormat\":[\"video/X-arib-mpeg2\",\"audio/X-arib-mpeg2-aac\"],\"identifierGroup\":{\"serviceId\":\"g1\",\"serviceName\":\"NHK総合1\",\"areaId\":\"130\",\"areaName\":\"東京\",\"channelId\":\"011\",\"channelKey\":\"1\",\"channelAreaName\":\"東京\",\"channelStationName\":\"首都圏\",\"shortenedName\":\"NHK総合1\",\"shortenedDisplayName\":\"総合\",\"multiChannelDisplayName\":\"総合\"},\"logo\":{\"url\":\"https://imgu.web.nhk/common/broadcastservice/bs/g1/g1-logo.svg\",\"main\":{\"url\":\"https://imgu.web.nhk/common/broadcastservice/bs/g1/g1-logo_1080x1080.png\",\"width\":1080,\"height\":1080},\"medium\":{\"url\":\"https://imgu.web.nhk/common/broadcastservice/bs/g1/g1-logo_640x640.png\",\"width\":640,\"height\":640},\"small\":{\"url\":\"https://imgu.web.nhk/common/broadcastservice/bs/g1/g1-logo_200x200.png\",\"width\":200,\"height\":200}},\"eyecatch\":{\"url\":\"https://imgu.web.nhk/common/broadcastservice/bs/g1/g1-eyecatch.svg\",\"large\":{\"url\":\"https://imgu.web.nhk/common/broadcastservice/bs/g1/g1-eyecatch_3840x2160.png\",\"width\":3840,\"height\":2160},\"main\":{\"url\":\"https://imgu.web.nhk/common/broadcastservice/bs/g1/g1-eyecatch_1920x1080.png\",\"width\":1920,\"height\":1080},\"medium\":{\"url\":\"https://imgu.web.nhk/common/broadcastservice/bs/g1/g1-eyecatch_1280x720.png\",\"width\":1280,\"height\":720},\"small\":{\"url\":\"https://imgu.web.nhk/common/broadcastservice/bs/g1/g1-eyecatch_640x360.png\",\"width\":640,\"height\":360}},\"hero\":{\"url\":\"https://imgu.web.nhk/common/broadcastservice/bs/g1/g1-hero.svg\",\"main\":{\"url\":\"https://imgu.web.nhk/common/broadcastservice/bs/g1/g1-hero_1920x640.png\",\"width\":1920,\"height\":640},\"medium\":{\"url\":\"https://imgu.web.nhk/common/broadcastservice/bs/g1/g1-hero_1080x360.png\",\"width\":1080,\"height\":360}},\"badge9x4\":{\"url\":\"https://imgu.web.nhk/common/broadcastservice/bs/g1/g1-badge9x4.svg\",\"main\":{\"url\":\"https://imgu.web.nhk/common/broadcastservice/bs/g1/g1-badge9x4_360x160.png\",\"width\":360,\"height\":160},\"small\":{\"url\":\"https://imgu.web.nhk/common/broadcastservice/bs/g1/g1-badge9x4_180x80.png\",\"width\":180,\"height\":80}}}},\"eyecatch\":{\"large\":{\"url\":\"https://imgu.web.nhk/static/assets/images/tvepisode/te/85JRNZM89P/85JRNZM89P-eyecatch_5d03e56d0fd10ad41d08dee976f17b6a.png\",\"width\":3840,\"height\":2160},\"main\":{\"url\":\"https://imgu.web.nhk/static/assets/images/tvepisode/te/85JRNZM89P/85JRNZM89P-eyecatch_4802d9f50235662f94a2c080c57203be.png\",\"width\":1920,\"height\":1080},\"medium\":{\"url\":\"https://imgu.web.nhk/static/assets/images/tvepisode/te/85JRNZM89P/85JRNZM89P-eyecatch_050f51a4a2bac6b2e542e859115a223b.png\",\"width\":1280,\"height\":720},\"small\":{\"url\":\"https://imgu.web.nhk/static/assets/images/tvepisode/te/85JRNZM89P/85JRNZM89P-eyecatch_6a2fc86a0c49d99e48d67df36e0c072e.png\",\"width\":640,\"height\":360}},\"eyecatchList\":[{\"large\":{\"url\":\"https://imgu.web.nhk/static/assets/images/tvepisode/te/85JRNZM89P/85JRNZM89P-eyecatches_abc235042c6defe7f8ca23bfb96abbd8.jpg\",\"width\":3840,\"height\":2160},\"main\":{\"url\":\"https://imgu.web.nhk/static/assets/images/tvepisode/te/85JRNZM89P/85JRNZM89P-eyecatches_5f0fb5ba1745b4abb139c2ae6266aa7e.jpg\",\"width\":1920,\"height\":1080},\"medium\":{\"url\":\"https://imgu.web.nhk/static/assets/images/tvepisode/te/85JRNZM89P/85JRNZM89P-eyecatches_98e6ed38f8cbf26e621f9fffd017f452.jpg\",\"width\":1280,\"height\":720},\"small\":{\"url\":\"https://imgu.web.nhk/static/assets/images/tvepisode/te/85JRNZM89P/85JRNZM89P-eyecatches_fed2b87622e24a72383befe547057e75.jpg\",\"width\":640,\"height\":360}},{\"large\":{\"url\":\"https://imgu.web.nhk/static/assets/images/tvepisode/te/85JRNZM89P/85JRNZM89P-eyecatches_e7f47740c46dbeef0df62730b6ee0794.jpg\",\"width\":3840,\"height\":2160},\"main\":{\"url\":\"https://imgu.web.nhk/static/assets/images/tvepisode/te/85JRNZM89P/85JRNZM89P-eyecatches_b63d37c9139c14ffbb21e85aa99cd3f6.jpg\",\"width\":1920,\"height\":1080},\"medium\":{\"url\":\"https://imgu.web.nhk/static/assets/images/tvepisode/te/85JRNZM89P/85JRNZM89P-eyecatches_4e64a114aa56b42c08565f8bd5423106.jpg\",\"width\":1280,\"height\":720},\"small\":{\"url\":\"https://imgu.web.nhk/static/assets/images/tvepisode/te/85JRNZM89P/85JRNZM89P-eyecatches_2180f17a959ff35232d75b7c317add1f.jpg\",\"width\":640,\"height\":360}},{\"large\":{\"url\":\"https://imgu.web.nhk/static/assets/images/tvepisode/te/85JRNZM89P/85JRNZM89P-eyecatches_fb997603f2dc306276e84ddf9f6e8ea6.jpg\",\"width\":3840,\"height\":2160},\"main\":{\"url\":\"https://imgu.web.nhk/static/assets/images/tvepisode/te/85JRNZM89P/85JRNZM89P-eyecatches_e1a27e3b6a2a48ee135038b585b7999d.jpg\",\"width\":1920,\"height\":1080},\"medium\":{\"url\":\"https://imgu.web.nhk/static/assets/images/tvepisode/te/85JRNZM89P/85JRNZM89P-eyecatches_3a8d89ba2e1282d3026cc0ae61092dc5.jpg\",\"width\":1280,\"height\":720},\"small\":{\"url\":\"https://imgu.web.nhk/static/assets/images/tvepisode/te/85JRNZM89P/85JRNZM89P-eyecatches_509f826232291ddfc03ba81a8318f59e.jpg\",\"width\":640,\"height\":360}},{\"large\":{\"url\":\"https://imgu.web.nhk/static/assets/images/tvepisode/te/85JRNZM89P/85JRNZM89P-eyecatches_b41c65014d697d64e1ced8b344ccbc2e.jpg\",\"width\":3840,\"height\":2160},\"main\":{\"url\":\"https://imgu.web.nhk/static/assets/images/tvepisode/te/85JRNZM89P/85JRNZM89P-eyecatches_84b69ba4fe3402f984a5847fb1154169.jpg\",\"width\":1920,\"height\":1080},\"medium\":{\"url\":\"https://imgu.web.nhk/static/assets/images/tvepisode/te/85JRNZM89P/85JRNZM89P-eyecatches_a8812ed10847686ebfaf83c64dd431b3.jpg\",\"width\":1280,\"height\":720},\"small\":{\"url\":\"https://imgu.web.nhk/static/assets/images/tvepisode/te/85JRNZM89P/85JRNZM89P-eyecatches_74f7918569fc26b24ad3b9618e7a941d.jpg\",\"width\":640,\"height\":360}}],\"video\":[],\"citation\":[],\"detailedPinnedCitation\":[],\"sameAs\":[],\"correction\":[],\"url\":\"https://api-local.ss.org.nhk/r8/t/tvepisode/te/85JRNZM89P.json\",\"canonical\":\"https://www.web.nhk/tv/an/drama-themis/pl/series-tep-32VWPKM6NX/ep/85JRNZM89P\",\"associatedMedia\":[],\"hasPart\":[],\"additionalProperty\":{\"episodeMergeStatus\":\"notMerged\"}},\"link\":{\"href\":\"https://www.web.nhk/tv/an/drama-themis/pl/series-tep-32VWPKM6NX/ep/85JRNZM89P\"}}]\n"])</script><script>self.__next_f.push([1,"2e:[\"$\",\"$L2a\",\"9YGZLJN1WY\",{\"content\":{\"type\":\"TVEpisode\",\"id\":\"9YGZLJN1WY\",\"name\":\"(4)伝説の反逆児\",\"detailedEpisodeNameRuby\":\"\",\"identifierGroup\":{\"tvEpisodeId\":\"9YGZLJN1WY\",\"tvSeriesId\":\"32VWPKM6NX\",\"tvEpisodeName\":\"(4)伝説の反逆児\",\"tvSeriesName\":\"テミスの不確かな法廷\",\"hashtag\":[],\"serviceId\":[\"g1\",\"g2\"],\"aliasId\":\"drama-themis\",\"formatGenreTag\":[{\"id\":\"03\",\"name\":\"ドラマ\"}],\"themeGenreTag\":[{\"id\":\"031\",\"name\":\"国内ドラマ\"}]},\"keyword\":[],\"description\":\"第３話に続き、運送会社ドライバーが起こした事故原因をめぐる裁判。会社側の責任を示す新証拠が見つかり、審理は原告・四宮（伊東蒼）に有利に動くかに見えた。だが、運送会社の背後に国の息がかかった外郭団体の影がちらつき、最高裁事務総局からも「悪目立ちするな」と警告された門倉（遠藤憲一）は、訴訟指揮に迷いを見せ始める。そして、辞表をデスクにしまい続ける安堂（松山ケンイチ）に、思いがけない言葉をかけ・・・。\",\"dateCreated\":\"2025-11-10T18:23:32+09:00\",\"dateModified\":\"2026-02-16T10:53:42+09:00\",\"actor\":[],\"contributor\":[],\"partOfSeries\":{\"id\":\"32VWPKM6NX\",\"name\":\"テミスの不確かな法廷\",\"detailedSeriesNameRuby\":\"てみすのふたしかなほうてい\",\"identifierGroup\":{\"tvSeriesId\":\"32VWPKM6NX\",\"tvSeriesPlaylistId\":\"series-tep-32VWPKM6NX\",\"tvSeriesUId\":\"p05e97c86-fead-516b-b9c3-1a2a8a3c15c5\",\"tvSeriesName\":\"テミスの不確かな法廷\",\"hashtag\":[],\"serviceId\":[\"g1\",\"g2\"],\"aliasId\":\"drama-themis\",\"formatGenre\":[{\"id\":\"03\",\"name\":\"ドラマ\"}]},\"keyword\":[],\"detailedSynonym\":[],\"sameAs\":[{\"name\":\"NHKドラマ\",\"url\":\"https://www.nhk.jp/g/drama/\"},{\"name\":\"NHKオンデマンド\",\"url\":\"https://www.nhk-ondemand.jp/program/P202500492200000/index.html?capid=nol004922_001\"},{\"name\":\"制作開始のお知らせ\",\"url\":\"https://www.nhk.jp/g/blog/7225ufm1ma/\"}],\"canonical\":\"https://www.web.nhk/tv/an/drama-themis/pl/series-tep-32VWPKM6NX\",\"description\":\"【NHK公式】ドラマ10「テミスの不確かな法廷」\\n「宙わたる教室」制作チームが手がける法廷ヒューマンドラマ！\\n任官七年目の裁判官・安堂清春（松山ケンイチ）。東京から前橋地方裁判所第一支部へと異動してきた彼は、一見、穏やかな裁判官に見える。\\nだが、その内側には絶対に打ち明けられない秘密が…。\\n幼い頃、衝動性や落ち着きのなさからASD（自閉スペクトラム症）とADHD（注意欠如多動症）と診断された安堂。\\n彼は自らの特性を隠し、自分の考える“普通”を装って生きてきた。\\nそれでも、ふとした言動が前橋地裁第一支部の面々を戸惑わせ、法廷内外で混乱を巻き起こしてしまう。\\n\\nそんな安堂の元に、複雑な人間模様が絡み合う、難解な事件が舞い込んでくる。\\n市長を襲った青年。親友をこん睡状態に追い込んだ高校生。そして「父は法律に殺された」と訴える娘――。\\nやがて、安堂の特性からくる“こだわり”が、誰も気づかなかった事件の矛盾をあぶり出す。\\nしかし同時に、彼は自身の衝動とも格闘しながら公判に挑まなければならない。\\n果たして安堂は、公正に事件を裁き、真実へと辿り着くことができるのか！？\\n\\n【放送予定】\\n2026年1月6日（火）スタート〈全8回〉\\n総合テレビ　毎週火曜　夜10:00～10:45\\n[再放送] 総合テレビ　毎週金曜　午前0:35～1:20　※木曜深夜\\n【原作】　直島翔 「テミスの不確かな法廷」\\n【脚本】　浜田秀哉\\n【音楽】　jizue\\n【出演】　松山ケンイチ　鳴海唯　恒松祐里　山崎樹範／市川実日子／和久井映見　遠藤憲一　他\\n【演出】　吉川久岳（ランプ）、山下和徳、相良健一、富澤昭文\\n【制作統括】　橋立聖史（ランプ）、神林伸太郎（NHKエンタープライズ）、渡辺悟（NHK）\",\"detailedCatch\":\"発達障害を抱えた裁判官が難解な事件に挑む\",\"logo\":{\"main\":{\"url\":\"https://imgu.web.nhk/static/assets/images/tvseries/ts/32VWPKM6NX/32VWPKM6NX-logo_828f940b0935f2c88c185499d12d2962.png\",\"width\":1080,\"height\":1080},\"medium\":{\"url\":\"https://imgu.web.nhk/static/assets/images/tvseries/ts/32VWPKM6NX/32VWPKM6NX-logo_8efc99cc3bd9306dd4467364a74fc245.png\",\"width\":640,\"height\":640},\"small\":{\"url\":\"https://imgu.web.nhk/static/assets/images/tvseries/ts/32VWPKM6NX/32VWPKM6NX-logo_eb53b73599bb3a12a7348e223b80d402.png\",\"width\":200,\"height\":200}},\"eyecatch\":{\"large\":{\"url\":\"https://imgu.web.nhk/static/assets/images/tvseries/ts/32VWPKM6NX/32VWPKM6NX-eyecatch_8c03dd6170b3c1f9839acd1470b220cb.png\",\"width\":3840,\"height\":2160},\"main\":{\"url\":\"https://imgu.web.nhk/static/assets/images/tvseries/ts/32VWPKM6NX/32VWPKM6NX-eyecatch_1978a831e355939ce5b784e1ccaa8a51.png\",\"width\":1920,\"height\":1080},\"medium\":{\"url\":\"https://imgu.web.nhk/static/assets/images/tvseries/ts/32VWPKM6NX/32VWPKM6NX-eyecatch_bfb53794ff02850bbf363238ee44389f.png\",\"width\":1280,\"height\":720},\"small\":{\"url\":\"https://imgu.web.nhk/static/assets/images/tvseries/ts/32VWPKM6NX/32VWPKM6NX-eyecatch_c4bf75e830963eb2a39241978a2ea298.png\",\"width\":640,\"height\":360}},\"hero\":{\"main\":{\"url\":\"https://imgu.web.nhk/static/assets/images/tvseries/ts/32VWPKM6NX/32VWPKM6NX-hero_a3a67dcfe488d632aba74e48fe2e622a.png\",\"width\":1920,\"height\":640},\"medium\":{\"url\":\"https://imgu.web.nhk/static/assets/images/tvseries/ts/32VWPKM6NX/32VWPKM6NX-hero_8d883d52b93f5e90cdb211757afade88.png\",\"width\":1080,\"height\":360}},\"style\":{\"textLight\":\"#000000\",\"textDark\":\"#FFFFFF\",\"linkLight\":\"#E22300\",\"linkDark\":\"#FF330D\",\"primaryLight\":\"#FF2800\",\"primaryDark\":\"#FF2800\"},\"additionalProperty\":{\"publishLevel\":\"full\",\"layoutPattern\":\"summary\",\"episodeOrderBy\":\"releasedEvent\",\"availableOnPlus\":false,\"enableVariablePlayBackSpeedControl\":false,\"optional\":[],\"seriesPackStatus\":\"notPacked\",\"supportMedia\":[\"@screen\"],\"supportMusicList\":true,\"supportPlusEmbed\":true,\"enableWebContent\":false},\"url\":\"https://api-local.ss.org.nhk/r8/t/nplaylist/pl/series-tep-32VWPKM6NX.json\",\"itemUrl\":\"https://api-local.ss.org.nhk/r8/l/tvepisode/pl/series-tep-32VWPKM6NX.json\"},\"releasedEvent\":{\"startDate\":\"2026-01-27T22:00:00+09:00\",\"displayStartDate\":\"2026-01-27T22:00:00+09:00\",\"endDate\":\"2026-01-27T22:45:00+09:00\",\"publishedOn\":{\"type\":\"BroadcastService\",\"id\":\"bs-g1-130\",\"name\":\"NHK総合テレビジョン\",\"url\":\"https://api-local.ss.org.nhk/r8/t/broadcastservice/bs/g1-130.json\",\"broadcastDisplayName\":\"NHK総合・東京\",\"videoFormat\":[\"2K\"],\"encodingFormat\":[\"video/X-arib-mpeg2\",\"audio/X-arib-mpeg2-aac\"],\"identifierGroup\":{\"serviceId\":\"g1\",\"serviceName\":\"NHK総合1\",\"areaId\":\"130\",\"areaName\":\"東京\",\"channelId\":\"011\",\"channelKey\":\"1\",\"channelAreaName\":\"東京\",\"channelStationName\":\"首都圏\",\"shortenedName\":\"NHK総合1\",\"shortenedDisplayName\":\"総合\",\"multiChannelDisplayName\":\"総合\"},\"logo\":{\"url\":\"https://imgu.web.nhk/common/broadcastservice/bs/g1/g1-logo.svg\",\"main\":{\"url\":\"https://imgu.web.nhk/common/broadcastservice/bs/g1/g1-logo_1080x1080.png\",\"width\":1080,\"height\":1080},\"medium\":{\"url\":\"https://imgu.web.nhk/common/broadcastservice/bs/g1/g1-logo_640x640.png\",\"width\":640,\"height\":640},\"small\":{\"url\":\"https://imgu.web.nhk/common/broadcastservice/bs/g1/g1-logo_200x200.png\",\"width\":200,\"height\":200}},\"eyecatch\":{\"url\":\"https://imgu.web.nhk/common/broadcastservice/bs/g1/g1-eyecatch.svg\",\"large\":{\"url\":\"https://imgu.web.nhk/common/broadcastservice/bs/g1/g1-eyecatch_3840x2160.png\",\"width\":3840,\"height\":2160},\"main\":{\"url\":\"https://imgu.web.nhk/common/broadcastservice/bs/g1/g1-eyecatch_1920x1080.png\",\"width\":1920,\"height\":1080},\"medium\":{\"url\":\"https://imgu.web.nhk/common/broadcastservice/bs/g1/g1-eyecatch_1280x720.png\",\"width\":1280,\"height\":720},\"small\":{\"url\":\"https://imgu.web.nhk/common/broadcastservice/bs/g1/g1-eyecatch_640x360.png\",\"width\":640,\"height\":360}},\"hero\":{\"url\":\"https://imgu.web.nhk/common/broadcastservice/bs/g1/g1-hero.svg\",\"main\":{\"url\":\"https://imgu.web.nhk/common/broadcastservice/bs/g1/g1-hero_1920x640.png\",\"width\":1920,\"height\":640},\"medium\":{\"url\":\"https://imgu.web.nhk/common/broadcastservice/bs/g1/g1-hero_1080x360.png\",\"width\":1080,\"height\":360}},\"badge9x4\":{\"url\":\"https://imgu.web.nhk/common/broadcastservice/bs/g1/g1-badge9x4.svg\",\"main\":{\"url\":\"https://imgu.web.nhk/common/broadcastservice/bs/g1/g1-badge9x4_360x160.png\",\"width\":360,\"height\":160},\"small\":{\"url\":\"https://imgu.web.nhk/common/broadcastservice/bs/g1/g1-badge9x4_180x80.png\",\"width\":180,\"height\":80}}}},\"detailedRecentEvent\":{\"id\":\"g1-130-2026022408708\",\"startDate\":\"2026-02-24T02:05:00+09:00\",\"endDate\":\"2026-02-24T02:50:00+09:00\",\"identifierGroup\":{\"broadcastEventId\":\"g1-130-2026022408708\",\"serviceId\":\"g1\",\"areaId\":\"130\",\"stationId\":\"001\",\"date\":\"2026-02-23\",\"eventId\":\"08708\",\"genre\":[{\"id\":\"0300\",\"name1\":\"ドラマ\",\"name2\":\"国内ドラマ\"}],\"onid\":\"7fe0\",\"sid\":\"0400\",\"tsid\":\"7fe0\"},\"misc\":{\"displayVideoMode\":\"none\",\"displayVideoRange\":\"sdr\",\"displayAudioMode\":[\"kaisetsu\"],\"audioMode\":[\"stereoKaisetsu\"],\"supportCaption\":true,\"supportSign\":false,\"supportHybridcast\":false,\"supportDataBroadcast\":false,\"isInteractive\":false,\"isChangeable\":false,\"releaseLevel\":\"repeat\",\"programType\":\"program\",\"coverage\":\"nationwide\",\"actList\":[{\"role\":\"原作\",\"name\":\"直島翔\",\"nameRuby\":\"ﾅｵｼﾏｼｮｳ\"},{\"role\":\"脚本\",\"name\":\"浜田秀哉\",\"nameRuby\":\"ﾊﾏﾀﾞﾋﾃﾞﾔ\"},{\"role\":\"出演\",\"name\":\"松山ケンイチ\",\"nameRuby\":\"ﾏﾂﾔﾏｹﾝｲﾁ\"},{\"role\":\"出演\",\"name\":\"鳴海唯\",\"nameRuby\":\"ﾅﾙﾐﾕｲ\"},{\"role\":\"出演\",\"name\":\"恒松祐里\",\"nameRuby\":\"ﾂﾈﾏﾂﾕﾘ\"},{\"role\":\"出演\",\"name\":\"山崎樹範\",\"nameRuby\":\"ﾔﾏｻﾞｷｼｹﾞﾉﾘ\"},{\"role\":\"出演\",\"name\":\"山本未來\",\"nameRuby\":\"ﾔﾏﾓﾄﾐﾗｲ\"},{\"role\":\"出演\",\"name\":\"齋藤飛鳥\",\"nameRuby\":\"ｻｲﾄｳｱｽｶ\"},{\"role\":\"出演\",\"name\":\"市川実日子\",\"nameRuby\":\"ｲﾁｶﾜﾐｶｺ\"},{\"role\":\"出演\",\"name\":\"和久井映見\",\"nameRuby\":\"ﾜｸｲｴﾐ\"},{\"role\":\"出演\",\"name\":\"遠藤憲一\",\"nameRuby\":\"ｴﾝﾄﾞｳｹﾝｲﾁ\"},{\"role\":\"出演\",\"name\":\"伊東蒼\",\"nameRuby\":\"ｲﾄｳｱｵｲ\"}],\"musicList\":[]},\"publishedOn\":{\"type\":\"BroadcastService\",\"id\":\"bs-g1-130\",\"name\":\"NHK総合テレビジョン\",\"url\":\"https://api-local.ss.org.nhk/r8/t/broadcastservice/bs/g1-130.json\",\"broadcastDisplayName\":\"NHK総合・東京\",\"videoFormat\":[\"2K\"],\"encodingFormat\":[\"video/X-arib-mpeg2\",\"audio/X-arib-mpeg2-aac\"],\"identifierGroup\":{\"serviceId\":\"g1\",\"serviceName\":\"NHK総合1\",\"areaId\":\"130\",\"areaName\":\"東京\",\"channelId\":\"011\",\"channelKey\":\"1\",\"channelAreaName\":\"東京\",\"channelStationName\":\"首都圏\",\"shortenedName\":\"NHK総合1\",\"shortenedDisplayName\":\"総合\",\"multiChannelDisplayName\":\"総合\"},\"logo\":{\"url\":\"https://imgu.web.nhk/common/broadcastservice/bs/g1/g1-logo.svg\",\"main\":{\"url\":\"https://imgu.web.nhk/common/broadcastservice/bs/g1/g1-logo_1080x1080.png\",\"width\":1080,\"height\":1080},\"medium\":{\"url\":\"https://imgu.web.nhk/common/broadcastservice/bs/g1/g1-logo_640x640.png\",\"width\":640,\"height\":640},\"small\":{\"url\":\"https://imgu.web.nhk/common/broadcastservice/bs/g1/g1-logo_200x200.png\",\"width\":200,\"height\":200}},\"eyecatch\":{\"url\":\"https://imgu.web.nhk/common/broadcastservice/bs/g1/g1-eyecatch.svg\",\"large\":{\"url\":\"https://imgu.web.nhk/common/broadcastservice/bs/g1/g1-eyecatch_3840x2160.png\",\"width\":3840,\"height\":2160},\"main\":{\"url\":\"https://imgu.web.nhk/common/broadcastservice/bs/g1/g1-eyecatch_1920x1080.png\",\"width\":1920,\"height\":1080},\"medium\":{\"url\":\"https://imgu.web.nhk/common/broadcastservice/bs/g1/g1-eyecatch_1280x720.png\",\"width\":1280,\"height\":720},\"small\":{\"url\":\"https://imgu.web.nhk/common/broadcastservice/bs/g1/g1-eyecatch_640x360.png\",\"width\":640,\"height\":360}},\"hero\":{\"url\":\"https://imgu.web.nhk/common/broadcastservice/bs/g1/g1-hero.svg\",\"main\":{\"url\":\"https://imgu.web.nhk/common/broadcastservice/bs/g1/g1-hero_1920x640.png\",\"width\":1920,\"height\":640},\"medium\":{\"url\":\"https://imgu.web.nhk/common/broadcastservice/bs/g1/g1-hero_1080x360.png\",\"width\":1080,\"height\":360}},\"badge9x4\":{\"url\":\"https://imgu.web.nhk/common/broadcastservice/bs/g1/g1-badge9x4.svg\",\"main\":{\"url\":\"https://imgu.web.nhk/common/broadcastservice/bs/g1/g1-badge9x4_360x160.png\",\"width\":360,\"height\":160},\"small\":{\"url\":\"https://imgu.web.nhk/common/broadcastservice/bs/g1/g1-badge9x4_180x80.png\",\"width\":180,\"height\":80}}}},\"detailedComingEvent\":{\"id\":\"g1-130-2026022408708\",\"startDate\":\"2026-02-24T02:05:00+09:00\",\"endDate\":\"2026-02-24T02:50:00+09:00\",\"identifierGroup\":{\"broadcastEventId\":\"g1-130-2026022408708\",\"serviceId\":\"g1\",\"areaId\":\"130\",\"stationId\":\"001\",\"date\":\"2026-02-23\",\"eventId\":\"08708\",\"genre\":[{\"id\":\"0300\",\"name1\":\"ドラマ\",\"name2\":\"国内ドラマ\"}],\"onid\":\"7fe0\",\"sid\":\"0400\",\"tsid\":\"7fe0\"},\"misc\":{\"displayVideoMode\":\"none\",\"displayVideoRange\":\"sdr\",\"displayAudioMode\":[\"kaisetsu\"],\"audioMode\":[\"stereoKaisetsu\"],\"supportCaption\":true,\"supportSign\":false,\"supportHybridcast\":false,\"supportDataBroadcast\":false,\"isInteractive\":false,\"isChangeable\":false,\"releaseLevel\":\"repeat\",\"programType\":\"program\",\"coverage\":\"nationwide\",\"actList\":[{\"role\":\"原作\",\"name\":\"直島翔\",\"nameRuby\":\"ﾅｵｼﾏｼｮｳ\"},{\"role\":\"脚本\",\"name\":\"浜田秀哉\",\"nameRuby\":\"ﾊﾏﾀﾞﾋﾃﾞﾔ\"},{\"role\":\"出演\",\"name\":\"松山ケンイチ\",\"nameRuby\":\"ﾏﾂﾔﾏｹﾝｲﾁ\"},{\"role\":\"出演\",\"name\":\"鳴海唯\",\"nameRuby\":\"ﾅﾙﾐﾕｲ\"},{\"role\":\"出演\",\"name\":\"恒松祐里\",\"nameRuby\":\"ﾂﾈﾏﾂﾕﾘ\"},{\"role\":\"出演\",\"name\":\"山崎樹範\",\"nameRuby\":\"ﾔﾏｻﾞｷｼｹﾞﾉﾘ\"},{\"role\":\"出演\",\"name\":\"山本未來\",\"nameRuby\":\"ﾔﾏﾓﾄﾐﾗｲ\"},{\"role\":\"出演\",\"name\":\"齋藤飛鳥\",\"nameRuby\":\"ｻｲﾄｳｱｽｶ\"},{\"role\":\"出演\",\"name\":\"市川実日子\",\"nameRuby\":\"ｲﾁｶﾜﾐｶｺ\"},{\"role\":\"出演\",\"name\":\"和久井映見\",\"nameRuby\":\"ﾜｸｲｴﾐ\"},{\"role\":\"出演\",\"name\":\"遠藤憲一\",\"nameRuby\":\"ｴﾝﾄﾞｳｹﾝｲﾁ\"},{\"role\":\"出演\",\"name\":\"伊東蒼\",\"nameRuby\":\"ｲﾄｳｱｵｲ\"}],\"musicList\":[]},\"publishedOn\":{\"type\":\"BroadcastService\",\"id\":\"bs-g1-130\",\"name\":\"NHK総合テレビジョン\",\"url\":\"https://api-local.ss.org.nhk/r8/t/broadcastservice/bs/g1-130.json\",\"broadcastDisplayName\":\"NHK総合・東京\",\"videoFormat\":[\"2K\"],\"encodingFormat\":[\"video/X-arib-mpeg2\",\"audio/X-arib-mpeg2-aac\"],\"identifierGroup\":{\"serviceId\":\"g1\",\"serviceName\":\"NHK総合1\",\"areaId\":\"130\",\"areaName\":\"東京\",\"channelId\":\"011\",\"channelKey\":\"1\",\"channelAreaName\":\"東京\",\"channelStationName\":\"首都圏\",\"shortenedName\":\"NHK総合1\",\"shortenedDisplayName\":\"総合\",\"multiChannelDisplayName\":\"総合\"},\"logo\":{\"url\":\"https://imgu.web.nhk/common/broadcastservice/bs/g1/g1-logo.svg\",\"main\":{\"url\":\"https://imgu.web.nhk/common/broadcastservice/bs/g1/g1-logo_1080x1080.png\",\"width\":1080,\"height\":1080},\"medium\":{\"url\":\"https://imgu.web.nhk/common/broadcastservice/bs/g1/g1-logo_640x640.png\",\"width\":640,\"height\":640},\"small\":{\"url\":\"https://imgu.web.nhk/common/broadcastservice/bs/g1/g1-logo_200x200.png\",\"width\":200,\"height\":200}},\"eyecatch\":{\"url\":\"https://imgu.web.nhk/common/broadcastservice/bs/g1/g1-eyecatch.svg\",\"large\":{\"url\":\"https://imgu.web.nhk/common/broadcastservice/bs/g1/g1-eyecatch_3840x2160.png\",\"width\":3840,\"height\":2160},\"main\":{\"url\":\"https://imgu.web.nhk/common/broadcastservice/bs/g1/g1-eyecatch_1920x1080.png\",\"width\":1920,\"height\":1080},\"medium\":{\"url\":\"https://imgu.web.nhk/common/broadcastservice/bs/g1/g1-eyecatch_1280x720.png\",\"width\":1280,\"height\":720},\"small\":{\"url\":\"https://imgu.web.nhk/common/broadcastservice/bs/g1/g1-eyecatch_640x360.png\",\"width\":640,\"height\":360}},\"hero\":{\"url\":\"https://imgu.web.nhk/common/broadcastservice/bs/g1/g1-hero.svg\",\"main\":{\"url\":\"https://imgu.web.nhk/common/broadcastservice/bs/g1/g1-hero_1920x640.png\",\"width\":1920,\"height\":640},\"medium\":{\"url\":\"https://imgu.web.nhk/common/broadcastservice/bs/g1/g1-hero_1080x360.png\",\"width\":1080,\"height\":360}},\"badge9x4\":{\"url\":\"https://imgu.web.nhk/common/broadcastservice/bs/g1/g1-badge9x4.svg\",\"main\":{\"url\":\"https://imgu.web.nhk/common/broadcastservice/bs/g1/g1-badge9x4_360x160.png\",\"width\":360,\"height\":160},\"small\":{\"url\":\"https://imgu.web.nhk/common/broadcastservice/bs/g1/g1-badge9x4_180x80.png\",\"width\":180,\"height\":80}}}},\"eyecatch\":{\"large\":{\"url\":\"https://imgu.web.nhk/static/assets/images/tvepisode/te/9YGZLJN1WY/9YGZLJN1WY-eyecatch_06e20f070289c4d8d622a93697d84726.png\",\"width\":3840,\"height\":2160},\"main\":{\"url\":\"https://imgu.web.nhk/static/assets/images/tvepisode/te/9YGZLJN1WY/9YGZLJN1WY-eyecatch_8da91c5b6b06eda934b63a76d7a45ebb.png\",\"width\":1920,\"height\":1080},\"medium\":{\"url\":\"https://imgu.web.nhk/static/assets/images/tvepisode/te/9YGZLJN1WY/9YGZLJN1WY-eyecatch_1c45aa757b698e86fd2452fdb79f0edc.png\",\"width\":1280,\"height\":720},\"small\":{\"url\":\"https://imgu.web.nhk/static/assets/images/tvepisode/te/9YGZLJN1WY/9YGZLJN1WY-eyecatch_1e3f79b5f11b43bb8694523eb52977ca.png\",\"width\":640,\"height\":360}},\"eyecatchList\":[{\"large\":{\"url\":\"https://imgu.web.nhk/static/assets/images/tvepisode/te/9YGZLJN1WY/9YGZLJN1WY-eyecatches_7af4f3eed331f7fe1468c335e6f8cb2f.jpg\",\"width\":3840,\"height\":2160},\"main\":{\"url\":\"https://imgu.web.nhk/static/assets/images/tvepisode/te/9YGZLJN1WY/9YGZLJN1WY-eyecatches_ec5b635b4ebd652893787a93cfbba73b.jpg\",\"width\":1920,\"height\":1080},\"medium\":{\"url\":\"https://imgu.web.nhk/static/assets/images/tvepisode/te/9YGZLJN1WY/9YGZLJN1WY-eyecatches_312cae7ea94cdb4ca58d7ad69b7f45c2.jpg\",\"width\":1280,\"height\":720},\"small\":{\"url\":\"https://imgu.web.nhk/static/assets/images/tvepisode/te/9YGZLJN1WY/9YGZLJN1WY-eyecatches_82d4fb973ca4af2ca9d53e7c15778b82.jpg\",\"width\":640,\"height\":360}},{\"large\":{\"url\":\"https://imgu.web.nhk/static/assets/images/tvepisode/te/9YGZLJN1WY/9YGZLJN1WY-eyecatches_126020e962333aea78776a2c588c4b36.jpg\",\"width\":3840,\"height\":2160},\"main\":{\"url\":\"https://imgu.web.nhk/static/assets/images/tvepisode/te/9YGZLJN1WY/9YGZLJN1WY-eyecatches_4ffc3d0fe1abf87bbdebaa5eb1b558de.jpg\",\"width\":1920,\"height\":1080},\"medium\":{\"url\":\"https://imgu.web.nhk/static/assets/images/tvepisode/te/9YGZLJN1WY/9YGZLJN1WY-eyecatches_4ee44e1a29779348f982cc1962a1a6ba.jpg\",\"width\":1280,\"height\":720},\"small\":{\"url\":\"https://imgu.web.nhk/static/assets/images/tvepisode/te/9YGZLJN1WY/9YGZLJN1WY-eyecatches_542e54e37c85d7df1b3f736aba2d7731.jpg\",\"width\":640,\"height\":360}},{\"large\":{\"url\":\"https://imgu.web.nhk/static/assets/images/tvepisode/te/9YGZLJN1WY/9YGZLJN1WY-eyecatches_9828f4cbf3e2b8441c0ea7aef3f94528.jpg\",\"width\":3840,\"height\":2160},\"main\":{\"url\":\"https://imgu.web.nhk/static/assets/images/tvepisode/te/9YGZLJN1WY/9YGZLJN1WY-eyecatches_cdc321eb04031683e5093f08681b0e9a.jpg\",\"width\":1920,\"height\":1080},\"medium\":{\"url\":\"https://imgu.web.nhk/static/assets/images/tvepisode/te/9YGZLJN1WY/9YGZLJN1WY-eyecatches_228832f7d6de3112f24a413fe6ed9901.jpg\",\"width\":1280,\"height\":720},\"small\":{\"url\":\"https://imgu.web.nhk/static/assets/images/tvepisode/te/9YGZLJN1WY/9YGZLJN1WY-eyecatches_c3399b4b98c036e55fb61699cfec350a.jpg\",\"width\":640,\"height\":360}},{\"large\":{\"url\":\"https://imgu.web.nhk/static/assets/images/tvepisode/te/9YGZLJN1WY/9YGZLJN1WY-eyecatches_55314a757033a1486ccc4fdce9397e54.jpg\",\"width\":3840,\"height\":2160},\"main\":{\"url\":\"https://imgu.web.nhk/static/assets/images/tvepisode/te/9YGZLJN1WY/9YGZLJN1WY-eyecatches_da95e9cd01549606ac1abab24d4b59e8.jpg\",\"width\":1920,\"height\":1080},\"medium\":{\"url\":\"https://imgu.web.nhk/static/assets/images/tvepisode/te/9YGZLJN1WY/9YGZLJN1WY-eyecatches_ee466885147e8f89649a89175543087f.jpg\",\"width\":1280,\"height\":720},\"small\":{\"url\":\"https://imgu.web.nhk/static/assets/images/tvepisode/te/9YGZLJN1WY/9YGZLJN1WY-eyecatches_e08e4e8722755f1370ce0512fd227960.jpg\",\"width\":640,\"height\":360}}],\"video\":[],\"citation\":[],\"detailedPinnedCitation\":[],\"sameAs\":[],\"correction\":[],\"url\":\"https://api-local.ss.org.nhk/r8/t/tvepisode/te/9YGZLJN1WY.json\",\"canonical\":\"https://www.web.nhk/tv/an/drama-themis/pl/series-tep-32VWPKM6NX/ep/9YGZLJN1WY\",\"associatedMedia\":[],\"hasPart\":[],\"additionalProperty\":{\"episodeMergeStatus\":\"notMerged\"}},\"link\":{\"href\":\"https://www.web.nhk/tv/an/drama-themis/pl/series-tep-32VWPKM6NX/ep/9YGZLJN1WY\"}}]\n"])</script><script>self.__next_f.push([1,"2f:[\"$\",\"$L2a\",\"M6WY164Z62\",{\"content\":{\"type\":\"TVEpisode\",\"id\":\"M6WY164Z62\",\"name\":\"(3)裁判官の資質\",\"detailedEpisodeNameRuby\":\"\",\"identifierGroup\":{\"tvEpisodeId\":\"M6WY164Z62\",\"tvSeriesId\":\"32VWPKM6NX\",\"tvEpisodeName\":\"(3)裁判官の資質\",\"tvSeriesName\":\"テミスの不確かな法廷\",\"hashtag\":[],\"serviceId\":[\"g1\",\"g2\"],\"aliasId\":\"drama-themis\",\"formatGenreTag\":[{\"id\":\"03\",\"name\":\"ドラマ\"}],\"themeGenreTag\":[{\"id\":\"031\",\"name\":\"国内ドラマ\"}]},\"keyword\":[],\"description\":\"八御見運送のドライバー・佐久間が、業務中の事故で通行人も巻き込み死亡。娘の四宮絵里（伊東蒼）は、過重労働が原因だとして会社を相手に民事訴訟を起こすが、会社側は佐久間の過失を主張。四宮の弁護人・穂積（山本未來）は、「伝説の反逆児」と呼ばれた裁判長・門倉（遠藤憲一）の訴訟指揮に期待する。一方、安堂（松山ケンイチ）は自らの特性ゆえのミスで公判に影響を及ぼしてしまい、裁判官を続けるべきか悩みはじめる。\",\"dateCreated\":\"2025-11-10T18:38:41+09:00\",\"dateModified\":\"2026-02-16T10:53:42+09:00\",\"actor\":[],\"contributor\":[],\"partOfSeries\":{\"id\":\"32VWPKM6NX\",\"name\":\"テミスの不確かな法廷\",\"detailedSeriesNameRuby\":\"てみすのふたしかなほうてい\",\"identifierGroup\":{\"tvSeriesId\":\"32VWPKM6NX\",\"tvSeriesPlaylistId\":\"series-tep-32VWPKM6NX\",\"tvSeriesUId\":\"p05e97c86-fead-516b-b9c3-1a2a8a3c15c5\",\"tvSeriesName\":\"テミスの不確かな法廷\",\"hashtag\":[],\"serviceId\":[\"g1\",\"g2\"],\"aliasId\":\"drama-themis\",\"formatGenre\":[{\"id\":\"03\",\"name\":\"ドラマ\"}]},\"keyword\":[],\"detailedSynonym\":[],\"sameAs\":[{\"name\":\"NHKドラマ\",\"url\":\"https://www.nhk.jp/g/drama/\"},{\"name\":\"NHKオンデマンド\",\"url\":\"https://www.nhk-ondemand.jp/program/P202500492200000/index.html?capid=nol004922_001\"},{\"name\":\"制作開始のお知らせ\",\"url\":\"https://www.nhk.jp/g/blog/7225ufm1ma/\"}],\"canonical\":\"https://www.web.nhk/tv/an/drama-themis/pl/series-tep-32VWPKM6NX\",\"description\":\"【NHK公式】ドラマ10「テミスの不確かな法廷」\\n「宙わたる教室」制作チームが手がける法廷ヒューマンドラマ！\\n任官七年目の裁判官・安堂清春（松山ケンイチ）。東京から前橋地方裁判所第一支部へと異動してきた彼は、一見、穏やかな裁判官に見える。\\nだが、その内側には絶対に打ち明けられない秘密が…。\\n幼い頃、衝動性や落ち着きのなさからASD（自閉スペクトラム症）とADHD（注意欠如多動症）と診断された安堂。\\n彼は自らの特性を隠し、自分の考える“普通”を装って生きてきた。\\nそれでも、ふとした言動が前橋地裁第一支部の面々を戸惑わせ、法廷内外で混乱を巻き起こしてしまう。\\n\\nそんな安堂の元に、複雑な人間模様が絡み合う、難解な事件が舞い込んでくる。\\n市長を襲った青年。親友をこん睡状態に追い込んだ高校生。そして「父は法律に殺された」と訴える娘――。\\nやがて、安堂の特性からくる“こだわり”が、誰も気づかなかった事件の矛盾をあぶり出す。\\nしかし同時に、彼は自身の衝動とも格闘しながら公判に挑まなければならない。\\n果たして安堂は、公正に事件を裁き、真実へと辿り着くことができるのか！？\\n\\n【放送予定】\\n2026年1月6日（火）スタート〈全8回〉\\n総合テレビ　毎週火曜　夜10:00～10:45\\n[再放送] 総合テレビ　毎週金曜　午前0:35～1:20　※木曜深夜\\n【原作】　直島翔 「テミスの不確かな法廷」\\n【脚本】　浜田秀哉\\n【音楽】　jizue\\n【出演】　松山ケンイチ　鳴海唯　恒松祐里　山崎樹範／市川実日子／和久井映見　遠藤憲一　他\\n【演出】　吉川久岳（ランプ）、山下和徳、相良健一、富澤昭文\\n【制作統括】　橋立聖史（ランプ）、神林伸太郎（NHKエンタープライズ）、渡辺悟（NHK）\",\"detailedCatch\":\"発達障害を抱えた裁判官が難解な事件に挑む\",\"logo\":{\"main\":{\"url\":\"https://imgu.web.nhk/static/assets/images/tvseries/ts/32VWPKM6NX/32VWPKM6NX-logo_828f940b0935f2c88c185499d12d2962.png\",\"width\":1080,\"height\":1080},\"medium\":{\"url\":\"https://imgu.web.nhk/static/assets/images/tvseries/ts/32VWPKM6NX/32VWPKM6NX-logo_8efc99cc3bd9306dd4467364a74fc245.png\",\"width\":640,\"height\":640},\"small\":{\"url\":\"https://imgu.web.nhk/static/assets/images/tvseries/ts/32VWPKM6NX/32VWPKM6NX-logo_eb53b73599bb3a12a7348e223b80d402.png\",\"width\":200,\"height\":200}},\"eyecatch\":{\"large\":{\"url\":\"https://imgu.web.nhk/static/assets/images/tvseries/ts/32VWPKM6NX/32VWPKM6NX-eyecatch_8c03dd6170b3c1f9839acd1470b220cb.png\",\"width\":3840,\"height\":2160},\"main\":{\"url\":\"https://imgu.web.nhk/static/assets/images/tvseries/ts/32VWPKM6NX/32VWPKM6NX-eyecatch_1978a831e355939ce5b784e1ccaa8a51.png\",\"width\":1920,\"height\":1080},\"medium\":{\"url\":\"https://imgu.web.nhk/static/assets/images/tvseries/ts/32VWPKM6NX/32VWPKM6NX-eyecatch_bfb53794ff02850bbf363238ee44389f.png\",\"width\":1280,\"height\":720},\"small\":{\"url\":\"https://imgu.web.nhk/static/assets/images/tvseries/ts/32VWPKM6NX/32VWPKM6NX-eyecatch_c4bf75e830963eb2a39241978a2ea298.png\",\"width\":640,\"height\":360}},\"hero\":{\"main\":{\"url\":\"https://imgu.web.nhk/static/assets/images/tvseries/ts/32VWPKM6NX/32VWPKM6NX-hero_a3a67dcfe488d632aba74e48fe2e622a.png\",\"width\":1920,\"height\":640},\"medium\":{\"url\":\"https://imgu.web.nhk/static/assets/images/tvseries/ts/32VWPKM6NX/32VWPKM6NX-hero_8d883d52b93f5e90cdb211757afade88.png\",\"width\":1080,\"height\":360}},\"style\":{\"textLight\":\"#000000\",\"textDark\":\"#FFFFFF\",\"linkLight\":\"#E22300\",\"linkDark\":\"#FF330D\",\"primaryLight\":\"#FF2800\",\"primaryDark\":\"#FF2800\"},\"additionalProperty\":{\"publishLevel\":\"full\",\"layoutPattern\":\"summary\",\"episodeOrderBy\":\"releasedEvent\",\"availableOnPlus\":false,\"enableVariablePlayBackSpeedControl\":false,\"optional\":[],\"seriesPackStatus\":\"notPacked\",\"supportMedia\":[\"@screen\"],\"supportMusicList\":true,\"supportPlusEmbed\":true,\"enableWebContent\":false},\"url\":\"https://api-local.ss.org.nhk/r8/t/nplaylist/pl/series-tep-32VWPKM6NX.json\",\"itemUrl\":\"https://api-local.ss.org.nhk/r8/l/tvepisode/pl/series-tep-32VWPKM6NX.json\"},\"releasedEvent\":{\"startDate\":\"2026-01-20T22:00:00+09:00\",\"displayStartDate\":\"2026-01-20T22:00:00+09:00\",\"endDate\":\"2026-01-20T22:45:00+09:00\",\"publishedOn\":{\"type\":\"BroadcastService\",\"id\":\"bs-g1-130\",\"name\":\"NHK総合テレビジョン\",\"url\":\"https://api-local.ss.org.nhk/r8/t/broadcastservice/bs/g1-130.json\",\"broadcastDisplayName\":\"NHK総合・東京\",\"videoFormat\":[\"2K\"],\"encodingFormat\":[\"video/X-arib-mpeg2\",\"audio/X-arib-mpeg2-aac\"],\"identifierGroup\":{\"serviceId\":\"g1\",\"serviceName\":\"NHK総合1\",\"areaId\":\"130\",\"areaName\":\"東京\",\"channelId\":\"011\",\"channelKey\":\"1\",\"channelAreaName\":\"東京\",\"channelStationName\":\"首都圏\",\"shortenedName\":\"NHK総合1\",\"shortenedDisplayName\":\"総合\",\"multiChannelDisplayName\":\"総合\"},\"logo\":{\"url\":\"https://imgu.web.nhk/common/broadcastservice/bs/g1/g1-logo.svg\",\"main\":{\"url\":\"https://imgu.web.nhk/common/broadcastservice/bs/g1/g1-logo_1080x1080.png\",\"width\":1080,\"height\":1080},\"medium\":{\"url\":\"https://imgu.web.nhk/common/broadcastservice/bs/g1/g1-logo_640x640.png\",\"width\":640,\"height\":640},\"small\":{\"url\":\"https://imgu.web.nhk/common/broadcastservice/bs/g1/g1-logo_200x200.png\",\"width\":200,\"height\":200}},\"eyecatch\":{\"url\":\"https://imgu.web.nhk/common/broadcastservice/bs/g1/g1-eyecatch.svg\",\"large\":{\"url\":\"https://imgu.web.nhk/common/broadcastservice/bs/g1/g1-eyecatch_3840x2160.png\",\"width\":3840,\"height\":2160},\"main\":{\"url\":\"https://imgu.web.nhk/common/broadcastservice/bs/g1/g1-eyecatch_1920x1080.png\",\"width\":1920,\"height\":1080},\"medium\":{\"url\":\"https://imgu.web.nhk/common/broadcastservice/bs/g1/g1-eyecatch_1280x720.png\",\"width\":1280,\"height\":720},\"small\":{\"url\":\"https://imgu.web.nhk/common/broadcastservice/bs/g1/g1-eyecatch_640x360.png\",\"width\":640,\"height\":360}},\"hero\":{\"url\":\"https://imgu.web.nhk/common/broadcastservice/bs/g1/g1-hero.svg\",\"main\":{\"url\":\"https://imgu.web.nhk/common/broadcastservice/bs/g1/g1-hero_1920x640.png\",\"width\":1920,\"height\":640},\"medium\":{\"url\":\"https://imgu.web.nhk/common/broadcastservice/bs/g1/g1-hero_1080x360.png\",\"width\":1080,\"height\":360}},\"badge9x4\":{\"url\":\"https://imgu.web.nhk/common/broadcastservice/bs/g1/g1-badge9x4.svg\",\"main\":{\"url\":\"https://imgu.web.nhk/common/broadcastservice/bs/g1/g1-badge9x4_360x160.png\",\"width\":360,\"height\":160},\"small\":{\"url\":\"https://imgu.web.nhk/common/broadcastservice/bs/g1/g1-badge9x4_180x80.png\",\"width\":180,\"height\":80}}}},\"detailedRecentEvent\":{\"id\":\"g1-130-2026022408705\",\"startDate\":\"2026-02-24T01:20:00+09:00\",\"endDate\":\"2026-02-24T02:05:00+09:00\",\"identifierGroup\":{\"broadcastEventId\":\"g1-130-2026022408705\",\"serviceId\":\"g1\",\"areaId\":\"130\",\"stationId\":\"001\",\"date\":\"2026-02-23\",\"eventId\":\"08705\",\"genre\":[{\"id\":\"0300\",\"name1\":\"ドラマ\",\"name2\":\"国内ドラマ\"}],\"onid\":\"7fe0\",\"sid\":\"0400\",\"tsid\":\"7fe0\"},\"misc\":{\"displayVideoMode\":\"none\",\"displayVideoRange\":\"sdr\",\"displayAudioMode\":[\"kaisetsu\"],\"audioMode\":[\"stereoKaisetsu\"],\"supportCaption\":true,\"supportSign\":false,\"supportHybridcast\":false,\"supportDataBroadcast\":false,\"isInteractive\":false,\"isChangeable\":false,\"releaseLevel\":\"repeat\",\"programType\":\"program\",\"coverage\":\"nationwide\",\"actList\":[{\"role\":\"原作\",\"name\":\"直島翔\",\"nameRuby\":\"ﾅｵｼﾏｼｮｳ\"},{\"role\":\"脚本\",\"name\":\"浜田秀哉\",\"nameRuby\":\"ﾊﾏﾀﾞﾋﾃﾞﾔ\"},{\"role\":\"出演\",\"name\":\"松山ケンイチ\",\"nameRuby\":\"ﾏﾂﾔﾏｹﾝｲﾁ\"},{\"role\":\"出演\",\"name\":\"鳴海唯\",\"nameRuby\":\"ﾅﾙﾐﾕｲ\"},{\"role\":\"出演\",\"name\":\"恒松祐里\",\"nameRuby\":\"ﾂﾈﾏﾂﾕﾘ\"},{\"role\":\"出演\",\"name\":\"山本未來\",\"nameRuby\":\"ﾔﾏﾓﾄﾐﾗｲ\"},{\"role\":\"出演\",\"name\":\"市川実日子\",\"nameRuby\":\"ｲﾁｶﾜﾐｶｺ\"},{\"role\":\"出演\",\"name\":\"和久井映見\",\"nameRuby\":\"ﾜｸｲｴﾐ\"},{\"role\":\"出演\",\"name\":\"遠藤憲一\",\"nameRuby\":\"ｴﾝﾄﾞｳｹﾝｲﾁ\"},{\"role\":\"出演\",\"name\":\"伊東蒼\",\"nameRuby\":\"ｲﾄｳｱｵｲ\"}],\"musicList\":[]},\"publishedOn\":{\"type\":\"BroadcastService\",\"id\":\"bs-g1-130\",\"name\":\"NHK総合テレビジョン\",\"url\":\"https://api-local.ss.org.nhk/r8/t/broadcastservice/bs/g1-130.json\",\"broadcastDisplayName\":\"NHK総合・東京\",\"videoFormat\":[\"2K\"],\"encodingFormat\":[\"video/X-arib-mpeg2\",\"audio/X-arib-mpeg2-aac\"],\"identifierGroup\":{\"serviceId\":\"g1\",\"serviceName\":\"NHK総合1\",\"areaId\":\"130\",\"areaName\":\"東京\",\"channelId\":\"011\",\"channelKey\":\"1\",\"channelAreaName\":\"東京\",\"channelStationName\":\"首都圏\",\"shortenedName\":\"NHK総合1\",\"shortenedDisplayName\":\"総合\",\"multiChannelDisplayName\":\"総合\"},\"logo\":{\"url\":\"https://imgu.web.nhk/common/broadcastservice/bs/g1/g1-logo.svg\",\"main\":{\"url\":\"https://imgu.web.nhk/common/broadcastservice/bs/g1/g1-logo_1080x1080.png\",\"width\":1080,\"height\":1080},\"medium\":{\"url\":\"https://imgu.web.nhk/common/broadcastservice/bs/g1/g1-logo_640x640.png\",\"width\":640,\"height\":640},\"small\":{\"url\":\"https://imgu.web.nhk/common/broadcastservice/bs/g1/g1-logo_200x200.png\",\"width\":200,\"height\":200}},\"eyecatch\":{\"url\":\"https://imgu.web.nhk/common/broadcastservice/bs/g1/g1-eyecatch.svg\",\"large\":{\"url\":\"https://imgu.web.nhk/common/broadcastservice/bs/g1/g1-eyecatch_3840x2160.png\",\"width\":3840,\"height\":2160},\"main\":{\"url\":\"https://imgu.web.nhk/common/broadcastservice/bs/g1/g1-eyecatch_1920x1080.png\",\"width\":1920,\"height\":1080},\"medium\":{\"url\":\"https://imgu.web.nhk/common/broadcastservice/bs/g1/g1-eyecatch_1280x720.png\",\"width\":1280,\"height\":720},\"small\":{\"url\":\"https://imgu.web.nhk/common/broadcastservice/bs/g1/g1-eyecatch_640x360.png\",\"width\":640,\"height\":360}},\"hero\":{\"url\":\"https://imgu.web.nhk/common/broadcastservice/bs/g1/g1-hero.svg\",\"main\":{\"url\":\"https://imgu.web.nhk/common/broadcastservice/bs/g1/g1-hero_1920x640.png\",\"width\":1920,\"height\":640},\"medium\":{\"url\":\"https://imgu.web.nhk/common/broadcastservice/bs/g1/g1-hero_1080x360.png\",\"width\":1080,\"height\":360}},\"badge9x4\":{\"url\":\"https://imgu.web.nhk/common/broadcastservice/bs/g1/g1-badge9x4.svg\",\"main\":{\"url\":\"https://imgu.web.nhk/common/broadcastservice/bs/g1/g1-badge9x4_360x160.png\",\"width\":360,\"height\":160},\"small\":{\"url\":\"https://imgu.web.nhk/common/broadcastservice/bs/g1/g1-badge9x4_180x80.png\",\"width\":180,\"height\":80}}}},\"detailedComingEvent\":{\"id\":\"g1-130-2026022408705\",\"startDate\":\"2026-02-24T01:20:00+09:00\",\"endDate\":\"2026-02-24T02:05:00+09:00\",\"identifierGroup\":{\"broadcastEventId\":\"g1-130-2026022408705\",\"serviceId\":\"g1\",\"areaId\":\"130\",\"stationId\":\"001\",\"date\":\"2026-02-23\",\"eventId\":\"08705\",\"genre\":[{\"id\":\"0300\",\"name1\":\"ドラマ\",\"name2\":\"国内ドラマ\"}],\"onid\":\"7fe0\",\"sid\":\"0400\",\"tsid\":\"7fe0\"},\"misc\":{\"displayVideoMode\":\"none\",\"displayVideoRange\":\"sdr\",\"displayAudioMode\":[\"kaisetsu\"],\"audioMode\":[\"stereoKaisetsu\"],\"supportCaption\":true,\"supportSign\":false,\"supportHybridcast\":false,\"supportDataBroadcast\":false,\"isInteractive\":false,\"isChangeable\":false,\"releaseLevel\":\"repeat\",\"programType\":\"program\",\"coverage\":\"nationwide\",\"actList\":[{\"role\":\"原作\",\"name\":\"直島翔\",\"nameRuby\":\"ﾅｵｼﾏｼｮｳ\"},{\"role\":\"脚本\",\"name\":\"浜田秀哉\",\"nameRuby\":\"ﾊﾏﾀﾞﾋﾃﾞﾔ\"},{\"role\":\"出演\",\"name\":\"松山ケンイチ\",\"nameRuby\":\"ﾏﾂﾔﾏｹﾝｲﾁ\"},{\"role\":\"出演\",\"name\":\"鳴海唯\",\"nameRuby\":\"ﾅﾙﾐﾕｲ\"},{\"role\":\"出演\",\"name\":\"恒松祐里\",\"nameRuby\":\"ﾂﾈﾏﾂﾕﾘ\"},{\"role\":\"出演\",\"name\":\"山本未來\",\"nameRuby\":\"ﾔﾏﾓﾄﾐﾗｲ\"},{\"role\":\"出演\",\"name\":\"市川実日子\",\"nameRuby\":\"ｲﾁｶﾜﾐｶｺ\"},{\"role\":\"出演\",\"name\":\"和久井映見\",\"nameRuby\":\"ﾜｸｲｴﾐ\"},{\"role\":\"出演\",\"name\":\"遠藤憲一\",\"nameRuby\":\"ｴﾝﾄﾞｳｹﾝｲﾁ\"},{\"role\":\"出演\",\"name\":\"伊東蒼\",\"nameRuby\":\"ｲﾄｳｱｵｲ\"}],\"musicList\":[]},\"publishedOn\":{\"type\":\"BroadcastService\",\"id\":\"bs-g1-130\",\"name\":\"NHK総合テレビジョン\",\"url\":\"https://api-local.ss.org.nhk/r8/t/broadcastservice/bs/g1-130.json\",\"broadcastDisplayName\":\"NHK総合・東京\",\"videoFormat\":[\"2K\"],\"encodingFormat\":[\"video/X-arib-mpeg2\",\"audio/X-arib-mpeg2-aac\"],\"identifierGroup\":{\"serviceId\":\"g1\",\"serviceName\":\"NHK総合1\",\"areaId\":\"130\",\"areaName\":\"東京\",\"channelId\":\"011\",\"channelKey\":\"1\",\"channelAreaName\":\"東京\",\"channelStationName\":\"首都圏\",\"shortenedName\":\"NHK総合1\",\"shortenedDisplayName\":\"総合\",\"multiChannelDisplayName\":\"総合\"},\"logo\":{\"url\":\"https://imgu.web.nhk/common/broadcastservice/bs/g1/g1-logo.svg\",\"main\":{\"url\":\"https://imgu.web.nhk/common/broadcastservice/bs/g1/g1-logo_1080x1080.png\",\"width\":1080,\"height\":1080},\"medium\":{\"url\":\"https://imgu.web.nhk/common/broadcastservice/bs/g1/g1-logo_640x640.png\",\"width\":640,\"height\":640},\"small\":{\"url\":\"https://imgu.web.nhk/common/broadcastservice/bs/g1/g1-logo_200x200.png\",\"width\":200,\"height\":200}},\"eyecatch\":{\"url\":\"https://imgu.web.nhk/common/broadcastservice/bs/g1/g1-eyecatch.svg\",\"large\":{\"url\":\"https://imgu.web.nhk/common/broadcastservice/bs/g1/g1-eyecatch_3840x2160.png\",\"width\":3840,\"height\":2160},\"main\":{\"url\":\"https://imgu.web.nhk/common/broadcastservice/bs/g1/g1-eyecatch_1920x1080.png\",\"width\":1920,\"height\":1080},\"medium\":{\"url\":\"https://imgu.web.nhk/common/broadcastservice/bs/g1/g1-eyecatch_1280x720.png\",\"width\":1280,\"height\":720},\"small\":{\"url\":\"https://imgu.web.nhk/common/broadcastservice/bs/g1/g1-eyecatch_640x360.png\",\"width\":640,\"height\":360}},\"hero\":{\"url\":\"https://imgu.web.nhk/common/broadcastservice/bs/g1/g1-hero.svg\",\"main\":{\"url\":\"https://imgu.web.nhk/common/broadcastservice/bs/g1/g1-hero_1920x640.png\",\"width\":1920,\"height\":640},\"medium\":{\"url\":\"https://imgu.web.nhk/common/broadcastservice/bs/g1/g1-hero_1080x360.png\",\"width\":1080,\"height\":360}},\"badge9x4\":{\"url\":\"https://imgu.web.nhk/common/broadcastservice/bs/g1/g1-badge9x4.svg\",\"main\":{\"url\":\"https://imgu.web.nhk/common/broadcastservice/bs/g1/g1-badge9x4_360x160.png\",\"width\":360,\"height\":160},\"small\":{\"url\":\"https://imgu.web.nhk/common/broadcastservice/bs/g1/g1-badge9x4_180x80.png\",\"width\":180,\"height\":80}}}},\"eyecatch\":{\"large\":{\"url\":\"https://imgu.web.nhk/static/assets/images/tvepisode/te/M6WY164Z62/M6WY164Z62-eyecatch_1ec27925c100393b9b918b24cef89645.png\",\"width\":3840,\"height\":2160},\"main\":{\"url\":\"https://imgu.web.nhk/static/assets/images/tvepisode/te/M6WY164Z62/M6WY164Z62-eyecatch_f9baff130a234b096eda33c6c476295b.png\",\"width\":1920,\"height\":1080},\"medium\":{\"url\":\"https://imgu.web.nhk/static/assets/images/tvepisode/te/M6WY164Z62/M6WY164Z62-eyecatch_c29edb443517dc08d5ddcb3c9fa9249b.png\",\"width\":1280,\"height\":720},\"small\":{\"url\":\"https://imgu.web.nhk/static/assets/images/tvepisode/te/M6WY164Z62/M6WY164Z62-eyecatch_bc0f378113d3fe7fc217c29ce650cede.png\",\"width\":640,\"height\":360}},\"eyecatchList\":[{\"large\":{\"url\":\"https://imgu.web.nhk/static/assets/images/tvepisode/te/M6WY164Z62/M6WY164Z62-eyecatches_b93e9e96214ccd1b74fe1e85f20f3d8f.jpg\",\"width\":3840,\"height\":2160},\"main\":{\"url\":\"https://imgu.web.nhk/static/assets/images/tvepisode/te/M6WY164Z62/M6WY164Z62-eyecatches_0b4b5545de43a6a64d305a2287e60ea6.jpg\",\"width\":1920,\"height\":1080},\"medium\":{\"url\":\"https://imgu.web.nhk/static/assets/images/tvepisode/te/M6WY164Z62/M6WY164Z62-eyecatches_af638c40354e31d4b32dfdf96a19a19c.jpg\",\"width\":1280,\"height\":720},\"small\":{\"url\":\"https://imgu.web.nhk/static/assets/images/tvepisode/te/M6WY164Z62/M6WY164Z62-eyecatches_5a2cb617512101994e7f229f46e45c29.jpg\",\"width\":640,\"height\":360}},{\"large\":{\"url\":\"https://imgu.web.nhk/static/assets/images/tvepisode/te/M6WY164Z62/M6WY164Z62-eyecatches_9c4b88f32990b75bacafbcb19c143acf.jpg\",\"width\":3840,\"height\":2160},\"main\":{\"url\":\"https://imgu.web.nhk/static/assets/images/tvepisode/te/M6WY164Z62/M6WY164Z62-eyecatches_b0fe3ab4c55a235fb19a22d8f0604764.jpg\",\"width\":1920,\"height\":1080},\"medium\":{\"url\":\"https://imgu.web.nhk/static/assets/images/tvepisode/te/M6WY164Z62/M6WY164Z62-eyecatches_dc12ac682ee13fbd18679495481693c6.jpg\",\"width\":1280,\"height\":720},\"small\":{\"url\":\"https://imgu.web.nhk/static/assets/images/tvepisode/te/M6WY164Z62/M6WY164Z62-eyecatches_6994419369395065fc9bdcf492fa3ca6.jpg\",\"width\":640,\"height\":360}},{\"large\":{\"url\":\"https://imgu.web.nhk/static/assets/images/tvepisode/te/M6WY164Z62/M6WY164Z62-eyecatches_b12ce6191301ec4456a4a00868880696.jpg\",\"width\":3840,\"height\":2160},\"main\":{\"url\":\"https://imgu.web.nhk/static/assets/images/tvepisode/te/M6WY164Z62/M6WY164Z62-eyecatches_d7961bc6ceb6aecbcff8293521055587.jpg\",\"width\":1920,\"height\":1080},\"medium\":{\"url\":\"https://imgu.web.nhk/static/assets/images/tvepisode/te/M6WY164Z62/M6WY164Z62-eyecatches_90796cfdc9eaa0ebb64a4e0a8088642f.jpg\",\"width\":1280,\"height\":720},\"small\":{\"url\":\"https://imgu.web.nhk/static/assets/images/tvepisode/te/M6WY164Z62/M6WY164Z62-eyecatches_34c326ff4dc66b2e423f4032fa7497ee.jpg\",\"width\":640,\"height\":360}},{\"large\":{\"url\":\"https://imgu.web.nhk/static/assets/images/tvepisode/te/M6WY164Z62/M6WY164Z62-eyecatches_1ab311095b77676607f489f994351f93.jpg\",\"width\":3840,\"height\":2160},\"main\":{\"url\":\"https://imgu.web.nhk/static/assets/images/tvepisode/te/M6WY164Z62/M6WY164Z62-eyecatches_df88043ad924ab399cab390974298577.jpg\",\"width\":1920,\"height\":1080},\"medium\":{\"url\":\"https://imgu.web.nhk/static/assets/images/tvepisode/te/M6WY164Z62/M6WY164Z62-eyecatches_4d7601745220b9808de3f380ea75f81d.jpg\",\"width\":1280,\"height\":720},\"small\":{\"url\":\"https://imgu.web.nhk/static/assets/images/tvepisode/te/M6WY164Z62/M6WY164Z62-eyecatches_6a26c16d110559f1b7a8aa4830b3c338.jpg\",\"width\":640,\"height\":360}}],\"video\":[],\"citation\":[],\"detailedPinnedCitation\":[],\"sameAs\":[],\"correction\":[],\"url\":\"https://api-local.ss.org.nhk/r8/t/tvepisode/te/M6WY164Z62.json\",\"canonical\":\"https://www.web.nhk/tv/an/drama-themis/pl/series-tep-32VWPKM6NX/ep/M6WY164Z62\",\"associatedMedia\":[],\"hasPart\":[],\"additionalProperty\":{\"episodeMergeStatus\":\"notMerged\"}},\"link\":{\"href\":\"https://www.web.nhk/tv/an/drama-themis/pl/series-tep-32VWPKM6NX/ep/M6WY164Z62\"}}]\n"])</script><script>self.__next_f.push([1,"30:[\"$\",\"$L2a\",\"DGNPQVQ64L\",{\"content\":{\"type\":\"TVEpisode\",\"id\":\"DGNPQVQ64L\",\"name\":\"(2)真実義務と誠実義務\",\"detailedEpisodeNameRuby\":\"\",\"identifierGroup\":{\"tvEpisodeId\":\"DGNPQVQ64L\",\"tvSeriesId\":\"32VWPKM6NX\",\"tvEpisodeName\":\"(2)真実義務と誠実義務\",\"tvSeriesName\":\"テミスの不確かな法廷\",\"hashtag\":[],\"serviceId\":[\"g1\",\"g2\"],\"aliasId\":\"drama-themis\",\"formatGenreTag\":[{\"id\":\"03\",\"name\":\"ドラマ\"}],\"themeGenreTag\":[{\"id\":\"031\",\"name\":\"国内ドラマ\"}]},\"keyword\":[],\"description\":\"傷害事件を起こした高校バスケ部員・栗田奈央（山時聡真）の弁護を担当することになった小野崎（鳴海唯）。当初は栗田の主張する正当防衛を信じるが、目撃者の証言に違和感を覚え、現場へ調査に向かう。そこで不審者扱いをされていた裁判官・安堂（松山ケンイチ）と偶然に遭遇。二人は同じ疑問に行き着いていたが、その先に待っていたのは被告人・栗田に不利な真実だった。小野崎は依頼人の利益を守るか、真実を取るかで揺れ動く。\",\"dateCreated\":\"2025-11-10T18:23:32+09:00\",\"dateModified\":\"2026-02-16T10:53:42+09:00\",\"actor\":[],\"contributor\":[],\"partOfSeries\":{\"id\":\"32VWPKM6NX\",\"name\":\"テミスの不確かな法廷\",\"detailedSeriesNameRuby\":\"てみすのふたしかなほうてい\",\"identifierGroup\":{\"tvSeriesId\":\"32VWPKM6NX\",\"tvSeriesPlaylistId\":\"series-tep-32VWPKM6NX\",\"tvSeriesUId\":\"p05e97c86-fead-516b-b9c3-1a2a8a3c15c5\",\"tvSeriesName\":\"テミスの不確かな法廷\",\"hashtag\":[],\"serviceId\":[\"g1\",\"g2\"],\"aliasId\":\"drama-themis\",\"formatGenre\":[{\"id\":\"03\",\"name\":\"ドラマ\"}]},\"keyword\":[],\"detailedSynonym\":[],\"sameAs\":[{\"name\":\"NHKドラマ\",\"url\":\"https://www.nhk.jp/g/drama/\"},{\"name\":\"NHKオンデマンド\",\"url\":\"https://www.nhk-ondemand.jp/program/P202500492200000/index.html?capid=nol004922_001\"},{\"name\":\"制作開始のお知らせ\",\"url\":\"https://www.nhk.jp/g/blog/7225ufm1ma/\"}],\"canonical\":\"https://www.web.nhk/tv/an/drama-themis/pl/series-tep-32VWPKM6NX\",\"description\":\"【NHK公式】ドラマ10「テミスの不確かな法廷」\\n「宙わたる教室」制作チームが手がける法廷ヒューマンドラマ！\\n任官七年目の裁判官・安堂清春（松山ケンイチ）。東京から前橋地方裁判所第一支部へと異動してきた彼は、一見、穏やかな裁判官に見える。\\nだが、その内側には絶対に打ち明けられない秘密が…。\\n幼い頃、衝動性や落ち着きのなさからASD（自閉スペクトラム症）とADHD（注意欠如多動症）と診断された安堂。\\n彼は自らの特性を隠し、自分の考える“普通”を装って生きてきた。\\nそれでも、ふとした言動が前橋地裁第一支部の面々を戸惑わせ、法廷内外で混乱を巻き起こしてしまう。\\n\\nそんな安堂の元に、複雑な人間模様が絡み合う、難解な事件が舞い込んでくる。\\n市長を襲った青年。親友をこん睡状態に追い込んだ高校生。そして「父は法律に殺された」と訴える娘――。\\nやがて、安堂の特性からくる“こだわり”が、誰も気づかなかった事件の矛盾をあぶり出す。\\nしかし同時に、彼は自身の衝動とも格闘しながら公判に挑まなければならない。\\n果たして安堂は、公正に事件を裁き、真実へと辿り着くことができるのか！？\\n\\n【放送予定】\\n2026年1月6日（火）スタート〈全8回〉\\n総合テレビ　毎週火曜　夜10:00～10:45\\n[再放送] 総合テレビ　毎週金曜　午前0:35～1:20　※木曜深夜\\n【原作】　直島翔 「テミスの不確かな法廷」\\n【脚本】　浜田秀哉\\n【音楽】　jizue\\n【出演】　松山ケンイチ　鳴海唯　恒松祐里　山崎樹範／市川実日子／和久井映見　遠藤憲一　他\\n【演出】　吉川久岳（ランプ）、山下和徳、相良健一、富澤昭文\\n【制作統括】　橋立聖史（ランプ）、神林伸太郎（NHKエンタープライズ）、渡辺悟（NHK）\",\"detailedCatch\":\"発達障害を抱えた裁判官が難解な事件に挑む\",\"logo\":{\"main\":{\"url\":\"https://imgu.web.nhk/static/assets/images/tvseries/ts/32VWPKM6NX/32VWPKM6NX-logo_828f940b0935f2c88c185499d12d2962.png\",\"width\":1080,\"height\":1080},\"medium\":{\"url\":\"https://imgu.web.nhk/static/assets/images/tvseries/ts/32VWPKM6NX/32VWPKM6NX-logo_8efc99cc3bd9306dd4467364a74fc245.png\",\"width\":640,\"height\":640},\"small\":{\"url\":\"https://imgu.web.nhk/static/assets/images/tvseries/ts/32VWPKM6NX/32VWPKM6NX-logo_eb53b73599bb3a12a7348e223b80d402.png\",\"width\":200,\"height\":200}},\"eyecatch\":{\"large\":{\"url\":\"https://imgu.web.nhk/static/assets/images/tvseries/ts/32VWPKM6NX/32VWPKM6NX-eyecatch_8c03dd6170b3c1f9839acd1470b220cb.png\",\"width\":3840,\"height\":2160},\"main\":{\"url\":\"https://imgu.web.nhk/static/assets/images/tvseries/ts/32VWPKM6NX/32VWPKM6NX-eyecatch_1978a831e355939ce5b784e1ccaa8a51.png\",\"width\":1920,\"height\":1080},\"medium\":{\"url\":\"https://imgu.web.nhk/static/assets/images/tvseries/ts/32VWPKM6NX/32VWPKM6NX-eyecatch_bfb53794ff02850bbf363238ee44389f.png\",\"width\":1280,\"height\":720},\"small\":{\"url\":\"https://imgu.web.nhk/static/assets/images/tvseries/ts/32VWPKM6NX/32VWPKM6NX-eyecatch_c4bf75e830963eb2a39241978a2ea298.png\",\"width\":640,\"height\":360}},\"hero\":{\"main\":{\"url\":\"https://imgu.web.nhk/static/assets/images/tvseries/ts/32VWPKM6NX/32VWPKM6NX-hero_a3a67dcfe488d632aba74e48fe2e622a.png\",\"width\":1920,\"height\":640},\"medium\":{\"url\":\"https://imgu.web.nhk/static/assets/images/tvseries/ts/32VWPKM6NX/32VWPKM6NX-hero_8d883d52b93f5e90cdb211757afade88.png\",\"width\":1080,\"height\":360}},\"style\":{\"textLight\":\"#000000\",\"textDark\":\"#FFFFFF\",\"linkLight\":\"#E22300\",\"linkDark\":\"#FF330D\",\"primaryLight\":\"#FF2800\",\"primaryDark\":\"#FF2800\"},\"additionalProperty\":{\"publishLevel\":\"full\",\"layoutPattern\":\"summary\",\"episodeOrderBy\":\"releasedEvent\",\"availableOnPlus\":false,\"enableVariablePlayBackSpeedControl\":false,\"optional\":[],\"seriesPackStatus\":\"notPacked\",\"supportMedia\":[\"@screen\"],\"supportMusicList\":true,\"supportPlusEmbed\":true,\"enableWebContent\":false},\"url\":\"https://api-local.ss.org.nhk/r8/t/nplaylist/pl/series-tep-32VWPKM6NX.json\",\"itemUrl\":\"https://api-local.ss.org.nhk/r8/l/tvepisode/pl/series-tep-32VWPKM6NX.json\"},\"releasedEvent\":{\"startDate\":\"2026-01-13T22:00:00+09:00\",\"displayStartDate\":\"2026-01-13T22:00:00+09:00\",\"endDate\":\"2026-01-13T22:45:00+09:00\",\"publishedOn\":{\"type\":\"BroadcastService\",\"id\":\"bs-g1-130\",\"name\":\"NHK総合テレビジョン\",\"url\":\"https://api-local.ss.org.nhk/r8/t/broadcastservice/bs/g1-130.json\",\"broadcastDisplayName\":\"NHK総合・東京\",\"videoFormat\":[\"2K\"],\"encodingFormat\":[\"video/X-arib-mpeg2\",\"audio/X-arib-mpeg2-aac\"],\"identifierGroup\":{\"serviceId\":\"g1\",\"serviceName\":\"NHK総合1\",\"areaId\":\"130\",\"areaName\":\"東京\",\"channelId\":\"011\",\"channelKey\":\"1\",\"channelAreaName\":\"東京\",\"channelStationName\":\"首都圏\",\"shortenedName\":\"NHK総合1\",\"shortenedDisplayName\":\"総合\",\"multiChannelDisplayName\":\"総合\"},\"logo\":{\"url\":\"https://imgu.web.nhk/common/broadcastservice/bs/g1/g1-logo.svg\",\"main\":{\"url\":\"https://imgu.web.nhk/common/broadcastservice/bs/g1/g1-logo_1080x1080.png\",\"width\":1080,\"height\":1080},\"medium\":{\"url\":\"https://imgu.web.nhk/common/broadcastservice/bs/g1/g1-logo_640x640.png\",\"width\":640,\"height\":640},\"small\":{\"url\":\"https://imgu.web.nhk/common/broadcastservice/bs/g1/g1-logo_200x200.png\",\"width\":200,\"height\":200}},\"eyecatch\":{\"url\":\"https://imgu.web.nhk/common/broadcastservice/bs/g1/g1-eyecatch.svg\",\"large\":{\"url\":\"https://imgu.web.nhk/common/broadcastservice/bs/g1/g1-eyecatch_3840x2160.png\",\"width\":3840,\"height\":2160},\"main\":{\"url\":\"https://imgu.web.nhk/common/broadcastservice/bs/g1/g1-eyecatch_1920x1080.png\",\"width\":1920,\"height\":1080},\"medium\":{\"url\":\"https://imgu.web.nhk/common/broadcastservice/bs/g1/g1-eyecatch_1280x720.png\",\"width\":1280,\"height\":720},\"small\":{\"url\":\"https://imgu.web.nhk/common/broadcastservice/bs/g1/g1-eyecatch_640x360.png\",\"width\":640,\"height\":360}},\"hero\":{\"url\":\"https://imgu.web.nhk/common/broadcastservice/bs/g1/g1-hero.svg\",\"main\":{\"url\":\"https://imgu.web.nhk/common/broadcastservice/bs/g1/g1-hero_1920x640.png\",\"width\":1920,\"height\":640},\"medium\":{\"url\":\"https://imgu.web.nhk/common/broadcastservice/bs/g1/g1-hero_1080x360.png\",\"width\":1080,\"height\":360}},\"badge9x4\":{\"url\":\"https://imgu.web.nhk/common/broadcastservice/bs/g1/g1-badge9x4.svg\",\"main\":{\"url\":\"https://imgu.web.nhk/common/broadcastservice/bs/g1/g1-badge9x4_360x160.png\",\"width\":360,\"height\":160},\"small\":{\"url\":\"https://imgu.web.nhk/common/broadcastservice/bs/g1/g1-badge9x4_180x80.png\",\"width\":180,\"height\":80}}}},\"detailedRecentEvent\":{\"id\":\"g1-130-2026022408702\",\"startDate\":\"2026-02-24T00:35:00+09:00\",\"endDate\":\"2026-02-24T01:20:00+09:00\",\"identifierGroup\":{\"broadcastEventId\":\"g1-130-2026022408702\",\"serviceId\":\"g1\",\"areaId\":\"130\",\"stationId\":\"001\",\"date\":\"2026-02-23\",\"eventId\":\"08702\",\"genre\":[{\"id\":\"0300\",\"name1\":\"ドラマ\",\"name2\":\"国内ドラマ\"}],\"onid\":\"7fe0\",\"sid\":\"0400\",\"tsid\":\"7fe0\"},\"misc\":{\"displayVideoMode\":\"none\",\"displayVideoRange\":\"sdr\",\"displayAudioMode\":[\"kaisetsu\"],\"audioMode\":[\"stereoKaisetsu\"],\"supportCaption\":true,\"supportSign\":false,\"supportHybridcast\":false,\"supportDataBroadcast\":false,\"isInteractive\":false,\"isChangeable\":false,\"releaseLevel\":\"repeat\",\"programType\":\"program\",\"coverage\":\"nationwide\",\"actList\":[{\"role\":\"原作\",\"name\":\"直島翔\",\"nameRuby\":\"ﾅｵｼﾏｼｮｳ\"},{\"role\":\"脚本\",\"name\":\"浜田秀哉\",\"nameRuby\":\"ﾊﾏﾀﾞﾋﾃﾞﾔ\"},{\"role\":\"出演\",\"name\":\"松山ケンイチ\",\"nameRuby\":\"ﾏﾂﾔﾏｹﾝｲﾁ\"},{\"role\":\"出演\",\"name\":\"鳴海唯\",\"nameRuby\":\"ﾅﾙﾐﾕｲ\"},{\"role\":\"出演\",\"name\":\"恒松祐里\",\"nameRuby\":\"ﾂﾈﾏﾂﾕﾘ\"},{\"role\":\"出演\",\"name\":\"山崎樹範\",\"nameRuby\":\"ﾔﾏｻﾞｷｼｹﾞﾉﾘ\"},{\"role\":\"出演\",\"name\":\"市川実日子\",\"nameRuby\":\"ｲﾁｶﾜﾐｶｺ\"},{\"role\":\"出演\",\"name\":\"和久井映見\",\"nameRuby\":\"ﾜｸｲｴﾐ\"},{\"role\":\"出演\",\"name\":\"遠藤憲一\",\"nameRuby\":\"ｴﾝﾄﾞｳｹﾝｲﾁ\"},{\"role\":\"出演\",\"name\":\"山時聡真\",\"nameRuby\":\"ｻﾝﾄｷｿｳﾏ\"}],\"musicList\":[]},\"publishedOn\":{\"type\":\"BroadcastService\",\"id\":\"bs-g1-130\",\"name\":\"NHK総合テレビジョン\",\"url\":\"https://api-local.ss.org.nhk/r8/t/broadcastservice/bs/g1-130.json\",\"broadcastDisplayName\":\"NHK総合・東京\",\"videoFormat\":[\"2K\"],\"encodingFormat\":[\"video/X-arib-mpeg2\",\"audio/X-arib-mpeg2-aac\"],\"identifierGroup\":{\"serviceId\":\"g1\",\"serviceName\":\"NHK総合1\",\"areaId\":\"130\",\"areaName\":\"東京\",\"channelId\":\"011\",\"channelKey\":\"1\",\"channelAreaName\":\"東京\",\"channelStationName\":\"首都圏\",\"shortenedName\":\"NHK総合1\",\"shortenedDisplayName\":\"総合\",\"multiChannelDisplayName\":\"総合\"},\"logo\":{\"url\":\"https://imgu.web.nhk/common/broadcastservice/bs/g1/g1-logo.svg\",\"main\":{\"url\":\"https://imgu.web.nhk/common/broadcastservice/bs/g1/g1-logo_1080x1080.png\",\"width\":1080,\"height\":1080},\"medium\":{\"url\":\"https://imgu.web.nhk/common/broadcastservice/bs/g1/g1-logo_640x640.png\",\"width\":640,\"height\":640},\"small\":{\"url\":\"https://imgu.web.nhk/common/broadcastservice/bs/g1/g1-logo_200x200.png\",\"width\":200,\"height\":200}},\"eyecatch\":{\"url\":\"https://imgu.web.nhk/common/broadcastservice/bs/g1/g1-eyecatch.svg\",\"large\":{\"url\":\"https://imgu.web.nhk/common/broadcastservice/bs/g1/g1-eyecatch_3840x2160.png\",\"width\":3840,\"height\":2160},\"main\":{\"url\":\"https://imgu.web.nhk/common/broadcastservice/bs/g1/g1-eyecatch_1920x1080.png\",\"width\":1920,\"height\":1080},\"medium\":{\"url\":\"https://imgu.web.nhk/common/broadcastservice/bs/g1/g1-eyecatch_1280x720.png\",\"width\":1280,\"height\":720},\"small\":{\"url\":\"https://imgu.web.nhk/common/broadcastservice/bs/g1/g1-eyecatch_640x360.png\",\"width\":640,\"height\":360}},\"hero\":{\"url\":\"https://imgu.web.nhk/common/broadcastservice/bs/g1/g1-hero.svg\",\"main\":{\"url\":\"https://imgu.web.nhk/common/broadcastservice/bs/g1/g1-hero_1920x640.png\",\"width\":1920,\"height\":640},\"medium\":{\"url\":\"https://imgu.web.nhk/common/broadcastservice/bs/g1/g1-hero_1080x360.png\",\"width\":1080,\"height\":360}},\"badge9x4\":{\"url\":\"https://imgu.web.nhk/common/broadcastservice/bs/g1/g1-badge9x4.svg\",\"main\":{\"url\":\"https://imgu.web.nhk/common/broadcastservice/bs/g1/g1-badge9x4_360x160.png\",\"width\":360,\"height\":160},\"small\":{\"url\":\"https://imgu.web.nhk/common/broadcastservice/bs/g1/g1-badge9x4_180x80.png\",\"width\":180,\"height\":80}}}},\"detailedComingEvent\":{\"id\":\"g1-130-2026022408702\",\"startDate\":\"2026-02-24T00:35:00+09:00\",\"endDate\":\"2026-02-24T01:20:00+09:00\",\"identifierGroup\":{\"broadcastEventId\":\"g1-130-2026022408702\",\"serviceId\":\"g1\",\"areaId\":\"130\",\"stationId\":\"001\",\"date\":\"2026-02-23\",\"eventId\":\"08702\",\"genre\":[{\"id\":\"0300\",\"name1\":\"ドラマ\",\"name2\":\"国内ドラマ\"}],\"onid\":\"7fe0\",\"sid\":\"0400\",\"tsid\":\"7fe0\"},\"misc\":{\"displayVideoMode\":\"none\",\"displayVideoRange\":\"sdr\",\"displayAudioMode\":[\"kaisetsu\"],\"audioMode\":[\"stereoKaisetsu\"],\"supportCaption\":true,\"supportSign\":false,\"supportHybridcast\":false,\"supportDataBroadcast\":false,\"isInteractive\":false,\"isChangeable\":false,\"releaseLevel\":\"repeat\",\"programType\":\"program\",\"coverage\":\"nationwide\",\"actList\":[{\"role\":\"原作\",\"name\":\"直島翔\",\"nameRuby\":\"ﾅｵｼﾏｼｮｳ\"},{\"role\":\"脚本\",\"name\":\"浜田秀哉\",\"nameRuby\":\"ﾊﾏﾀﾞﾋﾃﾞﾔ\"},{\"role\":\"出演\",\"name\":\"松山ケンイチ\",\"nameRuby\":\"ﾏﾂﾔﾏｹﾝｲﾁ\"},{\"role\":\"出演\",\"name\":\"鳴海唯\",\"nameRuby\":\"ﾅﾙﾐﾕｲ\"},{\"role\":\"出演\",\"name\":\"恒松祐里\",\"nameRuby\":\"ﾂﾈﾏﾂﾕﾘ\"},{\"role\":\"出演\",\"name\":\"山崎樹範\",\"nameRuby\":\"ﾔﾏｻﾞｷｼｹﾞﾉﾘ\"},{\"role\":\"出演\",\"name\":\"市川実日子\",\"nameRuby\":\"ｲﾁｶﾜﾐｶｺ\"},{\"role\":\"出演\",\"name\":\"和久井映見\",\"nameRuby\":\"ﾜｸｲｴﾐ\"},{\"role\":\"出演\",\"name\":\"遠藤憲一\",\"nameRuby\":\"ｴﾝﾄﾞｳｹﾝｲﾁ\"},{\"role\":\"出演\",\"name\":\"山時聡真\",\"nameRuby\":\"ｻﾝﾄｷｿｳﾏ\"}],\"musicList\":[]},\"publishedOn\":{\"type\":\"BroadcastService\",\"id\":\"bs-g1-130\",\"name\":\"NHK総合テレビジョン\",\"url\":\"https://api-local.ss.org.nhk/r8/t/broadcastservice/bs/g1-130.json\",\"broadcastDisplayName\":\"NHK総合・東京\",\"videoFormat\":[\"2K\"],\"encodingFormat\":[\"video/X-arib-mpeg2\",\"audio/X-arib-mpeg2-aac\"],\"identifierGroup\":{\"serviceId\":\"g1\",\"serviceName\":\"NHK総合1\",\"areaId\":\"130\",\"areaName\":\"東京\",\"channelId\":\"011\",\"channelKey\":\"1\",\"channelAreaName\":\"東京\",\"channelStationName\":\"首都圏\",\"shortenedName\":\"NHK総合1\",\"shortenedDisplayName\":\"総合\",\"multiChannelDisplayName\":\"総合\"},\"logo\":{\"url\":\"https://imgu.web.nhk/common/broadcastservice/bs/g1/g1-logo.svg\",\"main\":{\"url\":\"https://imgu.web.nhk/common/broadcastservice/bs/g1/g1-logo_1080x1080.png\",\"width\":1080,\"height\":1080},\"medium\":{\"url\":\"https://imgu.web.nhk/common/broadcastservice/bs/g1/g1-logo_640x640.png\",\"width\":640,\"height\":640},\"small\":{\"url\":\"https://imgu.web.nhk/common/broadcastservice/bs/g1/g1-logo_200x200.png\",\"width\":200,\"height\":200}},\"eyecatch\":{\"url\":\"https://imgu.web.nhk/common/broadcastservice/bs/g1/g1-eyecatch.svg\",\"large\":{\"url\":\"https://imgu.web.nhk/common/broadcastservice/bs/g1/g1-eyecatch_3840x2160.png\",\"width\":3840,\"height\":2160},\"main\":{\"url\":\"https://imgu.web.nhk/common/broadcastservice/bs/g1/g1-eyecatch_1920x1080.png\",\"width\":1920,\"height\":1080},\"medium\":{\"url\":\"https://imgu.web.nhk/common/broadcastservice/bs/g1/g1-eyecatch_1280x720.png\",\"width\":1280,\"height\":720},\"small\":{\"url\":\"https://imgu.web.nhk/common/broadcastservice/bs/g1/g1-eyecatch_640x360.png\",\"width\":640,\"height\":360}},\"hero\":{\"url\":\"https://imgu.web.nhk/common/broadcastservice/bs/g1/g1-hero.svg\",\"main\":{\"url\":\"https://imgu.web.nhk/common/broadcastservice/bs/g1/g1-hero_1920x640.png\",\"width\":1920,\"height\":640},\"medium\":{\"url\":\"https://imgu.web.nhk/common/broadcastservice/bs/g1/g1-hero_1080x360.png\",\"width\":1080,\"height\":360}},\"badge9x4\":{\"url\":\"https://imgu.web.nhk/common/broadcastservice/bs/g1/g1-badge9x4.svg\",\"main\":{\"url\":\"https://imgu.web.nhk/common/broadcastservice/bs/g1/g1-badge9x4_360x160.png\",\"width\":360,\"height\":160},\"small\":{\"url\":\"https://imgu.web.nhk/common/broadcastservice/bs/g1/g1-badge9x4_180x80.png\",\"width\":180,\"height\":80}}}},\"eyecatch\":{\"large\":{\"url\":\"https://imgu.web.nhk/static/assets/images/tvepisode/te/DGNPQVQ64L/DGNPQVQ64L-eyecatch_1a3e607ae79d9c06d3387b5253527253.png\",\"width\":3840,\"height\":2160},\"main\":{\"url\":\"https://imgu.web.nhk/static/assets/images/tvepisode/te/DGNPQVQ64L/DGNPQVQ64L-eyecatch_19a5849da2ae3f14c1008c4d6a5cbed1.png\",\"width\":1920,\"height\":1080},\"medium\":{\"url\":\"https://imgu.web.nhk/static/assets/images/tvepisode/te/DGNPQVQ64L/DGNPQVQ64L-eyecatch_74be7c4aaae682e4169186ef82235f49.png\",\"width\":1280,\"height\":720},\"small\":{\"url\":\"https://imgu.web.nhk/static/assets/images/tvepisode/te/DGNPQVQ64L/DGNPQVQ64L-eyecatch_94e972cb1b52ccaea9309918a3b76135.png\",\"width\":640,\"height\":360}},\"eyecatchList\":[{\"large\":{\"url\":\"https://imgu.web.nhk/static/assets/images/tvepisode/te/DGNPQVQ64L/DGNPQVQ64L-eyecatches_ff8b1a35e3da6da98309b4dc320fb996.jpg\",\"width\":3840,\"height\":2160},\"main\":{\"url\":\"https://imgu.web.nhk/static/assets/images/tvepisode/te/DGNPQVQ64L/DGNPQVQ64L-eyecatches_ab9c504a42cce6c7015782412a6666eb.jpg\",\"width\":1920,\"height\":1080},\"medium\":{\"url\":\"https://imgu.web.nhk/static/assets/images/tvepisode/te/DGNPQVQ64L/DGNPQVQ64L-eyecatches_07493cd8568e7be64a0808d2622ff7da.jpg\",\"width\":1280,\"height\":720},\"small\":{\"url\":\"https://imgu.web.nhk/static/assets/images/tvepisode/te/DGNPQVQ64L/DGNPQVQ64L-eyecatches_4cbeef112898589bcfd1366d8f6773bd.jpg\",\"width\":640,\"height\":360}},{\"large\":{\"url\":\"https://imgu.web.nhk/static/assets/images/tvepisode/te/DGNPQVQ64L/DGNPQVQ64L-eyecatches_cb566cc2ea078cce7bab7e3f0cdf25d7.jpg\",\"width\":3840,\"height\":2160},\"main\":{\"url\":\"https://imgu.web.nhk/static/assets/images/tvepisode/te/DGNPQVQ64L/DGNPQVQ64L-eyecatches_3914116e45b09638c9e79212eabe6a7b.jpg\",\"width\":1920,\"height\":1080},\"medium\":{\"url\":\"https://imgu.web.nhk/static/assets/images/tvepisode/te/DGNPQVQ64L/DGNPQVQ64L-eyecatches_bbf456329e994d52da99e54f84108ae0.jpg\",\"width\":1280,\"height\":720},\"small\":{\"url\":\"https://imgu.web.nhk/static/assets/images/tvepisode/te/DGNPQVQ64L/DGNPQVQ64L-eyecatches_1109cdd224f02c11292ac16c02a475e4.jpg\",\"width\":640,\"height\":360}},{\"large\":{\"url\":\"https://imgu.web.nhk/static/assets/images/tvepisode/te/DGNPQVQ64L/DGNPQVQ64L-eyecatches_39032e93677010f97c279d712de31c51.jpg\",\"width\":3840,\"height\":2160},\"main\":{\"url\":\"https://imgu.web.nhk/static/assets/images/tvepisode/te/DGNPQVQ64L/DGNPQVQ64L-eyecatches_1ac2acf678fe4d5f1e44812d940f3b4f.jpg\",\"width\":1920,\"height\":1080},\"medium\":{\"url\":\"https://imgu.web.nhk/static/assets/images/tvepisode/te/DGNPQVQ64L/DGNPQVQ64L-eyecatches_db13b04760a64ddd41812393338da057.jpg\",\"width\":1280,\"height\":720},\"small\":{\"url\":\"https://imgu.web.nhk/static/assets/images/tvepisode/te/DGNPQVQ64L/DGNPQVQ64L-eyecatches_5c58635afba7392e896dded5227533db.jpg\",\"width\":640,\"height\":360}},{\"large\":{\"url\":\"https://imgu.web.nhk/static/assets/images/tvepisode/te/DGNPQVQ64L/DGNPQVQ64L-eyecatches_977213a4bb20d4e277121ea36331bf97.jpg\",\"width\":3840,\"height\":2160},\"main\":{\"url\":\"https://imgu.web.nhk/static/assets/images/tvepisode/te/DGNPQVQ64L/DGNPQVQ64L-eyecatches_216543d1b2f73e0d6f592c0c5ab72367.jpg\",\"width\":1920,\"height\":1080},\"medium\":{\"url\":\"https://imgu.web.nhk/static/assets/images/tvepisode/te/DGNPQVQ64L/DGNPQVQ64L-eyecatches_30d9646d6379ac13eadeb69cb7e5d507.jpg\",\"width\":1280,\"height\":720},\"small\":{\"url\":\"https://imgu.web.nhk/static/assets/images/tvepisode/te/DGNPQVQ64L/DGNPQVQ64L-eyecatches_01cfafa5781a3742908ac0cfb517f206.jpg\",\"width\":640,\"height\":360}}],\"video\":[],\"citation\":[],\"detailedPinnedCitation\":[],\"sameAs\":[],\"correction\":[],\"url\":\"https://api-local.ss.org.nhk/r8/t/tvepisode/te/DGNPQVQ64L.json\",\"canonical\":\"https://www.web.nhk/tv/an/drama-themis/pl/series-tep-32VWPKM6NX/ep/DGNPQVQ64L\",\"associatedMedia\":[],\"hasPart\":[],\"additionalProperty\":{\"episodeMergeStatus\":\"notMerged\"}},\"link\":{\"href\":\"https://www.web.nhk/tv/an/drama-themis/pl/series-tep-32VWPKM6NX/ep/DGNPQVQ64L\"}}]\n"])</script><script>self.__next_f.push([1,"31:[\"$\",\"$L2a\",\"KX641RGLL6\",{\"content\":{\"type\":\"TVEpisode\",\"id\":\"KX641RGLL6\",\"name\":\"(1)裁判官忌避\",\"detailedEpisodeNameRuby\":\"\",\"identifierGroup\":{\"tvEpisodeId\":\"KX641RGLL6\",\"tvSeriesId\":\"32VWPKM6NX\",\"tvEpisodeName\":\"(1)裁判官忌避\",\"tvSeriesName\":\"テミスの不確かな法廷\",\"hashtag\":[],\"serviceId\":[\"g1\",\"g2\"],\"aliasId\":\"drama-themis\",\"formatGenreTag\":[{\"id\":\"03\",\"name\":\"ドラマ\"}],\"themeGenreTag\":[{\"id\":\"031\",\"name\":\"国内ドラマ\"}]},\"keyword\":[],\"description\":\"前橋地裁第一支部に赴任した裁判官・安堂（松山ケンイチ）。幼い頃、精神科医・山路（和久井映見）から自閉スペクトラム症（ＡＳＤ）と注意欠如多動症（ＡＤＨＤ）の診断を受けた彼は、その特性を周囲に隠している。ある日、市長が襲われる傷害事件が発生。被告人・江沢卓郎（小林虎之介）は罪を認めるはずが、初公判で一転して否認。その急変に違和感を覚えた安堂は、特性ゆえの衝動と格闘しながら、事の真相を調べ始める。\",\"dateCreated\":\"2025-11-06T18:39:30+09:00\",\"dateModified\":\"2026-02-16T12:00:13+09:00\",\"actor\":[],\"contributor\":[],\"partOfSeries\":{\"id\":\"32VWPKM6NX\",\"name\":\"テミスの不確かな法廷\",\"detailedSeriesNameRuby\":\"てみすのふたしかなほうてい\",\"identifierGroup\":{\"tvSeriesId\":\"32VWPKM6NX\",\"tvSeriesPlaylistId\":\"series-tep-32VWPKM6NX\",\"tvSeriesUId\":\"p05e97c86-fead-516b-b9c3-1a2a8a3c15c5\",\"tvSeriesName\":\"テミスの不確かな法廷\",\"hashtag\":[],\"serviceId\":[\"g1\",\"g2\"],\"aliasId\":\"drama-themis\",\"formatGenre\":[{\"id\":\"03\",\"name\":\"ドラマ\"}]},\"keyword\":[],\"detailedSynonym\":[],\"sameAs\":[{\"name\":\"NHKドラマ\",\"url\":\"https://www.nhk.jp/g/drama/\"},{\"name\":\"NHKオンデマンド\",\"url\":\"https://www.nhk-ondemand.jp/program/P202500492200000/index.html?capid=nol004922_001\"},{\"name\":\"制作開始のお知らせ\",\"url\":\"https://www.nhk.jp/g/blog/7225ufm1ma/\"}],\"canonical\":\"https://www.web.nhk/tv/an/drama-themis/pl/series-tep-32VWPKM6NX\",\"description\":\"【NHK公式】ドラマ10「テミスの不確かな法廷」\\n「宙わたる教室」制作チームが手がける法廷ヒューマンドラマ！\\n任官七年目の裁判官・安堂清春（松山ケンイチ）。東京から前橋地方裁判所第一支部へと異動してきた彼は、一見、穏やかな裁判官に見える。\\nだが、その内側には絶対に打ち明けられない秘密が…。\\n幼い頃、衝動性や落ち着きのなさからASD（自閉スペクトラム症）とADHD（注意欠如多動症）と診断された安堂。\\n彼は自らの特性を隠し、自分の考える“普通”を装って生きてきた。\\nそれでも、ふとした言動が前橋地裁第一支部の面々を戸惑わせ、法廷内外で混乱を巻き起こしてしまう。\\n\\nそんな安堂の元に、複雑な人間模様が絡み合う、難解な事件が舞い込んでくる。\\n市長を襲った青年。親友をこん睡状態に追い込んだ高校生。そして「父は法律に殺された」と訴える娘――。\\nやがて、安堂の特性からくる“こだわり”が、誰も気づかなかった事件の矛盾をあぶり出す。\\nしかし同時に、彼は自身の衝動とも格闘しながら公判に挑まなければならない。\\n果たして安堂は、公正に事件を裁き、真実へと辿り着くことができるのか！？\\n\\n【放送予定】\\n2026年1月6日（火）スタート〈全8回〉\\n総合テレビ　毎週火曜　夜10:00～10:45\\n[再放送] 総合テレビ　毎週金曜　午前0:35～1:20　※木曜深夜\\n【原作】　直島翔 「テミスの不確かな法廷」\\n【脚本】　浜田秀哉\\n【音楽】　jizue\\n【出演】　松山ケンイチ　鳴海唯　恒松祐里　山崎樹範／市川実日子／和久井映見　遠藤憲一　他\\n【演出】　吉川久岳（ランプ）、山下和徳、相良健一、富澤昭文\\n【制作統括】　橋立聖史（ランプ）、神林伸太郎（NHKエンタープライズ）、渡辺悟（NHK）\",\"detailedCatch\":\"発達障害を抱えた裁判官が難解な事件に挑む\",\"logo\":{\"main\":{\"url\":\"https://imgu.web.nhk/static/assets/images/tvseries/ts/32VWPKM6NX/32VWPKM6NX-logo_828f940b0935f2c88c185499d12d2962.png\",\"width\":1080,\"height\":1080},\"medium\":{\"url\":\"https://imgu.web.nhk/static/assets/images/tvseries/ts/32VWPKM6NX/32VWPKM6NX-logo_8efc99cc3bd9306dd4467364a74fc245.png\",\"width\":640,\"height\":640},\"small\":{\"url\":\"https://imgu.web.nhk/static/assets/images/tvseries/ts/32VWPKM6NX/32VWPKM6NX-logo_eb53b73599bb3a12a7348e223b80d402.png\",\"width\":200,\"height\":200}},\"eyecatch\":{\"large\":{\"url\":\"https://imgu.web.nhk/static/assets/images/tvseries/ts/32VWPKM6NX/32VWPKM6NX-eyecatch_8c03dd6170b3c1f9839acd1470b220cb.png\",\"width\":3840,\"height\":2160},\"main\":{\"url\":\"https://imgu.web.nhk/static/assets/images/tvseries/ts/32VWPKM6NX/32VWPKM6NX-eyecatch_1978a831e355939ce5b784e1ccaa8a51.png\",\"width\":1920,\"height\":1080},\"medium\":{\"url\":\"https://imgu.web.nhk/static/assets/images/tvseries/ts/32VWPKM6NX/32VWPKM6NX-eyecatch_bfb53794ff02850bbf363238ee44389f.png\",\"width\":1280,\"height\":720},\"small\":{\"url\":\"https://imgu.web.nhk/static/assets/images/tvseries/ts/32VWPKM6NX/32VWPKM6NX-eyecatch_c4bf75e830963eb2a39241978a2ea298.png\",\"width\":640,\"height\":360}},\"hero\":{\"main\":{\"url\":\"https://imgu.web.nhk/static/assets/images/tvseries/ts/32VWPKM6NX/32VWPKM6NX-hero_a3a67dcfe488d632aba74e48fe2e622a.png\",\"width\":1920,\"height\":640},\"medium\":{\"url\":\"https://imgu.web.nhk/static/assets/images/tvseries/ts/32VWPKM6NX/32VWPKM6NX-hero_8d883d52b93f5e90cdb211757afade88.png\",\"width\":1080,\"height\":360}},\"style\":{\"textLight\":\"#000000\",\"textDark\":\"#FFFFFF\",\"linkLight\":\"#E22300\",\"linkDark\":\"#FF330D\",\"primaryLight\":\"#FF2800\",\"primaryDark\":\"#FF2800\"},\"additionalProperty\":{\"publishLevel\":\"full\",\"layoutPattern\":\"summary\",\"episodeOrderBy\":\"releasedEvent\",\"availableOnPlus\":false,\"enableVariablePlayBackSpeedControl\":false,\"optional\":[],\"seriesPackStatus\":\"notPacked\",\"supportMedia\":[\"@screen\"],\"supportMusicList\":true,\"supportPlusEmbed\":true,\"enableWebContent\":false},\"url\":\"https://api-local.ss.org.nhk/r8/t/nplaylist/pl/series-tep-32VWPKM6NX.json\",\"itemUrl\":\"https://api-local.ss.org.nhk/r8/l/tvepisode/pl/series-tep-32VWPKM6NX.json\"},\"releasedEvent\":{\"startDate\":\"2026-01-06T22:00:00+09:00\",\"displayStartDate\":\"2026-01-06T22:00:00+09:00\",\"endDate\":\"2026-01-06T22:45:00+09:00\",\"publishedOn\":{\"type\":\"BroadcastService\",\"id\":\"bs-g1-130\",\"name\":\"NHK総合テレビジョン\",\"url\":\"https://api-local.ss.org.nhk/r8/t/broadcastservice/bs/g1-130.json\",\"broadcastDisplayName\":\"NHK総合・東京\",\"videoFormat\":[\"2K\"],\"encodingFormat\":[\"video/X-arib-mpeg2\",\"audio/X-arib-mpeg2-aac\"],\"identifierGroup\":{\"serviceId\":\"g1\",\"serviceName\":\"NHK総合1\",\"areaId\":\"130\",\"areaName\":\"東京\",\"channelId\":\"011\",\"channelKey\":\"1\",\"channelAreaName\":\"東京\",\"channelStationName\":\"首都圏\",\"shortenedName\":\"NHK総合1\",\"shortenedDisplayName\":\"総合\",\"multiChannelDisplayName\":\"総合\"},\"logo\":{\"url\":\"https://imgu.web.nhk/common/broadcastservice/bs/g1/g1-logo.svg\",\"main\":{\"url\":\"https://imgu.web.nhk/common/broadcastservice/bs/g1/g1-logo_1080x1080.png\",\"width\":1080,\"height\":1080},\"medium\":{\"url\":\"https://imgu.web.nhk/common/broadcastservice/bs/g1/g1-logo_640x640.png\",\"width\":640,\"height\":640},\"small\":{\"url\":\"https://imgu.web.nhk/common/broadcastservice/bs/g1/g1-logo_200x200.png\",\"width\":200,\"height\":200}},\"eyecatch\":{\"url\":\"https://imgu.web.nhk/common/broadcastservice/bs/g1/g1-eyecatch.svg\",\"large\":{\"url\":\"https://imgu.web.nhk/common/broadcastservice/bs/g1/g1-eyecatch_3840x2160.png\",\"width\":3840,\"height\":2160},\"main\":{\"url\":\"https://imgu.web.nhk/common/broadcastservice/bs/g1/g1-eyecatch_1920x1080.png\",\"width\":1920,\"height\":1080},\"medium\":{\"url\":\"https://imgu.web.nhk/common/broadcastservice/bs/g1/g1-eyecatch_1280x720.png\",\"width\":1280,\"height\":720},\"small\":{\"url\":\"https://imgu.web.nhk/common/broadcastservice/bs/g1/g1-eyecatch_640x360.png\",\"width\":640,\"height\":360}},\"hero\":{\"url\":\"https://imgu.web.nhk/common/broadcastservice/bs/g1/g1-hero.svg\",\"main\":{\"url\":\"https://imgu.web.nhk/common/broadcastservice/bs/g1/g1-hero_1920x640.png\",\"width\":1920,\"height\":640},\"medium\":{\"url\":\"https://imgu.web.nhk/common/broadcastservice/bs/g1/g1-hero_1080x360.png\",\"width\":1080,\"height\":360}},\"badge9x4\":{\"url\":\"https://imgu.web.nhk/common/broadcastservice/bs/g1/g1-badge9x4.svg\",\"main\":{\"url\":\"https://imgu.web.nhk/common/broadcastservice/bs/g1/g1-badge9x4_360x160.png\",\"width\":360,\"height\":160},\"small\":{\"url\":\"https://imgu.web.nhk/common/broadcastservice/bs/g1/g1-badge9x4_180x80.png\",\"width\":180,\"height\":80}}}},\"detailedRecentEvent\":{\"id\":\"g1-130-2026022308699\",\"startDate\":\"2026-02-23T15:05:00+09:00\",\"endDate\":\"2026-02-23T15:50:00+09:00\",\"identifierGroup\":{\"broadcastEventId\":\"g1-130-2026022308699\",\"serviceId\":\"g1\",\"areaId\":\"130\",\"stationId\":\"001\",\"date\":\"2026-02-23\",\"eventId\":\"08699\",\"genre\":[{\"id\":\"0300\",\"name1\":\"ドラマ\",\"name2\":\"国内ドラマ\"}],\"onid\":\"7fe0\",\"sid\":\"0400\",\"tsid\":\"7fe0\"},\"misc\":{\"displayVideoMode\":\"none\",\"displayVideoRange\":\"sdr\",\"displayAudioMode\":[\"kaisetsu\"],\"audioMode\":[\"stereoKaisetsu\"],\"supportCaption\":true,\"supportSign\":false,\"supportHybridcast\":false,\"supportDataBroadcast\":false,\"isInteractive\":false,\"isChangeable\":false,\"releaseLevel\":\"repeat\",\"programType\":\"program\",\"coverage\":\"nationwide\",\"actList\":[{\"role\":\"原作\",\"name\":\"直島翔\",\"nameRuby\":\"ﾅｵｼﾏｼｮｳ\"},{\"role\":\"脚本\",\"name\":\"浜田秀哉\",\"nameRuby\":\"ﾊﾏﾀﾞﾋﾃﾞﾔ\"},{\"role\":\"出演\",\"name\":\"松山ケンイチ\",\"nameRuby\":\"ﾏﾂﾔﾏｹﾝｲﾁ\"},{\"role\":\"出演\",\"name\":\"鳴海唯\",\"nameRuby\":\"ﾅﾙﾐﾕｲ\"},{\"role\":\"出演\",\"name\":\"恒松祐里\",\"nameRuby\":\"ﾂﾈﾏﾂﾕﾘ\"},{\"role\":\"出演\",\"name\":\"山崎樹範\",\"nameRuby\":\"ﾔﾏｻﾞｷｼｹﾞﾉﾘ\"},{\"role\":\"出演\",\"name\":\"市川実日子\",\"nameRuby\":\"ｲﾁｶﾜﾐｶｺ\"},{\"role\":\"出演\",\"name\":\"和久井映見\",\"nameRuby\":\"ﾜｸｲｴﾐ\"},{\"role\":\"出演\",\"name\":\"遠藤憲一\",\"nameRuby\":\"ｴﾝﾄﾞｳｹﾝｲﾁ\"},{\"role\":\"出演\",\"name\":\"小林虎之介\",\"nameRuby\":\"ｺﾊﾞﾔｼﾄﾗﾉｽｹ\"}],\"musicList\":[]},\"publishedOn\":{\"type\":\"BroadcastService\",\"id\":\"bs-g1-130\",\"name\":\"NHK総合テレビジョン\",\"url\":\"https://api-local.ss.org.nhk/r8/t/broadcastservice/bs/g1-130.json\",\"broadcastDisplayName\":\"NHK総合・東京\",\"videoFormat\":[\"2K\"],\"encodingFormat\":[\"video/X-arib-mpeg2\",\"audio/X-arib-mpeg2-aac\"],\"identifierGroup\":{\"serviceId\":\"g1\",\"serviceName\":\"NHK総合1\",\"areaId\":\"130\",\"areaName\":\"東京\",\"channelId\":\"011\",\"channelKey\":\"1\",\"channelAreaName\":\"東京\",\"channelStationName\":\"首都圏\",\"shortenedName\":\"NHK総合1\",\"shortenedDisplayName\":\"総合\",\"multiChannelDisplayName\":\"総合\"},\"logo\":{\"url\":\"https://imgu.web.nhk/common/broadcastservice/bs/g1/g1-logo.svg\",\"main\":{\"url\":\"https://imgu.web.nhk/common/broadcastservice/bs/g1/g1-logo_1080x1080.png\",\"width\":1080,\"height\":1080},\"medium\":{\"url\":\"https://imgu.web.nhk/common/broadcastservice/bs/g1/g1-logo_640x640.png\",\"width\":640,\"height\":640},\"small\":{\"url\":\"https://imgu.web.nhk/common/broadcastservice/bs/g1/g1-logo_200x200.png\",\"width\":200,\"height\":200}},\"eyecatch\":{\"url\":\"https://imgu.web.nhk/common/broadcastservice/bs/g1/g1-eyecatch.svg\",\"large\":{\"url\":\"https://imgu.web.nhk/common/broadcastservice/bs/g1/g1-eyecatch_3840x2160.png\",\"width\":3840,\"height\":2160},\"main\":{\"url\":\"https://imgu.web.nhk/common/broadcastservice/bs/g1/g1-eyecatch_1920x1080.png\",\"width\":1920,\"height\":1080},\"medium\":{\"url\":\"https://imgu.web.nhk/common/broadcastservice/bs/g1/g1-eyecatch_1280x720.png\",\"width\":1280,\"height\":720},\"small\":{\"url\":\"https://imgu.web.nhk/common/broadcastservice/bs/g1/g1-eyecatch_640x360.png\",\"width\":640,\"height\":360}},\"hero\":{\"url\":\"https://imgu.web.nhk/common/broadcastservice/bs/g1/g1-hero.svg\",\"main\":{\"url\":\"https://imgu.web.nhk/common/broadcastservice/bs/g1/g1-hero_1920x640.png\",\"width\":1920,\"height\":640},\"medium\":{\"url\":\"https://imgu.web.nhk/common/broadcastservice/bs/g1/g1-hero_1080x360.png\",\"width\":1080,\"height\":360}},\"badge9x4\":{\"url\":\"https://imgu.web.nhk/common/broadcastservice/bs/g1/g1-badge9x4.svg\",\"main\":{\"url\":\"https://imgu.web.nhk/common/broadcastservice/bs/g1/g1-badge9x4_360x160.png\",\"width\":360,\"height\":160},\"small\":{\"url\":\"https://imgu.web.nhk/common/broadcastservice/bs/g1/g1-badge9x4_180x80.png\",\"width\":180,\"height\":80}}}},\"detailedComingEvent\":{\"id\":\"g1-130-2026022308699\",\"startDate\":\"2026-02-23T15:05:00+09:00\",\"endDate\":\"2026-02-23T15:50:00+09:00\",\"identifierGroup\":{\"broadcastEventId\":\"g1-130-2026022308699\",\"serviceId\":\"g1\",\"areaId\":\"130\",\"stationId\":\"001\",\"date\":\"2026-02-23\",\"eventId\":\"08699\",\"genre\":[{\"id\":\"0300\",\"name1\":\"ドラマ\",\"name2\":\"国内ドラマ\"}],\"onid\":\"7fe0\",\"sid\":\"0400\",\"tsid\":\"7fe0\"},\"misc\":{\"displayVideoMode\":\"none\",\"displayVideoRange\":\"sdr\",\"displayAudioMode\":[\"kaisetsu\"],\"audioMode\":[\"stereoKaisetsu\"],\"supportCaption\":true,\"supportSign\":false,\"supportHybridcast\":false,\"supportDataBroadcast\":false,\"isInteractive\":false,\"isChangeable\":false,\"releaseLevel\":\"repeat\",\"programType\":\"program\",\"coverage\":\"nationwide\",\"actList\":[{\"role\":\"原作\",\"name\":\"直島翔\",\"nameRuby\":\"ﾅｵｼﾏｼｮｳ\"},{\"role\":\"脚本\",\"name\":\"浜田秀哉\",\"nameRuby\":\"ﾊﾏﾀﾞﾋﾃﾞﾔ\"},{\"role\":\"出演\",\"name\":\"松山ケンイチ\",\"nameRuby\":\"ﾏﾂﾔﾏｹﾝｲﾁ\"},{\"role\":\"出演\",\"name\":\"鳴海唯\",\"nameRuby\":\"ﾅﾙﾐﾕｲ\"},{\"role\":\"出演\",\"name\":\"恒松祐里\",\"nameRuby\":\"ﾂﾈﾏﾂﾕﾘ\"},{\"role\":\"出演\",\"name\":\"山崎樹範\",\"nameRuby\":\"ﾔﾏｻﾞｷｼｹﾞﾉﾘ\"},{\"role\":\"出演\",\"name\":\"市川実日子\",\"nameRuby\":\"ｲﾁｶﾜﾐｶｺ\"},{\"role\":\"出演\",\"name\":\"和久井映見\",\"nameRuby\":\"ﾜｸｲｴﾐ\"},{\"role\":\"出演\",\"name\":\"遠藤憲一\",\"nameRuby\":\"ｴﾝﾄﾞｳｹﾝｲﾁ\"},{\"role\":\"出演\",\"name\":\"小林虎之介\",\"nameRuby\":\"ｺﾊﾞﾔｼﾄﾗﾉｽｹ\"}],\"musicList\":[]},\"publishedOn\":{\"type\":\"BroadcastService\",\"id\":\"bs-g1-130\",\"name\":\"NHK総合テレビジョン\",\"url\":\"https://api-local.ss.org.nhk/r8/t/broadcastservice/bs/g1-130.json\",\"broadcastDisplayName\":\"NHK総合・東京\",\"videoFormat\":[\"2K\"],\"encodingFormat\":[\"video/X-arib-mpeg2\",\"audio/X-arib-mpeg2-aac\"],\"identifierGroup\":{\"serviceId\":\"g1\",\"serviceName\":\"NHK総合1\",\"areaId\":\"130\",\"areaName\":\"東京\",\"channelId\":\"011\",\"channelKey\":\"1\",\"channelAreaName\":\"東京\",\"channelStationName\":\"首都圏\",\"shortenedName\":\"NHK総合1\",\"shortenedDisplayName\":\"総合\",\"multiChannelDisplayName\":\"総合\"},\"logo\":{\"url\":\"https://imgu.web.nhk/common/broadcastservice/bs/g1/g1-logo.svg\",\"main\":{\"url\":\"https://imgu.web.nhk/common/broadcastservice/bs/g1/g1-logo_1080x1080.png\",\"width\":1080,\"height\":1080},\"medium\":{\"url\":\"https://imgu.web.nhk/common/broadcastservice/bs/g1/g1-logo_640x640.png\",\"width\":640,\"height\":640},\"small\":{\"url\":\"https://imgu.web.nhk/common/broadcastservice/bs/g1/g1-logo_200x200.png\",\"width\":200,\"height\":200}},\"eyecatch\":{\"url\":\"https://imgu.web.nhk/common/broadcastservice/bs/g1/g1-eyecatch.svg\",\"large\":{\"url\":\"https://imgu.web.nhk/common/broadcastservice/bs/g1/g1-eyecatch_3840x2160.png\",\"width\":3840,\"height\":2160},\"main\":{\"url\":\"https://imgu.web.nhk/common/broadcastservice/bs/g1/g1-eyecatch_1920x1080.png\",\"width\":1920,\"height\":1080},\"medium\":{\"url\":\"https://imgu.web.nhk/common/broadcastservice/bs/g1/g1-eyecatch_1280x720.png\",\"width\":1280,\"height\":720},\"small\":{\"url\":\"https://imgu.web.nhk/common/broadcastservice/bs/g1/g1-eyecatch_640x360.png\",\"width\":640,\"height\":360}},\"hero\":{\"url\":\"https://imgu.web.nhk/common/broadcastservice/bs/g1/g1-hero.svg\",\"main\":{\"url\":\"https://imgu.web.nhk/common/broadcastservice/bs/g1/g1-hero_1920x640.png\",\"width\":1920,\"height\":640},\"medium\":{\"url\":\"https://imgu.web.nhk/common/broadcastservice/bs/g1/g1-hero_1080x360.png\",\"width\":1080,\"height\":360}},\"badge9x4\":{\"url\":\"https://imgu.web.nhk/common/broadcastservice/bs/g1/g1-badge9x4.svg\",\"main\":{\"url\":\"https://imgu.web.nhk/common/broadcastservice/bs/g1/g1-badge9x4_360x160.png\",\"width\":360,\"height\":160},\"small\":{\"url\":\"https://imgu.web.nhk/common/broadcastservice/bs/g1/g1-badge9x4_180x80.png\",\"width\":180,\"height\":80}}}},\"eyecatch\":{\"large\":{\"url\":\"https://imgu.web.nhk/static/assets/images/tvepisode/te/KX641RGLL6/KX641RGLL6-eyecatch_35bb0362a21a0bf1081f3e4a195137a3.png\",\"width\":3840,\"height\":2160},\"main\":{\"url\":\"https://imgu.web.nhk/static/assets/images/tvepisode/te/KX641RGLL6/KX641RGLL6-eyecatch_ba29bca8990baa6980d72d5455028d6f.png\",\"width\":1920,\"height\":1080},\"medium\":{\"url\":\"https://imgu.web.nhk/static/assets/images/tvepisode/te/KX641RGLL6/KX641RGLL6-eyecatch_0243d4f60abff27ebf7271cbd360d30c.png\",\"width\":1280,\"height\":720},\"small\":{\"url\":\"https://imgu.web.nhk/static/assets/images/tvepisode/te/KX641RGLL6/KX641RGLL6-eyecatch_62e1cd0b57a35a9ba09d0b7b742ea3be.png\",\"width\":640,\"height\":360}},\"eyecatchList\":[{\"large\":{\"url\":\"https://imgu.web.nhk/static/assets/images/tvepisode/te/KX641RGLL6/KX641RGLL6-eyecatches_3583e376e9cadf049ef5881ce8ef356d.jpg\",\"width\":3840,\"height\":2160},\"main\":{\"url\":\"https://imgu.web.nhk/static/assets/images/tvepisode/te/KX641RGLL6/KX641RGLL6-eyecatches_185db7e7144dd1adbc22a1a1ff1a9979.jpg\",\"width\":1920,\"height\":1080},\"medium\":{\"url\":\"https://imgu.web.nhk/static/assets/images/tvepisode/te/KX641RGLL6/KX641RGLL6-eyecatches_0d4fc4d56d3028ac11d47eb2a93308da.jpg\",\"width\":1280,\"height\":720},\"small\":{\"url\":\"https://imgu.web.nhk/static/assets/images/tvepisode/te/KX641RGLL6/KX641RGLL6-eyecatches_a94c8979a4f8f3e9685ea131b5504ba9.jpg\",\"width\":640,\"height\":360}},{\"large\":{\"url\":\"https://imgu.web.nhk/static/assets/images/tvepisode/te/KX641RGLL6/KX641RGLL6-eyecatches_67732d0c527bba5c9b37df273f34200f.jpg\",\"width\":3840,\"height\":2160},\"main\":{\"url\":\"https://imgu.web.nhk/static/assets/images/tvepisode/te/KX641RGLL6/KX641RGLL6-eyecatches_2ceca8a615356a35357c237be126783e.jpg\",\"width\":1920,\"height\":1080},\"medium\":{\"url\":\"https://imgu.web.nhk/static/assets/images/tvepisode/te/KX641RGLL6/KX641RGLL6-eyecatches_139e674a58dc3df7b66ba411d65ba026.jpg\",\"width\":1280,\"height\":720},\"small\":{\"url\":\"https://imgu.web.nhk/static/assets/images/tvepisode/te/KX641RGLL6/KX641RGLL6-eyecatches_d8b1656518bc89ae579d920083839e97.jpg\",\"width\":640,\"height\":360}},{\"large\":{\"url\":\"https://imgu.web.nhk/static/assets/images/tvepisode/te/KX641RGLL6/KX641RGLL6-eyecatches_51d7cefcc051e2642304ef5d810da570.jpg\",\"width\":3840,\"height\":2160},\"main\":{\"url\":\"https://imgu.web.nhk/static/assets/images/tvepisode/te/KX641RGLL6/KX641RGLL6-eyecatches_8dbdffe6a7df10637c2c1fa1b88fed89.jpg\",\"width\":1920,\"height\":1080},\"medium\":{\"url\":\"https://imgu.web.nhk/static/assets/images/tvepisode/te/KX641RGLL6/KX641RGLL6-eyecatches_7071e4b1f586fe72668462c424183b48.jpg\",\"width\":1280,\"height\":720},\"small\":{\"url\":\"https://imgu.web.nhk/static/assets/images/tvepisode/te/KX641RGLL6/KX641RGLL6-eyecatches_a6c056590e6816aee7562449b590fe52.jpg\",\"width\":640,\"height\":360}},{\"large\":{\"url\":\"https://imgu.web.nhk/static/assets/images/tvepisode/te/KX641RGLL6/KX641RGLL6-eyecatches_fb5a58f8161d6fdaf6f5e3273a1c6be4.jpg\",\"width\":3840,\"height\":2160},\"main\":{\"url\":\"https://imgu.web.nhk/static/assets/images/tvepisode/te/KX641RGLL6/KX641RGLL6-eyecatches_4bc4e6c38a229ef34764b822228afef1.jpg\",\"width\":1920,\"height\":1080},\"medium\":{\"url\":\"https://imgu.web.nhk/static/assets/images/tvepisode/te/KX641RGLL6/KX641RGLL6-eyecatches_545d8c3dd0ee9543d050ff08fccdb22d.jpg\",\"width\":1280,\"height\":720},\"small\":{\"url\":\"https://imgu.web.nhk/static/assets/images/tvepisode/te/KX641RGLL6/KX641RGLL6-eyecatches_4e7c305a743e8caa76a5a1e751510858.jpg\",\"width\":640,\"height\":360}}],\"video\":[],\"citation\":[],\"detailedPinnedCitation\":[],\"sameAs\":[],\"correction\":[],\"url\":\"https://api-local.ss.org.nhk/r8/t/tvepisode/te/KX641RGLL6.json\",\"canonical\":\"https://www.web.nhk/tv/an/drama-themis/pl/series-tep-32VWPKM6NX/ep/KX641RGLL6\",\"associatedMedia\":[],\"hasPart\":[],\"additionalProperty\":{\"episodeMergeStatus\":\"notMerged\"}},\"link\":{\"href\":\"https://www.web.nhk/tv/an/drama-themis/pl/series-tep-32VWPKM6NX/ep/KX641RGLL6\"}}]\n"])</script><script>self.__next_f.push([1,"32:[\"$\",\"$L23\",\"series-tep-R6ZNL4MY77\",{\"spacing\":\"paragraph\",\"children\":[[\"$\",\"$L28\",null,{\"title\":\"【夜ドラ】事件は、その周りで起きている\",\"link\":{\"href\":\"https://www.web.nhk/tv/pl/series-tep-R6ZNL4MY77\"}}],[\"$\",\"$L29\",null,{\"itemWidth\":{\"mobile\":171,\"desktop\":304},\"children\":[[\"$\",\"$L2a\",\"D7RL5R5Q5Q\",{\"content\":{\"type\":\"TVEpisode\",\"id\":\"D7RL5R5Q5Q\",\"name\":\"シリーズ3 (4)小芝風花主演・警察コメディー\",\"detailedEpisodeNameRuby\":\"\",\"identifierGroup\":{\"tvEpisodeId\":\"D7RL5R5Q5Q\",\"tvSeriesId\":\"R6ZNL4MY77\",\"tvEpisodeName\":\"シリーズ3 (4)小芝風花主演・警察コメディー\",\"tvSeriesName\":\"【夜ドラ】事件は、その周りで起きている\",\"hashtag\":[],\"siteId\":\"7794\",\"serviceId\":[\"g1\",\"g2\"],\"formatGenreTag\":[{\"id\":\"03\",\"name\":\"ドラマ\"}],\"themeGenreTag\":[{\"id\":\"031\",\"name\":\"国内ドラマ\"}]},\"keyword\":[],\"description\":\"横領の疑いがある被疑者が逃亡。被疑者はよく山梨の「平小山」に登っていたとの情報を受けた。手柄がほしい真野（小芝風花）は、行きたくない宇田川（笠松将）を引きずるように連れて、平小山に登り始める。一方新月署では長野の「平子山」の間違いでは、という疑惑が。徳大寺（中野周平）は、真野と宇田川が２人で山登りに行ったと谷崎（北村有起哉）と向田（倉科カナ）から教えられ、やきもき。さらに平小山に突然の嵐が襲い…\",\"dateCreated\":\"2026-02-07T18:22:30+09:00\",\"dateModified\":\"2026-03-05T04:42:04+09:00\",\"actor\":[],\"contributor\":[],\"partOfSeries\":{\"id\":\"R6ZNL4MY77\",\"name\":\"【夜ドラ】事件は、その周りで起きている\",\"detailedSeriesNameRuby\":\"じけんは　そのまわりでおきている\",\"identifierGroup\":{\"tvSeriesId\":\"R6ZNL4MY77\",\"tvSeriesPlaylistId\":\"series-tep-R6ZNL4MY77\",\"tvSeriesUId\":\"peb7a35e1-facd-578d-9e66-001520c0a863\",\"tvSeriesName\":\"【夜ドラ】事件は、その周りで起きている\",\"hashtag\":[],\"siteId\":\"7794\",\"serviceId\":[\"g1\",\"g2\"],\"formatGenre\":[{\"id\":\"03\",\"name\":\"ドラマ\"}]},\"keyword\":[\"LIFE\",\"新感覚\",\"1話15分\",\"警察署・新月署\",\"コメディードラマ\",\"宇宙人総理\",\"総合演出\",\"小事件\",\"小室玲子\",\"小芝風花\",\"倉科カナ\",\"倉持裕\",\"笠松将\",\"中野周平\",\"完全オリジナル脚本\",\"北村有起哉\",\"蛙亭\",\"西川毅\",\"池谷のぶえ\",\"キムラ緑子\"],\"detailedSynonym\":[],\"sameAs\":[],\"canonical\":\"https://www.web.nhk/tv/pl/series-tep-R6ZNL4MY77\",\"description\":\"コント番組「LIFE！」スタッフが制作するシチュエーションコメディー「事件は、その周りで起きている」。\\n舞台はとある地方の小さな警察署・新月署（しんげつしょ）。刑事ものだけど、事件を一切解決しない。事件のまわりで起きるトラブル、“小事件”にスポットを当てた新感覚の１話完結15分のコメディー。\\n\\n■出演：小芝風花 笠松将 中野周平（蛙亭） 倉科カナ 北村有起哉／シリーズ3 ゲスト： 向井 理\\n■脚本：倉持裕\\n※「LIFE！」の人気キャラクターを数々生んだ倉持裕の完全オリジナル脚本\\n■演出：西川毅　※ＬＩＦＥ！総合演出\\n\",\"logo\":{\"main\":{\"url\":\"https://imgu.web.nhk/static/assets/images/tvseries/ts/R6ZNL4MY77/R6ZNL4MY77-logo_010553e34314ed3eaae5ee4f0fcd1ba6.jpg\",\"width\":1080,\"height\":1080},\"medium\":{\"url\":\"https://imgu.web.nhk/static/assets/images/tvseries/ts/R6ZNL4MY77/R6ZNL4MY77-logo_84ad8b93cf5d578fe060a3f7314f70c8.jpg\",\"width\":640,\"height\":640},\"small\":{\"url\":\"https://imgu.web.nhk/static/assets/images/tvseries/ts/R6ZNL4MY77/R6ZNL4MY77-logo_ae6897cabe75a4f78122da5f3657bef5.jpg\",\"width\":200,\"height\":200}},\"eyecatch\":{\"large\":{\"url\":\"https://imgu.web.nhk/static/assets/images/tvseries/ts/R6ZNL4MY77/R6ZNL4MY77-eyecatch_dd47dec7aa1bac3d2ba8f17718df8820.jpg\",\"width\":3840,\"height\":2160},\"main\":{\"url\":\"https://imgu.web.nhk/static/assets/images/tvseries/ts/R6ZNL4MY77/R6ZNL4MY77-eyecatch_4cb30049e34bd2a80aeed50c3cca542d.jpg\",\"width\":1920,\"height\":1080},\"medium\":{\"url\":\"https://imgu.web.nhk/static/assets/images/tvseries/ts/R6ZNL4MY77/R6ZNL4MY77-eyecatch_74a3e9cc9110082f4a50f5583b4e33e3.jpg\",\"width\":1280,\"height\":720},\"small\":{\"url\":\"https://imgu.web.nhk/static/assets/images/tvseries/ts/R6ZNL4MY77/R6ZNL4MY77-eyecatch_974ebe51818b4d8ed838b965facf11d8.jpg\",\"width\":640,\"height\":360}},\"hero\":{\"main\":{\"url\":\"https://imgu.web.nhk/static/assets/images/tvseries/ts/R6ZNL4MY77/R6ZNL4MY77-hero_5e0dd42bf16b54843c1b00be7d630c82.jpg\",\"width\":1920,\"height\":640},\"medium\":{\"url\":\"https://imgu.web.nhk/static/assets/images/tvseries/ts/R6ZNL4MY77/R6ZNL4MY77-hero_117d570d62a32daa7c6a43f7ac239c7c.jpg\",\"width\":1080,\"height\":360}},\"style\":{\"textLight\":\"#000000\",\"textDark\":\"#FFFFFF\",\"linkLight\":\"#E72400\",\"linkDark\":\"#FF4928\",\"primaryLight\":\"#FF2800\",\"primaryDark\":\"#FF2800\"},\"additionalProperty\":{\"publishLevel\":\"full\",\"layoutPattern\":\"summary\",\"episodeOrderBy\":\"releasedEvent\",\"availableOnPlus\":false,\"enableVariablePlayBackSpeedControl\":false,\"optional\":[],\"seriesPackStatus\":\"notPacked\",\"supportMedia\":[\"@screen\"],\"supportMusicList\":true,\"supportPlusEmbed\":true,\"enableWebContent\":false},\"url\":\"https://api-local.ss.org.nhk/r8/t/nplaylist/pl/series-tep-R6ZNL4MY77.json\",\"itemUrl\":\"https://api-local.ss.org.nhk/r8/l/tvepisode/pl/series-tep-R6ZNL4MY77.json\"},\"releasedEvent\":{\"id\":\"g1-130-2026031212864\",\"startDate\":\"2026-03-12T22:45:00+09:00\",\"displayStartDate\":\"2026-03-12T22:45:00+09:00\",\"endDate\":\"2026-03-12T23:00:00+09:00\",\"publishedOn\":{\"type\":\"BroadcastService\",\"id\":\"bs-g1-130\",\"name\":\"NHK総合テレビジョン\",\"url\":\"https://api-local.ss.org.nhk/r8/t/broadcastservice/bs/g1-130.json\",\"broadcastDisplayName\":\"NHK総合・東京\",\"videoFormat\":[\"2K\"],\"encodingFormat\":[\"video/X-arib-mpeg2\",\"audio/X-arib-mpeg2-aac\"],\"identifierGroup\":{\"serviceId\":\"g1\",\"serviceName\":\"NHK総合1\",\"areaId\":\"130\",\"areaName\":\"東京\",\"channelId\":\"011\",\"channelKey\":\"1\",\"channelAreaName\":\"東京\",\"channelStationName\":\"首都圏\",\"shortenedName\":\"NHK総合1\",\"shortenedDisplayName\":\"総合\",\"multiChannelDisplayName\":\"総合\"},\"logo\":{\"url\":\"https://imgu.web.nhk/common/broadcastservice/bs/g1/g1-logo.svg\",\"main\":{\"url\":\"https://imgu.web.nhk/common/broadcastservice/bs/g1/g1-logo_1080x1080.png\",\"width\":1080,\"height\":1080},\"medium\":{\"url\":\"https://imgu.web.nhk/common/broadcastservice/bs/g1/g1-logo_640x640.png\",\"width\":640,\"height\":640},\"small\":{\"url\":\"https://imgu.web.nhk/common/broadcastservice/bs/g1/g1-logo_200x200.png\",\"width\":200,\"height\":200}},\"eyecatch\":{\"url\":\"https://imgu.web.nhk/common/broadcastservice/bs/g1/g1-eyecatch.svg\",\"large\":{\"url\":\"https://imgu.web.nhk/common/broadcastservice/bs/g1/g1-eyecatch_3840x2160.png\",\"width\":3840,\"height\":2160},\"main\":{\"url\":\"https://imgu.web.nhk/common/broadcastservice/bs/g1/g1-eyecatch_1920x1080.png\",\"width\":1920,\"height\":1080},\"medium\":{\"url\":\"https://imgu.web.nhk/common/broadcastservice/bs/g1/g1-eyecatch_1280x720.png\",\"width\":1280,\"height\":720},\"small\":{\"url\":\"https://imgu.web.nhk/common/broadcastservice/bs/g1/g1-eyecatch_640x360.png\",\"width\":640,\"height\":360}},\"hero\":{\"url\":\"https://imgu.web.nhk/common/broadcastservice/bs/g1/g1-hero.svg\",\"main\":{\"url\":\"https://imgu.web.nhk/common/broadcastservice/bs/g1/g1-hero_1920x640.png\",\"width\":1920,\"height\":640},\"medium\":{\"url\":\"https://imgu.web.nhk/common/broadcastservice/bs/g1/g1-hero_1080x360.png\",\"width\":1080,\"height\":360}},\"badge9x4\":{\"url\":\"https://imgu.web.nhk/common/broadcastservice/bs/g1/g1-badge9x4.svg\",\"main\":{\"url\":\"https://imgu.web.nhk/common/broadcastservice/bs/g1/g1-badge9x4_360x160.png\",\"width\":360,\"height\":160},\"small\":{\"url\":\"https://imgu.web.nhk/common/broadcastservice/bs/g1/g1-badge9x4_180x80.png\",\"width\":180,\"height\":80}}}},\"detailedRecentEvent\":{\"id\":\"g1-130-2026031212864\",\"startDate\":\"2026-03-12T22:45:00+09:00\",\"endDate\":\"2026-03-12T23:00:00+09:00\",\"identifierGroup\":{\"broadcastEventId\":\"g1-130-2026031212864\",\"serviceId\":\"g1\",\"areaId\":\"130\",\"stationId\":\"001\",\"date\":\"2026-03-12\",\"eventId\":\"12864\",\"genre\":[{\"id\":\"0300\",\"name1\":\"ドラマ\",\"name2\":\"国内ドラマ\"}],\"onid\":\"7fe0\",\"sid\":\"0400\",\"tsid\":\"7fe0\"},\"misc\":{\"displayVideoMode\":\"none\",\"displayVideoRange\":\"sdr\",\"displayAudioMode\":[\"kaisetsu\"],\"audioMode\":[\"stereoKaisetsu\"],\"supportCaption\":true,\"supportSign\":false,\"supportHybridcast\":false,\"supportDataBroadcast\":false,\"isInteractive\":false,\"isChangeable\":false,\"releaseLevel\":\"original\",\"programType\":\"program\",\"coverage\":\"nationwide\",\"actList\":[{\"role\":\"出演\",\"name\":\"小芝風花\",\"nameRuby\":\"ｺｼﾊﾞﾌｳｶ\"},{\"role\":\"出演\",\"name\":\"笠松将\",\"nameRuby\":\"ｶｻﾏﾂｼｮｳ\"},{\"role\":\"出演\",\"name\":\"中野周平\",\"nameRuby\":\"ﾅｶﾉｼｭｳﾍｲ\"},{\"role\":\"出演\",\"name\":\"倉科カナ\",\"nameRuby\":\"ｸﾗｼﾅｶﾅ\"},{\"role\":\"出演\",\"name\":\"北村有起哉\",\"nameRuby\":\"ｷﾀﾑﾗﾕｷﾔ\"},{\"role\":\"原作\",\"name\":\"倉持裕\",\"nameRuby\":\"ｸﾗﾓﾁﾕﾀｶ\"}],\"musicList\":[]},\"publishedOn\":{\"type\":\"BroadcastService\",\"id\":\"bs-g1-130\",\"name\":\"NHK総合テレビジョン\",\"url\":\"https://api-local.ss.org.nhk/r8/t/broadcastservice/bs/g1-130.json\",\"broadcastDisplayName\":\"NHK総合・東京\",\"videoFormat\":[\"2K\"],\"encodingFormat\":[\"video/X-arib-mpeg2\",\"audio/X-arib-mpeg2-aac\"],\"identifierGroup\":{\"serviceId\":\"g1\",\"serviceName\":\"NHK総合1\",\"areaId\":\"130\",\"areaName\":\"東京\",\"channelId\":\"011\",\"channelKey\":\"1\",\"channelAreaName\":\"東京\",\"channelStationName\":\"首都圏\",\"shortenedName\":\"NHK総合1\",\"shortenedDisplayName\":\"総合\",\"multiChannelDisplayName\":\"総合\"},\"logo\":{\"url\":\"https://imgu.web.nhk/common/broadcastservice/bs/g1/g1-logo.svg\",\"main\":{\"url\":\"https://imgu.web.nhk/common/broadcastservice/bs/g1/g1-logo_1080x1080.png\",\"width\":1080,\"height\":1080},\"medium\":{\"url\":\"https://imgu.web.nhk/common/broadcastservice/bs/g1/g1-logo_640x640.png\",\"width\":640,\"height\":640},\"small\":{\"url\":\"https://imgu.web.nhk/common/broadcastservice/bs/g1/g1-logo_200x200.png\",\"width\":200,\"height\":200}},\"eyecatch\":{\"url\":\"https://imgu.web.nhk/common/broadcastservice/bs/g1/g1-eyecatch.svg\",\"large\":{\"url\":\"https://imgu.web.nhk/common/broadcastservice/bs/g1/g1-eyecatch_3840x2160.png\",\"width\":3840,\"height\":2160},\"main\":{\"url\":\"https://imgu.web.nhk/common/broadcastservice/bs/g1/g1-eyecatch_1920x1080.png\",\"width\":1920,\"height\":1080},\"medium\":{\"url\":\"https://imgu.web.nhk/common/broadcastservice/bs/g1/g1-eyecatch_1280x720.png\",\"width\":1280,\"height\":720},\"small\":{\"url\":\"https://imgu.web.nhk/common/broadcastservice/bs/g1/g1-eyecatch_640x360.png\",\"width\":640,\"height\":360}},\"hero\":{\"url\":\"https://imgu.web.nhk/common/broadcastservice/bs/g1/g1-hero.svg\",\"main\":{\"url\":\"https://imgu.web.nhk/common/broadcastservice/bs/g1/g1-hero_1920x640.png\",\"width\":1920,\"height\":640},\"medium\":{\"url\":\"https://imgu.web.nhk/common/broadcastservice/bs/g1/g1-hero_1080x360.png\",\"width\":1080,\"height\":360}},\"badge9x4\":{\"url\":\"https://imgu.web.nhk/common/broadcastservice/bs/g1/g1-badge9x4.svg\",\"main\":{\"url\":\"https://imgu.web.nhk/common/broadcastservice/bs/g1/g1-badge9x4_360x160.png\",\"width\":360,\"height\":160},\"small\":{\"url\":\"https://imgu.web.nhk/common/broadcastservice/bs/g1/g1-badge9x4_180x80.png\",\"width\":180,\"height\":80}}}},\"detailedComingEvent\":{\"id\":\"g1-130-2026031212864\",\"startDate\":\"2026-03-12T22:45:00+09:00\",\"endDate\":\"2026-03-12T23:00:00+09:00\",\"identifierGroup\":{\"broadcastEventId\":\"g1-130-2026031212864\",\"serviceId\":\"g1\",\"areaId\":\"130\",\"stationId\":\"001\",\"date\":\"2026-03-12\",\"eventId\":\"12864\",\"genre\":[{\"id\":\"0300\",\"name1\":\"ドラマ\",\"name2\":\"国内ドラマ\"}],\"onid\":\"7fe0\",\"sid\":\"0400\",\"tsid\":\"7fe0\"},\"misc\":{\"displayVideoMode\":\"none\",\"displayVideoRange\":\"sdr\",\"displayAudioMode\":[\"kaisetsu\"],\"audioMode\":[\"stereoKaisetsu\"],\"supportCaption\":true,\"supportSign\":false,\"supportHybridcast\":false,\"supportDataBroadcast\":false,\"isInteractive\":false,\"isChangeable\":false,\"releaseLevel\":\"original\",\"programType\":\"program\",\"coverage\":\"nationwide\",\"actList\":[{\"role\":\"出演\",\"name\":\"小芝風花\",\"nameRuby\":\"ｺｼﾊﾞﾌｳｶ\"},{\"role\":\"出演\",\"name\":\"笠松将\",\"nameRuby\":\"ｶｻﾏﾂｼｮｳ\"},{\"role\":\"出演\",\"name\":\"中野周平\",\"nameRuby\":\"ﾅｶﾉｼｭｳﾍｲ\"},{\"role\":\"出演\",\"name\":\"倉科カナ\",\"nameRuby\":\"ｸﾗｼﾅｶﾅ\"},{\"role\":\"出演\",\"name\":\"北村有起哉\",\"nameRuby\":\"ｷﾀﾑﾗﾕｷﾔ\"},{\"role\":\"原作\",\"name\":\"倉持裕\",\"nameRuby\":\"ｸﾗﾓﾁﾕﾀｶ\"}],\"musicList\":[]},\"publishedOn\":{\"type\":\"BroadcastService\",\"id\":\"bs-g1-130\",\"name\":\"NHK総合テレビジョン\",\"url\":\"https://api-local.ss.org.nhk/r8/t/broadcastservice/bs/g1-130.json\",\"broadcastDisplayName\":\"NHK総合・東京\",\"videoFormat\":[\"2K\"],\"encodingFormat\":[\"video/X-arib-mpeg2\",\"audio/X-arib-mpeg2-aac\"],\"identifierGroup\":{\"serviceId\":\"g1\",\"serviceName\":\"NHK総合1\",\"areaId\":\"130\",\"areaName\":\"東京\",\"channelId\":\"011\",\"channelKey\":\"1\",\"channelAreaName\":\"東京\",\"channelStationName\":\"首都圏\",\"shortenedName\":\"NHK総合1\",\"shortenedDisplayName\":\"総合\",\"multiChannelDisplayName\":\"総合\"},\"logo\":{\"url\":\"https://imgu.web.nhk/common/broadcastservice/bs/g1/g1-logo.svg\",\"main\":{\"url\":\"https://imgu.web.nhk/common/broadcastservice/bs/g1/g1-logo_1080x1080.png\",\"width\":1080,\"height\":1080},\"medium\":{\"url\":\"https://imgu.web.nhk/common/broadcastservice/bs/g1/g1-logo_640x640.png\",\"width\":640,\"height\":640},\"small\":{\"url\":\"https://imgu.web.nhk/common/broadcastservice/bs/g1/g1-logo_200x200.png\",\"width\":200,\"height\":200}},\"eyecatch\":{\"url\":\"https://imgu.web.nhk/common/broadcastservice/bs/g1/g1-eyecatch.svg\",\"large\":{\"url\":\"https://imgu.web.nhk/common/broadcastservice/bs/g1/g1-eyecatch_3840x2160.png\",\"width\":3840,\"height\":2160},\"main\":{\"url\":\"https://imgu.web.nhk/common/broadcastservice/bs/g1/g1-eyecatch_1920x1080.png\",\"width\":1920,\"height\":1080},\"medium\":{\"url\":\"https://imgu.web.nhk/common/broadcastservice/bs/g1/g1-eyecatch_1280x720.png\",\"width\":1280,\"height\":720},\"small\":{\"url\":\"https://imgu.web.nhk/common/broadcastservice/bs/g1/g1-eyecatch_640x360.png\",\"width\":640,\"height\":360}},\"hero\":{\"url\":\"https://imgu.web.nhk/common/broadcastservice/bs/g1/g1-hero.svg\",\"main\":{\"url\":\"https://imgu.web.nhk/common/broadcastservice/bs/g1/g1-hero_1920x640.png\",\"width\":1920,\"height\":640},\"medium\":{\"url\":\"https://imgu.web.nhk/common/broadcastservice/bs/g1/g1-hero_1080x360.png\",\"width\":1080,\"height\":360}},\"badge9x4\":{\"url\":\"https://imgu.web.nhk/common/broadcastservice/bs/g1/g1-badge9x4.svg\",\"main\":{\"url\":\"https://imgu.web.nhk/common/broadcastservice/bs/g1/g1-badge9x4_360x160.png\",\"width\":360,\"height\":160},\"small\":{\"url\":\"https://imgu.web.nhk/common/broadcastservice/bs/g1/g1-badge9x4_180x80.png\",\"width\":180,\"height\":80}}}},\"eyecatch\":{\"large\":{\"url\":\"https://imgu.web.nhk/static/assets/images/tvepisode/te/D7RL5R5Q5Q/D7RL5R5Q5Q-eyecatch_e593391a000ba8b03eb8a76f1c95cd4f.png\",\"width\":3840,\"height\":2160},\"main\":{\"url\":\"https://imgu.web.nhk/static/assets/images/tvepisode/te/D7RL5R5Q5Q/D7RL5R5Q5Q-eyecatch_5135eb0c1f1a2b5888227436da38c8fb.png\",\"width\":1920,\"height\":1080},\"medium\":{\"url\":\"https://imgu.web.nhk/static/assets/images/tvepisode/te/D7RL5R5Q5Q/D7RL5R5Q5Q-eyecatch_cf5718a57cd73d5504ca0af2b11250dc.png\",\"width\":1280,\"height\":720},\"small\":{\"url\":\"https://imgu.web.nhk/static/assets/images/tvepisode/te/D7RL5R5Q5Q/D7RL5R5Q5Q-eyecatch_da4057463ad124d0c69c5eacb9c8d2bf.png\",\"width\":640,\"height\":360}},\"eyecatchList\":[],\"video\":[{\"id\":\"hskOriginal-g1-130-2026031212864\",\"name\":\"事件は、その周りで起きている　🈡シリーズ３（４）小芝風花主演・警察コメディー\",\"description\":\"横領の疑いがある被疑者が逃亡。被疑者はよく山梨の「平小山」に登っていたとの情報を受けた。手柄がほしい真野（小芝風花）は、行きたくない宇田川（笠松将）を引きずるように連れて、平小山に登り始める。一方新月署では長野の「平子山」の間違いでは、という疑惑が。徳大寺（中野周平）は、真野と宇田川が２人で山登りに行ったと谷崎（北村有起哉）と向田（倉科カナ）から教えられ、やきもき。さらに平小山に突然の嵐が襲い…\",\"url\":\"https://www.web.nhk/tv/pl/series-tep-R6ZNL4MY77/ep/D7RL5R5Q5Q\",\"identifierGroup\":{\"environmentId\":\"hskOriginal\",\"broadcastEventId\":\"g1-130-2026031212864\",\"serviceId\":\"g1\",\"streamType\":\"vod\"},\"detailedContentStatus\":{\"environmentId\":\"hskOriginal\",\"streamType\":\"vod\",\"contentStatus\":\"notyet\"},\"detailedVideoDescriptor\":\"https://simul.hsk.st.nhk/npd3/7fe0-0400/20260312/3240-1-1-79d82ffc436c844aafb8aa45d824e362/videoinfo-575784acf1a6dc1cc5c3ca995232a1d4.json\",\"expires\":\"2026-03-19T23:00:00+09:00\",\"duration\":\"PT15M\",\"startDate\":\"2026-03-12T22:45:00+09:00\",\"endDate\":\"2026-03-12T23:00:00+09:00\",\"isDivided\":false,\"publication\":[{\"id\":\"g1-130-2026031212864\",\"url\":\"https://api-local.ss.org.nhk/r8/t/broadcastevent/be/g1-130-2026031212864.json\",\"isLiveBroadcast\":true}],\"uploadDate\":\"2026-03-12T23:00:00+09:00\"}],\"citation\":[],\"detailedPinnedCitation\":[],\"sameAs\":[],\"correction\":[],\"url\":\"https://api-local.ss.org.nhk/r8/t/tvepisode/te/D7RL5R5Q5Q.json\",\"canonical\":\"https://www.web.nhk/tv/pl/series-tep-R6ZNL4MY77/ep/D7RL5R5Q5Q\",\"associatedMedia\":[],\"hasPart\":[],\"additionalProperty\":{\"episodeMergeStatus\":\"notMerged\"}},\"link\":{\"href\":\"https://www.web.nhk/tv/pl/series-tep-R6ZNL4MY77/ep/D7RL5R5Q5Q\"}}],\"$L3b\",\"$L3c\",\"$L3d\",\"$L3e\",\"$L3f\",\"$L40\",\"$L41\",\"$L42\",\"$L43\"]}]]}]\n"])</script><script>self.__next_f.push([1,"33:[\"$\",\"$L23\",\"series-tep-P52L88MYXY\",{\"spacing\":\"paragraph\",\"children\":[[\"$\",\"$L28\",null,{\"title\":\"大河ドラマ「豊臣兄弟！」\",\"link\":{\"href\":\"https://www.web.nhk/tv/an/toyotomi-kyodai/pl/series-tep-P52L88MYXY\"}}],[\"$\",\"$L29\",null,{\"itemWidth\":{\"mobile\":171,\"desktop\":304},\"children\":[[\"$\",\"$L2a\",\"V79QN34LZ7\",{\"content\":{\"type\":\"TVEpisode\",\"id\":\"V79QN34LZ7\",\"name\":\"(9)竹中半兵衛という男\",\"detailedEpisodeNameRuby\":\"\",\"identifierGroup\":{\"tvEpisodeId\":\"V79QN34LZ7\",\"tvSeriesId\":\"P52L88MYXY\",\"tvEpisodeName\":\"(9)竹中半兵衛という男\",\"tvSeriesName\":\"大河ドラマ「豊臣兄弟！」\",\"hashtag\":[],\"siteId\":\"8969\",\"serviceId\":[\"g1\",\"g2\",\"s1\",\"s2\",\"s5\"],\"aliasId\":\"toyotomi-kyodai\",\"formatGenreTag\":[{\"id\":\"03\",\"name\":\"ドラマ\"}],\"themeGenreTag\":[{\"id\":\"031\",\"name\":\"国内ドラマ\"},{\"id\":\"033\",\"name\":\"時代劇\"}]},\"keyword\":[],\"description\":\"直（白石聖）の死を悼む間もないまま、小一郎（仲野太賀）は美濃国主・斎藤龍興（濱田龍臣）の家臣、竹中半兵衛（菅田将暉）の調略に向かう。だが知恵者と名高い半兵衛は相当の変わり者で、小一郎と藤吉郎（池松壮亮）は翻弄される。その一方で、２人は斎藤家重臣・安藤守就（田中哲司）から思わぬ申し出を受ける。兄弟の報告を聞いた信長（小栗旬）は龍興の居城を包囲するも、窮地の龍興の前に半兵衛があらわれる。\",\"dateCreated\":\"2026-02-02T18:24:06+09:00\",\"dateModified\":\"2026-03-02T15:37:41+09:00\",\"actor\":[{\"person\":{\"identifierGroup\":{\"npgId\":\"29D4D7A7-E3F2-4E1F-94CA-046080070DC0\",\"wikidataId\":\"Q11444506\"},\"roleName\":\"Actor\",\"displayRoleName\":\"俳優\",\"name\":\"仲野 太賀\",\"detailedNameRuby\":\"なかの たいが\",\"familyName\":\"仲野\",\"givenName\":\"太賀\",\"detailedFamilyNameRuby\":\"なかの\",\"detailedGivenNameRuby\":\"たいが\",\"detailedNameDescription\":\"\",\"honorificSuffix\":\"\",\"jobTitle\":[],\"memberOf\":[],\"image\":{\"main\":{\"url\":\"https://img.web.nhk/static/assets/images/tvseries/ts/P52L88MYXY/P52L88MYXY-person_2e4f43bc990dfaa6d4477eded7ef370a.png\",\"width\":1080,\"height\":1080},\"medium\":{\"url\":\"https://img.web.nhk/static/assets/images/tvseries/ts/P52L88MYXY/P52L88MYXY-person_23f990abd5ef3e1f02468ff2e9fe7fc5.png\",\"width\":640,\"height\":640},\"small\":{\"url\":\"https://imgu.web.nhk/static/assets/images/tvseries/ts/P52L88MYXY/P52L88MYXY-person_0a9515dff6449441235f861779b8ea9b.png\",\"width\":200,\"height\":200}},\"characterName\":\"小一郎（豊臣秀長）\",\"detailedCharacterNameRuby\":\"こいちろう（とよとみ ひでなが）\",\"description\":\"天下人・豊臣秀吉の弟\\n登場時の名は小一郎。兄の天下取りをいちずに支え続けた「天下一の補佐役」といわれている。\",\"detailedWork\":[],\"hasOccupation\":[]}},{\"person\":{\"identifierGroup\":{\"npgId\":\"D690F0C8-05B8-4A71-9A1E-13B8A756E70D\",\"wikidataId\":\"Q1058963\"},\"roleName\":\"Actor\",\"displayRoleName\":\"俳優\",\"name\":\"池松 壮亮\",\"detailedNameRuby\":\"いけまつ そうすけ\",\"familyName\":\"池松\",\"givenName\":\"壮亮\",\"detailedFamilyNameRuby\":\"いけまつ\",\"detailedGivenNameRuby\":\"そうすけ\",\"detailedNameDescription\":\"\",\"honorificSuffix\":\"\",\"jobTitle\":[],\"memberOf\":[],\"image\":{\"main\":{\"url\":\"https://img.web.nhk/static/assets/images/tvseries/ts/P52L88MYXY/P52L88MYXY-person_4f93e5276609f6f43e9c328f965eb6e6.png\",\"width\":1080,\"height\":1080},\"medium\":{\"url\":\"https://img.web.nhk/static/assets/images/tvseries/ts/P52L88MYXY/P52L88MYXY-person_3d74da780b5e535b14406469f0191f93.png\",\"width\":640,\"height\":640},\"small\":{\"url\":\"https://imgu.web.nhk/static/assets/images/tvseries/ts/P52L88MYXY/P52L88MYXY-person_64c55d28509ee3a35e5bb0f5858e4fbe.png\",\"width\":200,\"height\":200}},\"characterName\":\"藤吉郎（豊臣秀吉）\",\"detailedCharacterNameRuby\":\"とうきちろう（とよとみ ひでよし）\",\"description\":\"小一郎を乱世に巻き込んだ野心家の兄\\n小一郎の３歳年上の兄。登場時の名は藤吉郎。尾張中村の貧しい農家で生まれ育ったが、主君である戦国武将・織田信長のもとでメキメキと頭角をあらわし、ついには天下統一を果たす。\",\"detailedWork\":[],\"hasOccupation\":[]}},{\"person\":{\"identifierGroup\":{\"npgId\":\"00110902-AE66-45F8-B48D-E45DBA3F0CA8\",\"wikidataId\":\"Q48758750\"},\"roleName\":\"Actor\",\"displayRoleName\":\"俳優\",\"name\":\"白石 聖\",\"detailedNameRuby\":\"しらいし せい\",\"familyName\":\"白石\",\"givenName\":\"聖\",\"detailedFamilyNameRuby\":\"しらいし\",\"detailedGivenNameRuby\":\"せい\",\"detailedNameDescription\":\"\",\"honorificSuffix\":\"\",\"jobTitle\":[],\"memberOf\":[],\"image\":{\"main\":{\"url\":\"https://img.web.nhk/static/assets/images/tvseries/ts/P52L88MYXY/P52L88MYXY-person_1baa2df91b7e56ba54ecfb1fc0c04e54.png\",\"width\":1080,\"height\":1080},\"medium\":{\"url\":\"https://img.web.nhk/static/assets/images/tvseries/ts/P52L88MYXY/P52L88MYXY-person_3f071e3e5ed5e23b96fa64ecda80c327.png\",\"width\":640,\"height\":640},\"small\":{\"url\":\"https://imgu.web.nhk/static/assets/images/tvseries/ts/P52L88MYXY/P52L88MYXY-person_2bc62bb524ef23de605f03a3a81f1416.png\",\"width\":200,\"height\":200}},\"characterName\":\"直\",\"detailedCharacterNameRuby\":\"なお\",\"description\":\"小一郎の幼なじみ“初恋のひと”\\n小一郎と藤吉郎の故郷である尾張中村の土豪の娘。小一郎と同い年の幼なじみ。男勝りな性格だが、小一郎のことをひそかに慕っている。乱世に翻弄される悲劇のヒロイン。\",\"detailedWork\":[],\"hasOccupation\":[]}},{\"person\":{\"identifierGroup\":{\"npgId\":\"66D5AA5D-8A64-4B6A-ABB7-5292F551EB64\",\"wikidataId\":\"Q456644\"},\"roleName\":\"Actor\",\"displayRoleName\":\"俳優\",\"name\":\"坂井 真紀\",\"detailedNameRuby\":\"さかい まき\",\"familyName\":\"坂井\",\"givenName\":\"真紀\",\"detailedFamilyNameRuby\":\"さかい\",\"detailedGivenNameRuby\":\"まき\",\"detailedNameDescription\":\"\",\"honorificSuffix\":\"\",\"jobTitle\":[],\"memberOf\":[],\"image\":{\"main\":{\"url\":\"https://img.web.nhk/static/assets/images/tvseries/ts/P52L88MYXY/P52L88MYXY-person_030c8f28b7f69208f483416301aac507.png\",\"width\":1080,\"height\":1080},\"medium\":{\"url\":\"https://img.web.nhk/static/assets/images/tvseries/ts/P52L88MYXY/P52L88MYXY-person_5e87375cf8fc37c56250f9de49c08681.png\",\"width\":640,\"height\":640},\"small\":{\"url\":\"https://imgu.web.nhk/static/assets/images/tvseries/ts/P52L88MYXY/P52L88MYXY-person_98381a29ef693f26527b144c8bc8163a.png\",\"width\":200,\"height\":200}},\"characterName\":\"なか\",\"detailedCharacterNameRuby\":\"\",\"description\":\"息子たちの出世を温かく見守る母\\n豊臣兄弟の母。夫を早くに亡くし、女手一つで二男二女を育てる。息子たちの異例の出世に喜びやとまどいを感じながらも温かく見守り、天下人となった秀吉が関白に就任すると「大政所（おおまんどころ）」と称されるようになる。\",\"detailedWork\":[],\"hasOccupation\":[]}},{\"person\":{\"identifierGroup\":{\"npgId\":\"95D8852C-551F-4464-8309-F469B5AF370F\",\"wikidataId\":\"Q11347265\"},\"roleName\":\"Actor\",\"displayRoleName\":\"俳優\",\"name\":\"宮澤 エマ\",\"detailedNameRuby\":\"みやざわ えま\",\"familyName\":\"宮澤\",\"givenName\":\"エマ\",\"detailedFamilyNameRuby\":\"みやざわ\",\"detailedGivenNameRuby\":\"えま\",\"detailedNameDescription\":\"\",\"honorificSuffix\":\"\",\"jobTitle\":[],\"memberOf\":[],\"image\":{\"main\":{\"url\":\"https://img.web.nhk/static/assets/images/tvseries/ts/P52L88MYXY/P52L88MYXY-person_9dfd7373097fcf7237f5e525bdc94a2b.png\",\"width\":1080,\"height\":1080},\"medium\":{\"url\":\"https://img.web.nhk/static/assets/images/tvseries/ts/P52L88MYXY/P52L88MYXY-person_915e601e5be54b8ecf5c759c43ae0b77.png\",\"width\":640,\"height\":640},\"small\":{\"url\":\"https://imgu.web.nhk/static/assets/images/tvseries/ts/P52L88MYXY/P52L88MYXY-person_73e1fe6b5ffb2c0114c269e55f92c237.png\",\"width\":200,\"height\":200}},\"characterName\":\"とも\",\"detailedCharacterNameRuby\":\"\",\"description\":\"兄弟に厳しくあたるしっかり者の姉\\n豊臣兄弟の姉。しっかり者で負けん気が強い。三人の男児を産み育てるが、跡継ぎに恵まれなかった弟の秀吉によって政治の道具として利用される。のちに秀吉の後継者となった長男の秀次は謀反の疑いをかけられ妻子とともに処刑されることになる。\",\"detailedWork\":[],\"hasOccupation\":[]}},{\"person\":{\"identifierGroup\":{\"npgId\":\"66A58515-7387-4FA8-8F8C-FF4388E0CF59\",\"wikidataId\":\"Q11432413\"},\"roleName\":\"Actor\",\"displayRoleName\":\"俳優\",\"name\":\"大倉 孝二\",\"detailedNameRuby\":\"おおくら こうじ\",\"familyName\":\"大倉\",\"givenName\":\"孝二\",\"detailedFamilyNameRuby\":\"おおくら\",\"detailedGivenNameRuby\":\"こうじ\",\"detailedNameDescription\":\"\",\"honorificSuffix\":\"\",\"jobTitle\":[],\"memberOf\":[],\"image\":{\"main\":{\"url\":\"https://img.web.nhk/static/assets/images/tvseries/ts/P52L88MYXY/P52L88MYXY-person_3a34fdeff5f7369ed907618fd6783fc3.png\",\"width\":1080,\"height\":1080},\"medium\":{\"url\":\"https://img.web.nhk/static/assets/images/tvseries/ts/P52L88MYXY/P52L88MYXY-person_0bc88fc91219593678543a57d34b0214.png\",\"width\":640,\"height\":640},\"small\":{\"url\":\"https://imgu.web.nhk/static/assets/images/tvseries/ts/P52L88MYXY/P52L88MYXY-person_be050c92794a7f0513dbb7a9624b84a6.png\",\"width\":200,\"height\":200}},\"characterName\":\"坂井喜左衛門\",\"detailedCharacterNameRuby\":\"さかい きざえもん\",\"description\":\"直の父\\n尾張国中村で大きな影響力を持つ土豪。ある事情で藤吉郎を憎んでおり、小一郎が娘の直と親しい関係にあることもよく思っていない。\",\"detailedWork\":[],\"hasOccupation\":[]}},{\"person\":{\"identifierGroup\":{\"npgId\":\"D28D652D-14DF-41E4-AF68-C61C5B3274CB\",\"wikidataId\":\"Q1134047\"},\"roleName\":\"Actor\",\"displayRoleName\":\"俳優\",\"name\":\"菅田 将暉\",\"detailedNameRuby\":\"すだ まさき\",\"familyName\":\"菅田\",\"givenName\":\"将暉\",\"detailedFamilyNameRuby\":\"すだ\",\"detailedGivenNameRuby\":\"まさき\",\"detailedNameDescription\":\"\",\"honorificSuffix\":\"\",\"jobTitle\":[],\"memberOf\":[],\"image\":{\"main\":{\"url\":\"https://img.web.nhk/static/assets/images/tvseries/ts/P52L88MYXY/P52L88MYXY-person_e1e3b7b14d6d865d98b8e0a625beb06d.png\",\"width\":1080,\"height\":1080},\"medium\":{\"url\":\"https://img.web.nhk/static/assets/images/tvseries/ts/P52L88MYXY/P52L88MYXY-person_1d17c549c59393d0a6dfd0c0c1c37c54.png\",\"width\":640,\"height\":640},\"small\":{\"url\":\"https://imgu.web.nhk/static/assets/images/tvseries/ts/P52L88MYXY/P52L88MYXY-person_4924a0112c4405b96ccc8e44e7c03b82.png\",\"width\":200,\"height\":200}},\"characterName\":\"竹中半兵衛\",\"detailedCharacterNameRuby\":\"たけなか はんべえ\",\"description\":\"戦国時代を代表する名軍師\\n学問に通じ、知略に長（た）けた美男子だったと伝わる。美濃の斎藤龍興に仕えていたが、のちに秀吉の参謀となる。\",\"detailedWork\":[],\"hasOccupation\":[]}},{\"person\":{\"identifierGroup\":{\"npgId\":\"7B450291-E0ED-47D2-A1F6-0B7DFD11156C\",\"wikidataId\":\"Q873516\"},\"roleName\":\"Actor\",\"displayRoleName\":\"俳優\",\"name\":\"田中 哲司\",\"detailedNameRuby\":\"たなか てつし\",\"familyName\":\"田中\",\"givenName\":\"哲司\",\"detailedFamilyNameRuby\":\"たなか\",\"detailedGivenNameRuby\":\"てつし\",\"detailedNameDescription\":\"\",\"honorificSuffix\":\"\",\"jobTitle\":[],\"memberOf\":[],\"image\":{\"main\":{\"url\":\"https://img.web.nhk/static/assets/images/tvseries/ts/P52L88MYXY/P52L88MYXY-person_4e51c0d0c4b68adb65b2a639a6c24b3a.png\",\"width\":1080,\"height\":1080},\"medium\":{\"url\":\"https://img.web.nhk/static/assets/images/tvseries/ts/P52L88MYXY/P52L88MYXY-person_1b30a40359f69e6a36a23a4a0ee85cca.png\",\"width\":640,\"height\":640},\"small\":{\"url\":\"https://imgu.web.nhk/static/assets/images/tvseries/ts/P52L88MYXY/P52L88MYXY-person_13d80a9a6ac37394ccfaac1b5e1682ae.png\",\"width\":200,\"height\":200}},\"characterName\":\"安藤守就\",\"detailedCharacterNameRuby\":\"あんどう もりなり\",\"description\":\"美濃三人衆の一人\\n小一郎・藤吉郎からの調略を受け、主君への忠義とのはざまで揺れることに。\",\"detailedWork\":[],\"hasOccupation\":[]}},{\"person\":{\"identifierGroup\":{\"npgId\":\"33A709F5-6B0B-4AC2-A757-3EE61BAEAA68\",\"wikidataId\":\"Q11467539\"},\"roleName\":\"Actor\",\"displayRoleName\":\"俳優\",\"name\":\"山口 馬木也\",\"detailedNameRuby\":\"やまぐち まきや\",\"familyName\":\"山口\",\"givenName\":\"馬木也\",\"detailedFamilyNameRuby\":\"やまぐち\",\"detailedGivenNameRuby\":\"まきや\",\"detailedNameDescription\":\"\",\"honorificSuffix\":\"\",\"jobTitle\":[],\"memberOf\":[],\"image\":{\"main\":{\"url\":\"https://img.web.nhk/static/assets/images/tvseries/ts/P52L88MYXY/P52L88MYXY-person_01b2129deac8fd6b35f079d701c13d1d.png\",\"width\":1080,\"height\":1080},\"medium\":{\"url\":\"https://img.web.nhk/static/assets/images/tvseries/ts/P52L88MYXY/P52L88MYXY-person_48705ab229afe9d0a0569df3b4fae613.png\",\"width\":640,\"height\":640},\"small\":{\"url\":\"https://imgu.web.nhk/static/assets/images/tvseries/ts/P52L88MYXY/P52L88MYXY-person_0bf863128407afd59e37355642c392cc.png\",\"width\":200,\"height\":200}},\"characterName\":\"柴田勝家\",\"detailedCharacterNameRuby\":\"しばた かついえ\",\"description\":\"兄弟の前に立ちはだかる大きな壁\\n織田信長の重臣の一人。勇猛果敢な戦上手で「鬼柴田」の異名で恐れられた。足軽時代の小一郎と藤吉郎にとっては怖くて苦手な存在。やがて二人が出世を果たすとあからさまに毛嫌いするようになる。信長亡きあとの「清須会議」では後継者争いを繰り広げ、やがて「賤ケ岳の戦い」で兄弟と激突することになる。\",\"detailedWork\":[],\"hasOccupation\":[]}},{\"person\":{\"identifierGroup\":{\"npgId\":\"F8A68291-926B-4D78-92E8-DA8D8B46ABAF\",\"wikidataId\":\"Q457825\"},\"roleName\":\"Actor\",\"displayRoleName\":\"俳優\",\"name\":\"小栗 旬\",\"detailedNameRuby\":\"おぐり しゅん\",\"familyName\":\"小栗\",\"givenName\":\"旬\",\"detailedFamilyNameRuby\":\"おぐり\",\"detailedGivenNameRuby\":\"しゅん\",\"detailedNameDescription\":\"\",\"honorificSuffix\":\"\",\"jobTitle\":[],\"memberOf\":[],\"image\":{\"main\":{\"url\":\"https://img.web.nhk/static/assets/images/tvseries/ts/P52L88MYXY/P52L88MYXY-person_2c46d4f27e6f2c5f45a77b355eeb2c7c.png\",\"width\":1080,\"height\":1080},\"medium\":{\"url\":\"https://img.web.nhk/static/assets/images/tvseries/ts/P52L88MYXY/P52L88MYXY-person_ff718d518053e3495527d1a6c04376f4.png\",\"width\":640,\"height\":640},\"small\":{\"url\":\"https://imgu.web.nhk/static/assets/images/tvseries/ts/P52L88MYXY/P52L88MYXY-person_fe883e8cff9a2b76dbc7f08d1ff2af32.png\",\"width\":200,\"height\":200}},\"characterName\":\"織田信長\",\"detailedCharacterNameRuby\":\"おだ のぶなが\",\"description\":\"天下一統を狙う孤高のカリスマ\\n大胆で革新的な戦略と非凡なリーダーシップにより領土を拡大し、「天下布武」のスローガンのもと天下一統を目指したカリスマ的武将。立身出世を目指す小一郎（のちの秀長）と藤吉郎（のちの秀吉）兄弟にとって絶対的な主君である。当主争いで対立した弟を自らの手で殺害したという苦い過去を持っている。\",\"detailedWork\":[],\"hasOccupation\":[]}}],\"contributor\":[],\"partOfSeries\":{\"id\":\"P52L88MYXY\",\"name\":\"大河ドラマ「豊臣兄弟！」\",\"detailedSeriesNameRuby\":\"とよとみきょうだい\",\"identifierGroup\":{\"tvSeriesId\":\"P52L88MYXY\",\"tvSeriesPlaylistId\":\"series-tep-P52L88MYXY\",\"tvSeriesUId\":\"p0defc81f-a07b-55e0-b9a6-c7f75720f416\",\"tvSeriesName\":\"大河ドラマ「豊臣兄弟！」\",\"hashtag\":[],\"siteId\":\"8969\",\"serviceId\":[\"g1\",\"g2\",\"s1\",\"s2\",\"s5\"],\"aliasId\":\"toyotomi-kyodai\",\"formatGenre\":[{\"id\":\"03\",\"name\":\"ドラマ\"}],\"nod\":{\"id\":\"P202500491700000\",\"url\":\"https://www.nhk-ondemand.jp/program/P202500491700000/\"}},\"keyword\":[\"NHK\",\"大河ドラマ\",\"豊臣兄弟！\",\"戦国時代\",\"豊臣秀長\",\"豊臣秀吉\",\"八津弘幸\",\"仲野太賀\",\"池松壮亮\",\"吉岡里帆\",\"浜辺美波\",\"白石聖\",\"坂井真紀\",\"宮澤エマ\",\"大東駿介\",\"松下洸平\",\"山口馬木也\",\"宮﨑あおい\",\"小栗旬\"],\"detailedSynonym\":[],\"sameAs\":[{\"name\":\"▶︎公式Instagram アカウント\",\"url\":\"https://www.instagram.com/nhk_toyotomi/\"},{\"name\":\"▶︎公式X（旧Twitter）アカウント\",\"url\":\"https://x.com/nhk_toyotomi\"},{\"name\":\"▶︎NHK公式YouTube「豊臣兄弟！」プレイリスト\",\"url\":\"https://www.youtube.com/playlist?list=PLcynJ47QaWNvaqX7QpxWQbRs1tHrRHgnb\"}],\"canonical\":\"https://www.web.nhk/tv/an/toyotomi-kyodai/pl/series-tep-P52L88MYXY\",\"description\":\"【NHK公式】大河ドラマ「豊臣兄弟！」\\n\\n大河ドラマ第65作で描くのは、戦国時代のど真ん中!!\\n強い絆で天下統一という偉業を成し遂げた豊臣兄弟の奇跡──\\n夢と希望の下剋上（げこくじょう）サクセスストーリーです！\\n\\n主人公は天下人の弟・豊臣秀長（とよとみ・ひでなが）\\n歴史にif（もしも）はないものの…\\n\\n『秀長が長生きしていれば豊臣家の天下は安泰だった』\\n\\nとまでいわしめた天下一の補佐役・秀長の目線で戦国時代をダイナミックに描く波乱万丈のエンターテインメント！\\n\\n【放送予定】\\n2026年1月4日（日）スタート ※初回15分拡大版\\n\\n【作】八津弘幸\\n【音楽】木村秀彬\\n【語り】安藤サクラ\\n【出演】仲野太賀、池松壮亮、吉岡里帆、浜辺美波、白石 聖、坂井真紀、宮澤エマ、菅田将暉、大東駿介、松下洸平、山口馬木也、宮﨑あおい、小栗 旬　ほか\\n【時代考証】黒田基樹、柴 裕之\\n【制作統括】松川博敬、堀内裕介\\n【プロデューサー】高橋優香子、舟橋哲男、吉岡和彦（展開・プロモーション）、国友 茜（広報）\\n【演出】渡邊良雄、渡辺哲也、田中 正\",\"detailedCatch\":\"熱い兄弟が夢と希望を胸に突っ走る奇跡の下剋上サクセスストーリー！\",\"logo\":{\"main\":{\"url\":\"https://imgu.web.nhk/static/assets/images/tvseries/ts/P52L88MYXY/P52L88MYXY-logo_c64ecc100161d9ce85c8aa953bc73ae1.jpg\",\"width\":1080,\"height\":1080},\"medium\":{\"url\":\"https://imgu.web.nhk/static/assets/images/tvseries/ts/P52L88MYXY/P52L88MYXY-logo_64a636dd72417d3cf661cb2f6808c33a.jpg\",\"width\":640,\"height\":640},\"small\":{\"url\":\"https://imgu.web.nhk/static/assets/images/tvseries/ts/P52L88MYXY/P52L88MYXY-logo_b696c913daeb18f3a663376fa0ec438b.jpg\",\"width\":200,\"height\":200}},\"eyecatch\":{\"large\":{\"url\":\"https://imgu.web.nhk/static/assets/images/tvseries/ts/P52L88MYXY/P52L88MYXY-eyecatch_a738f4a4bd6c933e48839aa43eb14379.jpg\",\"width\":3840,\"height\":2160},\"main\":{\"url\":\"https://imgu.web.nhk/static/assets/images/tvseries/ts/P52L88MYXY/P52L88MYXY-eyecatch_db018d96e8b0a9b57d8a66adf2895c55.jpg\",\"width\":1920,\"height\":1080},\"medium\":{\"url\":\"https://imgu.web.nhk/static/assets/images/tvseries/ts/P52L88MYXY/P52L88MYXY-eyecatch_80f2d9833ddbcdd1daf27c8a5568f526.jpg\",\"width\":1280,\"height\":720},\"small\":{\"url\":\"https://imgu.web.nhk/static/assets/images/tvseries/ts/P52L88MYXY/P52L88MYXY-eyecatch_b70d310c60625c1e0709f4048f70c0b1.jpg\",\"width\":640,\"height\":360}},\"hero\":{\"main\":{\"url\":\"https://imgu.web.nhk/static/assets/images/tvseries/ts/P52L88MYXY/P52L88MYXY-hero_742f045f3b953f612d1de63511984416.jpg\",\"width\":1920,\"height\":640},\"medium\":{\"url\":\"https://imgu.web.nhk/static/assets/images/tvseries/ts/P52L88MYXY/P52L88MYXY-hero_279368f784327dddc794c1896a388d4e.jpg\",\"width\":1080,\"height\":360}},\"style\":{\"textLight\":\"#000000\",\"textDark\":\"#FFFFFF\",\"linkLight\":\"#005AFF\",\"linkDark\":\"#4788FF\",\"primaryLight\":\"#005AFF\",\"primaryDark\":\"#0B61FF\"},\"additionalProperty\":{\"publishLevel\":\"full\",\"layoutPattern\":\"summary\",\"episodeOrderBy\":\"releasedEvent\",\"availableOnPlus\":false,\"enableVariablePlayBackSpeedControl\":false,\"optional\":[],\"seriesPackStatus\":\"notPacked\",\"supportMedia\":[\"@screen\"],\"supportMusicList\":true,\"supportPlusEmbed\":true,\"enableWebContent\":false},\"url\":\"https://api-local.ss.org.nhk/r8/t/nplaylist/pl/series-tep-P52L88MYXY.json\",\"itemUrl\":\"https://api-local.ss.org.nhk/r8/l/tvepisode/pl/series-tep-P52L88MYXY.json\"},\"releasedEvent\":{\"id\":\"g1-130-2026030811119\",\"startDate\":\"2026-03-08T20:00:00+09:00\",\"displayStartDate\":\"2026-03-08T20:00:00+09:00\",\"endDate\":\"2026-03-08T20:45:00+09:00\",\"publishedOn\":{\"type\":\"BroadcastService\",\"id\":\"bs-g1-130\",\"name\":\"NHK総合テレビジョン\",\"url\":\"https://api-local.ss.org.nhk/r8/t/broadcastservice/bs/g1-130.json\",\"broadcastDisplayName\":\"NHK総合・東京\",\"videoFormat\":[\"2K\"],\"encodingFormat\":[\"video/X-arib-mpeg2\",\"audio/X-arib-mpeg2-aac\"],\"identifierGroup\":{\"serviceId\":\"g1\",\"serviceName\":\"NHK総合1\",\"areaId\":\"130\",\"areaName\":\"東京\",\"channelId\":\"011\",\"channelKey\":\"1\",\"channelAreaName\":\"東京\",\"channelStationName\":\"首都圏\",\"shortenedName\":\"NHK総合1\",\"shortenedDisplayName\":\"総合\",\"multiChannelDisplayName\":\"総合\"},\"logo\":{\"url\":\"https://imgu.web.nhk/common/broadcastservice/bs/g1/g1-logo.svg\",\"main\":{\"url\":\"https://imgu.web.nhk/common/broadcastservice/bs/g1/g1-logo_1080x1080.png\",\"width\":1080,\"height\":1080},\"medium\":{\"url\":\"https://imgu.web.nhk/common/broadcastservice/bs/g1/g1-logo_640x640.png\",\"width\":640,\"height\":640},\"small\":{\"url\":\"https://imgu.web.nhk/common/broadcastservice/bs/g1/g1-logo_200x200.png\",\"width\":200,\"height\":200}},\"eyecatch\":{\"url\":\"https://imgu.web.nhk/common/broadcastservice/bs/g1/g1-eyecatch.svg\",\"large\":{\"url\":\"https://imgu.web.nhk/common/broadcastservice/bs/g1/g1-eyecatch_3840x2160.png\",\"width\":3840,\"height\":2160},\"main\":{\"url\":\"https://imgu.web.nhk/common/broadcastservice/bs/g1/g1-eyecatch_1920x1080.png\",\"width\":1920,\"height\":1080},\"medium\":{\"url\":\"https://imgu.web.nhk/common/broadcastservice/bs/g1/g1-eyecatch_1280x720.png\",\"width\":1280,\"height\":720},\"small\":{\"url\":\"https://imgu.web.nhk/common/broadcastservice/bs/g1/g1-eyecatch_640x360.png\",\"width\":640,\"height\":360}},\"hero\":{\"url\":\"https://imgu.web.nhk/common/broadcastservice/bs/g1/g1-hero.svg\",\"main\":{\"url\":\"https://imgu.web.nhk/common/broadcastservice/bs/g1/g1-hero_1920x640.png\",\"width\":1920,\"height\":640},\"medium\":{\"url\":\"https://imgu.web.nhk/common/broadcastservice/bs/g1/g1-hero_1080x360.png\",\"width\":1080,\"height\":360}},\"badge9x4\":{\"url\":\"https://imgu.web.nhk/common/broadcastservice/bs/g1/g1-badge9x4.svg\",\"main\":{\"url\":\"https://imgu.web.nhk/common/broadcastservice/bs/g1/g1-badge9x4_360x160.png\",\"width\":360,\"height\":160},\"small\":{\"url\":\"https://imgu.web.nhk/common/broadcastservice/bs/g1/g1-badge9x4_180x80.png\",\"width\":180,\"height\":80}}}},\"detailedRecentEvent\":{\"id\":\"g1-130-2026030811119\",\"startDate\":\"2026-03-08T20:00:00+09:00\",\"endDate\":\"2026-03-08T20:45:00+09:00\",\"identifierGroup\":{\"broadcastEventId\":\"g1-130-2026030811119\",\"serviceId\":\"g1\",\"areaId\":\"130\",\"stationId\":\"001\",\"date\":\"2026-03-08\",\"eventId\":\"11119\",\"genre\":[{\"id\":\"0300\",\"name1\":\"ドラマ\",\"name2\":\"国内ドラマ\"},{\"id\":\"0302\",\"name1\":\"ドラマ\",\"name2\":\"時代劇\"},{\"id\":\"0315\",\"name1\":\"ドラマ\",\"name2\":\"その他\"}],\"onid\":\"7fe0\",\"sid\":\"0400\",\"tsid\":\"7fe0\"},\"misc\":{\"displayVideoMode\":\"none\",\"displayVideoRange\":\"sdr\",\"displayAudioMode\":[\"kaisetsu\"],\"audioMode\":[\"stereoKaisetsu\"],\"supportCaption\":true,\"supportSign\":false,\"supportHybridcast\":false,\"supportDataBroadcast\":false,\"isInteractive\":false,\"isChangeable\":false,\"releaseLevel\":\"prime\",\"programType\":\"program\",\"coverage\":\"nationwide\",\"actList\":[{\"role\":\"出演\",\"name\":\"仲野太賀\",\"nameRuby\":\"ﾅｶﾉﾀｲｶﾞ\"},{\"role\":\"出演\",\"name\":\"池松壮亮\",\"nameRuby\":\"ｲｹﾏﾂｿｳｽｹ\"},{\"role\":\"出演\",\"name\":\"白石聖\",\"nameRuby\":\"ｼﾗｲｼｾｲ\"},{\"role\":\"出演\",\"name\":\"坂井真紀\",\"nameRuby\":\"ｻｶｲﾏｷ\"},{\"role\":\"出演\",\"name\":\"宮澤エマ\",\"nameRuby\":\"ﾐﾔｻﾞﾜｴﾏ\"},{\"role\":\"出演\",\"name\":\"倉沢杏菜\",\"nameRuby\":\"ｸﾗｻﾜｱﾝﾅ\"},{\"role\":\"出演\",\"name\":\"大倉孝二\",\"nameRuby\":\"ｵｵｸﾗｺｳｼﾞ\"},{\"role\":\"出演\",\"name\":\"菅原大吉\",\"nameRuby\":\"ｽｶﾞﾜﾗﾀﾞｲｷﾁ\"},{\"role\":\"出演\",\"name\":\"水橋研二\",\"nameRuby\":\"ﾐｽﾞﾊｼｹﾝｼﾞ\"},{\"role\":\"出演\",\"name\":\"上川周作\",\"nameRuby\":\"ｶﾐｶﾜｼｭｳｻｸ\"},{\"role\":\"出演\",\"name\":\"高橋努\",\"nameRuby\":\"ﾀｶﾊｼﾂﾄﾑ\"},{\"role\":\"出演\",\"name\":\"渋谷謙人\",\"nameRuby\":\"ｼﾌﾞﾔｹﾝﾄ\"},{\"role\":\"出演\",\"name\":\"濱田龍臣\",\"nameRuby\":\"ﾊﾏﾀﾞﾀﾂｵﾐ\"},{\"role\":\"出演\",\"name\":\"嶋尾康史\",\"nameRuby\":\"ｼﾏｵﾔｽﾋﾄ\"},{\"role\":\"出演\",\"name\":\"河内大和\",\"nameRuby\":\"ｺｳﾁﾔﾏﾄ\"},{\"role\":\"出演\",\"name\":\"菅田将暉\",\"nameRuby\":\"ｽﾀﾞﾏｻｷ\"},{\"role\":\"出演\",\"name\":\"田中哲司\",\"nameRuby\":\"ﾀﾅｶﾃﾂｼ\"},{\"role\":\"出演\",\"name\":\"山口馬木也\",\"nameRuby\":\"ﾔﾏｸﾞﾁﾏｷﾔ\"},{\"role\":\"出演\",\"name\":\"小栗旬\",\"nameRuby\":\"ｵｸﾞﾘｼｭﾝ\"},{\"role\":\"語り\",\"name\":\"安藤サクラ\",\"nameRuby\":\"ｱﾝﾄﾞｳｻｸﾗ\"},{\"role\":\"作\",\"name\":\"八津弘幸\",\"nameRuby\":\"ﾔﾂﾋﾛﾕｷ\"},{\"role\":\"音楽\",\"name\":\"木村秀彬\",\"nameRuby\":\"ｷﾑﾗﾋﾃﾞｱｷﾗ\"}],\"musicList\":[]},\"publishedOn\":{\"type\":\"BroadcastService\",\"id\":\"bs-g1-130\",\"name\":\"NHK総合テレビジョン\",\"url\":\"https://api-local.ss.org.nhk/r8/t/broadcastservice/bs/g1-130.json\",\"broadcastDisplayName\":\"NHK総合・東京\",\"videoFormat\":[\"2K\"],\"encodingFormat\":[\"video/X-arib-mpeg2\",\"audio/X-arib-mpeg2-aac\"],\"identifierGroup\":{\"serviceId\":\"g1\",\"serviceName\":\"NHK総合1\",\"areaId\":\"130\",\"areaName\":\"東京\",\"channelId\":\"011\",\"channelKey\":\"1\",\"channelAreaName\":\"東京\",\"channelStationName\":\"首都圏\",\"shortenedName\":\"NHK総合1\",\"shortenedDisplayName\":\"総合\",\"multiChannelDisplayName\":\"総合\"},\"logo\":{\"url\":\"https://imgu.web.nhk/common/broadcastservice/bs/g1/g1-logo.svg\",\"main\":{\"url\":\"https://imgu.web.nhk/common/broadcastservice/bs/g1/g1-logo_1080x1080.png\",\"width\":1080,\"height\":1080},\"medium\":{\"url\":\"https://imgu.web.nhk/common/broadcastservice/bs/g1/g1-logo_640x640.png\",\"width\":640,\"height\":640},\"small\":{\"url\":\"https://imgu.web.nhk/common/broadcastservice/bs/g1/g1-logo_200x200.png\",\"width\":200,\"height\":200}},\"eyecatch\":{\"url\":\"https://imgu.web.nhk/common/broadcastservice/bs/g1/g1-eyecatch.svg\",\"large\":{\"url\":\"https://imgu.web.nhk/common/broadcastservice/bs/g1/g1-eyecatch_3840x2160.png\",\"width\":3840,\"height\":2160},\"main\":{\"url\":\"https://imgu.web.nhk/common/broadcastservice/bs/g1/g1-eyecatch_1920x1080.png\",\"width\":1920,\"height\":1080},\"medium\":{\"url\":\"https://imgu.web.nhk/common/broadcastservice/bs/g1/g1-eyecatch_1280x720.png\",\"width\":1280,\"height\":720},\"small\":{\"url\":\"https://imgu.web.nhk/common/broadcastservice/bs/g1/g1-eyecatch_640x360.png\",\"width\":640,\"height\":360}},\"hero\":{\"url\":\"https://imgu.web.nhk/common/broadcastservice/bs/g1/g1-hero.svg\",\"main\":{\"url\":\"https://imgu.web.nhk/common/broadcastservice/bs/g1/g1-hero_1920x640.png\",\"width\":1920,\"height\":640},\"medium\":{\"url\":\"https://imgu.web.nhk/common/broadcastservice/bs/g1/g1-hero_1080x360.png\",\"width\":1080,\"height\":360}},\"badge9x4\":{\"url\":\"https://imgu.web.nhk/common/broadcastservice/bs/g1/g1-badge9x4.svg\",\"main\":{\"url\":\"https://imgu.web.nhk/common/broadcastservice/bs/g1/g1-badge9x4_360x160.png\",\"width\":360,\"height\":160},\"small\":{\"url\":\"https://imgu.web.nhk/common/broadcastservice/bs/g1/g1-badge9x4_180x80.png\",\"width\":180,\"height\":80}}}},\"detailedComingEvent\":{\"id\":\"s5-130-2026030811258\",\"startDate\":\"2026-03-08T12:15:00+09:00\",\"endDate\":\"2026-03-08T13:00:00+09:00\",\"identifierGroup\":{\"broadcastEventId\":\"s5-130-2026030811258\",\"serviceId\":\"s5\",\"areaId\":\"130\",\"stationId\":\"001\",\"date\":\"2026-03-08\",\"eventId\":\"11258\",\"genre\":[{\"id\":\"0300\",\"name1\":\"ドラマ\",\"name2\":\"国内ドラマ\"},{\"id\":\"0302\",\"name1\":\"ドラマ\",\"name2\":\"時代劇\"}],\"onid\":\"000b\",\"sid\":\"0065\",\"tsid\":\"b110\"},\"misc\":{\"displayVideoMode\":\"none\",\"displayVideoRange\":\"hdr\",\"displayAudioMode\":[\"ch51\",\"kaisetsu\"],\"audioMode\":[\"ch51\",\"stereoKaisetsu\"],\"supportCaption\":true,\"supportSign\":false,\"supportHybridcast\":false,\"supportDataBroadcast\":false,\"isInteractive\":false,\"isChangeable\":false,\"releaseLevel\":\"original\",\"programType\":\"program\",\"coverage\":\"nationwide\",\"actList\":[{\"role\":\"出演\",\"name\":\"仲野太賀\",\"nameRuby\":\"ﾅｶﾉﾀｲｶﾞ\"},{\"role\":\"出演\",\"name\":\"池松壮亮\",\"nameRuby\":\"ｲｹﾏﾂｿｳｽｹ\"},{\"role\":\"出演\",\"name\":\"白石聖\",\"nameRuby\":\"ｼﾗｲｼｾｲ\"},{\"role\":\"出演\",\"name\":\"坂井真紀\",\"nameRuby\":\"ｻｶｲﾏｷ\"},{\"role\":\"出演\",\"name\":\"宮澤エマ\",\"nameRuby\":\"ﾐﾔｻﾞﾜｴﾏ\"},{\"role\":\"出演\",\"name\":\"倉沢杏菜\",\"nameRuby\":\"ｸﾗｻﾜｱﾝﾅ\"},{\"role\":\"出演\",\"name\":\"大倉孝二\",\"nameRuby\":\"ｵｵｸﾗｺｳｼﾞ\"},{\"role\":\"出演\",\"name\":\"菅原大吉\",\"nameRuby\":\"ｽｶﾞﾜﾗﾀﾞｲｷﾁ\"},{\"role\":\"出演\",\"name\":\"水橋研二\",\"nameRuby\":\"ﾐｽﾞﾊｼｹﾝｼﾞ\"},{\"role\":\"出演\",\"name\":\"上川周作\",\"nameRuby\":\"ｶﾐｶﾜｼｭｳｻｸ\"},{\"role\":\"出演\",\"name\":\"高橋努\",\"nameRuby\":\"ﾀｶﾊｼﾂﾄﾑ\"},{\"role\":\"出演\",\"name\":\"渋谷謙人\",\"nameRuby\":\"ｼﾌﾞﾔｹﾝﾄ\"},{\"role\":\"出演\",\"name\":\"濱田龍臣\",\"nameRuby\":\"ﾊﾏﾀﾞﾀﾂｵﾐ\"},{\"role\":\"出演\",\"name\":\"嶋尾康史\",\"nameRuby\":\"ｼﾏｵﾔｽﾋﾄ\"},{\"role\":\"出演\",\"name\":\"河内大和\",\"nameRuby\":\"ｺｳﾁﾔﾏﾄ\"},{\"role\":\"出演\",\"name\":\"菅田将暉\",\"nameRuby\":\"ｽﾀﾞﾏｻｷ\"},{\"role\":\"出演\",\"name\":\"田中哲司\",\"nameRuby\":\"ﾀﾅｶﾃﾂｼ\"},{\"role\":\"出演\",\"name\":\"山口馬木也\",\"nameRuby\":\"ﾔﾏｸﾞﾁﾏｷﾔ\"},{\"role\":\"出演\",\"name\":\"小栗旬\",\"nameRuby\":\"ｵｸﾞﾘｼｭﾝ\"},{\"role\":\"語り\",\"name\":\"安藤サクラ\",\"nameRuby\":\"ｱﾝﾄﾞｳｻｸﾗ\"},{\"role\":\"作\",\"name\":\"八津弘幸\",\"nameRuby\":\"ﾔﾂﾋﾛﾕｷ\"},{\"role\":\"音楽\",\"name\":\"木村秀彬\",\"nameRuby\":\"ｷﾑﾗﾋﾃﾞｱｷﾗ\"}],\"musicList\":[]},\"publishedOn\":{\"type\":\"BroadcastService\",\"id\":\"bs-s5-130\",\"name\":\"NHK BSプレミアム4K\",\"url\":\"https://api-local.ss.org.nhk/r8/t/broadcastservice/bs/s5-130.json\",\"broadcastDisplayName\":\"NHK BSP4K\",\"videoFormat\":[\"4K\"],\"encodingFormat\":[\"video/X-arib2-broadcast\"],\"identifierGroup\":{\"serviceId\":\"s5\",\"serviceName\":\"NHK BSプレミアム4K\",\"areaId\":\"130\",\"areaName\":\"東京\",\"channelId\":\"101\",\"channelKey\":\"1\",\"channelAreaName\":\"東京\",\"channelStationName\":\"首都圏\",\"shortenedName\":\"NHK BSプレミアム4K\",\"shortenedDisplayName\":\"プレミアム4K\"},\"logo\":{\"url\":\"https://imgu.web.nhk/common/broadcastservice/bs/s5/s5-logo.svg\",\"main\":{\"url\":\"https://imgu.web.nhk/common/broadcastservice/bs/s5/s5-logo_1080x1080.png\",\"width\":1080,\"height\":1080},\"medium\":{\"url\":\"https://imgu.web.nhk/common/broadcastservice/bs/s5/s5-logo_640x640.png\",\"width\":640,\"height\":640},\"small\":{\"url\":\"https://imgu.web.nhk/common/broadcastservice/bs/s5/s5-logo_200x200.png\",\"width\":200,\"height\":200}},\"eyecatch\":{\"url\":\"https://imgu.web.nhk/common/broadcastservice/bs/s5/s5-eyecatch.svg\",\"large\":{\"url\":\"https://imgu.web.nhk/common/broadcastservice/bs/s5/s5-eyecatch_3840x2160.png\",\"width\":3840,\"height\":2160},\"main\":{\"url\":\"https://imgu.web.nhk/common/broadcastservice/bs/s5/s5-eyecatch_1920x1080.png\",\"width\":1920,\"height\":1080},\"medium\":{\"url\":\"https://imgu.web.nhk/common/broadcastservice/bs/s5/s5-eyecatch_1280x720.png\",\"width\":1280,\"height\":720},\"small\":{\"url\":\"https://imgu.web.nhk/common/broadcastservice/bs/s5/s5-eyecatch_640x360.png\",\"width\":640,\"height\":360}},\"hero\":{\"url\":\"https://imgu.web.nhk/common/broadcastservice/bs/s5/s5-hero.svg\",\"main\":{\"url\":\"https://imgu.web.nhk/common/broadcastservice/bs/s5/s5-hero_1920x640.png\",\"width\":1920,\"height\":640},\"medium\":{\"url\":\"https://imgu.web.nhk/common/broadcastservice/bs/s5/s5-hero_1080x360.png\",\"width\":1080,\"height\":360}},\"badge9x4\":{\"url\":\"https://imgu.web.nhk/common/broadcastservice/bs/s5/s5-badge9x4.svg\",\"main\":{\"url\":\"https://imgu.web.nhk/common/broadcastservice/bs/s5/s5-badge9x4_360x160.png\",\"width\":360,\"height\":160},\"small\":{\"url\":\"https://imgu.web.nhk/common/broadcastservice/bs/s5/s5-badge9x4_180x80.png\",\"width\":180,\"height\":80}}}},\"eyecatch\":{\"large\":{\"url\":\"https://imgu.web.nhk/static/assets/images/tvepisode/te/V79QN34LZ7/V79QN34LZ7-eyecatch_c779a1b1aab4170b396544805d771d85.jpg\",\"width\":3840,\"height\":2160},\"main\":{\"url\":\"https://imgu.web.nhk/static/assets/images/tvepisode/te/V79QN34LZ7/V79QN34LZ7-eyecatch_29b50aadc40f307cf929e19954c72556.jpg\",\"width\":1920,\"height\":1080},\"medium\":{\"url\":\"https://imgu.web.nhk/static/assets/images/tvepisode/te/V79QN34LZ7/V79QN34LZ7-eyecatch_087f6e8df9d33ee6d8e2dcf805380eb9.jpg\",\"width\":1280,\"height\":720},\"small\":{\"url\":\"https://imgu.web.nhk/static/assets/images/tvepisode/te/V79QN34LZ7/V79QN34LZ7-eyecatch_2548e7390bafc057d48fc94e68ccf292.jpg\",\"width\":640,\"height\":360}},\"eyecatchList\":[{\"large\":{\"url\":\"https://imgu.web.nhk/static/assets/images/tvepisode/te/V79QN34LZ7/V79QN34LZ7-eyecatches_5b1044dda4ceafa1edd6c0a240e0d415.jpg\",\"width\":3840,\"height\":2160},\"main\":{\"url\":\"https://imgu.web.nhk/static/assets/images/tvepisode/te/V79QN34LZ7/V79QN34LZ7-eyecatches_75267bdefb6158c034d040f0071abc28.jpg\",\"width\":1920,\"height\":1080},\"medium\":{\"url\":\"https://imgu.web.nhk/static/assets/images/tvepisode/te/V79QN34LZ7/V79QN34LZ7-eyecatches_c9e01e143aa247f29fda832dffcf58fd.jpg\",\"width\":1280,\"height\":720},\"small\":{\"url\":\"https://imgu.web.nhk/static/assets/images/tvepisode/te/V79QN34LZ7/V79QN34LZ7-eyecatches_6a4f4afdb23cbb9c8ce6b194e9234e7a.jpg\",\"width\":640,\"height\":360}},{\"large\":{\"url\":\"https://imgu.web.nhk/static/assets/images/tvepisode/te/V79QN34LZ7/V79QN34LZ7-eyecatches_04ae202985b142dff06c6fd3d8f6d185.jpg\",\"width\":3840,\"height\":2160},\"main\":{\"url\":\"https://imgu.web.nhk/static/assets/images/tvepisode/te/V79QN34LZ7/V79QN34LZ7-eyecatches_7d7ebfdd0c3d6cbaa470a1ff244eed86.jpg\",\"width\":1920,\"height\":1080},\"medium\":{\"url\":\"https://imgu.web.nhk/static/assets/images/tvepisode/te/V79QN34LZ7/V79QN34LZ7-eyecatches_0cdc89a2555953f803d3d75f87a9a36c.jpg\",\"width\":1280,\"height\":720},\"small\":{\"url\":\"https://imgu.web.nhk/static/assets/images/tvepisode/te/V79QN34LZ7/V79QN34LZ7-eyecatches_30e03ef996397cc19a6a2bb1a9c22d32.jpg\",\"width\":640,\"height\":360}},{\"large\":{\"url\":\"https://imgu.web.nhk/static/assets/images/tvepisode/te/V79QN34LZ7/V79QN34LZ7-eyecatches_e311fdcd5290dbd3b65279fe67be6a23.jpg\",\"width\":3840,\"height\":2160},\"main\":{\"url\":\"https://imgu.web.nhk/static/assets/images/tvepisode/te/V79QN34LZ7/V79QN34LZ7-eyecatches_8d2974c4cbfef6d7778495f6155c797b.jpg\",\"width\":1920,\"height\":1080},\"medium\":{\"url\":\"https://imgu.web.nhk/static/assets/images/tvepisode/te/V79QN34LZ7/V79QN34LZ7-eyecatches_8026806d5645e996e1c8e813babb485d.jpg\",\"width\":1280,\"height\":720},\"small\":{\"url\":\"https://imgu.web.nhk/static/assets/images/tvepisode/te/V79QN34LZ7/V79QN34LZ7-eyecatches_b4123e61f26dbf86807fb097e1c6f43f.jpg\",\"width\":640,\"height\":360}}],\"video\":[{\"id\":\"hskOriginal-g1-130-2026030811119\",\"name\":\"豊臣兄弟！（９）竹中半兵衛という男\",\"description\":\"直（白石聖）の死を悼む間もないまま、小一郎（仲野太賀）は美濃国主・斎藤龍興（濱田龍臣）の家臣、竹中半兵衛（菅田将暉）の調略に向かう。だが知恵者と名高い半兵衛は相当の変わり者で、小一郎と藤吉郎（池松壮亮）は翻弄される。その一方で、２人は斎藤家重臣・安藤守就（田中哲司）から思わぬ申し出を受ける。兄弟の報告を聞いた信長（小栗旬）は龍興の居城を包囲するも、窮地の龍興の前に半兵衛があらわれる。\",\"url\":\"https://www.web.nhk/tv/an/toyotomi-kyodai/pl/series-tep-P52L88MYXY/ep/V79QN34LZ7\",\"identifierGroup\":{\"environmentId\":\"hskOriginal\",\"broadcastEventId\":\"g1-130-2026030811119\",\"serviceId\":\"g1\",\"streamType\":\"vod\"},\"detailedContentStatus\":{\"environmentId\":\"hskOriginal\",\"streamType\":\"vod\",\"contentStatus\":\"notyet\"},\"detailedVideoDescriptor\":\"https://simul.hsk.st.nhk/npd3/7fe0-0400/20260308/2b6f-1-1-51a8a99778d292c5d5edff242bf16014/videoinfo-f8e6620ce8922fa726eb3b942b407b95.json\",\"expires\":\"2026-03-15T20:44:30+09:00\",\"duration\":\"PT44M30S\",\"startDate\":\"2026-03-08T20:00:00+09:00\",\"endDate\":\"2026-03-08T20:44:30+09:00\",\"isDivided\":false,\"publication\":[{\"id\":\"g1-130-2026030811119\",\"url\":\"https://api-local.ss.org.nhk/r8/t/broadcastevent/be/g1-130-2026030811119.json\",\"isLiveBroadcast\":true}],\"uploadDate\":\"2026-03-08T20:44:30+09:00\"}],\"citation\":[],\"detailedPinnedCitation\":[{\"name\":\"🐒第8回～の相関図・登場人物はこちら\",\"url\":\"https://www.nhk.jp/g/ts/P52L88MYXY/blog/bl/pwWYoeNnb2/bp/pnZLZ2B34v/\"},{\"name\":\"📺関連番組はこちら（NHK ONE 「豊臣兄弟！」 プレイリスト）\",\"url\":\"https://www.web.nhk/tv/pl/editorial-tep-4MBMYEIJTX\"}],\"sameAs\":[],\"correction\":[],\"url\":\"https://api-local.ss.org.nhk/r8/t/tvepisode/te/V79QN34LZ7.json\",\"canonical\":\"https://www.web.nhk/tv/an/toyotomi-kyodai/pl/series-tep-P52L88MYXY/ep/V79QN34LZ7\",\"associatedMedia\":[{\"id\":\"bcUploadTrailer1\",\"name\":\"【豊臣兄弟！】第9回「竹中半兵衛という男」予告動画\",\"description\":\"第9回「竹中半兵衛という男」\",\"embedUrl\":\"https://www.nhk.jp/assets/players/bc/v3/index.html?account=6415847969001\u0026player=YVUjvvMQb\u0026videoId=6390044683112\",\"identifierGroup\":{\"environmentId\":\"bcUploadTrailer\",\"streamType\":\"clip\",\"bcAccountId\":\"6415847969001\",\"bcVideoId\":\"6390044683112\"},\"detailedContentStatus\":{\"environmentId\":\"bcUploadTrailer\",\"streamType\":\"clip\",\"contentStatus\":\"ready\"},\"thumbnail\":{\"main\":{\"url\":\"https://imgu.web.nhk/static/assets/images/tvepisode/te/V79QN34LZ7/V79QN34LZ7-eyecatch_29b50aadc40f307cf929e19954c72556.jpg\",\"width\":1920,\"height\":1080},\"medium\":{\"url\":\"https://imgu.web.nhk/static/assets/images/tvepisode/te/V79QN34LZ7/V79QN34LZ7-eyecatch_087f6e8df9d33ee6d8e2dcf805380eb9.jpg\",\"width\":1280,\"height\":720},\"small\":{\"url\":\"https://imgu.web.nhk/static/assets/images/tvepisode/te/V79QN34LZ7/V79QN34LZ7-eyecatch_2548e7390bafc057d48fc94e68ccf292.jpg\",\"width\":640,\"height\":360}},\"additionalProperty\":{\"typeOfUpload\":\"trailer\"},\"uploadDate\":\"2026-03-01T20:40:00+09:00\",\"regionsAllowed\":\"JP\",\"expires\":\"2026-03-15T00:00:00+09:00\"}],\"hasPart\":[],\"additionalProperty\":{\"episodeMergeStatus\":\"notMerged\"}},\"link\":{\"href\":\"https://www.web.nhk/tv/an/toyotomi-kyodai/pl/series-tep-P52L88MYXY/ep/V79QN34LZ7\"}}],\"$L44\",\"$L45\",\"$L46\",\"$L47\",\"$L48\",\"$L49\",\"$L4a\",\"$L4b\"]}]]}]\n"])</script><script>self.__next_f.push([1,"34:[\"$\",\"$L23\",\"series-tep-662ZX5J3WG\",{\"spacing\":\"paragraph\",\"children\":[[\"$\",\"$L28\",null,{\"title\":\"ばけばけ\",\"link\":{\"href\":\"https://www.web.nhk/tv/an/bakebake/pl/series-tep-662ZX5J3WG\"}}],[\"$\",\"$L29\",null,{\"itemWidth\":{\"mobile\":171,\"desktop\":304},\"children\":[[\"$\",\"$L2a\",\"RP2G1YJ69X\",{\"content\":{\"type\":\"TVEpisode\",\"id\":\"RP2G1YJ69X\",\"name\":\"2026年3月14日\",\"detailedEpisodeNameRuby\":\"\",\"identifierGroup\":{\"tvEpisodeId\":\"RP2G1YJ69X\",\"tvSeriesId\":\"662ZX5J3WG\",\"tvEpisodeName\":\"2026年3月14日\",\"tvSeriesName\":\"ばけばけ\",\"hashtag\":[],\"siteId\":\"0006\",\"serviceId\":[\"g1\",\"g2\"],\"aliasId\":\"bakebake\",\"formatGenreTag\":[{\"id\":\"03\",\"name\":\"ドラマ\"}],\"themeGenreTag\":[{\"id\":\"031\",\"name\":\"国内ドラマ\"},{\"id\":\"030\",\"name\":\"ドラマ全般\"}]},\"keyword\":[],\"description\":\"\",\"dateCreated\":\"2025-12-21T18:21:44+09:00\",\"dateModified\":\"2026-03-07T08:04:09+09:00\",\"actor\":[],\"contributor\":[],\"partOfSeries\":{\"id\":\"662ZX5J3WG\",\"name\":\"ばけばけ\",\"detailedSeriesNameRuby\":\"ばけばけ\",\"identifierGroup\":{\"tvSeriesId\":\"662ZX5J3WG\",\"tvSeriesPlaylistId\":\"series-tep-662ZX5J3WG\",\"tvSeriesUId\":\"p97f04323-5f03-5c6a-ae95-69101ff72127\",\"tvSeriesName\":\"ばけばけ\",\"hashtag\":[],\"siteId\":\"0006\",\"serviceId\":[\"g1\",\"g2\",\"s1\",\"s2\",\"s5\"],\"aliasId\":\"bakebake\",\"formatGenre\":[{\"id\":\"03\",\"name\":\"ドラマ\"}]},\"keyword\":[],\"detailedSynonym\":[],\"sameAs\":[],\"canonical\":\"https://www.web.nhk/tv/an/bakebake/pl/series-tep-662ZX5J3WG\",\"description\":\"【ＮＨＫ朝ドラ公式】連続テレビ小説「ばけばけ」。主演は髙石あかり。\\nキャスト相関図・見逃し配信・あらすじ・放送予定など。\\n小泉セツ\u0026八雲（ラフカディオ・ハーン）夫妻がモデルの物語。明治の松江。怪談を愛する夫婦の何気ない日常を描きます。\\n\\n【作】ふじきみつ彦\\n【音楽】牛尾憲輔\\n【主題歌】ハンバート ハンバート「笑ったり転んだり」\\n【キャスト】髙石あかり、トミー・バストウ / 吉沢亮　ほか\\n【放送予定】2025年9月29日（月）放送開始 （全25週125回）\",\"detailedCatch\":\"「この世はうらめしい。けど、すばらしい。」\",\"logo\":{\"main\":{\"url\":\"https://imgu.web.nhk/static/assets/images/tvseries/ts/662ZX5J3WG/662ZX5J3WG-logo_c082378e129bdef8d8cc9b0b32d2349c.png\",\"width\":1080,\"height\":1080},\"medium\":{\"url\":\"https://imgu.web.nhk/static/assets/images/tvseries/ts/662ZX5J3WG/662ZX5J3WG-logo_9638d94a4c0f54c68db3481308026a2d.png\",\"width\":640,\"height\":640},\"small\":{\"url\":\"https://imgu.web.nhk/static/assets/images/tvseries/ts/662ZX5J3WG/662ZX5J3WG-logo_907c885a543694caf6cec07746e00fd9.png\",\"width\":200,\"height\":200}},\"eyecatch\":{\"large\":{\"url\":\"https://imgu.web.nhk/static/assets/images/tvseries/ts/662ZX5J3WG/662ZX5J3WG-eyecatch_f921ca54baff6aaf68b140ce9c59d273.png\",\"width\":3840,\"height\":2160},\"main\":{\"url\":\"https://imgu.web.nhk/static/assets/images/tvseries/ts/662ZX5J3WG/662ZX5J3WG-eyecatch_ebc0fbef1eef505881258e06e093ee97.png\",\"width\":1920,\"height\":1080},\"medium\":{\"url\":\"https://imgu.web.nhk/static/assets/images/tvseries/ts/662ZX5J3WG/662ZX5J3WG-eyecatch_b045d0c555a786b3a438b87bb5de7473.png\",\"width\":1280,\"height\":720},\"small\":{\"url\":\"https://imgu.web.nhk/static/assets/images/tvseries/ts/662ZX5J3WG/662ZX5J3WG-eyecatch_0959e71c25448d316c13b769bc79186d.png\",\"width\":640,\"height\":360}},\"hero\":{\"main\":{\"url\":\"https://imgu.web.nhk/static/assets/images/tvseries/ts/662ZX5J3WG/662ZX5J3WG-hero_880e6c4fdacadf3094ba9d4a5e3134b0.png\",\"width\":1920,\"height\":640},\"medium\":{\"url\":\"https://imgu.web.nhk/static/assets/images/tvseries/ts/662ZX5J3WG/662ZX5J3WG-hero_192d043cd8197adb42ddd46fdd996333.png\",\"width\":1080,\"height\":360}},\"style\":{\"textLight\":\"#000000\",\"textDark\":\"#FFFFFF\",\"linkLight\":\"#7E7A00\",\"linkDark\":\"#FAF100\",\"primaryLight\":\"#9E9900\",\"primaryDark\":\"#FAF100\"},\"additionalProperty\":{\"publishLevel\":\"full\",\"layoutPattern\":\"summary\",\"episodeOrderBy\":\"releasedEvent\",\"availableOnPlus\":false,\"enableVariablePlayBackSpeedControl\":false,\"optional\":[],\"seriesPackStatus\":\"notPacked\",\"supportMedia\":[\"@screen\"],\"supportMusicList\":true,\"supportPlusEmbed\":true,\"enableWebContent\":false},\"url\":\"https://api-local.ss.org.nhk/r8/t/nplaylist/pl/series-tep-662ZX5J3WG.json\",\"itemUrl\":\"https://api-local.ss.org.nhk/r8/l/tvepisode/pl/series-tep-662ZX5J3WG.json\"},\"releasedEvent\":{\"id\":\"g1-130-2026031413975\",\"startDate\":\"2026-03-14T08:00:00+09:00\",\"displayStartDate\":\"2026-03-14T08:00:00+09:00\",\"endDate\":\"2026-03-14T08:15:00+09:00\",\"publishedOn\":{\"type\":\"BroadcastService\",\"id\":\"bs-g1-130\",\"name\":\"NHK総合テレビジョン\",\"url\":\"https://api-local.ss.org.nhk/r8/t/broadcastservice/bs/g1-130.json\",\"broadcastDisplayName\":\"NHK総合・東京\",\"videoFormat\":[\"2K\"],\"encodingFormat\":[\"video/X-arib-mpeg2\",\"audio/X-arib-mpeg2-aac\"],\"identifierGroup\":{\"serviceId\":\"g1\",\"serviceName\":\"NHK総合1\",\"areaId\":\"130\",\"areaName\":\"東京\",\"channelId\":\"011\",\"channelKey\":\"1\",\"channelAreaName\":\"東京\",\"channelStationName\":\"首都圏\",\"shortenedName\":\"NHK総合1\",\"shortenedDisplayName\":\"総合\",\"multiChannelDisplayName\":\"総合\"},\"logo\":{\"url\":\"https://imgu.web.nhk/common/broadcastservice/bs/g1/g1-logo.svg\",\"main\":{\"url\":\"https://imgu.web.nhk/common/broadcastservice/bs/g1/g1-logo_1080x1080.png\",\"width\":1080,\"height\":1080},\"medium\":{\"url\":\"https://imgu.web.nhk/common/broadcastservice/bs/g1/g1-logo_640x640.png\",\"width\":640,\"height\":640},\"small\":{\"url\":\"https://imgu.web.nhk/common/broadcastservice/bs/g1/g1-logo_200x200.png\",\"width\":200,\"height\":200}},\"eyecatch\":{\"url\":\"https://imgu.web.nhk/common/broadcastservice/bs/g1/g1-eyecatch.svg\",\"large\":{\"url\":\"https://imgu.web.nhk/common/broadcastservice/bs/g1/g1-eyecatch_3840x2160.png\",\"width\":3840,\"height\":2160},\"main\":{\"url\":\"https://imgu.web.nhk/common/broadcastservice/bs/g1/g1-eyecatch_1920x1080.png\",\"width\":1920,\"height\":1080},\"medium\":{\"url\":\"https://imgu.web.nhk/common/broadcastservice/bs/g1/g1-eyecatch_1280x720.png\",\"width\":1280,\"height\":720},\"small\":{\"url\":\"https://imgu.web.nhk/common/broadcastservice/bs/g1/g1-eyecatch_640x360.png\",\"width\":640,\"height\":360}},\"hero\":{\"url\":\"https://imgu.web.nhk/common/broadcastservice/bs/g1/g1-hero.svg\",\"main\":{\"url\":\"https://imgu.web.nhk/common/broadcastservice/bs/g1/g1-hero_1920x640.png\",\"width\":1920,\"height\":640},\"medium\":{\"url\":\"https://imgu.web.nhk/common/broadcastservice/bs/g1/g1-hero_1080x360.png\",\"width\":1080,\"height\":360}},\"badge9x4\":{\"url\":\"https://imgu.web.nhk/common/broadcastservice/bs/g1/g1-badge9x4.svg\",\"main\":{\"url\":\"https://imgu.web.nhk/common/broadcastservice/bs/g1/g1-badge9x4_360x160.png\",\"width\":360,\"height\":160},\"small\":{\"url\":\"https://imgu.web.nhk/common/broadcastservice/bs/g1/g1-badge9x4_180x80.png\",\"width\":180,\"height\":80}}}},\"detailedRecentEvent\":{\"id\":\"g1-130-2026031413975\",\"startDate\":\"2026-03-14T08:00:00+09:00\",\"endDate\":\"2026-03-14T08:15:00+09:00\",\"identifierGroup\":{\"broadcastEventId\":\"g1-130-2026031413975\",\"serviceId\":\"g1\",\"areaId\":\"130\",\"stationId\":\"001\",\"date\":\"2026-03-14\",\"eventId\":\"13975\",\"genre\":[{\"id\":\"0300\",\"name1\":\"ドラマ\",\"name2\":\"国内ドラマ\"},{\"id\":\"0315\",\"name1\":\"ドラマ\",\"name2\":\"その他\"}],\"onid\":\"7fe0\",\"sid\":\"0400\",\"tsid\":\"7fe0\"},\"misc\":{\"displayVideoMode\":\"none\",\"displayVideoRange\":\"sdr\",\"displayAudioMode\":[],\"audioMode\":[],\"supportCaption\":true,\"supportSign\":false,\"supportHybridcast\":false,\"supportDataBroadcast\":false,\"isInteractive\":false,\"isChangeable\":false,\"releaseLevel\":\"original\",\"programType\":\"program\",\"coverage\":\"nationwide\",\"actList\":[],\"musicList\":[]},\"publishedOn\":{\"type\":\"BroadcastService\",\"id\":\"bs-g1-130\",\"name\":\"NHK総合テレビジョン\",\"url\":\"https://api-local.ss.org.nhk/r8/t/broadcastservice/bs/g1-130.json\",\"broadcastDisplayName\":\"NHK総合・東京\",\"videoFormat\":[\"2K\"],\"encodingFormat\":[\"video/X-arib-mpeg2\",\"audio/X-arib-mpeg2-aac\"],\"identifierGroup\":{\"serviceId\":\"g1\",\"serviceName\":\"NHK総合1\",\"areaId\":\"130\",\"areaName\":\"東京\",\"channelId\":\"011\",\"channelKey\":\"1\",\"channelAreaName\":\"東京\",\"channelStationName\":\"首都圏\",\"shortenedName\":\"NHK総合1\",\"shortenedDisplayName\":\"総合\",\"multiChannelDisplayName\":\"総合\"},\"logo\":{\"url\":\"https://imgu.web.nhk/common/broadcastservice/bs/g1/g1-logo.svg\",\"main\":{\"url\":\"https://imgu.web.nhk/common/broadcastservice/bs/g1/g1-logo_1080x1080.png\",\"width\":1080,\"height\":1080},\"medium\":{\"url\":\"https://imgu.web.nhk/common/broadcastservice/bs/g1/g1-logo_640x640.png\",\"width\":640,\"height\":640},\"small\":{\"url\":\"https://imgu.web.nhk/common/broadcastservice/bs/g1/g1-logo_200x200.png\",\"width\":200,\"height\":200}},\"eyecatch\":{\"url\":\"https://imgu.web.nhk/common/broadcastservice/bs/g1/g1-eyecatch.svg\",\"large\":{\"url\":\"https://imgu.web.nhk/common/broadcastservice/bs/g1/g1-eyecatch_3840x2160.png\",\"width\":3840,\"height\":2160},\"main\":{\"url\":\"https://imgu.web.nhk/common/broadcastservice/bs/g1/g1-eyecatch_1920x1080.png\",\"width\":1920,\"height\":1080},\"medium\":{\"url\":\"https://imgu.web.nhk/common/broadcastservice/bs/g1/g1-eyecatch_1280x720.png\",\"width\":1280,\"height\":720},\"small\":{\"url\":\"https://imgu.web.nhk/common/broadcastservice/bs/g1/g1-eyecatch_640x360.png\",\"width\":640,\"height\":360}},\"hero\":{\"url\":\"https://imgu.web.nhk/common/broadcastservice/bs/g1/g1-hero.svg\",\"main\":{\"url\":\"https://imgu.web.nhk/common/broadcastservice/bs/g1/g1-hero_1920x640.png\",\"width\":1920,\"height\":640},\"medium\":{\"url\":\"https://imgu.web.nhk/common/broadcastservice/bs/g1/g1-hero_1080x360.png\",\"width\":1080,\"height\":360}},\"badge9x4\":{\"url\":\"https://imgu.web.nhk/common/broadcastservice/bs/g1/g1-badge9x4.svg\",\"main\":{\"url\":\"https://imgu.web.nhk/common/broadcastservice/bs/g1/g1-badge9x4_360x160.png\",\"width\":360,\"height\":160},\"small\":{\"url\":\"https://imgu.web.nhk/common/broadcastservice/bs/g1/g1-badge9x4_180x80.png\",\"width\":180,\"height\":80}}}},\"detailedComingEvent\":{\"id\":\"g1-130-2026031413975\",\"startDate\":\"2026-03-14T08:00:00+09:00\",\"endDate\":\"2026-03-14T08:15:00+09:00\",\"identifierGroup\":{\"broadcastEventId\":\"g1-130-2026031413975\",\"serviceId\":\"g1\",\"areaId\":\"130\",\"stationId\":\"001\",\"date\":\"2026-03-14\",\"eventId\":\"13975\",\"genre\":[{\"id\":\"0300\",\"name1\":\"ドラマ\",\"name2\":\"国内ドラマ\"},{\"id\":\"0315\",\"name1\":\"ドラマ\",\"name2\":\"その他\"}],\"onid\":\"7fe0\",\"sid\":\"0400\",\"tsid\":\"7fe0\"},\"misc\":{\"displayVideoMode\":\"none\",\"displayVideoRange\":\"sdr\",\"displayAudioMode\":[],\"audioMode\":[],\"supportCaption\":true,\"supportSign\":false,\"supportHybridcast\":false,\"supportDataBroadcast\":false,\"isInteractive\":false,\"isChangeable\":false,\"releaseLevel\":\"original\",\"programType\":\"program\",\"coverage\":\"nationwide\",\"actList\":[],\"musicList\":[]},\"publishedOn\":{\"type\":\"BroadcastService\",\"id\":\"bs-g1-130\",\"name\":\"NHK総合テレビジョン\",\"url\":\"https://api-local.ss.org.nhk/r8/t/broadcastservice/bs/g1-130.json\",\"broadcastDisplayName\":\"NHK総合・東京\",\"videoFormat\":[\"2K\"],\"encodingFormat\":[\"video/X-arib-mpeg2\",\"audio/X-arib-mpeg2-aac\"],\"identifierGroup\":{\"serviceId\":\"g1\",\"serviceName\":\"NHK総合1\",\"areaId\":\"130\",\"areaName\":\"東京\",\"channelId\":\"011\",\"channelKey\":\"1\",\"channelAreaName\":\"東京\",\"channelStationName\":\"首都圏\",\"shortenedName\":\"NHK総合1\",\"shortenedDisplayName\":\"総合\",\"multiChannelDisplayName\":\"総合\"},\"logo\":{\"url\":\"https://imgu.web.nhk/common/broadcastservice/bs/g1/g1-logo.svg\",\"main\":{\"url\":\"https://imgu.web.nhk/common/broadcastservice/bs/g1/g1-logo_1080x1080.png\",\"width\":1080,\"height\":1080},\"medium\":{\"url\":\"https://imgu.web.nhk/common/broadcastservice/bs/g1/g1-logo_640x640.png\",\"width\":640,\"height\":640},\"small\":{\"url\":\"https://imgu.web.nhk/common/broadcastservice/bs/g1/g1-logo_200x200.png\",\"width\":200,\"height\":200}},\"eyecatch\":{\"url\":\"https://imgu.web.nhk/common/broadcastservice/bs/g1/g1-eyecatch.svg\",\"large\":{\"url\":\"https://imgu.web.nhk/common/broadcastservice/bs/g1/g1-eyecatch_3840x2160.png\",\"width\":3840,\"height\":2160},\"main\":{\"url\":\"https://imgu.web.nhk/common/broadcastservice/bs/g1/g1-eyecatch_1920x1080.png\",\"width\":1920,\"height\":1080},\"medium\":{\"url\":\"https://imgu.web.nhk/common/broadcastservice/bs/g1/g1-eyecatch_1280x720.png\",\"width\":1280,\"height\":720},\"small\":{\"url\":\"https://imgu.web.nhk/common/broadcastservice/bs/g1/g1-eyecatch_640x360.png\",\"width\":640,\"height\":360}},\"hero\":{\"url\":\"https://imgu.web.nhk/common/broadcastservice/bs/g1/g1-hero.svg\",\"main\":{\"url\":\"https://imgu.web.nhk/common/broadcastservice/bs/g1/g1-hero_1920x640.png\",\"width\":1920,\"height\":640},\"medium\":{\"url\":\"https://imgu.web.nhk/common/broadcastservice/bs/g1/g1-hero_1080x360.png\",\"width\":1080,\"height\":360}},\"badge9x4\":{\"url\":\"https://imgu.web.nhk/common/broadcastservice/bs/g1/g1-badge9x4.svg\",\"main\":{\"url\":\"https://imgu.web.nhk/common/broadcastservice/bs/g1/g1-badge9x4_360x160.png\",\"width\":360,\"height\":160},\"small\":{\"url\":\"https://imgu.web.nhk/common/broadcastservice/bs/g1/g1-badge9x4_180x80.png\",\"width\":180,\"height\":80}}}},\"eyecatch\":{\"large\":{\"url\":\"https://imgu.web.nhk/static/assets/images/tvepisode/te/RP2G1YJ69X/RP2G1YJ69X-eyecatch_f284018cf705b0a17cb30b3532da09f0.jpg\",\"width\":3840,\"height\":2160},\"main\":{\"url\":\"https://imgu.web.nhk/static/assets/images/tvepisode/te/RP2G1YJ69X/RP2G1YJ69X-eyecatch_08e60fdb1bfccdc6f8d11c669fe573a8.jpg\",\"width\":1920,\"height\":1080},\"medium\":{\"url\":\"https://imgu.web.nhk/static/assets/images/tvepisode/te/RP2G1YJ69X/RP2G1YJ69X-eyecatch_4d7a8f4ca30da2b3ffefe40086fbfd7a.jpg\",\"width\":1280,\"height\":720},\"small\":{\"url\":\"https://imgu.web.nhk/static/assets/images/tvepisode/te/RP2G1YJ69X/RP2G1YJ69X-eyecatch_d314823856904e4f547cfd925e83f88a.jpg\",\"width\":640,\"height\":360}},\"eyecatchList\":[],\"video\":[{\"id\":\"hskOriginal-g1-130-2026031413975\",\"name\":\"【連続テレビ小説】ばけばけ\",\"description\":\"\",\"url\":\"https://www.web.nhk/tv/an/bakebake/pl/series-tep-662ZX5J3WG/ep/RP2G1YJ69X\",\"identifierGroup\":{\"environmentId\":\"hskOriginal\",\"broadcastEventId\":\"g1-130-2026031413975\",\"serviceId\":\"g1\",\"streamType\":\"vod\"},\"detailedContentStatus\":{\"environmentId\":\"hskOriginal\",\"streamType\":\"vod\",\"contentStatus\":\"notyet\"},\"detailedVideoDescriptor\":\"https://simul.hsk.st.nhk/npd3/7fe0-0400/20260314/3697-1-1-d9418f2f599c36c9fa5ed91ad4c30271/videoinfo-d443b9ca2a13fb39e969ec98f57ff0f9.json\",\"expires\":\"2026-03-21T08:15:00+09:00\",\"duration\":\"PT15M\",\"startDate\":\"2026-03-14T08:00:00+09:00\",\"endDate\":\"2026-03-14T08:15:00+09:00\",\"isDivided\":false,\"publication\":[{\"id\":\"g1-130-2026031413975\",\"url\":\"https://api-local.ss.org.nhk/r8/t/broadcastevent/be/g1-130-2026031413975.json\",\"isLiveBroadcast\":true}],\"uploadDate\":\"2026-03-14T08:15:00+09:00\"}],\"citation\":[],\"detailedPinnedCitation\":[{\"name\":\"✨登場人物・キャスト\",\"url\":\"https://www.nhk.jp/g/ts/662ZX5J3WG/blog/bl/p63MOdwNjk/bp/pnyMroAvAn/\"},{\"name\":\"📺関連番組・インタビューはこちらから\",\"url\":\"https://www.nhk.jp/g/ts/662ZX5J3WG/blog/bl/p7xRqmNdbW/\"},{\"name\":\"📢ＮＨＫオンデマンドでは第1回から配信中\",\"url\":\"https://www.nhk-ondemand.jp/program/P202500475400000/\"}],\"sameAs\":[],\"correction\":[],\"url\":\"https://api-local.ss.org.nhk/r8/t/tvepisode/te/RP2G1YJ69X.json\",\"canonical\":\"https://www.web.nhk/tv/an/bakebake/pl/series-tep-662ZX5J3WG/ep/RP2G1YJ69X\",\"associatedMedia\":[],\"hasPart\":[],\"additionalProperty\":{\"episodeMergeStatus\":\"notMerged\"}},\"link\":{\"href\":\"https://www.web.nhk/tv/an/bakebake/pl/series-tep-662ZX5J3WG/ep/RP2G1YJ69X\"}}],\"$L4c\",\"$L4d\",\"$L4e\",\"$L4f\",\"$L50\",\"$L51\",\"$L52\",\"$L53\",\"$L54\"]}]]}]\n"])</script><script>self.__next_f.push([1,"35:[\"$\",\"$L23\",\"series-tep-M6Q9QR18KJ\",{\"spacing\":\"paragraph\",\"children\":[[\"$\",\"$L28\",null,{\"title\":\"マッサン\",\"link\":{\"href\":\"https://www.web.nhk/tv/pl/series-tep-M6Q9QR18KJ\"}}],[\"$\",\"$L29\",null,{\"itemWidth\":{\"mobile\":171,\"desktop\":304},\"children\":[[\"$\",\"$L2a\",\"XR8XKN3GJ4\",{\"content\":{\"type\":\"TVEpisode\",\"id\":\"XR8XKN3GJ4\",\"name\":\"(55)「灯台下(もと)暗し」\",\"detailedEpisodeNameRuby\":\"\",\"identifierGroup\":{\"tvEpisodeId\":\"XR8XKN3GJ4\",\"tvSeriesId\":\"M6Q9QR18KJ\",\"tvEpisodeName\":\"(55)「灯台下(もと)暗し」\",\"tvSeriesName\":\"マッサン\",\"hashtag\":[],\"serviceId\":[\"g1\",\"g2\"],\"formatGenreTag\":[{\"id\":\"03\",\"name\":\"ドラマ\"}],\"themeGenreTag\":[{\"id\":\"031\",\"name\":\"国内ドラマ\"}]},\"keyword\":[],\"description\":\"鴨居商店への入社が決まったマッサン（玉山鉄二）はスコットランドに風土が似た北海道に工場を建てたいと語り、エリー（シャーロット）は喜ぶ。さらに就職祝いにエリーに何かプレゼントをしたいとマッサンは提案するが、エリーはなぜか欲しい物を言い出せないのだった。工場長となったマッサンは、鴨居（堤真一）に工場の設立場所として北海道を、職人は広島から腕の良い蔵人を呼び寄せる計画を説明するのだが…。\",\"dateCreated\":\"2026-02-10T18:36:12+09:00\",\"dateModified\":\"2026-03-06T04:28:57+09:00\",\"actor\":[],\"contributor\":[],\"partOfSeries\":{\"id\":\"M6Q9QR18KJ\",\"name\":\"マッサン\",\"detailedSeriesNameRuby\":\"まっさん\",\"identifierGroup\":{\"tvSeriesId\":\"M6Q9QR18KJ\",\"tvSeriesPlaylistId\":\"series-tep-M6Q9QR18KJ\",\"tvSeriesUId\":\"pa6743cc6-ad8f-5002-822c-cb6b30d8a073\",\"tvSeriesName\":\"マッサン\",\"hashtag\":[],\"serviceId\":[\"g1\",\"g2\"],\"formatGenre\":[{\"id\":\"03\",\"name\":\"ドラマ\"}]},\"keyword\":[],\"detailedSynonym\":[],\"sameAs\":[{\"name\":\"NHKドラマ\",\"url\":\"https://www.nhk.jp/g/drama/\"},{\"name\":\"「マッサン」最新情報\",\"url\":\"https://www.nhk.jp/g/ts/M6Q9QR18KJ/\"},{\"name\":\"ドラマ情報　玉山鉄二さんからのコメント\",\"url\":\"https://www.nhk.jp/g/blog/fqgfs7y86/\"},{\"name\":\"ドラマ情報　シャーロット・ケイト・フォックスさんからのコメント\",\"url\":\"https://www.nhk.jp/g/blog/rrzhcyiht/\"},{\"name\":\"NHKオンデマンド\",\"url\":\"https://www.nhk-ondemand.jp/program/P201400118400000/\"},{\"name\":\"NHKアーカイブス\",\"url\":\"https://www2.nhk.or.jp/archives/movies/?id=D0009050252_00000\"},{\"name\":\"【ドラマセレクション】再放送番組情報\",\"url\":\"https://www.nhk.jp/g/blog/drama-selection/\"}],\"canonical\":\"https://www.web.nhk/tv/pl/series-tep-M6Q9QR18KJ\",\"description\":\"単身スコットランドに渡り、ウイスキー醸造技術を学ぶ政春は、エリーと出会い恋に落ちる。国産初のウイスキー誕生を夢見るマッサンと、母国を離れ初めて日本にやってきたエリーには、次々と試練が待ち受けていた。\\n激動の時代を夫婦の絆でまっすぐに生きるマッサンとエリーの愛と冒険の物語。\\n\\n【作】\\n羽原大介\\n\\n【音楽】\\n富貴晴美\\n\\n【主題歌】\\n中島みゆき\\n「麦の唄」\\n\\n【語り】\\n松岡洋子\\n\\n【初回放送】\\n2014年9月29日～2015年3月28日\\n総合テレビ　「連続テレビ小説」にて放送\",\"detailedCatch\":\"二人で、生きていくと　決めました\",\"logo\":{\"main\":{\"url\":\"https://imgu.web.nhk/static/assets/images/tvseries/ts/M6Q9QR18KJ/M6Q9QR18KJ-logo_8ed8218dcedc28acf1b6adf410691023.png\",\"width\":1080,\"height\":1080},\"medium\":{\"url\":\"https://imgu.web.nhk/static/assets/images/tvseries/ts/M6Q9QR18KJ/M6Q9QR18KJ-logo_68ab587945a461ec6fe4239efb1046e7.png\",\"width\":640,\"height\":640},\"small\":{\"url\":\"https://imgu.web.nhk/static/assets/images/tvseries/ts/M6Q9QR18KJ/M6Q9QR18KJ-logo_f946b2b1cddad1ef87204a57c18665f1.png\",\"width\":200,\"height\":200}},\"eyecatch\":{\"large\":{\"url\":\"https://imgu.web.nhk/static/assets/images/tvseries/ts/M6Q9QR18KJ/M6Q9QR18KJ-eyecatch_3d94806a47d903d3ede263021a9ba99f.png\",\"width\":3840,\"height\":2160},\"main\":{\"url\":\"https://imgu.web.nhk/static/assets/images/tvseries/ts/M6Q9QR18KJ/M6Q9QR18KJ-eyecatch_8b7ac0e1e8b04f61fb8f548c68f8ef29.png\",\"width\":1920,\"height\":1080},\"medium\":{\"url\":\"https://imgu.web.nhk/static/assets/images/tvseries/ts/M6Q9QR18KJ/M6Q9QR18KJ-eyecatch_697751101c554045386b9a594fb70f02.png\",\"width\":1280,\"height\":720},\"small\":{\"url\":\"https://imgu.web.nhk/static/assets/images/tvseries/ts/M6Q9QR18KJ/M6Q9QR18KJ-eyecatch_49fad15b7d619396d58ea34b5fdcf15f.png\",\"width\":640,\"height\":360}},\"hero\":{\"main\":{\"url\":\"https://imgu.web.nhk/static/assets/images/tvseries/ts/M6Q9QR18KJ/M6Q9QR18KJ-hero_42ae1565bf62d137e628cb3aa198bb25.png\",\"width\":1920,\"height\":640},\"medium\":{\"url\":\"https://imgu.web.nhk/static/assets/images/tvseries/ts/M6Q9QR18KJ/M6Q9QR18KJ-hero_5ca747184b97219204b980462f31f69b.png\",\"width\":1080,\"height\":360}},\"style\":{\"textLight\":\"#000000\",\"textDark\":\"#FFFFFF\",\"linkLight\":\"#E72400\",\"linkDark\":\"#FF4928\",\"primaryLight\":\"#FF2800\",\"primaryDark\":\"#FF2800\"},\"additionalProperty\":{\"publishLevel\":\"full\",\"layoutPattern\":\"summary\",\"episodeOrderBy\":\"releasedEvent\",\"availableOnPlus\":false,\"enableVariablePlayBackSpeedControl\":false,\"optional\":[\"releasedEvent\"],\"seriesPackStatus\":\"notPacked\",\"supportMedia\":[\"@screen\"],\"supportMusicList\":true,\"supportPlusEmbed\":true,\"enableWebContent\":false},\"url\":\"https://api-local.ss.org.nhk/r8/t/nplaylist/pl/series-tep-M6Q9QR18KJ.json\",\"itemUrl\":\"https://api-local.ss.org.nhk/r8/l/tvepisode/pl/series-tep-M6Q9QR18KJ.json\"},\"releasedEvent\":{\"id\":\"g1-130-2026031313383\",\"startDate\":\"2026-03-13T12:30:00+09:00\",\"displayStartDate\":\"2026-03-13T12:30:00+09:00\",\"endDate\":\"2026-03-13T12:45:00+09:00\",\"publishedOn\":{\"type\":\"BroadcastService\",\"id\":\"bs-g1-130\",\"name\":\"NHK総合テレビジョン\",\"url\":\"https://api-local.ss.org.nhk/r8/t/broadcastservice/bs/g1-130.json\",\"broadcastDisplayName\":\"NHK総合・東京\",\"videoFormat\":[\"2K\"],\"encodingFormat\":[\"video/X-arib-mpeg2\",\"audio/X-arib-mpeg2-aac\"],\"identifierGroup\":{\"serviceId\":\"g1\",\"serviceName\":\"NHK総合1\",\"areaId\":\"130\",\"areaName\":\"東京\",\"channelId\":\"011\",\"channelKey\":\"1\",\"channelAreaName\":\"東京\",\"channelStationName\":\"首都圏\",\"shortenedName\":\"NHK総合1\",\"shortenedDisplayName\":\"総合\",\"multiChannelDisplayName\":\"総合\"},\"logo\":{\"url\":\"https://imgu.web.nhk/common/broadcastservice/bs/g1/g1-logo.svg\",\"main\":{\"url\":\"https://imgu.web.nhk/common/broadcastservice/bs/g1/g1-logo_1080x1080.png\",\"width\":1080,\"height\":1080},\"medium\":{\"url\":\"https://imgu.web.nhk/common/broadcastservice/bs/g1/g1-logo_640x640.png\",\"width\":640,\"height\":640},\"small\":{\"url\":\"https://imgu.web.nhk/common/broadcastservice/bs/g1/g1-logo_200x200.png\",\"width\":200,\"height\":200}},\"eyecatch\":{\"url\":\"https://imgu.web.nhk/common/broadcastservice/bs/g1/g1-eyecatch.svg\",\"large\":{\"url\":\"https://imgu.web.nhk/common/broadcastservice/bs/g1/g1-eyecatch_3840x2160.png\",\"width\":3840,\"height\":2160},\"main\":{\"url\":\"https://imgu.web.nhk/common/broadcastservice/bs/g1/g1-eyecatch_1920x1080.png\",\"width\":1920,\"height\":1080},\"medium\":{\"url\":\"https://imgu.web.nhk/common/broadcastservice/bs/g1/g1-eyecatch_1280x720.png\",\"width\":1280,\"height\":720},\"small\":{\"url\":\"https://imgu.web.nhk/common/broadcastservice/bs/g1/g1-eyecatch_640x360.png\",\"width\":640,\"height\":360}},\"hero\":{\"url\":\"https://imgu.web.nhk/common/broadcastservice/bs/g1/g1-hero.svg\",\"main\":{\"url\":\"https://imgu.web.nhk/common/broadcastservice/bs/g1/g1-hero_1920x640.png\",\"width\":1920,\"height\":640},\"medium\":{\"url\":\"https://imgu.web.nhk/common/broadcastservice/bs/g1/g1-hero_1080x360.png\",\"width\":1080,\"height\":360}},\"badge9x4\":{\"url\":\"https://imgu.web.nhk/common/broadcastservice/bs/g1/g1-badge9x4.svg\",\"main\":{\"url\":\"https://imgu.web.nhk/common/broadcastservice/bs/g1/g1-badge9x4_360x160.png\",\"width\":360,\"height\":160},\"small\":{\"url\":\"https://imgu.web.nhk/common/broadcastservice/bs/g1/g1-badge9x4_180x80.png\",\"width\":180,\"height\":80}}}},\"detailedRecentEvent\":{\"id\":\"g1-130-2026031313383\",\"startDate\":\"2026-03-13T12:30:00+09:00\",\"endDate\":\"2026-03-13T12:45:00+09:00\",\"identifierGroup\":{\"broadcastEventId\":\"g1-130-2026031313383\",\"serviceId\":\"g1\",\"areaId\":\"130\",\"stationId\":\"001\",\"date\":\"2026-03-13\",\"eventId\":\"13383\",\"genre\":[{\"id\":\"0300\",\"name1\":\"ドラマ\",\"name2\":\"国内ドラマ\"}],\"onid\":\"7fe0\",\"sid\":\"0400\",\"tsid\":\"7fe0\"},\"misc\":{\"displayVideoMode\":\"none\",\"displayVideoRange\":\"sdr\",\"displayAudioMode\":[\"kaisetsu\"],\"audioMode\":[\"stereoKaisetsu\"],\"supportCaption\":true,\"supportSign\":false,\"supportHybridcast\":false,\"supportDataBroadcast\":false,\"isInteractive\":false,\"isChangeable\":false,\"releaseLevel\":\"original\",\"programType\":\"program\",\"coverage\":\"nationwide\",\"actList\":[{\"role\":\"作\",\"name\":\"羽原大介\",\"nameRuby\":\"ﾊﾊﾞﾗﾀﾞｲｽｹ\"},{\"role\":\"出演\",\"name\":\"玉山鉄二\",\"nameRuby\":\"ﾀﾏﾔﾏﾃﾂｼﾞ\"},{\"role\":\"出演\",\"name\":\"シャーロット・ケイト・フォックス\",\"nameRuby\":\"ｼｬｰﾛｯﾄ･ｹｲﾄ･ﾌｫｯｸｽ\"},{\"role\":\"出演\",\"name\":\"濱田マリ\",\"nameRuby\":\"ﾊﾏﾀﾞﾏﾘ\"},{\"role\":\"出演\",\"name\":\"志賀廣太郎\",\"nameRuby\":\"ｼｶﾞｺｳﾀﾛｳ\"},{\"role\":\"出演\",\"name\":\"智順\",\"nameRuby\":\"ﾁｽﾝ\"},{\"role\":\"出演\",\"name\":\"飯島順子\",\"nameRuby\":\"ｲｲｼﾞﾏｼﾞｭﾝｺ\"},{\"role\":\"出演\",\"name\":\"堤真一\",\"nameRuby\":\"ﾂﾂﾐｼﾝｲﾁ\"},{\"role\":\"語り\",\"name\":\"松岡洋子\",\"nameRuby\":\"ﾏﾂｵｶﾖｳｺ\"},{\"role\":\"音楽\",\"name\":\"富貴晴美\",\"nameRuby\":\"ﾌｳｷﾊﾙﾐ\"}],\"musicList\":[]},\"publishedOn\":{\"type\":\"BroadcastService\",\"id\":\"bs-g1-130\",\"name\":\"NHK総合テレビジョン\",\"url\":\"https://api-local.ss.org.nhk/r8/t/broadcastservice/bs/g1-130.json\",\"broadcastDisplayName\":\"NHK総合・東京\",\"videoFormat\":[\"2K\"],\"encodingFormat\":[\"video/X-arib-mpeg2\",\"audio/X-arib-mpeg2-aac\"],\"identifierGroup\":{\"serviceId\":\"g1\",\"serviceName\":\"NHK総合1\",\"areaId\":\"130\",\"areaName\":\"東京\",\"channelId\":\"011\",\"channelKey\":\"1\",\"channelAreaName\":\"東京\",\"channelStationName\":\"首都圏\",\"shortenedName\":\"NHK総合1\",\"shortenedDisplayName\":\"総合\",\"multiChannelDisplayName\":\"総合\"},\"logo\":{\"url\":\"https://imgu.web.nhk/common/broadcastservice/bs/g1/g1-logo.svg\",\"main\":{\"url\":\"https://imgu.web.nhk/common/broadcastservice/bs/g1/g1-logo_1080x1080.png\",\"width\":1080,\"height\":1080},\"medium\":{\"url\":\"https://imgu.web.nhk/common/broadcastservice/bs/g1/g1-logo_640x640.png\",\"width\":640,\"height\":640},\"small\":{\"url\":\"https://imgu.web.nhk/common/broadcastservice/bs/g1/g1-logo_200x200.png\",\"width\":200,\"height\":200}},\"eyecatch\":{\"url\":\"https://imgu.web.nhk/common/broadcastservice/bs/g1/g1-eyecatch.svg\",\"large\":{\"url\":\"https://imgu.web.nhk/common/broadcastservice/bs/g1/g1-eyecatch_3840x2160.png\",\"width\":3840,\"height\":2160},\"main\":{\"url\":\"https://imgu.web.nhk/common/broadcastservice/bs/g1/g1-eyecatch_1920x1080.png\",\"width\":1920,\"height\":1080},\"medium\":{\"url\":\"https://imgu.web.nhk/common/broadcastservice/bs/g1/g1-eyecatch_1280x720.png\",\"width\":1280,\"height\":720},\"small\":{\"url\":\"https://imgu.web.nhk/common/broadcastservice/bs/g1/g1-eyecatch_640x360.png\",\"width\":640,\"height\":360}},\"hero\":{\"url\":\"https://imgu.web.nhk/common/broadcastservice/bs/g1/g1-hero.svg\",\"main\":{\"url\":\"https://imgu.web.nhk/common/broadcastservice/bs/g1/g1-hero_1920x640.png\",\"width\":1920,\"height\":640},\"medium\":{\"url\":\"https://imgu.web.nhk/common/broadcastservice/bs/g1/g1-hero_1080x360.png\",\"width\":1080,\"height\":360}},\"badge9x4\":{\"url\":\"https://imgu.web.nhk/common/broadcastservice/bs/g1/g1-badge9x4.svg\",\"main\":{\"url\":\"https://imgu.web.nhk/common/broadcastservice/bs/g1/g1-badge9x4_360x160.png\",\"width\":360,\"height\":160},\"small\":{\"url\":\"https://imgu.web.nhk/common/broadcastservice/bs/g1/g1-badge9x4_180x80.png\",\"width\":180,\"height\":80}}}},\"detailedComingEvent\":{\"id\":\"g1-130-2026031313383\",\"startDate\":\"2026-03-13T12:30:00+09:00\",\"endDate\":\"2026-03-13T12:45:00+09:00\",\"identifierGroup\":{\"broadcastEventId\":\"g1-130-2026031313383\",\"serviceId\":\"g1\",\"areaId\":\"130\",\"stationId\":\"001\",\"date\":\"2026-03-13\",\"eventId\":\"13383\",\"genre\":[{\"id\":\"0300\",\"name1\":\"ドラマ\",\"name2\":\"国内ドラマ\"}],\"onid\":\"7fe0\",\"sid\":\"0400\",\"tsid\":\"7fe0\"},\"misc\":{\"displayVideoMode\":\"none\",\"displayVideoRange\":\"sdr\",\"displayAudioMode\":[\"kaisetsu\"],\"audioMode\":[\"stereoKaisetsu\"],\"supportCaption\":true,\"supportSign\":false,\"supportHybridcast\":false,\"supportDataBroadcast\":false,\"isInteractive\":false,\"isChangeable\":false,\"releaseLevel\":\"original\",\"programType\":\"program\",\"coverage\":\"nationwide\",\"actList\":[{\"role\":\"作\",\"name\":\"羽原大介\",\"nameRuby\":\"ﾊﾊﾞﾗﾀﾞｲｽｹ\"},{\"role\":\"出演\",\"name\":\"玉山鉄二\",\"nameRuby\":\"ﾀﾏﾔﾏﾃﾂｼﾞ\"},{\"role\":\"出演\",\"name\":\"シャーロット・ケイト・フォックス\",\"nameRuby\":\"ｼｬｰﾛｯﾄ･ｹｲﾄ･ﾌｫｯｸｽ\"},{\"role\":\"出演\",\"name\":\"濱田マリ\",\"nameRuby\":\"ﾊﾏﾀﾞﾏﾘ\"},{\"role\":\"出演\",\"name\":\"志賀廣太郎\",\"nameRuby\":\"ｼｶﾞｺｳﾀﾛｳ\"},{\"role\":\"出演\",\"name\":\"智順\",\"nameRuby\":\"ﾁｽﾝ\"},{\"role\":\"出演\",\"name\":\"飯島順子\",\"nameRuby\":\"ｲｲｼﾞﾏｼﾞｭﾝｺ\"},{\"role\":\"出演\",\"name\":\"堤真一\",\"nameRuby\":\"ﾂﾂﾐｼﾝｲﾁ\"},{\"role\":\"語り\",\"name\":\"松岡洋子\",\"nameRuby\":\"ﾏﾂｵｶﾖｳｺ\"},{\"role\":\"音楽\",\"name\":\"富貴晴美\",\"nameRuby\":\"ﾌｳｷﾊﾙﾐ\"}],\"musicList\":[]},\"publishedOn\":{\"type\":\"BroadcastService\",\"id\":\"bs-g1-130\",\"name\":\"NHK総合テレビジョン\",\"url\":\"https://api-local.ss.org.nhk/r8/t/broadcastservice/bs/g1-130.json\",\"broadcastDisplayName\":\"NHK総合・東京\",\"videoFormat\":[\"2K\"],\"encodingFormat\":[\"video/X-arib-mpeg2\",\"audio/X-arib-mpeg2-aac\"],\"identifierGroup\":{\"serviceId\":\"g1\",\"serviceName\":\"NHK総合1\",\"areaId\":\"130\",\"areaName\":\"東京\",\"channelId\":\"011\",\"channelKey\":\"1\",\"channelAreaName\":\"東京\",\"channelStationName\":\"首都圏\",\"shortenedName\":\"NHK総合1\",\"shortenedDisplayName\":\"総合\",\"multiChannelDisplayName\":\"総合\"},\"logo\":{\"url\":\"https://imgu.web.nhk/common/broadcastservice/bs/g1/g1-logo.svg\",\"main\":{\"url\":\"https://imgu.web.nhk/common/broadcastservice/bs/g1/g1-logo_1080x1080.png\",\"width\":1080,\"height\":1080},\"medium\":{\"url\":\"https://imgu.web.nhk/common/broadcastservice/bs/g1/g1-logo_640x640.png\",\"width\":640,\"height\":640},\"small\":{\"url\":\"https://imgu.web.nhk/common/broadcastservice/bs/g1/g1-logo_200x200.png\",\"width\":200,\"height\":200}},\"eyecatch\":{\"url\":\"https://imgu.web.nhk/common/broadcastservice/bs/g1/g1-eyecatch.svg\",\"large\":{\"url\":\"https://imgu.web.nhk/common/broadcastservice/bs/g1/g1-eyecatch_3840x2160.png\",\"width\":3840,\"height\":2160},\"main\":{\"url\":\"https://imgu.web.nhk/common/broadcastservice/bs/g1/g1-eyecatch_1920x1080.png\",\"width\":1920,\"height\":1080},\"medium\":{\"url\":\"https://imgu.web.nhk/common/broadcastservice/bs/g1/g1-eyecatch_1280x720.png\",\"width\":1280,\"height\":720},\"small\":{\"url\":\"https://imgu.web.nhk/common/broadcastservice/bs/g1/g1-eyecatch_640x360.png\",\"width\":640,\"height\":360}},\"hero\":{\"url\":\"https://imgu.web.nhk/common/broadcastservice/bs/g1/g1-hero.svg\",\"main\":{\"url\":\"https://imgu.web.nhk/common/broadcastservice/bs/g1/g1-hero_1920x640.png\",\"width\":1920,\"height\":640},\"medium\":{\"url\":\"https://imgu.web.nhk/common/broadcastservice/bs/g1/g1-hero_1080x360.png\",\"width\":1080,\"height\":360}},\"badge9x4\":{\"url\":\"https://imgu.web.nhk/common/broadcastservice/bs/g1/g1-badge9x4.svg\",\"main\":{\"url\":\"https://imgu.web.nhk/common/broadcastservice/bs/g1/g1-badge9x4_360x160.png\",\"width\":360,\"height\":160},\"small\":{\"url\":\"https://imgu.web.nhk/common/broadcastservice/bs/g1/g1-badge9x4_180x80.png\",\"width\":180,\"height\":80}}}},\"eyecatch\":{\"large\":{\"url\":\"https://imgu.web.nhk/static/assets/images/tvepisode/te/XR8XKN3GJ4/XR8XKN3GJ4-eyecatch_169a92544375c4a8b99264098f271ee4.jpg\",\"width\":3840,\"height\":2160},\"main\":{\"url\":\"https://imgu.web.nhk/static/assets/images/tvepisode/te/XR8XKN3GJ4/XR8XKN3GJ4-eyecatch_89b37bfb8322f8a5118e864414fa1a5f.jpg\",\"width\":1920,\"height\":1080},\"medium\":{\"url\":\"https://imgu.web.nhk/static/assets/images/tvepisode/te/XR8XKN3GJ4/XR8XKN3GJ4-eyecatch_e5f29fd135d062e660232d9f8337c100.jpg\",\"width\":1280,\"height\":720},\"small\":{\"url\":\"https://imgu.web.nhk/static/assets/images/tvepisode/te/XR8XKN3GJ4/XR8XKN3GJ4-eyecatch_e1d3a285acbd6e4e139c3316e5854328.jpg\",\"width\":640,\"height\":360}},\"eyecatchList\":[],\"video\":[{\"id\":\"hskOriginal-g1-130-2026031313383\",\"name\":\"【連続テレビ小説】マッサン（５５）「灯台下（もと）暗し」\",\"description\":\"鴨居商店への入社が決まったマッサン（玉山鉄二）はスコットランドに風土が似た北海道に工場を建てたいと語り、エリー（シャーロット）は喜ぶ。さらに就職祝いにエリーに何かプレゼントをしたいとマッサンは提案するが、エリーはなぜか欲しい物を言い出せないのだった。工場長となったマッサンは、鴨居（堤真一）に工場の設立場所として北海道を、職人は広島から腕の良い蔵人を呼び寄せる計画を説明するのだが…。\",\"url\":\"https://www.web.nhk/tv/pl/series-tep-M6Q9QR18KJ/ep/XR8XKN3GJ4\",\"identifierGroup\":{\"environmentId\":\"hskOriginal\",\"broadcastEventId\":\"g1-130-2026031313383\",\"serviceId\":\"g1\",\"streamType\":\"vod\"},\"detailedContentStatus\":{\"environmentId\":\"hskOriginal\",\"streamType\":\"vod\",\"contentStatus\":\"notyet\"},\"detailedVideoDescriptor\":\"https://simul.hsk.st.nhk/npd3/7fe0-0400/20260313/3447-1-1-7be47944d9afa112fea93f656304b2ba/videoinfo-ad358e7c1aa8faf305ce83a09da91cc1.json\",\"expires\":\"2026-03-20T12:45:00+09:00\",\"duration\":\"PT15M\",\"startDate\":\"2026-03-13T12:30:00+09:00\",\"endDate\":\"2026-03-13T12:45:00+09:00\",\"isDivided\":false,\"publication\":[{\"id\":\"g1-130-2026031313383\",\"url\":\"https://api-local.ss.org.nhk/r8/t/broadcastevent/be/g1-130-2026031313383.json\",\"isLiveBroadcast\":true}],\"uploadDate\":\"2026-03-13T12:45:00+09:00\"}],\"citation\":[],\"detailedPinnedCitation\":[],\"sameAs\":[],\"correction\":[],\"url\":\"https://api-local.ss.org.nhk/r8/t/tvepisode/te/XR8XKN3GJ4.json\",\"canonical\":\"https://www.web.nhk/tv/pl/series-tep-M6Q9QR18KJ/ep/XR8XKN3GJ4\",\"associatedMedia\":[],\"hasPart\":[],\"additionalProperty\":{\"episodeMergeStatus\":\"notMerged\"}},\"link\":{\"href\":\"https://www.web.nhk/tv/pl/series-tep-M6Q9QR18KJ/ep/XR8XKN3GJ4\"}}],\"$L55\",\"$L56\",\"$L57\",\"$L58\",\"$L59\",\"$L5a\",\"$L5b\",\"$L5c\",\"$L5d\"]}]]}]\n"])</script><script>self.__next_f.push([1,"36:[\"$\",\"$L23\",\"series-tep-EG75YWMKNN\",{\"spacing\":\"paragraph\",\"children\":[[\"$\",\"$L28\",null,{\"title\":\"茂七の事件簿・新ふしぎ草紙\",\"link\":{\"href\":\"https://www.web.nhk/tv/pl/series-tep-EG75YWMKNN\"}}],[\"$\",\"$L29\",null,{\"itemWidth\":{\"mobile\":171,\"desktop\":304},\"children\":[[\"$\",\"$L2a\",\"K642QN5VM2\",{\"content\":{\"type\":\"TVEpisode\",\"id\":\"K642QN5VM2\",\"name\":\"(4)「消えずの行灯」\",\"identifierGroup\":{\"tvEpisodeId\":\"K642QN5VM2\",\"tvSeriesId\":\"EG75YWMKNN\",\"tvEpisodeName\":\"(4)「消えずの行灯」\",\"tvSeriesName\":\"茂七の事件簿・新ふしぎ草紙\",\"hashtag\":[],\"serviceId\":[\"g1\",\"g2\"],\"formatGenreTag\":[{\"id\":\"03\",\"name\":\"ドラマ\"}],\"themeGenreTag\":[{\"id\":\"031\",\"name\":\"国内ドラマ\"},{\"id\":\"033\",\"name\":\"時代劇\"}]},\"keyword\":[],\"description\":\"足袋屋・市毛屋では、娘を事故で亡くして以来正気を失ったおかみのお松（烏丸せつこ）を慰めるため、娘によく似た若い女を代役として雇っていた。茂七（高橋英樹）は新しく雇われたおゆう（市川実日子）に、娘が生きていると信じることがお松にとっての「消えずのあんどん」―つまり生きる拠り所なのだと話し、おゆうは次第にお松を哀れに思うようになっていく。火事騒ぎの翌朝、おゆうはお松が狂気を装っていることに気づいて…。\",\"dateCreated\":\"2026-01-29T18:18:56+09:00\",\"dateModified\":\"2026-03-01T04:38:52+09:00\",\"actor\":[],\"contributor\":[],\"partOfSeries\":{\"id\":\"EG75YWMKNN\",\"name\":\"茂七の事件簿・新ふしぎ草紙\",\"detailedSeriesNameRuby\":\"もしちのじけんぼ　しんふしぎそうし\",\"identifierGroup\":{\"tvSeriesId\":\"EG75YWMKNN\",\"tvSeriesPlaylistId\":\"series-tep-EG75YWMKNN\",\"tvSeriesUId\":\"pc47b41e9-8413-547f-8341-5185091eef8f\",\"tvSeriesName\":\"茂七の事件簿・新ふしぎ草紙\",\"hashtag\":[],\"serviceId\":[\"g1\",\"g2\"],\"formatGenre\":[{\"id\":\"03\",\"name\":\"ドラマ\"}]},\"keyword\":[],\"detailedSynonym\":[],\"sameAs\":[{\"name\":\"NHKドラマ\",\"url\":\"https://www.nhk.jp/g/drama/\"},{\"name\":\"「茂七の事件簿 ふしぎ草紙」HPはこちら\",\"url\":\"https://www.web.nhk/tv/pl/series-tep-YNR772LN4V\"},{\"name\":\"ドラマ情報　再放送のお知らせ\",\"url\":\"https://www.nhk.jp/g/blog/o__p0y6p5c7/\"},{\"name\":\"【ドラマセレクション】再放送番組情報\",\"url\":\"https://www.nhk.jp/g/blog/drama-selection/\"}],\"canonical\":\"https://www.web.nhk/tv/pl/series-tep-EG75YWMKNN\",\"description\":\"江戸の下町に起こる摩訶不思議な事件の数々を、茂七親分が人情味豊かに解決していく、怖くて、温かくて、せつない、「ふしぎ人情時代劇」。 シリーズ第二弾。\\n\\n【原作】\\n宮部みゆき\\n「かまいたち」「本所深川ふしぎ草紙」「幻色江戸ごよみ」「堪忍箱」より\\n\\n【脚本】\\n金子成人\\n\\n【音楽】\\n坂田晃一\\n\\n【語り】\\n春風亭小朝\\n\\n【主題歌】\\n「でんでん虫」\\n唄：氷川きよし　作詞：阿久悠　作・編曲：坂田晃一\\n\\n【初回放送】\\n2002年6月28日\\n総合テレビ　金曜　午後９時15分～10時\",\"detailedCatch\":\"ご存じ、回向院の茂七親分が帰って来た！\",\"logo\":{\"main\":{\"url\":\"https://imgu.web.nhk/static/assets/images/tvseries/ts/EG75YWMKNN/EG75YWMKNN-logo_27bdb12182ef615a286ffe2100c2086f.png\",\"width\":1080,\"height\":1080},\"medium\":{\"url\":\"https://imgu.web.nhk/static/assets/images/tvseries/ts/EG75YWMKNN/EG75YWMKNN-logo_da9df7775b3a2bf61a504451e38d5577.png\",\"width\":640,\"height\":640},\"small\":{\"url\":\"https://imgu.web.nhk/static/assets/images/tvseries/ts/EG75YWMKNN/EG75YWMKNN-logo_5fe44fba34ca7d666ffa9e51fe0b02cf.png\",\"width\":200,\"height\":200}},\"eyecatch\":{\"large\":{\"url\":\"https://imgu.web.nhk/static/assets/images/tvseries/ts/EG75YWMKNN/EG75YWMKNN-eyecatch_3bffd2737d5da82dd083758dfd040164.png\",\"width\":3840,\"height\":2160},\"main\":{\"url\":\"https://imgu.web.nhk/static/assets/images/tvseries/ts/EG75YWMKNN/EG75YWMKNN-eyecatch_6a1777c5664a566701677282a10b1822.png\",\"width\":1920,\"height\":1080},\"medium\":{\"url\":\"https://imgu.web.nhk/static/assets/images/tvseries/ts/EG75YWMKNN/EG75YWMKNN-eyecatch_4f9b862df66717b504750b87ed268aed.png\",\"width\":1280,\"height\":720},\"small\":{\"url\":\"https://imgu.web.nhk/static/assets/images/tvseries/ts/EG75YWMKNN/EG75YWMKNN-eyecatch_0f415225a0e256da3fdc4622b302eee6.png\",\"width\":640,\"height\":360}},\"hero\":{\"main\":{\"url\":\"https://imgu.web.nhk/static/assets/images/tvseries/ts/EG75YWMKNN/EG75YWMKNN-hero_d5466a1eba20c2e2fd9d66a775518184.png\",\"width\":1920,\"height\":640},\"medium\":{\"url\":\"https://imgu.web.nhk/static/assets/images/tvseries/ts/EG75YWMKNN/EG75YWMKNN-hero_d3126aee1e4ff2c710485ffd0fef49d0.png\",\"width\":1080,\"height\":360}},\"style\":{\"textLight\":\"#000000\",\"textDark\":\"#FFFFFF\",\"linkLight\":\"#02845C\",\"linkDark\":\"#03AF7A\",\"primaryLight\":\"#03A674\",\"primaryDark\":\"#03AF7A\"},\"additionalProperty\":{\"publishLevel\":\"full\",\"layoutPattern\":\"summary\",\"episodeOrderBy\":\"releasedEvent\",\"availableOnPlus\":false,\"enableVariablePlayBackSpeedControl\":false,\"optional\":[\"releasedEvent\"],\"seriesPackStatus\":\"notPacked\",\"supportMedia\":[\"@screen\"],\"supportMusicList\":true,\"supportPlusEmbed\":true,\"enableWebContent\":false},\"url\":\"https://api-local.ss.org.nhk/r8/t/nplaylist/pl/series-tep-EG75YWMKNN.json\",\"itemUrl\":\"https://api-local.ss.org.nhk/r8/l/tvepisode/pl/series-tep-EG75YWMKNN.json\"},\"releasedEvent\":{\"id\":\"g1-130-2026030811048\",\"startDate\":\"2026-03-08T06:10:00+09:00\",\"displayStartDate\":\"2026-03-08T06:10:00+09:00\",\"endDate\":\"2026-03-08T06:53:00+09:00\",\"publishedOn\":{\"type\":\"BroadcastService\",\"id\":\"bs-g1-130\",\"name\":\"NHK総合テレビジョン\",\"url\":\"https://api-local.ss.org.nhk/r8/t/broadcastservice/bs/g1-130.json\",\"broadcastDisplayName\":\"NHK総合・東京\",\"videoFormat\":[\"2K\"],\"encodingFormat\":[\"video/X-arib-mpeg2\",\"audio/X-arib-mpeg2-aac\"],\"identifierGroup\":{\"serviceId\":\"g1\",\"serviceName\":\"NHK総合1\",\"areaId\":\"130\",\"areaName\":\"東京\",\"channelId\":\"011\",\"channelKey\":\"1\",\"channelAreaName\":\"東京\",\"channelStationName\":\"首都圏\",\"shortenedName\":\"NHK総合1\",\"shortenedDisplayName\":\"総合\",\"multiChannelDisplayName\":\"総合\"},\"logo\":{\"url\":\"https://imgu.web.nhk/common/broadcastservice/bs/g1/g1-logo.svg\",\"main\":{\"url\":\"https://imgu.web.nhk/common/broadcastservice/bs/g1/g1-logo_1080x1080.png\",\"width\":1080,\"height\":1080},\"medium\":{\"url\":\"https://imgu.web.nhk/common/broadcastservice/bs/g1/g1-logo_640x640.png\",\"width\":640,\"height\":640},\"small\":{\"url\":\"https://imgu.web.nhk/common/broadcastservice/bs/g1/g1-logo_200x200.png\",\"width\":200,\"height\":200}},\"eyecatch\":{\"url\":\"https://imgu.web.nhk/common/broadcastservice/bs/g1/g1-eyecatch.svg\",\"large\":{\"url\":\"https://imgu.web.nhk/common/broadcastservice/bs/g1/g1-eyecatch_3840x2160.png\",\"width\":3840,\"height\":2160},\"main\":{\"url\":\"https://imgu.web.nhk/common/broadcastservice/bs/g1/g1-eyecatch_1920x1080.png\",\"width\":1920,\"height\":1080},\"medium\":{\"url\":\"https://imgu.web.nhk/common/broadcastservice/bs/g1/g1-eyecatch_1280x720.png\",\"width\":1280,\"height\":720},\"small\":{\"url\":\"https://imgu.web.nhk/common/broadcastservice/bs/g1/g1-eyecatch_640x360.png\",\"width\":640,\"height\":360}},\"hero\":{\"url\":\"https://imgu.web.nhk/common/broadcastservice/bs/g1/g1-hero.svg\",\"main\":{\"url\":\"https://imgu.web.nhk/common/broadcastservice/bs/g1/g1-hero_1920x640.png\",\"width\":1920,\"height\":640},\"medium\":{\"url\":\"https://imgu.web.nhk/common/broadcastservice/bs/g1/g1-hero_1080x360.png\",\"width\":1080,\"height\":360}},\"badge9x4\":{\"url\":\"https://imgu.web.nhk/common/broadcastservice/bs/g1/g1-badge9x4.svg\",\"main\":{\"url\":\"https://imgu.web.nhk/common/broadcastservice/bs/g1/g1-badge9x4_360x160.png\",\"width\":360,\"height\":160},\"small\":{\"url\":\"https://imgu.web.nhk/common/broadcastservice/bs/g1/g1-badge9x4_180x80.png\",\"width\":180,\"height\":80}}}},\"detailedRecentEvent\":{\"id\":\"g1-130-2026030811048\",\"startDate\":\"2026-03-08T06:10:00+09:00\",\"endDate\":\"2026-03-08T06:53:00+09:00\",\"identifierGroup\":{\"broadcastEventId\":\"g1-130-2026030811048\",\"serviceId\":\"g1\",\"areaId\":\"130\",\"stationId\":\"001\",\"date\":\"2026-03-08\",\"eventId\":\"11048\",\"genre\":[{\"id\":\"0300\",\"name1\":\"ドラマ\",\"name2\":\"国内ドラマ\"},{\"id\":\"0302\",\"name1\":\"ドラマ\",\"name2\":\"時代劇\"}],\"onid\":\"7fe0\",\"sid\":\"0400\",\"tsid\":\"7fe0\"},\"misc\":{\"displayVideoMode\":\"none\",\"displayVideoRange\":\"sdr\",\"displayAudioMode\":[\"kaisetsu\"],\"audioMode\":[\"stereoKaisetsu\"],\"supportCaption\":true,\"supportSign\":false,\"supportHybridcast\":false,\"supportDataBroadcast\":false,\"isInteractive\":false,\"isChangeable\":false,\"releaseLevel\":\"original\",\"programType\":\"program\",\"coverage\":\"nationwide\",\"actList\":[{\"role\":\"出演\",\"name\":\"高橋英樹\",\"nameRuby\":\"ﾀｶﾊｼﾋﾃﾞｷ\"},{\"role\":\"出演\",\"name\":\"星野真里\",\"nameRuby\":\"ﾎｼﾉﾏﾘ\"},{\"role\":\"出演\",\"name\":\"渡辺いっけい\",\"nameRuby\":\"ﾜﾀﾅﾍﾞｲｯｹｲ\"},{\"role\":\"出演\",\"name\":\"あめくみちこ\",\"nameRuby\":\"ｱﾒｸﾐﾁｺ\"},{\"role\":\"出演\",\"name\":\"伊嵜充則\",\"nameRuby\":\"ｲｻｷﾐﾂﾉﾘ\"},{\"role\":\"出演\",\"name\":\"市川実日子\",\"nameRuby\":\"ｲﾁｶﾜﾐｶｺ\"},{\"role\":\"出演\",\"name\":\"烏丸せつこ\",\"nameRuby\":\"ｶﾗｽﾏｾﾂｺ\"},{\"role\":\"出演\",\"name\":\"不破万作\",\"nameRuby\":\"ﾌﾜﾏﾝｻｸ\"},{\"role\":\"出演\",\"name\":\"高杉亘\",\"nameRuby\":\"ﾀｶｽｷﾞｺｳ\"},{\"role\":\"出演\",\"name\":\"山崎一\",\"nameRuby\":\"ﾔﾏｻﾞｷﾊｼﾞﾒ\"},{\"role\":\"出演\",\"name\":\"鈴木一功\",\"nameRuby\":\"ｽｽﾞｷｲｯｺｳ\"},{\"role\":\"出演\",\"name\":\"石井トミコ\",\"nameRuby\":\"ｲｼｲﾄﾐｺ\"},{\"role\":\"出演\",\"name\":\"宮地雅子\",\"nameRuby\":\"ﾐﾔｼﾞﾏｻｺ\"},{\"role\":\"出演\",\"name\":\"淡路恵子\",\"nameRuby\":\"ｱﾜｼﾞｹｲｺ\"},{\"role\":\"出演\",\"name\":\"本田博太郎\",\"nameRuby\":\"ﾎﾝﾀﾞﾋﾛﾀﾛｳ\"},{\"role\":\"出演\",\"name\":\"秋吉久美子\",\"nameRuby\":\"ｱｷﾖｼｸﾐｺ\"},{\"role\":\"語り\",\"name\":\"春風亭小朝\",\"nameRuby\":\"ｼｭﾝﾌﾟｳﾃｲｺｱｻ\"},{\"role\":\"原作\",\"name\":\"宮部みゆき\",\"nameRuby\":\"ﾐﾔﾍﾞﾐﾕｷ\"},{\"role\":\"脚本\",\"name\":\"金子成人\",\"nameRuby\":\"ｶﾈｺﾅﾘﾄ\"},{\"role\":\"音楽\",\"name\":\"坂田晃一\",\"nameRuby\":\"ｻｶﾀｺｳｲﾁ\"}],\"musicList\":[]},\"publishedOn\":{\"type\":\"BroadcastService\",\"id\":\"bs-g1-130\",\"name\":\"NHK総合テレビジョン\",\"url\":\"https://api-local.ss.org.nhk/r8/t/broadcastservice/bs/g1-130.json\",\"broadcastDisplayName\":\"NHK総合・東京\",\"videoFormat\":[\"2K\"],\"encodingFormat\":[\"video/X-arib-mpeg2\",\"audio/X-arib-mpeg2-aac\"],\"identifierGroup\":{\"serviceId\":\"g1\",\"serviceName\":\"NHK総合1\",\"areaId\":\"130\",\"areaName\":\"東京\",\"channelId\":\"011\",\"channelKey\":\"1\",\"channelAreaName\":\"東京\",\"channelStationName\":\"首都圏\",\"shortenedName\":\"NHK総合1\",\"shortenedDisplayName\":\"総合\",\"multiChannelDisplayName\":\"総合\"},\"logo\":{\"url\":\"https://imgu.web.nhk/common/broadcastservice/bs/g1/g1-logo.svg\",\"main\":{\"url\":\"https://imgu.web.nhk/common/broadcastservice/bs/g1/g1-logo_1080x1080.png\",\"width\":1080,\"height\":1080},\"medium\":{\"url\":\"https://imgu.web.nhk/common/broadcastservice/bs/g1/g1-logo_640x640.png\",\"width\":640,\"height\":640},\"small\":{\"url\":\"https://imgu.web.nhk/common/broadcastservice/bs/g1/g1-logo_200x200.png\",\"width\":200,\"height\":200}},\"eyecatch\":{\"url\":\"https://imgu.web.nhk/common/broadcastservice/bs/g1/g1-eyecatch.svg\",\"large\":{\"url\":\"https://imgu.web.nhk/common/broadcastservice/bs/g1/g1-eyecatch_3840x2160.png\",\"width\":3840,\"height\":2160},\"main\":{\"url\":\"https://imgu.web.nhk/common/broadcastservice/bs/g1/g1-eyecatch_1920x1080.png\",\"width\":1920,\"height\":1080},\"medium\":{\"url\":\"https://imgu.web.nhk/common/broadcastservice/bs/g1/g1-eyecatch_1280x720.png\",\"width\":1280,\"height\":720},\"small\":{\"url\":\"https://imgu.web.nhk/common/broadcastservice/bs/g1/g1-eyecatch_640x360.png\",\"width\":640,\"height\":360}},\"hero\":{\"url\":\"https://imgu.web.nhk/common/broadcastservice/bs/g1/g1-hero.svg\",\"main\":{\"url\":\"https://imgu.web.nhk/common/broadcastservice/bs/g1/g1-hero_1920x640.png\",\"width\":1920,\"height\":640},\"medium\":{\"url\":\"https://imgu.web.nhk/common/broadcastservice/bs/g1/g1-hero_1080x360.png\",\"width\":1080,\"height\":360}},\"badge9x4\":{\"url\":\"https://imgu.web.nhk/common/broadcastservice/bs/g1/g1-badge9x4.svg\",\"main\":{\"url\":\"https://imgu.web.nhk/common/broadcastservice/bs/g1/g1-badge9x4_360x160.png\",\"width\":360,\"height\":160},\"small\":{\"url\":\"https://imgu.web.nhk/common/broadcastservice/bs/g1/g1-badge9x4_180x80.png\",\"width\":180,\"height\":80}}}},\"detailedComingEvent\":{\"id\":\"g1-130-2026030811048\",\"startDate\":\"2026-03-08T06:10:00+09:00\",\"endDate\":\"2026-03-08T06:53:00+09:00\",\"identifierGroup\":{\"broadcastEventId\":\"g1-130-2026030811048\",\"serviceId\":\"g1\",\"areaId\":\"130\",\"stationId\":\"001\",\"date\":\"2026-03-08\",\"eventId\":\"11048\",\"genre\":[{\"id\":\"0300\",\"name1\":\"ドラマ\",\"name2\":\"国内ドラマ\"},{\"id\":\"0302\",\"name1\":\"ドラマ\",\"name2\":\"時代劇\"}],\"onid\":\"7fe0\",\"sid\":\"0400\",\"tsid\":\"7fe0\"},\"misc\":{\"displayVideoMode\":\"none\",\"displayVideoRange\":\"sdr\",\"displayAudioMode\":[\"kaisetsu\"],\"audioMode\":[\"stereoKaisetsu\"],\"supportCaption\":true,\"supportSign\":false,\"supportHybridcast\":false,\"supportDataBroadcast\":false,\"isInteractive\":false,\"isChangeable\":false,\"releaseLevel\":\"original\",\"programType\":\"program\",\"coverage\":\"nationwide\",\"actList\":[{\"role\":\"出演\",\"name\":\"高橋英樹\",\"nameRuby\":\"ﾀｶﾊｼﾋﾃﾞｷ\"},{\"role\":\"出演\",\"name\":\"星野真里\",\"nameRuby\":\"ﾎｼﾉﾏﾘ\"},{\"role\":\"出演\",\"name\":\"渡辺いっけい\",\"nameRuby\":\"ﾜﾀﾅﾍﾞｲｯｹｲ\"},{\"role\":\"出演\",\"name\":\"あめくみちこ\",\"nameRuby\":\"ｱﾒｸﾐﾁｺ\"},{\"role\":\"出演\",\"name\":\"伊嵜充則\",\"nameRuby\":\"ｲｻｷﾐﾂﾉﾘ\"},{\"role\":\"出演\",\"name\":\"市川実日子\",\"nameRuby\":\"ｲﾁｶﾜﾐｶｺ\"},{\"role\":\"出演\",\"name\":\"烏丸せつこ\",\"nameRuby\":\"ｶﾗｽﾏｾﾂｺ\"},{\"role\":\"出演\",\"name\":\"不破万作\",\"nameRuby\":\"ﾌﾜﾏﾝｻｸ\"},{\"role\":\"出演\",\"name\":\"高杉亘\",\"nameRuby\":\"ﾀｶｽｷﾞｺｳ\"},{\"role\":\"出演\",\"name\":\"山崎一\",\"nameRuby\":\"ﾔﾏｻﾞｷﾊｼﾞﾒ\"},{\"role\":\"出演\",\"name\":\"鈴木一功\",\"nameRuby\":\"ｽｽﾞｷｲｯｺｳ\"},{\"role\":\"出演\",\"name\":\"石井トミコ\",\"nameRuby\":\"ｲｼｲﾄﾐｺ\"},{\"role\":\"出演\",\"name\":\"宮地雅子\",\"nameRuby\":\"ﾐﾔｼﾞﾏｻｺ\"},{\"role\":\"出演\",\"name\":\"淡路恵子\",\"nameRuby\":\"ｱﾜｼﾞｹｲｺ\"},{\"role\":\"出演\",\"name\":\"本田博太郎\",\"nameRuby\":\"ﾎﾝﾀﾞﾋﾛﾀﾛｳ\"},{\"role\":\"出演\",\"name\":\"秋吉久美子\",\"nameRuby\":\"ｱｷﾖｼｸﾐｺ\"},{\"role\":\"語り\",\"name\":\"春風亭小朝\",\"nameRuby\":\"ｼｭﾝﾌﾟｳﾃｲｺｱｻ\"},{\"role\":\"原作\",\"name\":\"宮部みゆき\",\"nameRuby\":\"ﾐﾔﾍﾞﾐﾕｷ\"},{\"role\":\"脚本\",\"name\":\"金子成人\",\"nameRuby\":\"ｶﾈｺﾅﾘﾄ\"},{\"role\":\"音楽\",\"name\":\"坂田晃一\",\"nameRuby\":\"ｻｶﾀｺｳｲﾁ\"}],\"musicList\":[]},\"publishedOn\":{\"type\":\"BroadcastService\",\"id\":\"bs-g1-130\",\"name\":\"NHK総合テレビジョン\",\"url\":\"https://api-local.ss.org.nhk/r8/t/broadcastservice/bs/g1-130.json\",\"broadcastDisplayName\":\"NHK総合・東京\",\"videoFormat\":[\"2K\"],\"encodingFormat\":[\"video/X-arib-mpeg2\",\"audio/X-arib-mpeg2-aac\"],\"identifierGroup\":{\"serviceId\":\"g1\",\"serviceName\":\"NHK総合1\",\"areaId\":\"130\",\"areaName\":\"東京\",\"channelId\":\"011\",\"channelKey\":\"1\",\"channelAreaName\":\"東京\",\"channelStationName\":\"首都圏\",\"shortenedName\":\"NHK総合1\",\"shortenedDisplayName\":\"総合\",\"multiChannelDisplayName\":\"総合\"},\"logo\":{\"url\":\"https://imgu.web.nhk/common/broadcastservice/bs/g1/g1-logo.svg\",\"main\":{\"url\":\"https://imgu.web.nhk/common/broadcastservice/bs/g1/g1-logo_1080x1080.png\",\"width\":1080,\"height\":1080},\"medium\":{\"url\":\"https://imgu.web.nhk/common/broadcastservice/bs/g1/g1-logo_640x640.png\",\"width\":640,\"height\":640},\"small\":{\"url\":\"https://imgu.web.nhk/common/broadcastservice/bs/g1/g1-logo_200x200.png\",\"width\":200,\"height\":200}},\"eyecatch\":{\"url\":\"https://imgu.web.nhk/common/broadcastservice/bs/g1/g1-eyecatch.svg\",\"large\":{\"url\":\"https://imgu.web.nhk/common/broadcastservice/bs/g1/g1-eyecatch_3840x2160.png\",\"width\":3840,\"height\":2160},\"main\":{\"url\":\"https://imgu.web.nhk/common/broadcastservice/bs/g1/g1-eyecatch_1920x1080.png\",\"width\":1920,\"height\":1080},\"medium\":{\"url\":\"https://imgu.web.nhk/common/broadcastservice/bs/g1/g1-eyecatch_1280x720.png\",\"width\":1280,\"height\":720},\"small\":{\"url\":\"https://imgu.web.nhk/common/broadcastservice/bs/g1/g1-eyecatch_640x360.png\",\"width\":640,\"height\":360}},\"hero\":{\"url\":\"https://imgu.web.nhk/common/broadcastservice/bs/g1/g1-hero.svg\",\"main\":{\"url\":\"https://imgu.web.nhk/common/broadcastservice/bs/g1/g1-hero_1920x640.png\",\"width\":1920,\"height\":640},\"medium\":{\"url\":\"https://imgu.web.nhk/common/broadcastservice/bs/g1/g1-hero_1080x360.png\",\"width\":1080,\"height\":360}},\"badge9x4\":{\"url\":\"https://imgu.web.nhk/common/broadcastservice/bs/g1/g1-badge9x4.svg\",\"main\":{\"url\":\"https://imgu.web.nhk/common/broadcastservice/bs/g1/g1-badge9x4_360x160.png\",\"width\":360,\"height\":160},\"small\":{\"url\":\"https://imgu.web.nhk/common/broadcastservice/bs/g1/g1-badge9x4_180x80.png\",\"width\":180,\"height\":80}}}},\"eyecatchList\":[],\"video\":[{\"id\":\"hskOriginal-g1-130-2026030811048\",\"name\":\"【特選！時代劇】茂七の事件簿・新ふしぎ草紙（４）「消えずの行灯」\",\"description\":\"足袋屋・市毛屋では、娘を事故で亡くして以来正気を失ったおかみのお松（烏丸せつこ）を慰めるため、娘によく似た若い女を代役として雇っていた。茂七（高橋英樹）は新しく雇われたおゆう（市川実日子）に、娘が生きていると信じることがお松にとっての「消えずのあんどん」―つまり生きる拠り所なのだと話し、おゆうは次第にお松を哀れに思うようになっていく。火事騒ぎの翌朝、おゆうはお松が狂気を装っていることに気づいて…。\",\"url\":\"https://www.web.nhk/tv/pl/series-tep-EG75YWMKNN/ep/K642QN5VM2\",\"identifierGroup\":{\"environmentId\":\"hskOriginal\",\"broadcastEventId\":\"g1-130-2026030811048\",\"serviceId\":\"g1\",\"streamType\":\"vod\"},\"detailedContentStatus\":{\"environmentId\":\"hskOriginal\",\"streamType\":\"vod\",\"contentStatus\":\"notyet\"},\"detailedVideoDescriptor\":\"https://simul.hsk.st.nhk/npd3/7fe0-0400/20260308/2b28-1-1-5be343c92edd50e1de939ac5bed1a25c/videoinfo-7863f4757733227b216f403bb7cd1d1c.json\",\"expires\":\"2026-03-15T06:53:00+09:00\",\"duration\":\"PT43M\",\"startDate\":\"2026-03-08T06:10:00+09:00\",\"endDate\":\"2026-03-08T06:53:00+09:00\",\"isDivided\":false,\"publication\":[{\"id\":\"g1-130-2026030811048\",\"url\":\"https://api-local.ss.org.nhk/r8/t/broadcastevent/be/g1-130-2026030811048.json\",\"isLiveBroadcast\":true}],\"uploadDate\":\"2026-03-08T06:53:00+09:00\"}],\"citation\":[],\"detailedPinnedCitation\":[],\"sameAs\":[],\"correction\":[],\"url\":\"https://api-local.ss.org.nhk/r8/t/tvepisode/te/K642QN5VM2.json\",\"canonical\":\"https://www.web.nhk/tv/pl/series-tep-EG75YWMKNN/ep/K642QN5VM2\",\"associatedMedia\":[],\"hasPart\":[],\"additionalProperty\":{\"episodeMergeStatus\":\"notMerged\"}},\"link\":{\"href\":\"https://www.web.nhk/tv/pl/series-tep-EG75YWMKNN/ep/K642QN5VM2\"}}],\"$L5e\",\"$L5f\",\"$L60\"]}]]}]\n"])</script><script>self.__next_f.push([1,"37:[\"$\",\"$L23\",\"series-tep-J5N1R29NKP\",{\"spacing\":\"paragraph\",\"children\":[[\"$\",\"$L28\",null,{\"title\":\"超能力ファミリー サンダーマン 〜秘密大作戦\",\"link\":{\"href\":\"https://www.web.nhk/tv/an/thundermans-undercover/pl/series-tep-J5N1R29NKP\"}}],[\"$\",\"$L29\",null,{\"itemWidth\":{\"mobile\":171,\"desktop\":304},\"children\":[[\"$\",\"$L2a\",\"K8GG9KRKYG\",{\"content\":{\"type\":\"TVEpisode\",\"id\":\"K8GG9KRKYG\",\"name\":\"(10)「スティーブのすべて」\",\"detailedEpisodeNameRuby\":\"\",\"identifierGroup\":{\"tvEpisodeId\":\"K8GG9KRKYG\",\"tvSeriesId\":\"J5N1R29NKP\",\"tvEpisodeName\":\"(10)「スティーブのすべて」\",\"tvSeriesName\":\"超能力ファミリー サンダーマン 〜秘密大作戦\",\"hashtag\":[],\"serviceId\":[\"e1\",\"e3\"],\"aliasId\":\"thundermans-undercover\",\"formatGenreTag\":[{\"id\":\"03\",\"name\":\"ドラマ\"}],\"themeGenreTag\":[{\"id\":\"032\",\"name\":\"海外ドラマ\"}]},\"keyword\":[],\"description\":\"ノーラが留学してさみしいビリーは、チームに新しいメンバーを加えようと提案する。ビリーが連れてきたスティーブは物知りだが、マシュマロを出せるというかわいいパワーしか持っていない。これではチームに入れられないと考えたマックスたちは、ビリーを傷つけないように、チームには７人までしか入れないとウソをついてスティーブを帰そうとするが、スティーブがとった手段とは…？\",\"dateCreated\":\"2026-02-18T18:25:22+09:00\",\"dateModified\":\"2026-03-01T08:00:12+09:00\",\"actor\":[],\"contributor\":[],\"partOfSeries\":{\"id\":\"J5N1R29NKP\",\"name\":\"超能力ファミリー サンダーマン 〜秘密大作戦\",\"detailedSeriesNameRuby\":\"ちょうのうりょくふぁみりー　さんだーまん　ひみつだいさくせん\",\"identifierGroup\":{\"tvSeriesId\":\"J5N1R29NKP\",\"tvSeriesPlaylistId\":\"series-tep-J5N1R29NKP\",\"tvSeriesUId\":\"p76a1fcd4-86a1-50d8-9c0e-2fa284e5ff74\",\"tvSeriesName\":\"超能力ファミリー サンダーマン 〜秘密大作戦\",\"hashtag\":[],\"serviceId\":[\"e1\",\"e3\"],\"aliasId\":\"thundermans-undercover\",\"formatGenre\":[{\"id\":\"03\",\"name\":\"ドラマ\"}]},\"keyword\":[],\"detailedSynonym\":[],\"sameAs\":[],\"canonical\":\"https://www.web.nhk/tv/an/thundermans-undercover/pl/series-tep-J5N1R29NKP\",\"description\":\"シークレットショアーズという町で邪悪な通信が検知された。フィービーとマックスは、ヒーロー連盟のキックバット会長の命令でその町に潜入捜査に向かうことに。２人はクロエも連れて行くことにする。というのも、クロエの周りにはサンダーマンの知名度を目当てに近づいてくる友だちばかりで、クロエに普通の子と同じように暮らしてもらいたいという思いがあった。さらにそこに押しかけるようにドクター・コロッソもついて来ることに。どうやらコロッソは謎の人物と連絡をとりあっているようだが…。\\n\\n原題：The Thundermans : Undercover\\n制作：2025年 アメリカ\\n\",\"detailedCatch\":\"帰ってきた「サンダーマン」 フィービー、マックス、クロエが素性を隠して秘密の捜査！[全13回]\",\"logo\":{\"main\":{\"url\":\"https://imgu.web.nhk/static/assets/images/tvseries/ts/J5N1R29NKP/J5N1R29NKP-logo_74ef06fd440caaa9d97aff4c5c2ab3df.jpg\",\"width\":1080,\"height\":1080},\"medium\":{\"url\":\"https://imgu.web.nhk/static/assets/images/tvseries/ts/J5N1R29NKP/J5N1R29NKP-logo_fdc105e2b68bcecc5d39610a9382e988.jpg\",\"width\":640,\"height\":640},\"small\":{\"url\":\"https://imgu.web.nhk/static/assets/images/tvseries/ts/J5N1R29NKP/J5N1R29NKP-logo_6c1e491f9fc15c1c386355d4d873b3bf.jpg\",\"width\":200,\"height\":200}},\"eyecatch\":{\"large\":{\"url\":\"https://imgu.web.nhk/static/assets/images/tvseries/ts/J5N1R29NKP/J5N1R29NKP-eyecatch_2a3aff5a26f88a0aeafc1d758b24dfa2.jpg\",\"width\":3840,\"height\":2160},\"main\":{\"url\":\"https://imgu.web.nhk/static/assets/images/tvseries/ts/J5N1R29NKP/J5N1R29NKP-eyecatch_89a09384518ac9ecb0401835548ddef4.jpg\",\"width\":1920,\"height\":1080},\"medium\":{\"url\":\"https://imgu.web.nhk/static/assets/images/tvseries/ts/J5N1R29NKP/J5N1R29NKP-eyecatch_4dd6526e212839c55f632034bfa30710.jpg\",\"width\":1280,\"height\":720},\"small\":{\"url\":\"https://imgu.web.nhk/static/assets/images/tvseries/ts/J5N1R29NKP/J5N1R29NKP-eyecatch_7c51081d1ae4c70360cc8281b602ddf3.jpg\",\"width\":640,\"height\":360}},\"hero\":{\"main\":{\"url\":\"https://imgu.web.nhk/static/assets/images/tvseries/ts/J5N1R29NKP/J5N1R29NKP-hero_6deb1b6d80946924f01be4c469081808.jpg\",\"width\":1920,\"height\":640},\"medium\":{\"url\":\"https://imgu.web.nhk/static/assets/images/tvseries/ts/J5N1R29NKP/J5N1R29NKP-hero_34fef2285dc63b8abeb2e4185ae1a92a.jpg\",\"width\":1080,\"height\":360}},\"style\":{\"textLight\":\"#000000\",\"textDark\":\"#FFFFFF\",\"linkLight\":\"#E72400\",\"linkDark\":\"#FF4928\",\"primaryLight\":\"#FF2800\",\"primaryDark\":\"#FF2800\"},\"additionalProperty\":{\"publishLevel\":\"full\",\"layoutPattern\":\"summary\",\"episodeOrderBy\":\"releasedEvent\",\"availableOnPlus\":false,\"enableVariablePlayBackSpeedControl\":false,\"optional\":[],\"seriesPackStatus\":\"notPacked\",\"supportMedia\":[\"@screen\"],\"supportMusicList\":true,\"supportPlusEmbed\":true,\"enableWebContent\":false},\"url\":\"https://api-local.ss.org.nhk/r8/t/nplaylist/pl/series-tep-J5N1R29NKP.json\",\"itemUrl\":\"https://api-local.ss.org.nhk/r8/l/tvepisode/pl/series-tep-J5N1R29NKP.json\"},\"releasedEvent\":{\"id\":\"e1-130-2026030811198\",\"startDate\":\"2026-03-08T17:25:00+09:00\",\"displayStartDate\":\"2026-03-08T17:25:00+09:00\",\"endDate\":\"2026-03-08T17:49:00+09:00\",\"publishedOn\":{\"type\":\"BroadcastService\",\"id\":\"bs-e1-130\",\"name\":\"NHK教育テレビジョン\",\"url\":\"https://api-local.ss.org.nhk/r8/t/broadcastservice/bs/e1-130.json\",\"broadcastDisplayName\":\"NHK Eテレ・東京\",\"videoFormat\":[\"2K\"],\"encodingFormat\":[\"video/X-arib-mpeg2\",\"audio/X-arib-mpeg2-aac\"],\"identifierGroup\":{\"serviceId\":\"e1\",\"serviceName\":\"NHK Eテレ1\",\"areaId\":\"130\",\"areaName\":\"東京\",\"channelId\":\"021\",\"channelKey\":\"2\",\"channelAreaName\":\"東京\",\"channelStationName\":\"首都圏\",\"shortenedName\":\"NHK Eテレ1\",\"shortenedDisplayName\":\"Eテレ\",\"multiChannelDisplayName\":\"Eテレ\"},\"logo\":{\"url\":\"https://imgu.web.nhk/common/broadcastservice/bs/e1/e1-logo.svg\",\"main\":{\"url\":\"https://imgu.web.nhk/common/broadcastservice/bs/e1/e1-logo_1080x1080.png\",\"width\":1080,\"height\":1080},\"medium\":{\"url\":\"https://imgu.web.nhk/common/broadcastservice/bs/e1/e1-logo_640x640.png\",\"width\":640,\"height\":640},\"small\":{\"url\":\"https://imgu.web.nhk/common/broadcastservice/bs/e1/e1-logo_200x200.png\",\"width\":200,\"height\":200}},\"eyecatch\":{\"url\":\"https://imgu.web.nhk/common/broadcastservice/bs/e1/e1-eyecatch.svg\",\"large\":{\"url\":\"https://imgu.web.nhk/common/broadcastservice/bs/e1/e1-eyecatch_3840x2160.png\",\"width\":3840,\"height\":2160},\"main\":{\"url\":\"https://imgu.web.nhk/common/broadcastservice/bs/e1/e1-eyecatch_1920x1080.png\",\"width\":1920,\"height\":1080},\"medium\":{\"url\":\"https://imgu.web.nhk/common/broadcastservice/bs/e1/e1-eyecatch_1280x720.png\",\"width\":1280,\"height\":720},\"small\":{\"url\":\"https://imgu.web.nhk/common/broadcastservice/bs/e1/e1-eyecatch_640x360.png\",\"width\":640,\"height\":360}},\"hero\":{\"url\":\"https://imgu.web.nhk/common/broadcastservice/bs/e1/e1-hero.svg\",\"main\":{\"url\":\"https://imgu.web.nhk/common/broadcastservice/bs/e1/e1-hero_1920x640.png\",\"width\":1920,\"height\":640},\"medium\":{\"url\":\"https://imgu.web.nhk/common/broadcastservice/bs/e1/e1-hero_1080x360.png\",\"width\":1080,\"height\":360}},\"badge9x4\":{\"url\":\"https://imgu.web.nhk/common/broadcastservice/bs/e1/e1-badge9x4.svg\",\"main\":{\"url\":\"https://imgu.web.nhk/common/broadcastservice/bs/e1/e1-badge9x4_360x160.png\",\"width\":360,\"height\":160},\"small\":{\"url\":\"https://imgu.web.nhk/common/broadcastservice/bs/e1/e1-badge9x4_180x80.png\",\"width\":180,\"height\":80}}}},\"detailedRecentEvent\":{\"id\":\"e1-130-2026030811198\",\"startDate\":\"2026-03-08T17:25:00+09:00\",\"endDate\":\"2026-03-08T17:49:00+09:00\",\"identifierGroup\":{\"broadcastEventId\":\"e1-130-2026030811198\",\"serviceId\":\"e1\",\"areaId\":\"130\",\"stationId\":\"001\",\"date\":\"2026-03-08\",\"eventId\":\"11198\",\"genre\":[{\"id\":\"0301\",\"name1\":\"ドラマ\",\"name2\":\"海外ドラマ\"}],\"onid\":\"7fe1\",\"sid\":\"0408\",\"tsid\":\"7fe1\"},\"misc\":{\"displayVideoMode\":\"none\",\"displayVideoRange\":\"sdr\",\"displayAudioMode\":[\"lang2\"],\"audioMode\":[\"stereoLang2\"],\"supportCaption\":true,\"supportSign\":false,\"supportHybridcast\":false,\"supportDataBroadcast\":false,\"isInteractive\":false,\"isChangeable\":false,\"releaseLevel\":\"original\",\"programType\":\"program\",\"coverage\":\"nationwide\",\"actList\":[{\"role\":\"声\",\"title\":\"キーラ・コサリン\",\"name\":\"高垣彩陽\",\"nameRuby\":\"ﾀｶｶﾞｷｱﾔﾋ\"},{\"role\":\"声\",\"title\":\"ジャック・グリフォ\",\"name\":\"増田俊樹\",\"nameRuby\":\"ﾏｽﾀﾞﾄｼｷ\"},{\"role\":\"声\",\"title\":\"マヤ・ル・クラーク\",\"name\":\"砂田理子\",\"nameRuby\":\"ｽﾅﾀﾞﾘｺ\"},{\"role\":\"声\",\"name\":\"バトリ勝悟\",\"nameRuby\":\"ﾊﾞﾄﾘｼｮｳｺﾞ\"},{\"role\":\"声\",\"title\":\"ネイサン・ブロクストン\",\"name\":\"新井笙子\",\"nameRuby\":\"ｱﾗｲｼｮｳｺ\"},{\"role\":\"声\",\"title\":\"キンリー・カニンガム\",\"name\":\"川勝未来\",\"nameRuby\":\"ｶﾜｶﾂﾐﾗ\"},{\"role\":\"声\",\"title\":\"デイナ・スナイダー\",\"name\":\"飛田展男\",\"nameRuby\":\"ﾄﾋﾞﾀﾉﾌﾞｵ\"},{\"role\":\"声\",\"title\":\"スティーブ役\",\"name\":\"矢島晶子\",\"nameRuby\":\"ﾔｼﾞﾏｱｷｺ\"},{\"role\":\"製作総指揮\",\"name\":\"ジェド・スピンガーン\",\"nameRuby\":\"ｼﾞｪﾄﾞ･ｽﾋﾟﾝｶﾞｰﾝ\"},{\"role\":\"製作総指揮\",\"name\":\"ショーン・Ｗ・カニンガム\",\"nameRuby\":\"ｼｮｰﾝ･W･ｶﾆﾝｶﾞﾑ\"},{\"role\":\"製作総指揮\",\"name\":\"マーク・ドウォーキン\",\"nameRuby\":\"ﾏｰｸ･ﾄﾞｳｫｰｷﾝ\"},{\"role\":\"製作総指揮\",\"name\":\"キーラ・コサリン\",\"nameRuby\":\"ｷｰﾗ･ｺｻﾘﾝ\"},{\"role\":\"製作総指揮\",\"name\":\"ジャック・グリフォ\",\"nameRuby\":\"ｼﾞｬｯｸ･ｸﾞﾘﾌｫ\"},{\"role\":\"脚本\",\"name\":\"ダン・セラフィン\",\"nameRuby\":\"ﾀﾞﾝ･ｾﾗﾌｨﾝ\"},{\"role\":\"演出\",\"name\":\"フィル・ルイス\",\"nameRuby\":\"ﾌｨﾙ･ﾙｲｽ\"}],\"musicList\":[]},\"publishedOn\":{\"type\":\"BroadcastService\",\"id\":\"bs-e1-130\",\"name\":\"NHK教育テレビジョン\",\"url\":\"https://api-local.ss.org.nhk/r8/t/broadcastservice/bs/e1-130.json\",\"broadcastDisplayName\":\"NHK Eテレ・東京\",\"videoFormat\":[\"2K\"],\"encodingFormat\":[\"video/X-arib-mpeg2\",\"audio/X-arib-mpeg2-aac\"],\"identifierGroup\":{\"serviceId\":\"e1\",\"serviceName\":\"NHK Eテレ1\",\"areaId\":\"130\",\"areaName\":\"東京\",\"channelId\":\"021\",\"channelKey\":\"2\",\"channelAreaName\":\"東京\",\"channelStationName\":\"首都圏\",\"shortenedName\":\"NHK Eテレ1\",\"shortenedDisplayName\":\"Eテレ\",\"multiChannelDisplayName\":\"Eテレ\"},\"logo\":{\"url\":\"https://imgu.web.nhk/common/broadcastservice/bs/e1/e1-logo.svg\",\"main\":{\"url\":\"https://imgu.web.nhk/common/broadcastservice/bs/e1/e1-logo_1080x1080.png\",\"width\":1080,\"height\":1080},\"medium\":{\"url\":\"https://imgu.web.nhk/common/broadcastservice/bs/e1/e1-logo_640x640.png\",\"width\":640,\"height\":640},\"small\":{\"url\":\"https://imgu.web.nhk/common/broadcastservice/bs/e1/e1-logo_200x200.png\",\"width\":200,\"height\":200}},\"eyecatch\":{\"url\":\"https://imgu.web.nhk/common/broadcastservice/bs/e1/e1-eyecatch.svg\",\"large\":{\"url\":\"https://imgu.web.nhk/common/broadcastservice/bs/e1/e1-eyecatch_3840x2160.png\",\"width\":3840,\"height\":2160},\"main\":{\"url\":\"https://imgu.web.nhk/common/broadcastservice/bs/e1/e1-eyecatch_1920x1080.png\",\"width\":1920,\"height\":1080},\"medium\":{\"url\":\"https://imgu.web.nhk/common/broadcastservice/bs/e1/e1-eyecatch_1280x720.png\",\"width\":1280,\"height\":720},\"small\":{\"url\":\"https://imgu.web.nhk/common/broadcastservice/bs/e1/e1-eyecatch_640x360.png\",\"width\":640,\"height\":360}},\"hero\":{\"url\":\"https://imgu.web.nhk/common/broadcastservice/bs/e1/e1-hero.svg\",\"main\":{\"url\":\"https://imgu.web.nhk/common/broadcastservice/bs/e1/e1-hero_1920x640.png\",\"width\":1920,\"height\":640},\"medium\":{\"url\":\"https://imgu.web.nhk/common/broadcastservice/bs/e1/e1-hero_1080x360.png\",\"width\":1080,\"height\":360}},\"badge9x4\":{\"url\":\"https://imgu.web.nhk/common/broadcastservice/bs/e1/e1-badge9x4.svg\",\"main\":{\"url\":\"https://imgu.web.nhk/common/broadcastservice/bs/e1/e1-badge9x4_360x160.png\",\"width\":360,\"height\":160},\"small\":{\"url\":\"https://imgu.web.nhk/common/broadcastservice/bs/e1/e1-badge9x4_180x80.png\",\"width\":180,\"height\":80}}}},\"detailedComingEvent\":{\"id\":\"e1-130-2026030811198\",\"startDate\":\"2026-03-08T17:25:00+09:00\",\"endDate\":\"2026-03-08T17:49:00+09:00\",\"identifierGroup\":{\"broadcastEventId\":\"e1-130-2026030811198\",\"serviceId\":\"e1\",\"areaId\":\"130\",\"stationId\":\"001\",\"date\":\"2026-03-08\",\"eventId\":\"11198\",\"genre\":[{\"id\":\"0301\",\"name1\":\"ドラマ\",\"name2\":\"海外ドラマ\"}],\"onid\":\"7fe1\",\"sid\":\"0408\",\"tsid\":\"7fe1\"},\"misc\":{\"displayVideoMode\":\"none\",\"displayVideoRange\":\"sdr\",\"displayAudioMode\":[\"lang2\"],\"audioMode\":[\"stereoLang2\"],\"supportCaption\":true,\"supportSign\":false,\"supportHybridcast\":false,\"supportDataBroadcast\":false,\"isInteractive\":false,\"isChangeable\":false,\"releaseLevel\":\"original\",\"programType\":\"program\",\"coverage\":\"nationwide\",\"actList\":[{\"role\":\"声\",\"title\":\"キーラ・コサリン\",\"name\":\"高垣彩陽\",\"nameRuby\":\"ﾀｶｶﾞｷｱﾔﾋ\"},{\"role\":\"声\",\"title\":\"ジャック・グリフォ\",\"name\":\"増田俊樹\",\"nameRuby\":\"ﾏｽﾀﾞﾄｼｷ\"},{\"role\":\"声\",\"title\":\"マヤ・ル・クラーク\",\"name\":\"砂田理子\",\"nameRuby\":\"ｽﾅﾀﾞﾘｺ\"},{\"role\":\"声\",\"name\":\"バトリ勝悟\",\"nameRuby\":\"ﾊﾞﾄﾘｼｮｳｺﾞ\"},{\"role\":\"声\",\"title\":\"ネイサン・ブロクストン\",\"name\":\"新井笙子\",\"nameRuby\":\"ｱﾗｲｼｮｳｺ\"},{\"role\":\"声\",\"title\":\"キンリー・カニンガム\",\"name\":\"川勝未来\",\"nameRuby\":\"ｶﾜｶﾂﾐﾗ\"},{\"role\":\"声\",\"title\":\"デイナ・スナイダー\",\"name\":\"飛田展男\",\"nameRuby\":\"ﾄﾋﾞﾀﾉﾌﾞｵ\"},{\"role\":\"声\",\"title\":\"スティーブ役\",\"name\":\"矢島晶子\",\"nameRuby\":\"ﾔｼﾞﾏｱｷｺ\"},{\"role\":\"製作総指揮\",\"name\":\"ジェド・スピンガーン\",\"nameRuby\":\"ｼﾞｪﾄﾞ･ｽﾋﾟﾝｶﾞｰﾝ\"},{\"role\":\"製作総指揮\",\"name\":\"ショーン・Ｗ・カニンガム\",\"nameRuby\":\"ｼｮｰﾝ･W･ｶﾆﾝｶﾞﾑ\"},{\"role\":\"製作総指揮\",\"name\":\"マーク・ドウォーキン\",\"nameRuby\":\"ﾏｰｸ･ﾄﾞｳｫｰｷﾝ\"},{\"role\":\"製作総指揮\",\"name\":\"キーラ・コサリン\",\"nameRuby\":\"ｷｰﾗ･ｺｻﾘﾝ\"},{\"role\":\"製作総指揮\",\"name\":\"ジャック・グリフォ\",\"nameRuby\":\"ｼﾞｬｯｸ･ｸﾞﾘﾌｫ\"},{\"role\":\"脚本\",\"name\":\"ダン・セラフィン\",\"nameRuby\":\"ﾀﾞﾝ･ｾﾗﾌｨﾝ\"},{\"role\":\"演出\",\"name\":\"フィル・ルイス\",\"nameRuby\":\"ﾌｨﾙ･ﾙｲｽ\"}],\"musicList\":[]},\"publishedOn\":{\"type\":\"BroadcastService\",\"id\":\"bs-e1-130\",\"name\":\"NHK教育テレビジョン\",\"url\":\"https://api-local.ss.org.nhk/r8/t/broadcastservice/bs/e1-130.json\",\"broadcastDisplayName\":\"NHK Eテレ・東京\",\"videoFormat\":[\"2K\"],\"encodingFormat\":[\"video/X-arib-mpeg2\",\"audio/X-arib-mpeg2-aac\"],\"identifierGroup\":{\"serviceId\":\"e1\",\"serviceName\":\"NHK Eテレ1\",\"areaId\":\"130\",\"areaName\":\"東京\",\"channelId\":\"021\",\"channelKey\":\"2\",\"channelAreaName\":\"東京\",\"channelStationName\":\"首都圏\",\"shortenedName\":\"NHK Eテレ1\",\"shortenedDisplayName\":\"Eテレ\",\"multiChannelDisplayName\":\"Eテレ\"},\"logo\":{\"url\":\"https://imgu.web.nhk/common/broadcastservice/bs/e1/e1-logo.svg\",\"main\":{\"url\":\"https://imgu.web.nhk/common/broadcastservice/bs/e1/e1-logo_1080x1080.png\",\"width\":1080,\"height\":1080},\"medium\":{\"url\":\"https://imgu.web.nhk/common/broadcastservice/bs/e1/e1-logo_640x640.png\",\"width\":640,\"height\":640},\"small\":{\"url\":\"https://imgu.web.nhk/common/broadcastservice/bs/e1/e1-logo_200x200.png\",\"width\":200,\"height\":200}},\"eyecatch\":{\"url\":\"https://imgu.web.nhk/common/broadcastservice/bs/e1/e1-eyecatch.svg\",\"large\":{\"url\":\"https://imgu.web.nhk/common/broadcastservice/bs/e1/e1-eyecatch_3840x2160.png\",\"width\":3840,\"height\":2160},\"main\":{\"url\":\"https://imgu.web.nhk/common/broadcastservice/bs/e1/e1-eyecatch_1920x1080.png\",\"width\":1920,\"height\":1080},\"medium\":{\"url\":\"https://imgu.web.nhk/common/broadcastservice/bs/e1/e1-eyecatch_1280x720.png\",\"width\":1280,\"height\":720},\"small\":{\"url\":\"https://imgu.web.nhk/common/broadcastservice/bs/e1/e1-eyecatch_640x360.png\",\"width\":640,\"height\":360}},\"hero\":{\"url\":\"https://imgu.web.nhk/common/broadcastservice/bs/e1/e1-hero.svg\",\"main\":{\"url\":\"https://imgu.web.nhk/common/broadcastservice/bs/e1/e1-hero_1920x640.png\",\"width\":1920,\"height\":640},\"medium\":{\"url\":\"https://imgu.web.nhk/common/broadcastservice/bs/e1/e1-hero_1080x360.png\",\"width\":1080,\"height\":360}},\"badge9x4\":{\"url\":\"https://imgu.web.nhk/common/broadcastservice/bs/e1/e1-badge9x4.svg\",\"main\":{\"url\":\"https://imgu.web.nhk/common/broadcastservice/bs/e1/e1-badge9x4_360x160.png\",\"width\":360,\"height\":160},\"small\":{\"url\":\"https://imgu.web.nhk/common/broadcastservice/bs/e1/e1-badge9x4_180x80.png\",\"width\":180,\"height\":80}}}},\"eyecatch\":{\"large\":{\"url\":\"https://imgu.web.nhk/static/assets/images/tvepisode/te/K8GG9KRKYG/K8GG9KRKYG-eyecatch_721f05ad15192ec4a145d5fe892fb89a.jpg\",\"width\":3840,\"height\":2160},\"main\":{\"url\":\"https://imgu.web.nhk/static/assets/images/tvepisode/te/K8GG9KRKYG/K8GG9KRKYG-eyecatch_e228141e21808cfbfa61c29b8d7a4221.jpg\",\"width\":1920,\"height\":1080},\"medium\":{\"url\":\"https://imgu.web.nhk/static/assets/images/tvepisode/te/K8GG9KRKYG/K8GG9KRKYG-eyecatch_11ff7cc7ae66a1a87edcba1fc74f4a5d.jpg\",\"width\":1280,\"height\":720},\"small\":{\"url\":\"https://imgu.web.nhk/static/assets/images/tvepisode/te/K8GG9KRKYG/K8GG9KRKYG-eyecatch_4ccfd80c21f669fc79c52151c7cd9ff9.jpg\",\"width\":640,\"height\":360}},\"eyecatchList\":[{\"large\":{\"url\":\"https://imgu.web.nhk/static/assets/images/tvepisode/te/K8GG9KRKYG/K8GG9KRKYG-eyecatches_3a899a1029dbf00765bf555c747863b6.jpg\",\"width\":3840,\"height\":2160},\"main\":{\"url\":\"https://imgu.web.nhk/static/assets/images/tvepisode/te/K8GG9KRKYG/K8GG9KRKYG-eyecatches_90a40f85054509d0d520f872a0f4d34d.jpg\",\"width\":1920,\"height\":1080},\"medium\":{\"url\":\"https://imgu.web.nhk/static/assets/images/tvepisode/te/K8GG9KRKYG/K8GG9KRKYG-eyecatches_20d4a99d9045f2ee752c889593de033a.jpg\",\"width\":1280,\"height\":720},\"small\":{\"url\":\"https://imgu.web.nhk/static/assets/images/tvepisode/te/K8GG9KRKYG/K8GG9KRKYG-eyecatches_b9988176230adca8a6d7999d76bbcc8b.jpg\",\"width\":640,\"height\":360}},{\"large\":{\"url\":\"https://imgu.web.nhk/static/assets/images/tvepisode/te/K8GG9KRKYG/K8GG9KRKYG-eyecatches_08767b2fc81efa5394ca07400754a09b.jpg\",\"width\":3840,\"height\":2160},\"main\":{\"url\":\"https://imgu.web.nhk/static/assets/images/tvepisode/te/K8GG9KRKYG/K8GG9KRKYG-eyecatches_9578aa21767cafe8640f3a023c0846b2.jpg\",\"width\":1920,\"height\":1080},\"medium\":{\"url\":\"https://imgu.web.nhk/static/assets/images/tvepisode/te/K8GG9KRKYG/K8GG9KRKYG-eyecatches_c89dbe31f0baf0a95f02af272f0ec91c.jpg\",\"width\":1280,\"height\":720},\"small\":{\"url\":\"https://imgu.web.nhk/static/assets/images/tvepisode/te/K8GG9KRKYG/K8GG9KRKYG-eyecatches_22ec7f8672dc79801c828bf6eb29d8f8.jpg\",\"width\":640,\"height\":360}}],\"video\":[{\"id\":\"hskOriginal-e1-130-2026030811198\",\"name\":\"超能力ファミリー　サンダーマン　～秘密大作戦（１０）「スティーブのすべて」\",\"description\":\"ノーラが留学してさみしいビリーは、チームに新しいメンバーを加えようと提案する。ビリーが連れてきたスティーブは物知りだが、マシュマロを出せるというかわいいパワーしか持っていない。これではチームに入れられないと考えたマックスたちは、ビリーを傷つけないように、チームには７人までしか入れないとウソをついてスティーブを帰そうとするが、スティーブがとった手段とは…？\",\"url\":\"https://www.web.nhk/tv/an/thundermans-undercover/pl/series-tep-J5N1R29NKP/ep/K8GG9KRKYG\",\"identifierGroup\":{\"environmentId\":\"hskOriginal\",\"broadcastEventId\":\"e1-130-2026030811198\",\"serviceId\":\"e1\",\"streamType\":\"vod\"},\"detailedContentStatus\":{\"environmentId\":\"hskOriginal\",\"streamType\":\"vod\",\"contentStatus\":\"notyet\"},\"detailedVideoDescriptor\":\"https://simul.hsk.st.nhk/npd3/7fe1-0408/20260308/2bbe-1-1-85ae7a11111d35615999cf468b98f0fe/videoinfo-276c2c638ab53971ff1651ecf945677a.json\",\"expires\":\"2026-03-15T17:48:00+09:00\",\"duration\":\"PT23M\",\"startDate\":\"2026-03-08T17:25:00+09:00\",\"endDate\":\"2026-03-08T17:48:00+09:00\",\"isDivided\":false,\"publication\":[{\"id\":\"e1-130-2026030811198\",\"url\":\"https://api-local.ss.org.nhk/r8/t/broadcastevent/be/e1-130-2026030811198.json\",\"isLiveBroadcast\":true}],\"uploadDate\":\"2026-03-08T17:48:00+09:00\"}],\"citation\":[],\"detailedPinnedCitation\":[],\"sameAs\":[],\"correction\":[],\"url\":\"https://api-local.ss.org.nhk/r8/t/tvepisode/te/K8GG9KRKYG.json\",\"canonical\":\"https://www.web.nhk/tv/an/thundermans-undercover/pl/series-tep-J5N1R29NKP/ep/K8GG9KRKYG\",\"associatedMedia\":[],\"hasPart\":[],\"additionalProperty\":{\"episodeMergeStatus\":\"notMerged\"}},\"link\":{\"href\":\"https://www.web.nhk/tv/an/thundermans-undercover/pl/series-tep-J5N1R29NKP/ep/K8GG9KRKYG\"}}],\"$L61\",\"$L62\",\"$L63\",\"$L64\",\"$L65\",\"$L66\",\"$L67\",\"$L68\",\"$L69\"]}]]}]\n"])</script><script>self.__next_f.push([1,"38:[\"$\",\"$L6a\",null,{\"size\":10,\"offset\":0,\"totalCount\":7}]\n"])</script><script>self.__next_f.push([1,"3b:[\"$\",\"$L2a\",\"GPMJM53Z8Q\",{\"content\":{\"type\":\"TVEpisode\",\"id\":\"GPMJM53Z8Q\",\"name\":\"シリーズ3 (3)小芝風花主演・警察コメディー\",\"detailedEpisodeNameRuby\":\"\",\"identifierGroup\":{\"tvEpisodeId\":\"GPMJM53Z8Q\",\"tvSeriesId\":\"R6ZNL4MY77\",\"tvEpisodeName\":\"シリーズ3 (3)小芝風花主演・警察コメディー\",\"tvSeriesName\":\"【夜ドラ】事件は、その周りで起きている\",\"hashtag\":[],\"siteId\":\"7794\",\"serviceId\":[\"g1\",\"g2\"],\"formatGenreTag\":[{\"id\":\"03\",\"name\":\"ドラマ\"}],\"themeGenreTag\":[{\"id\":\"031\",\"name\":\"国内ドラマ\"}]},\"keyword\":[],\"description\":\"新月署の刑事たちが夢中のドラマ「刑事二階堂」で、主人公を演じる椎名耀司（向井理）が役作りの取材で署にやってきた。浮足立つ一同。二階堂刑事の決め台詞「グッジョブ」を生で聞きたいと、あの手この手で引き出そうとする。だが真野（小芝風花）と谷崎（北村有起哉）は舞い上がってしまい空回り。宇田川（笠松将）と向田（倉科カナ）もタイミングをことごとく逃す。果たして、生の「グッジョブ」は聴けるのか！？\",\"dateCreated\":\"2026-02-07T18:30:04+09:00\",\"dateModified\":\"2026-03-04T04:40:46+09:00\",\"actor\":[],\"contributor\":[],\"partOfSeries\":{\"id\":\"R6ZNL4MY77\",\"name\":\"【夜ドラ】事件は、その周りで起きている\",\"detailedSeriesNameRuby\":\"じけんは　そのまわりでおきている\",\"identifierGroup\":{\"tvSeriesId\":\"R6ZNL4MY77\",\"tvSeriesPlaylistId\":\"series-tep-R6ZNL4MY77\",\"tvSeriesUId\":\"peb7a35e1-facd-578d-9e66-001520c0a863\",\"tvSeriesName\":\"【夜ドラ】事件は、その周りで起きている\",\"hashtag\":[],\"siteId\":\"7794\",\"serviceId\":[\"g1\",\"g2\"],\"formatGenre\":[{\"id\":\"03\",\"name\":\"ドラマ\"}]},\"keyword\":[\"LIFE\",\"新感覚\",\"1話15分\",\"警察署・新月署\",\"コメディードラマ\",\"宇宙人総理\",\"総合演出\",\"小事件\",\"小室玲子\",\"小芝風花\",\"倉科カナ\",\"倉持裕\",\"笠松将\",\"中野周平\",\"完全オリジナル脚本\",\"北村有起哉\",\"蛙亭\",\"西川毅\",\"池谷のぶえ\",\"キムラ緑子\"],\"detailedSynonym\":[],\"sameAs\":[],\"canonical\":\"https://www.web.nhk/tv/pl/series-tep-R6ZNL4MY77\",\"description\":\"コント番組「LIFE！」スタッフが制作するシチュエーションコメディー「事件は、その周りで起きている」。\\n舞台はとある地方の小さな警察署・新月署（しんげつしょ）。刑事ものだけど、事件を一切解決しない。事件のまわりで起きるトラブル、“小事件”にスポットを当てた新感覚の１話完結15分のコメディー。\\n\\n■出演：小芝風花 笠松将 中野周平（蛙亭） 倉科カナ 北村有起哉／シリーズ3 ゲスト： 向井 理\\n■脚本：倉持裕\\n※「LIFE！」の人気キャラクターを数々生んだ倉持裕の完全オリジナル脚本\\n■演出：西川毅　※ＬＩＦＥ！総合演出\\n\",\"logo\":{\"main\":{\"url\":\"https://imgu.web.nhk/static/assets/images/tvseries/ts/R6ZNL4MY77/R6ZNL4MY77-logo_010553e34314ed3eaae5ee4f0fcd1ba6.jpg\",\"width\":1080,\"height\":1080},\"medium\":{\"url\":\"https://imgu.web.nhk/static/assets/images/tvseries/ts/R6ZNL4MY77/R6ZNL4MY77-logo_84ad8b93cf5d578fe060a3f7314f70c8.jpg\",\"width\":640,\"height\":640},\"small\":{\"url\":\"https://imgu.web.nhk/static/assets/images/tvseries/ts/R6ZNL4MY77/R6ZNL4MY77-logo_ae6897cabe75a4f78122da5f3657bef5.jpg\",\"width\":200,\"height\":200}},\"eyecatch\":{\"large\":{\"url\":\"https://imgu.web.nhk/static/assets/images/tvseries/ts/R6ZNL4MY77/R6ZNL4MY77-eyecatch_dd47dec7aa1bac3d2ba8f17718df8820.jpg\",\"width\":3840,\"height\":2160},\"main\":{\"url\":\"https://imgu.web.nhk/static/assets/images/tvseries/ts/R6ZNL4MY77/R6ZNL4MY77-eyecatch_4cb30049e34bd2a80aeed50c3cca542d.jpg\",\"width\":1920,\"height\":1080},\"medium\":{\"url\":\"https://imgu.web.nhk/static/assets/images/tvseries/ts/R6ZNL4MY77/R6ZNL4MY77-eyecatch_74a3e9cc9110082f4a50f5583b4e33e3.jpg\",\"width\":1280,\"height\":720},\"small\":{\"url\":\"https://imgu.web.nhk/static/assets/images/tvseries/ts/R6ZNL4MY77/R6ZNL4MY77-eyecatch_974ebe51818b4d8ed838b965facf11d8.jpg\",\"width\":640,\"height\":360}},\"hero\":{\"main\":{\"url\":\"https://imgu.web.nhk/static/assets/images/tvseries/ts/R6ZNL4MY77/R6ZNL4MY77-hero_5e0dd42bf16b54843c1b00be7d630c82.jpg\",\"width\":1920,\"height\":640},\"medium\":{\"url\":\"https://imgu.web.nhk/static/assets/images/tvseries/ts/R6ZNL4MY77/R6ZNL4MY77-hero_117d570d62a32daa7c6a43f7ac239c7c.jpg\",\"width\":1080,\"height\":360}},\"style\":{\"textLight\":\"#000000\",\"textDark\":\"#FFFFFF\",\"linkLight\":\"#E72400\",\"linkDark\":\"#FF4928\",\"primaryLight\":\"#FF2800\",\"primaryDark\":\"#FF2800\"},\"additionalProperty\":{\"publishLevel\":\"full\",\"layoutPattern\":\"summary\",\"episodeOrderBy\":\"releasedEvent\",\"availableOnPlus\":false,\"enableVariablePlayBackSpeedControl\":false,\"optional\":[],\"seriesPackStatus\":\"notPacked\",\"supportMedia\":[\"@screen\"],\"supportMusicList\":true,\"supportPlusEmbed\":true,\"enableWebContent\":false},\"url\":\"https://api-local.ss.org.nhk/r8/t/nplaylist/pl/series-tep-R6ZNL4MY77.json\",\"itemUrl\":\"https://api-local.ss.org.nhk/r8/l/tvepisode/pl/series-tep-R6ZNL4MY77.json\"},\"releasedEvent\":{\"id\":\"g1-130-2026031112503\",\"startDate\":\"2026-03-11T22:45:00+09:00\",\"displayStartDate\":\"2026-03-11T22:45:00+09:00\",\"endDate\":\"2026-03-11T23:00:00+09:00\",\"publishedOn\":{\"type\":\"BroadcastService\",\"id\":\"bs-g1-130\",\"name\":\"NHK総合テレビジョン\",\"url\":\"https://api-local.ss.org.nhk/r8/t/broadcastservice/bs/g1-130.json\",\"broadcastDisplayName\":\"NHK総合・東京\",\"videoFormat\":[\"2K\"],\"encodingFormat\":[\"video/X-arib-mpeg2\",\"audio/X-arib-mpeg2-aac\"],\"identifierGroup\":{\"serviceId\":\"g1\",\"serviceName\":\"NHK総合1\",\"areaId\":\"130\",\"areaName\":\"東京\",\"channelId\":\"011\",\"channelKey\":\"1\",\"channelAreaName\":\"東京\",\"channelStationName\":\"首都圏\",\"shortenedName\":\"NHK総合1\",\"shortenedDisplayName\":\"総合\",\"multiChannelDisplayName\":\"総合\"},\"logo\":{\"url\":\"https://imgu.web.nhk/common/broadcastservice/bs/g1/g1-logo.svg\",\"main\":{\"url\":\"https://imgu.web.nhk/common/broadcastservice/bs/g1/g1-logo_1080x1080.png\",\"width\":1080,\"height\":1080},\"medium\":{\"url\":\"https://imgu.web.nhk/common/broadcastservice/bs/g1/g1-logo_640x640.png\",\"width\":640,\"height\":640},\"small\":{\"url\":\"https://imgu.web.nhk/common/broadcastservice/bs/g1/g1-logo_200x200.png\",\"width\":200,\"height\":200}},\"eyecatch\":{\"url\":\"https://imgu.web.nhk/common/broadcastservice/bs/g1/g1-eyecatch.svg\",\"large\":{\"url\":\"https://imgu.web.nhk/common/broadcastservice/bs/g1/g1-eyecatch_3840x2160.png\",\"width\":3840,\"height\":2160},\"main\":{\"url\":\"https://imgu.web.nhk/common/broadcastservice/bs/g1/g1-eyecatch_1920x1080.png\",\"width\":1920,\"height\":1080},\"medium\":{\"url\":\"https://imgu.web.nhk/common/broadcastservice/bs/g1/g1-eyecatch_1280x720.png\",\"width\":1280,\"height\":720},\"small\":{\"url\":\"https://imgu.web.nhk/common/broadcastservice/bs/g1/g1-eyecatch_640x360.png\",\"width\":640,\"height\":360}},\"hero\":{\"url\":\"https://imgu.web.nhk/common/broadcastservice/bs/g1/g1-hero.svg\",\"main\":{\"url\":\"https://imgu.web.nhk/common/broadcastservice/bs/g1/g1-hero_1920x640.png\",\"width\":1920,\"height\":640},\"medium\":{\"url\":\"https://imgu.web.nhk/common/broadcastservice/bs/g1/g1-hero_1080x360.png\",\"width\":1080,\"height\":360}},\"badge9x4\":{\"url\":\"https://imgu.web.nhk/common/broadcastservice/bs/g1/g1-badge9x4.svg\",\"main\":{\"url\":\"https://imgu.web.nhk/common/broadcastservice/bs/g1/g1-badge9x4_360x160.png\",\"width\":360,\"height\":160},\"small\":{\"url\":\"https://imgu.web.nhk/common/broadcastservice/bs/g1/g1-badge9x4_180x80.png\",\"width\":180,\"height\":80}}}},\"detailedRecentEvent\":{\"id\":\"g1-130-2026031112503\",\"startDate\":\"2026-03-11T22:45:00+09:00\",\"endDate\":\"2026-03-11T23:00:00+09:00\",\"identifierGroup\":{\"broadcastEventId\":\"g1-130-2026031112503\",\"serviceId\":\"g1\",\"areaId\":\"130\",\"stationId\":\"001\",\"date\":\"2026-03-11\",\"eventId\":\"12503\",\"genre\":[{\"id\":\"0300\",\"name1\":\"ドラマ\",\"name2\":\"国内ドラマ\"}],\"onid\":\"7fe0\",\"sid\":\"0400\",\"tsid\":\"7fe0\"},\"misc\":{\"displayVideoMode\":\"none\",\"displayVideoRange\":\"sdr\",\"displayAudioMode\":[\"kaisetsu\"],\"audioMode\":[\"stereoKaisetsu\"],\"supportCaption\":true,\"supportSign\":false,\"supportHybridcast\":false,\"supportDataBroadcast\":false,\"isInteractive\":false,\"isChangeable\":false,\"releaseLevel\":\"original\",\"programType\":\"program\",\"coverage\":\"nationwide\",\"actList\":[{\"role\":\"出演\",\"name\":\"小芝風花\",\"nameRuby\":\"ｺｼﾊﾞﾌｳｶ\"},{\"role\":\"出演\",\"name\":\"笠松将\",\"nameRuby\":\"ｶｻﾏﾂｼｮｳ\"},{\"role\":\"出演\",\"name\":\"中野周平\",\"nameRuby\":\"ﾅｶﾉｼｭｳﾍｲ\"},{\"role\":\"出演\",\"name\":\"向井理\",\"nameRuby\":\"ﾑｶｲｵｻﾑ\"},{\"role\":\"出演\",\"name\":\"倉科カナ\",\"nameRuby\":\"ｸﾗｼﾅｶﾅ\"},{\"role\":\"出演\",\"name\":\"北村有起哉\",\"nameRuby\":\"ｷﾀﾑﾗﾕｷﾔ\"},{\"role\":\"原作\",\"name\":\"倉持裕\",\"nameRuby\":\"ｸﾗﾓﾁﾕﾀｶ\"}],\"musicList\":[]},\"publishedOn\":{\"type\":\"BroadcastService\",\"id\":\"bs-g1-130\",\"name\":\"NHK総合テレビジョン\",\"url\":\"https://api-local.ss.org.nhk/r8/t/broadcastservice/bs/g1-130.json\",\"broadcastDisplayName\":\"NHK総合・東京\",\"videoFormat\":[\"2K\"],\"encodingFormat\":[\"video/X-arib-mpeg2\",\"audio/X-arib-mpeg2-aac\"],\"identifierGroup\":{\"serviceId\":\"g1\",\"serviceName\":\"NHK総合1\",\"areaId\":\"130\",\"areaName\":\"東京\",\"channelId\":\"011\",\"channelKey\":\"1\",\"channelAreaName\":\"東京\",\"channelStationName\":\"首都圏\",\"shortenedName\":\"NHK総合1\",\"shortenedDisplayName\":\"総合\",\"multiChannelDisplayName\":\"総合\"},\"logo\":{\"url\":\"https://imgu.web.nhk/common/broadcastservice/bs/g1/g1-logo.svg\",\"main\":{\"url\":\"https://imgu.web.nhk/common/broadcastservice/bs/g1/g1-logo_1080x1080.png\",\"width\":1080,\"height\":1080},\"medium\":{\"url\":\"https://imgu.web.nhk/common/broadcastservice/bs/g1/g1-logo_640x640.png\",\"width\":640,\"height\":640},\"small\":{\"url\":\"https://imgu.web.nhk/common/broadcastservice/bs/g1/g1-logo_200x200.png\",\"width\":200,\"height\":200}},\"eyecatch\":{\"url\":\"https://imgu.web.nhk/common/broadcastservice/bs/g1/g1-eyecatch.svg\",\"large\":{\"url\":\"https://imgu.web.nhk/common/broadcastservice/bs/g1/g1-eyecatch_3840x2160.png\",\"width\":3840,\"height\":2160},\"main\":{\"url\":\"https://imgu.web.nhk/common/broadcastservice/bs/g1/g1-eyecatch_1920x1080.png\",\"width\":1920,\"height\":1080},\"medium\":{\"url\":\"https://imgu.web.nhk/common/broadcastservice/bs/g1/g1-eyecatch_1280x720.png\",\"width\":1280,\"height\":720},\"small\":{\"url\":\"https://imgu.web.nhk/common/broadcastservice/bs/g1/g1-eyecatch_640x360.png\",\"width\":640,\"height\":360}},\"hero\":{\"url\":\"https://imgu.web.nhk/common/broadcastservice/bs/g1/g1-hero.svg\",\"main\":{\"url\":\"https://imgu.web.nhk/common/broadcastservice/bs/g1/g1-hero_1920x640.png\",\"width\":1920,\"height\":640},\"medium\":{\"url\":\"https://imgu.web.nhk/common/broadcastservice/bs/g1/g1-hero_1080x360.png\",\"width\":1080,\"height\":360}},\"badge9x4\":{\"url\":\"https://imgu.web.nhk/common/broadcastservice/bs/g1/g1-badge9x4.svg\",\"main\":{\"url\":\"https://imgu.web.nhk/common/broadcastservice/bs/g1/g1-badge9x4_360x160.png\",\"width\":360,\"height\":160},\"small\":{\"url\":\"https://imgu.web.nhk/common/broadcastservice/bs/g1/g1-badge9x4_180x80.png\",\"width\":180,\"height\":80}}}},\"detailedComingEvent\":{\"id\":\"g1-130-2026031112503\",\"startDate\":\"2026-03-11T22:45:00+09:00\",\"endDate\":\"2026-03-11T23:00:00+09:00\",\"identifierGroup\":{\"broadcastEventId\":\"g1-130-2026031112503\",\"serviceId\":\"g1\",\"areaId\":\"130\",\"stationId\":\"001\",\"date\":\"2026-03-11\",\"eventId\":\"12503\",\"genre\":[{\"id\":\"0300\",\"name1\":\"ドラマ\",\"name2\":\"国内ドラマ\"}],\"onid\":\"7fe0\",\"sid\":\"0400\",\"tsid\":\"7fe0\"},\"misc\":{\"displayVideoMode\":\"none\",\"displayVideoRange\":\"sdr\",\"displayAudioMode\":[\"kaisetsu\"],\"audioMode\":[\"stereoKaisetsu\"],\"supportCaption\":true,\"supportSign\":false,\"supportHybridcast\":false,\"supportDataBroadcast\":false,\"isInteractive\":false,\"isChangeable\":false,\"releaseLevel\":\"original\",\"programType\":\"program\",\"coverage\":\"nationwide\",\"actList\":[{\"role\":\"出演\",\"name\":\"小芝風花\",\"nameRuby\":\"ｺｼﾊﾞﾌｳｶ\"},{\"role\":\"出演\",\"name\":\"笠松将\",\"nameRuby\":\"ｶｻﾏﾂｼｮｳ\"},{\"role\":\"出演\",\"name\":\"中野周平\",\"nameRuby\":\"ﾅｶﾉｼｭｳﾍｲ\"},{\"role\":\"出演\",\"name\":\"向井理\",\"nameRuby\":\"ﾑｶｲｵｻﾑ\"},{\"role\":\"出演\",\"name\":\"倉科カナ\",\"nameRuby\":\"ｸﾗｼﾅｶﾅ\"},{\"role\":\"出演\",\"name\":\"北村有起哉\",\"nameRuby\":\"ｷﾀﾑﾗﾕｷﾔ\"},{\"role\":\"原作\",\"name\":\"倉持裕\",\"nameRuby\":\"ｸﾗﾓﾁﾕﾀｶ\"}],\"musicList\":[]},\"publishedOn\":{\"type\":\"BroadcastService\",\"id\":\"bs-g1-130\",\"name\":\"NHK総合テレビジョン\",\"url\":\"https://api-local.ss.org.nhk/r8/t/broadcastservice/bs/g1-130.json\",\"broadcastDisplayName\":\"NHK総合・東京\",\"videoFormat\":[\"2K\"],\"encodingFormat\":[\"video/X-arib-mpeg2\",\"audio/X-arib-mpeg2-aac\"],\"identifierGroup\":{\"serviceId\":\"g1\",\"serviceName\":\"NHK総合1\",\"areaId\":\"130\",\"areaName\":\"東京\",\"channelId\":\"011\",\"channelKey\":\"1\",\"channelAreaName\":\"東京\",\"channelStationName\":\"首都圏\",\"shortenedName\":\"NHK総合1\",\"shortenedDisplayName\":\"総合\",\"multiChannelDisplayName\":\"総合\"},\"logo\":{\"url\":\"https://imgu.web.nhk/common/broadcastservice/bs/g1/g1-logo.svg\",\"main\":{\"url\":\"https://imgu.web.nhk/common/broadcastservice/bs/g1/g1-logo_1080x1080.png\",\"width\":1080,\"height\":1080},\"medium\":{\"url\":\"https://imgu.web.nhk/common/broadcastservice/bs/g1/g1-logo_640x640.png\",\"width\":640,\"height\":640},\"small\":{\"url\":\"https://imgu.web.nhk/common/broadcastservice/bs/g1/g1-logo_200x200.png\",\"width\":200,\"height\":200}},\"eyecatch\":{\"url\":\"https://imgu.web.nhk/common/broadcastservice/bs/g1/g1-eyecatch.svg\",\"large\":{\"url\":\"https://imgu.web.nhk/common/broadcastservice/bs/g1/g1-eyecatch_3840x2160.png\",\"width\":3840,\"height\":2160},\"main\":{\"url\":\"https://imgu.web.nhk/common/broadcastservice/bs/g1/g1-eyecatch_1920x1080.png\",\"width\":1920,\"height\":1080},\"medium\":{\"url\":\"https://imgu.web.nhk/common/broadcastservice/bs/g1/g1-eyecatch_1280x720.png\",\"width\":1280,\"height\":720},\"small\":{\"url\":\"https://imgu.web.nhk/common/broadcastservice/bs/g1/g1-eyecatch_640x360.png\",\"width\":640,\"height\":360}},\"hero\":{\"url\":\"https://imgu.web.nhk/common/broadcastservice/bs/g1/g1-hero.svg\",\"main\":{\"url\":\"https://imgu.web.nhk/common/broadcastservice/bs/g1/g1-hero_1920x640.png\",\"width\":1920,\"height\":640},\"medium\":{\"url\":\"https://imgu.web.nhk/common/broadcastservice/bs/g1/g1-hero_1080x360.png\",\"width\":1080,\"height\":360}},\"badge9x4\":{\"url\":\"https://imgu.web.nhk/common/broadcastservice/bs/g1/g1-badge9x4.svg\",\"main\":{\"url\":\"https://imgu.web.nhk/common/broadcastservice/bs/g1/g1-badge9x4_360x160.png\",\"width\":360,\"height\":160},\"small\":{\"url\":\"https://imgu.web.nhk/common/broadcastservice/bs/g1/g1-badge9x4_180x80.png\",\"width\":180,\"height\":80}}}},\"eyecatch\":{\"large\":{\"url\":\"https://imgu.web.nhk/static/assets/images/tvepisode/te/GPMJM53Z8Q/GPMJM53Z8Q-eyecatch_972d1feafee116b8a21d13feefa8bbb3.png\",\"width\":3840,\"height\":2160},\"main\":{\"url\":\"https://imgu.web.nhk/static/assets/images/tvepisode/te/GPMJM53Z8Q/GPMJM53Z8Q-eyecatch_f160f495288ebe58c93aeaa38dd709a3.png\",\"width\":1920,\"height\":1080},\"medium\":{\"url\":\"https://imgu.web.nhk/static/assets/images/tvepisode/te/GPMJM53Z8Q/GPMJM53Z8Q-eyecatch_83d194d07df6b1b77337ffb84772adb2.png\",\"width\":1280,\"height\":720},\"small\":{\"url\":\"https://imgu.web.nhk/static/assets/images/tvepisode/te/GPMJM53Z8Q/GPMJM53Z8Q-eyecatch_1cb056e99bd40651355e77a740a0672f.png\",\"width\":640,\"height\":360}},\"eyecatchList\":[],\"video\":[{\"id\":\"hskOriginal-g1-130-2026031112503\",\"name\":\"事件は、その周りで起きている　シリーズ３（３）小芝風花主演・警察コメディー\",\"description\":\"新月署の刑事たちが夢中のドラマ「刑事二階堂」で、主人公を演じる椎名耀司（向井理）が役作りの取材で署にやってきた。浮足立つ一同。二階堂刑事の決め台詞「グッジョブ」を生で聞きたいと、あの手この手で引き出そうとする。だが真野（小芝風花）と谷崎（北村有起哉）は舞い上がってしまい空回り。宇田川（笠松将）と向田（倉科カナ）もタイミングをことごとく逃す。果たして、生の「グッジョブ」は聴けるのか！？\",\"url\":\"https://www.web.nhk/tv/pl/series-tep-R6ZNL4MY77/ep/GPMJM53Z8Q\",\"identifierGroup\":{\"environmentId\":\"hskOriginal\",\"broadcastEventId\":\"g1-130-2026031112503\",\"serviceId\":\"g1\",\"streamType\":\"vod\"},\"detailedContentStatus\":{\"environmentId\":\"hskOriginal\",\"streamType\":\"vod\",\"contentStatus\":\"notyet\"},\"detailedVideoDescriptor\":\"https://simul.hsk.st.nhk/npd3/7fe0-0400/20260311/30d7-1-1-e7a5c42191c64e3adea4b205ef67dde1/videoinfo-518e1036724f136bb147d85a24927189.json\",\"expires\":\"2026-03-18T23:00:00+09:00\",\"duration\":\"PT15M\",\"startDate\":\"2026-03-11T22:45:00+09:00\",\"endDate\":\"2026-03-11T23:00:00+09:00\",\"isDivided\":false,\"publication\":[{\"id\":\"g1-130-2026031112503\",\"url\":\"https://api-local.ss.org.nhk/r8/t/broadcastevent/be/g1-130-2026031112503.json\",\"isLiveBroadcast\":true}],\"uploadDate\":\"2026-03-11T23:00:00+09:00\"}],\"citation\":[],\"detailedPinnedCitation\":[],\"sameAs\":[],\"correction\":[],\"url\":\"https://api-local.ss.org.nhk/r8/t/tvepisode/te/GPMJM53Z8Q.json\",\"canonical\":\"https://www.web.nhk/tv/pl/series-tep-R6ZNL4MY77/ep/GPMJM53Z8Q\",\"associatedMedia\":[],\"hasPart\":[],\"additionalProperty\":{\"episodeMergeStatus\":\"notMerged\"}},\"link\":{\"href\":\"https://www.web.nhk/tv/pl/series-tep-R6ZNL4MY77/ep/GPMJM53Z8Q\"}}]\n"])</script><script>self.__next_f.push([1,"3c:[\"$\",\"$L2a\",\"NLY5MZ8K5L\",{\"content\":{\"type\":\"TVEpisode\",\"id\":\"NLY5MZ8K5L\",\"name\":\"シリーズ3 (2)小芝風花主演・警察コメディー\",\"detailedEpisodeNameRuby\":\"\",\"identifierGroup\":{\"tvEpisodeId\":\"NLY5MZ8K5L\",\"tvSeriesId\":\"R6ZNL4MY77\",\"tvEpisodeName\":\"シリーズ3 (2)小芝風花主演・警察コメディー\",\"tvSeriesName\":\"【夜ドラ】事件は、その周りで起きている\",\"hashtag\":[],\"siteId\":\"7794\",\"serviceId\":[\"g1\",\"g2\"],\"formatGenreTag\":[{\"id\":\"03\",\"name\":\"ドラマ\"}],\"themeGenreTag\":[{\"id\":\"031\",\"name\":\"国内ドラマ\"}]},\"keyword\":[],\"description\":\"向田（倉科カナ）がある事件の犯行現場から、本部の科捜研も見つけられていない足跡を発見した。犯人のものであれば本部の鼻を明かすことができると、向田と真野（小芝風花）は気炎を上げて足跡の特定にのめりこむ。一方、谷崎警部（北村有起哉）の様子がおかしい。宇田川（笠松将）が谷崎を追求すると、その足跡は谷崎が誤ってつけたものだと“自白”した。谷崎はその真実を、向田と真野になかなか告げられず…\",\"dateCreated\":\"2026-02-07T18:30:04+09:00\",\"dateModified\":\"2026-03-03T04:35:00+09:00\",\"actor\":[],\"contributor\":[],\"partOfSeries\":{\"id\":\"R6ZNL4MY77\",\"name\":\"【夜ドラ】事件は、その周りで起きている\",\"detailedSeriesNameRuby\":\"じけんは　そのまわりでおきている\",\"identifierGroup\":{\"tvSeriesId\":\"R6ZNL4MY77\",\"tvSeriesPlaylistId\":\"series-tep-R6ZNL4MY77\",\"tvSeriesUId\":\"peb7a35e1-facd-578d-9e66-001520c0a863\",\"tvSeriesName\":\"【夜ドラ】事件は、その周りで起きている\",\"hashtag\":[],\"siteId\":\"7794\",\"serviceId\":[\"g1\",\"g2\"],\"formatGenre\":[{\"id\":\"03\",\"name\":\"ドラマ\"}]},\"keyword\":[\"LIFE\",\"新感覚\",\"1話15分\",\"警察署・新月署\",\"コメディードラマ\",\"宇宙人総理\",\"総合演出\",\"小事件\",\"小室玲子\",\"小芝風花\",\"倉科カナ\",\"倉持裕\",\"笠松将\",\"中野周平\",\"完全オリジナル脚本\",\"北村有起哉\",\"蛙亭\",\"西川毅\",\"池谷のぶえ\",\"キムラ緑子\"],\"detailedSynonym\":[],\"sameAs\":[],\"canonical\":\"https://www.web.nhk/tv/pl/series-tep-R6ZNL4MY77\",\"description\":\"コント番組「LIFE！」スタッフが制作するシチュエーションコメディー「事件は、その周りで起きている」。\\n舞台はとある地方の小さな警察署・新月署（しんげつしょ）。刑事ものだけど、事件を一切解決しない。事件のまわりで起きるトラブル、“小事件”にスポットを当てた新感覚の１話完結15分のコメディー。\\n\\n■出演：小芝風花 笠松将 中野周平（蛙亭） 倉科カナ 北村有起哉／シリーズ3 ゲスト： 向井 理\\n■脚本：倉持裕\\n※「LIFE！」の人気キャラクターを数々生んだ倉持裕の完全オリジナル脚本\\n■演出：西川毅　※ＬＩＦＥ！総合演出\\n\",\"logo\":{\"main\":{\"url\":\"https://imgu.web.nhk/static/assets/images/tvseries/ts/R6ZNL4MY77/R6ZNL4MY77-logo_010553e34314ed3eaae5ee4f0fcd1ba6.jpg\",\"width\":1080,\"height\":1080},\"medium\":{\"url\":\"https://imgu.web.nhk/static/assets/images/tvseries/ts/R6ZNL4MY77/R6ZNL4MY77-logo_84ad8b93cf5d578fe060a3f7314f70c8.jpg\",\"width\":640,\"height\":640},\"small\":{\"url\":\"https://imgu.web.nhk/static/assets/images/tvseries/ts/R6ZNL4MY77/R6ZNL4MY77-logo_ae6897cabe75a4f78122da5f3657bef5.jpg\",\"width\":200,\"height\":200}},\"eyecatch\":{\"large\":{\"url\":\"https://imgu.web.nhk/static/assets/images/tvseries/ts/R6ZNL4MY77/R6ZNL4MY77-eyecatch_dd47dec7aa1bac3d2ba8f17718df8820.jpg\",\"width\":3840,\"height\":2160},\"main\":{\"url\":\"https://imgu.web.nhk/static/assets/images/tvseries/ts/R6ZNL4MY77/R6ZNL4MY77-eyecatch_4cb30049e34bd2a80aeed50c3cca542d.jpg\",\"width\":1920,\"height\":1080},\"medium\":{\"url\":\"https://imgu.web.nhk/static/assets/images/tvseries/ts/R6ZNL4MY77/R6ZNL4MY77-eyecatch_74a3e9cc9110082f4a50f5583b4e33e3.jpg\",\"width\":1280,\"height\":720},\"small\":{\"url\":\"https://imgu.web.nhk/static/assets/images/tvseries/ts/R6ZNL4MY77/R6ZNL4MY77-eyecatch_974ebe51818b4d8ed838b965facf11d8.jpg\",\"width\":640,\"height\":360}},\"hero\":{\"main\":{\"url\":\"https://imgu.web.nhk/static/assets/images/tvseries/ts/R6ZNL4MY77/R6ZNL4MY77-hero_5e0dd42bf16b54843c1b00be7d630c82.jpg\",\"width\":1920,\"height\":640},\"medium\":{\"url\":\"https://imgu.web.nhk/static/assets/images/tvseries/ts/R6ZNL4MY77/R6ZNL4MY77-hero_117d570d62a32daa7c6a43f7ac239c7c.jpg\",\"width\":1080,\"height\":360}},\"style\":{\"textLight\":\"#000000\",\"textDark\":\"#FFFFFF\",\"linkLight\":\"#E72400\",\"linkDark\":\"#FF4928\",\"primaryLight\":\"#FF2800\",\"primaryDark\":\"#FF2800\"},\"additionalProperty\":{\"publishLevel\":\"full\",\"layoutPattern\":\"summary\",\"episodeOrderBy\":\"releasedEvent\",\"availableOnPlus\":false,\"enableVariablePlayBackSpeedControl\":false,\"optional\":[],\"seriesPackStatus\":\"notPacked\",\"supportMedia\":[\"@screen\"],\"supportMusicList\":true,\"supportPlusEmbed\":true,\"enableWebContent\":false},\"url\":\"https://api-local.ss.org.nhk/r8/t/nplaylist/pl/series-tep-R6ZNL4MY77.json\",\"itemUrl\":\"https://api-local.ss.org.nhk/r8/l/tvepisode/pl/series-tep-R6ZNL4MY77.json\"},\"releasedEvent\":{\"id\":\"g1-130-2026031012167\",\"startDate\":\"2026-03-10T22:45:00+09:00\",\"displayStartDate\":\"2026-03-10T22:45:00+09:00\",\"endDate\":\"2026-03-10T23:00:00+09:00\",\"publishedOn\":{\"type\":\"BroadcastService\",\"id\":\"bs-g1-130\",\"name\":\"NHK総合テレビジョン\",\"url\":\"https://api-local.ss.org.nhk/r8/t/broadcastservice/bs/g1-130.json\",\"broadcastDisplayName\":\"NHK総合・東京\",\"videoFormat\":[\"2K\"],\"encodingFormat\":[\"video/X-arib-mpeg2\",\"audio/X-arib-mpeg2-aac\"],\"identifierGroup\":{\"serviceId\":\"g1\",\"serviceName\":\"NHK総合1\",\"areaId\":\"130\",\"areaName\":\"東京\",\"channelId\":\"011\",\"channelKey\":\"1\",\"channelAreaName\":\"東京\",\"channelStationName\":\"首都圏\",\"shortenedName\":\"NHK総合1\",\"shortenedDisplayName\":\"総合\",\"multiChannelDisplayName\":\"総合\"},\"logo\":{\"url\":\"https://imgu.web.nhk/common/broadcastservice/bs/g1/g1-logo.svg\",\"main\":{\"url\":\"https://imgu.web.nhk/common/broadcastservice/bs/g1/g1-logo_1080x1080.png\",\"width\":1080,\"height\":1080},\"medium\":{\"url\":\"https://imgu.web.nhk/common/broadcastservice/bs/g1/g1-logo_640x640.png\",\"width\":640,\"height\":640},\"small\":{\"url\":\"https://imgu.web.nhk/common/broadcastservice/bs/g1/g1-logo_200x200.png\",\"width\":200,\"height\":200}},\"eyecatch\":{\"url\":\"https://imgu.web.nhk/common/broadcastservice/bs/g1/g1-eyecatch.svg\",\"large\":{\"url\":\"https://imgu.web.nhk/common/broadcastservice/bs/g1/g1-eyecatch_3840x2160.png\",\"width\":3840,\"height\":2160},\"main\":{\"url\":\"https://imgu.web.nhk/common/broadcastservice/bs/g1/g1-eyecatch_1920x1080.png\",\"width\":1920,\"height\":1080},\"medium\":{\"url\":\"https://imgu.web.nhk/common/broadcastservice/bs/g1/g1-eyecatch_1280x720.png\",\"width\":1280,\"height\":720},\"small\":{\"url\":\"https://imgu.web.nhk/common/broadcastservice/bs/g1/g1-eyecatch_640x360.png\",\"width\":640,\"height\":360}},\"hero\":{\"url\":\"https://imgu.web.nhk/common/broadcastservice/bs/g1/g1-hero.svg\",\"main\":{\"url\":\"https://imgu.web.nhk/common/broadcastservice/bs/g1/g1-hero_1920x640.png\",\"width\":1920,\"height\":640},\"medium\":{\"url\":\"https://imgu.web.nhk/common/broadcastservice/bs/g1/g1-hero_1080x360.png\",\"width\":1080,\"height\":360}},\"badge9x4\":{\"url\":\"https://imgu.web.nhk/common/broadcastservice/bs/g1/g1-badge9x4.svg\",\"main\":{\"url\":\"https://imgu.web.nhk/common/broadcastservice/bs/g1/g1-badge9x4_360x160.png\",\"width\":360,\"height\":160},\"small\":{\"url\":\"https://imgu.web.nhk/common/broadcastservice/bs/g1/g1-badge9x4_180x80.png\",\"width\":180,\"height\":80}}}},\"detailedRecentEvent\":{\"id\":\"g1-130-2026031012167\",\"startDate\":\"2026-03-10T22:45:00+09:00\",\"endDate\":\"2026-03-10T23:00:00+09:00\",\"identifierGroup\":{\"broadcastEventId\":\"g1-130-2026031012167\",\"serviceId\":\"g1\",\"areaId\":\"130\",\"stationId\":\"001\",\"date\":\"2026-03-10\",\"eventId\":\"12167\",\"genre\":[{\"id\":\"0300\",\"name1\":\"ドラマ\",\"name2\":\"国内ドラマ\"}],\"onid\":\"7fe0\",\"sid\":\"0400\",\"tsid\":\"7fe0\"},\"misc\":{\"displayVideoMode\":\"none\",\"displayVideoRange\":\"sdr\",\"displayAudioMode\":[\"kaisetsu\"],\"audioMode\":[\"stereoKaisetsu\"],\"supportCaption\":true,\"supportSign\":false,\"supportHybridcast\":false,\"supportDataBroadcast\":false,\"isInteractive\":false,\"isChangeable\":false,\"releaseLevel\":\"original\",\"programType\":\"program\",\"coverage\":\"nationwide\",\"actList\":[{\"role\":\"出演\",\"name\":\"小芝風花\",\"nameRuby\":\"ｺｼﾊﾞﾌｳｶ\"},{\"role\":\"出演\",\"name\":\"笠松将\",\"nameRuby\":\"ｶｻﾏﾂｼｮｳ\"},{\"role\":\"出演\",\"name\":\"中野周平\",\"nameRuby\":\"ﾅｶﾉｼｭｳﾍｲ\"},{\"role\":\"出演\",\"name\":\"向井理\",\"nameRuby\":\"ﾑｶｲｵｻﾑ\"},{\"role\":\"出演\",\"name\":\"倉科カナ\",\"nameRuby\":\"ｸﾗｼﾅｶﾅ\"},{\"role\":\"出演\",\"name\":\"北村有起哉\",\"nameRuby\":\"ｷﾀﾑﾗﾕｷﾔ\"},{\"role\":\"原作\",\"name\":\"倉持裕\",\"nameRuby\":\"ｸﾗﾓﾁﾕﾀｶ\"}],\"musicList\":[]},\"publishedOn\":{\"type\":\"BroadcastService\",\"id\":\"bs-g1-130\",\"name\":\"NHK総合テレビジョン\",\"url\":\"https://api-local.ss.org.nhk/r8/t/broadcastservice/bs/g1-130.json\",\"broadcastDisplayName\":\"NHK総合・東京\",\"videoFormat\":[\"2K\"],\"encodingFormat\":[\"video/X-arib-mpeg2\",\"audio/X-arib-mpeg2-aac\"],\"identifierGroup\":{\"serviceId\":\"g1\",\"serviceName\":\"NHK総合1\",\"areaId\":\"130\",\"areaName\":\"東京\",\"channelId\":\"011\",\"channelKey\":\"1\",\"channelAreaName\":\"東京\",\"channelStationName\":\"首都圏\",\"shortenedName\":\"NHK総合1\",\"shortenedDisplayName\":\"総合\",\"multiChannelDisplayName\":\"総合\"},\"logo\":{\"url\":\"https://imgu.web.nhk/common/broadcastservice/bs/g1/g1-logo.svg\",\"main\":{\"url\":\"https://imgu.web.nhk/common/broadcastservice/bs/g1/g1-logo_1080x1080.png\",\"width\":1080,\"height\":1080},\"medium\":{\"url\":\"https://imgu.web.nhk/common/broadcastservice/bs/g1/g1-logo_640x640.png\",\"width\":640,\"height\":640},\"small\":{\"url\":\"https://imgu.web.nhk/common/broadcastservice/bs/g1/g1-logo_200x200.png\",\"width\":200,\"height\":200}},\"eyecatch\":{\"url\":\"https://imgu.web.nhk/common/broadcastservice/bs/g1/g1-eyecatch.svg\",\"large\":{\"url\":\"https://imgu.web.nhk/common/broadcastservice/bs/g1/g1-eyecatch_3840x2160.png\",\"width\":3840,\"height\":2160},\"main\":{\"url\":\"https://imgu.web.nhk/common/broadcastservice/bs/g1/g1-eyecatch_1920x1080.png\",\"width\":1920,\"height\":1080},\"medium\":{\"url\":\"https://imgu.web.nhk/common/broadcastservice/bs/g1/g1-eyecatch_1280x720.png\",\"width\":1280,\"height\":720},\"small\":{\"url\":\"https://imgu.web.nhk/common/broadcastservice/bs/g1/g1-eyecatch_640x360.png\",\"width\":640,\"height\":360}},\"hero\":{\"url\":\"https://imgu.web.nhk/common/broadcastservice/bs/g1/g1-hero.svg\",\"main\":{\"url\":\"https://imgu.web.nhk/common/broadcastservice/bs/g1/g1-hero_1920x640.png\",\"width\":1920,\"height\":640},\"medium\":{\"url\":\"https://imgu.web.nhk/common/broadcastservice/bs/g1/g1-hero_1080x360.png\",\"width\":1080,\"height\":360}},\"badge9x4\":{\"url\":\"https://imgu.web.nhk/common/broadcastservice/bs/g1/g1-badge9x4.svg\",\"main\":{\"url\":\"https://imgu.web.nhk/common/broadcastservice/bs/g1/g1-badge9x4_360x160.png\",\"width\":360,\"height\":160},\"small\":{\"url\":\"https://imgu.web.nhk/common/broadcastservice/bs/g1/g1-badge9x4_180x80.png\",\"width\":180,\"height\":80}}}},\"detailedComingEvent\":{\"id\":\"g1-130-2026031012167\",\"startDate\":\"2026-03-10T22:45:00+09:00\",\"endDate\":\"2026-03-10T23:00:00+09:00\",\"identifierGroup\":{\"broadcastEventId\":\"g1-130-2026031012167\",\"serviceId\":\"g1\",\"areaId\":\"130\",\"stationId\":\"001\",\"date\":\"2026-03-10\",\"eventId\":\"12167\",\"genre\":[{\"id\":\"0300\",\"name1\":\"ドラマ\",\"name2\":\"国内ドラマ\"}],\"onid\":\"7fe0\",\"sid\":\"0400\",\"tsid\":\"7fe0\"},\"misc\":{\"displayVideoMode\":\"none\",\"displayVideoRange\":\"sdr\",\"displayAudioMode\":[\"kaisetsu\"],\"audioMode\":[\"stereoKaisetsu\"],\"supportCaption\":true,\"supportSign\":false,\"supportHybridcast\":false,\"supportDataBroadcast\":false,\"isInteractive\":false,\"isChangeable\":false,\"releaseLevel\":\"original\",\"programType\":\"program\",\"coverage\":\"nationwide\",\"actList\":[{\"role\":\"出演\",\"name\":\"小芝風花\",\"nameRuby\":\"ｺｼﾊﾞﾌｳｶ\"},{\"role\":\"出演\",\"name\":\"笠松将\",\"nameRuby\":\"ｶｻﾏﾂｼｮｳ\"},{\"role\":\"出演\",\"name\":\"中野周平\",\"nameRuby\":\"ﾅｶﾉｼｭｳﾍｲ\"},{\"role\":\"出演\",\"name\":\"向井理\",\"nameRuby\":\"ﾑｶｲｵｻﾑ\"},{\"role\":\"出演\",\"name\":\"倉科カナ\",\"nameRuby\":\"ｸﾗｼﾅｶﾅ\"},{\"role\":\"出演\",\"name\":\"北村有起哉\",\"nameRuby\":\"ｷﾀﾑﾗﾕｷﾔ\"},{\"role\":\"原作\",\"name\":\"倉持裕\",\"nameRuby\":\"ｸﾗﾓﾁﾕﾀｶ\"}],\"musicList\":[]},\"publishedOn\":{\"type\":\"BroadcastService\",\"id\":\"bs-g1-130\",\"name\":\"NHK総合テレビジョン\",\"url\":\"https://api-local.ss.org.nhk/r8/t/broadcastservice/bs/g1-130.json\",\"broadcastDisplayName\":\"NHK総合・東京\",\"videoFormat\":[\"2K\"],\"encodingFormat\":[\"video/X-arib-mpeg2\",\"audio/X-arib-mpeg2-aac\"],\"identifierGroup\":{\"serviceId\":\"g1\",\"serviceName\":\"NHK総合1\",\"areaId\":\"130\",\"areaName\":\"東京\",\"channelId\":\"011\",\"channelKey\":\"1\",\"channelAreaName\":\"東京\",\"channelStationName\":\"首都圏\",\"shortenedName\":\"NHK総合1\",\"shortenedDisplayName\":\"総合\",\"multiChannelDisplayName\":\"総合\"},\"logo\":{\"url\":\"https://imgu.web.nhk/common/broadcastservice/bs/g1/g1-logo.svg\",\"main\":{\"url\":\"https://imgu.web.nhk/common/broadcastservice/bs/g1/g1-logo_1080x1080.png\",\"width\":1080,\"height\":1080},\"medium\":{\"url\":\"https://imgu.web.nhk/common/broadcastservice/bs/g1/g1-logo_640x640.png\",\"width\":640,\"height\":640},\"small\":{\"url\":\"https://imgu.web.nhk/common/broadcastservice/bs/g1/g1-logo_200x200.png\",\"width\":200,\"height\":200}},\"eyecatch\":{\"url\":\"https://imgu.web.nhk/common/broadcastservice/bs/g1/g1-eyecatch.svg\",\"large\":{\"url\":\"https://imgu.web.nhk/common/broadcastservice/bs/g1/g1-eyecatch_3840x2160.png\",\"width\":3840,\"height\":2160},\"main\":{\"url\":\"https://imgu.web.nhk/common/broadcastservice/bs/g1/g1-eyecatch_1920x1080.png\",\"width\":1920,\"height\":1080},\"medium\":{\"url\":\"https://imgu.web.nhk/common/broadcastservice/bs/g1/g1-eyecatch_1280x720.png\",\"width\":1280,\"height\":720},\"small\":{\"url\":\"https://imgu.web.nhk/common/broadcastservice/bs/g1/g1-eyecatch_640x360.png\",\"width\":640,\"height\":360}},\"hero\":{\"url\":\"https://imgu.web.nhk/common/broadcastservice/bs/g1/g1-hero.svg\",\"main\":{\"url\":\"https://imgu.web.nhk/common/broadcastservice/bs/g1/g1-hero_1920x640.png\",\"width\":1920,\"height\":640},\"medium\":{\"url\":\"https://imgu.web.nhk/common/broadcastservice/bs/g1/g1-hero_1080x360.png\",\"width\":1080,\"height\":360}},\"badge9x4\":{\"url\":\"https://imgu.web.nhk/common/broadcastservice/bs/g1/g1-badge9x4.svg\",\"main\":{\"url\":\"https://imgu.web.nhk/common/broadcastservice/bs/g1/g1-badge9x4_360x160.png\",\"width\":360,\"height\":160},\"small\":{\"url\":\"https://imgu.web.nhk/common/broadcastservice/bs/g1/g1-badge9x4_180x80.png\",\"width\":180,\"height\":80}}}},\"eyecatch\":{\"large\":{\"url\":\"https://imgu.web.nhk/static/assets/images/tvepisode/te/NLY5MZ8K5L/NLY5MZ8K5L-eyecatch_f0428e0be9bd55561f5e0ecc6efa9ec1.png\",\"width\":3840,\"height\":2160},\"main\":{\"url\":\"https://imgu.web.nhk/static/assets/images/tvepisode/te/NLY5MZ8K5L/NLY5MZ8K5L-eyecatch_b367911660aa36f55edb2d68cf38fff6.png\",\"width\":1920,\"height\":1080},\"medium\":{\"url\":\"https://imgu.web.nhk/static/assets/images/tvepisode/te/NLY5MZ8K5L/NLY5MZ8K5L-eyecatch_9c22be024611f7e9cc702cd5bcc69073.png\",\"width\":1280,\"height\":720},\"small\":{\"url\":\"https://imgu.web.nhk/static/assets/images/tvepisode/te/NLY5MZ8K5L/NLY5MZ8K5L-eyecatch_26d253b488bc39fc21bda844ca3d9b5a.png\",\"width\":640,\"height\":360}},\"eyecatchList\":[],\"video\":[{\"id\":\"hskOriginal-g1-130-2026031012167\",\"name\":\"事件は、その周りで起きている　シリーズ３（２）小芝風花主演・警察コメディー\",\"description\":\"向田（倉科カナ）がある事件の犯行現場から、本部の科捜研も見つけられていない足跡を発見した。犯人のものであれば本部の鼻を明かすことができると、向田と真野（小芝風花）は気炎を上げて足跡の特定にのめりこむ。一方、谷崎警部（北村有起哉）の様子がおかしい。宇田川（笠松将）が谷崎を追求すると、その足跡は谷崎が誤ってつけたものだと“自白”した。谷崎はその真実を、向田と真野になかなか告げられず…\",\"url\":\"https://www.web.nhk/tv/pl/series-tep-R6ZNL4MY77/ep/NLY5MZ8K5L\",\"identifierGroup\":{\"environmentId\":\"hskOriginal\",\"broadcastEventId\":\"g1-130-2026031012167\",\"serviceId\":\"g1\",\"streamType\":\"vod\"},\"detailedContentStatus\":{\"environmentId\":\"hskOriginal\",\"streamType\":\"vod\",\"contentStatus\":\"notyet\"},\"detailedVideoDescriptor\":\"https://simul.hsk.st.nhk/npd3/7fe0-0400/20260310/2f87-1-1-34ce87108dc4683dc4f4e1b2a578036c/videoinfo-afee7f63fb33c91ca5c04a9139247ee2.json\",\"expires\":\"2026-03-17T23:00:00+09:00\",\"duration\":\"PT15M\",\"startDate\":\"2026-03-10T22:45:00+09:00\",\"endDate\":\"2026-03-10T23:00:00+09:00\",\"isDivided\":false,\"publication\":[{\"id\":\"g1-130-2026031012167\",\"url\":\"https://api-local.ss.org.nhk/r8/t/broadcastevent/be/g1-130-2026031012167.json\",\"isLiveBroadcast\":true}],\"uploadDate\":\"2026-03-10T23:00:00+09:00\"}],\"citation\":[],\"detailedPinnedCitation\":[],\"sameAs\":[],\"correction\":[],\"url\":\"https://api-local.ss.org.nhk/r8/t/tvepisode/te/NLY5MZ8K5L.json\",\"canonical\":\"https://www.web.nhk/tv/pl/series-tep-R6ZNL4MY77/ep/NLY5MZ8K5L\",\"associatedMedia\":[],\"hasPart\":[],\"additionalProperty\":{\"episodeMergeStatus\":\"notMerged\"}},\"link\":{\"href\":\"https://www.web.nhk/tv/pl/series-tep-R6ZNL4MY77/ep/NLY5MZ8K5L\"}}]\n"])</script><script>self.__next_f.push([1,"3d:[\"$\",\"$L2a\",\"JMKYNP7GRQ\",{\"content\":{\"type\":\"TVEpisode\",\"id\":\"JMKYNP7GRQ\",\"name\":\"シリーズ3 (1)小芝風花主演・警察コメディー\",\"detailedEpisodeNameRuby\":\"\",\"identifierGroup\":{\"tvEpisodeId\":\"JMKYNP7GRQ\",\"tvSeriesId\":\"R6ZNL4MY77\",\"tvEpisodeName\":\"シリーズ3 (1)小芝風花主演・警察コメディー\",\"tvSeriesName\":\"【夜ドラ】事件は、その周りで起きている\",\"hashtag\":[],\"siteId\":\"7794\",\"serviceId\":[\"g1\",\"g2\"],\"formatGenreTag\":[{\"id\":\"03\",\"name\":\"ドラマ\"}],\"themeGenreTag\":[{\"id\":\"031\",\"name\":\"国内ドラマ\"}]},\"keyword\":[],\"description\":\"とある事件の捜査で、張り込み物件を探す真野（小芝風花）と宇田川（笠松将）。対極の２人は、こだわる所がまるで異なり、物件選びは難航する。さらに、いざ一つ屋根の下で暮らし始めると、大雑把な真野と細かすぎる宇田川でことあるごとにぶつかり、お互いに息苦しくて張り込みどころではなくなる。しばらくして、谷崎（北村有起哉）と向田（倉科カナ）が様子をのぞきに行くと、すっかり“家庭内別居”状態となっていて…\",\"dateCreated\":\"2026-02-07T18:22:30+09:00\",\"dateModified\":\"2026-03-02T04:38:49+09:00\",\"actor\":[],\"contributor\":[],\"partOfSeries\":{\"id\":\"R6ZNL4MY77\",\"name\":\"【夜ドラ】事件は、その周りで起きている\",\"detailedSeriesNameRuby\":\"じけんは　そのまわりでおきている\",\"identifierGroup\":{\"tvSeriesId\":\"R6ZNL4MY77\",\"tvSeriesPlaylistId\":\"series-tep-R6ZNL4MY77\",\"tvSeriesUId\":\"peb7a35e1-facd-578d-9e66-001520c0a863\",\"tvSeriesName\":\"【夜ドラ】事件は、その周りで起きている\",\"hashtag\":[],\"siteId\":\"7794\",\"serviceId\":[\"g1\",\"g2\"],\"formatGenre\":[{\"id\":\"03\",\"name\":\"ドラマ\"}]},\"keyword\":[\"LIFE\",\"新感覚\",\"1話15分\",\"警察署・新月署\",\"コメディードラマ\",\"宇宙人総理\",\"総合演出\",\"小事件\",\"小室玲子\",\"小芝風花\",\"倉科カナ\",\"倉持裕\",\"笠松将\",\"中野周平\",\"完全オリジナル脚本\",\"北村有起哉\",\"蛙亭\",\"西川毅\",\"池谷のぶえ\",\"キムラ緑子\"],\"detailedSynonym\":[],\"sameAs\":[],\"canonical\":\"https://www.web.nhk/tv/pl/series-tep-R6ZNL4MY77\",\"description\":\"コント番組「LIFE！」スタッフが制作するシチュエーションコメディー「事件は、その周りで起きている」。\\n舞台はとある地方の小さな警察署・新月署（しんげつしょ）。刑事ものだけど、事件を一切解決しない。事件のまわりで起きるトラブル、“小事件”にスポットを当てた新感覚の１話完結15分のコメディー。\\n\\n■出演：小芝風花 笠松将 中野周平（蛙亭） 倉科カナ 北村有起哉／シリーズ3 ゲスト： 向井 理\\n■脚本：倉持裕\\n※「LIFE！」の人気キャラクターを数々生んだ倉持裕の完全オリジナル脚本\\n■演出：西川毅　※ＬＩＦＥ！総合演出\\n\",\"logo\":{\"main\":{\"url\":\"https://imgu.web.nhk/static/assets/images/tvseries/ts/R6ZNL4MY77/R6ZNL4MY77-logo_010553e34314ed3eaae5ee4f0fcd1ba6.jpg\",\"width\":1080,\"height\":1080},\"medium\":{\"url\":\"https://imgu.web.nhk/static/assets/images/tvseries/ts/R6ZNL4MY77/R6ZNL4MY77-logo_84ad8b93cf5d578fe060a3f7314f70c8.jpg\",\"width\":640,\"height\":640},\"small\":{\"url\":\"https://imgu.web.nhk/static/assets/images/tvseries/ts/R6ZNL4MY77/R6ZNL4MY77-logo_ae6897cabe75a4f78122da5f3657bef5.jpg\",\"width\":200,\"height\":200}},\"eyecatch\":{\"large\":{\"url\":\"https://imgu.web.nhk/static/assets/images/tvseries/ts/R6ZNL4MY77/R6ZNL4MY77-eyecatch_dd47dec7aa1bac3d2ba8f17718df8820.jpg\",\"width\":3840,\"height\":2160},\"main\":{\"url\":\"https://imgu.web.nhk/static/assets/images/tvseries/ts/R6ZNL4MY77/R6ZNL4MY77-eyecatch_4cb30049e34bd2a80aeed50c3cca542d.jpg\",\"width\":1920,\"height\":1080},\"medium\":{\"url\":\"https://imgu.web.nhk/static/assets/images/tvseries/ts/R6ZNL4MY77/R6ZNL4MY77-eyecatch_74a3e9cc9110082f4a50f5583b4e33e3.jpg\",\"width\":1280,\"height\":720},\"small\":{\"url\":\"https://imgu.web.nhk/static/assets/images/tvseries/ts/R6ZNL4MY77/R6ZNL4MY77-eyecatch_974ebe51818b4d8ed838b965facf11d8.jpg\",\"width\":640,\"height\":360}},\"hero\":{\"main\":{\"url\":\"https://imgu.web.nhk/static/assets/images/tvseries/ts/R6ZNL4MY77/R6ZNL4MY77-hero_5e0dd42bf16b54843c1b00be7d630c82.jpg\",\"width\":1920,\"height\":640},\"medium\":{\"url\":\"https://imgu.web.nhk/static/assets/images/tvseries/ts/R6ZNL4MY77/R6ZNL4MY77-hero_117d570d62a32daa7c6a43f7ac239c7c.jpg\",\"width\":1080,\"height\":360}},\"style\":{\"textLight\":\"#000000\",\"textDark\":\"#FFFFFF\",\"linkLight\":\"#E72400\",\"linkDark\":\"#FF4928\",\"primaryLight\":\"#FF2800\",\"primaryDark\":\"#FF2800\"},\"additionalProperty\":{\"publishLevel\":\"full\",\"layoutPattern\":\"summary\",\"episodeOrderBy\":\"releasedEvent\",\"availableOnPlus\":false,\"enableVariablePlayBackSpeedControl\":false,\"optional\":[],\"seriesPackStatus\":\"notPacked\",\"supportMedia\":[\"@screen\"],\"supportMusicList\":true,\"supportPlusEmbed\":true,\"enableWebContent\":false},\"url\":\"https://api-local.ss.org.nhk/r8/t/nplaylist/pl/series-tep-R6ZNL4MY77.json\",\"itemUrl\":\"https://api-local.ss.org.nhk/r8/l/tvepisode/pl/series-tep-R6ZNL4MY77.json\"},\"releasedEvent\":{\"id\":\"g1-130-2026030911795\",\"startDate\":\"2026-03-09T22:45:00+09:00\",\"displayStartDate\":\"2026-03-09T22:45:00+09:00\",\"endDate\":\"2026-03-09T23:00:00+09:00\",\"publishedOn\":{\"type\":\"BroadcastService\",\"id\":\"bs-g1-130\",\"name\":\"NHK総合テレビジョン\",\"url\":\"https://api-local.ss.org.nhk/r8/t/broadcastservice/bs/g1-130.json\",\"broadcastDisplayName\":\"NHK総合・東京\",\"videoFormat\":[\"2K\"],\"encodingFormat\":[\"video/X-arib-mpeg2\",\"audio/X-arib-mpeg2-aac\"],\"identifierGroup\":{\"serviceId\":\"g1\",\"serviceName\":\"NHK総合1\",\"areaId\":\"130\",\"areaName\":\"東京\",\"channelId\":\"011\",\"channelKey\":\"1\",\"channelAreaName\":\"東京\",\"channelStationName\":\"首都圏\",\"shortenedName\":\"NHK総合1\",\"shortenedDisplayName\":\"総合\",\"multiChannelDisplayName\":\"総合\"},\"logo\":{\"url\":\"https://imgu.web.nhk/common/broadcastservice/bs/g1/g1-logo.svg\",\"main\":{\"url\":\"https://imgu.web.nhk/common/broadcastservice/bs/g1/g1-logo_1080x1080.png\",\"width\":1080,\"height\":1080},\"medium\":{\"url\":\"https://imgu.web.nhk/common/broadcastservice/bs/g1/g1-logo_640x640.png\",\"width\":640,\"height\":640},\"small\":{\"url\":\"https://imgu.web.nhk/common/broadcastservice/bs/g1/g1-logo_200x200.png\",\"width\":200,\"height\":200}},\"eyecatch\":{\"url\":\"https://imgu.web.nhk/common/broadcastservice/bs/g1/g1-eyecatch.svg\",\"large\":{\"url\":\"https://imgu.web.nhk/common/broadcastservice/bs/g1/g1-eyecatch_3840x2160.png\",\"width\":3840,\"height\":2160},\"main\":{\"url\":\"https://imgu.web.nhk/common/broadcastservice/bs/g1/g1-eyecatch_1920x1080.png\",\"width\":1920,\"height\":1080},\"medium\":{\"url\":\"https://imgu.web.nhk/common/broadcastservice/bs/g1/g1-eyecatch_1280x720.png\",\"width\":1280,\"height\":720},\"small\":{\"url\":\"https://imgu.web.nhk/common/broadcastservice/bs/g1/g1-eyecatch_640x360.png\",\"width\":640,\"height\":360}},\"hero\":{\"url\":\"https://imgu.web.nhk/common/broadcastservice/bs/g1/g1-hero.svg\",\"main\":{\"url\":\"https://imgu.web.nhk/common/broadcastservice/bs/g1/g1-hero_1920x640.png\",\"width\":1920,\"height\":640},\"medium\":{\"url\":\"https://imgu.web.nhk/common/broadcastservice/bs/g1/g1-hero_1080x360.png\",\"width\":1080,\"height\":360}},\"badge9x4\":{\"url\":\"https://imgu.web.nhk/common/broadcastservice/bs/g1/g1-badge9x4.svg\",\"main\":{\"url\":\"https://imgu.web.nhk/common/broadcastservice/bs/g1/g1-badge9x4_360x160.png\",\"width\":360,\"height\":160},\"small\":{\"url\":\"https://imgu.web.nhk/common/broadcastservice/bs/g1/g1-badge9x4_180x80.png\",\"width\":180,\"height\":80}}}},\"detailedRecentEvent\":{\"id\":\"g1-130-2026030911795\",\"startDate\":\"2026-03-09T22:45:00+09:00\",\"endDate\":\"2026-03-09T23:00:00+09:00\",\"identifierGroup\":{\"broadcastEventId\":\"g1-130-2026030911795\",\"serviceId\":\"g1\",\"areaId\":\"130\",\"stationId\":\"001\",\"date\":\"2026-03-09\",\"eventId\":\"11795\",\"genre\":[{\"id\":\"0300\",\"name1\":\"ドラマ\",\"name2\":\"国内ドラマ\"}],\"onid\":\"7fe0\",\"sid\":\"0400\",\"tsid\":\"7fe0\"},\"misc\":{\"displayVideoMode\":\"none\",\"displayVideoRange\":\"sdr\",\"displayAudioMode\":[\"kaisetsu\"],\"audioMode\":[\"stereoKaisetsu\"],\"supportCaption\":true,\"supportSign\":false,\"supportHybridcast\":false,\"supportDataBroadcast\":false,\"isInteractive\":false,\"isChangeable\":false,\"releaseLevel\":\"original\",\"programType\":\"program\",\"coverage\":\"nationwide\",\"actList\":[{\"role\":\"出演\",\"name\":\"小芝風花\",\"nameRuby\":\"ｺｼﾊﾞﾌｳｶ\"},{\"role\":\"出演\",\"name\":\"笠松将\",\"nameRuby\":\"ｶｻﾏﾂｼｮｳ\"},{\"role\":\"出演\",\"name\":\"中野周平\",\"nameRuby\":\"ﾅｶﾉｼｭｳﾍｲ\"},{\"role\":\"出演\",\"name\":\"山崎大輝\",\"nameRuby\":\"ﾔﾏｻﾞｷﾀｲｷ\"},{\"role\":\"出演\",\"name\":\"向井理\",\"nameRuby\":\"ﾑｶｲｵｻﾑ\"},{\"role\":\"出演\",\"name\":\"倉科カナ\",\"nameRuby\":\"ｸﾗｼﾅｶﾅ\"},{\"role\":\"出演\",\"name\":\"北村有起哉\",\"nameRuby\":\"ｷﾀﾑﾗﾕｷﾔ\"},{\"role\":\"原作\",\"name\":\"倉持裕\",\"nameRuby\":\"ｸﾗﾓﾁﾕﾀｶ\"}],\"musicList\":[]},\"publishedOn\":{\"type\":\"BroadcastService\",\"id\":\"bs-g1-130\",\"name\":\"NHK総合テレビジョン\",\"url\":\"https://api-local.ss.org.nhk/r8/t/broadcastservice/bs/g1-130.json\",\"broadcastDisplayName\":\"NHK総合・東京\",\"videoFormat\":[\"2K\"],\"encodingFormat\":[\"video/X-arib-mpeg2\",\"audio/X-arib-mpeg2-aac\"],\"identifierGroup\":{\"serviceId\":\"g1\",\"serviceName\":\"NHK総合1\",\"areaId\":\"130\",\"areaName\":\"東京\",\"channelId\":\"011\",\"channelKey\":\"1\",\"channelAreaName\":\"東京\",\"channelStationName\":\"首都圏\",\"shortenedName\":\"NHK総合1\",\"shortenedDisplayName\":\"総合\",\"multiChannelDisplayName\":\"総合\"},\"logo\":{\"url\":\"https://imgu.web.nhk/common/broadcastservice/bs/g1/g1-logo.svg\",\"main\":{\"url\":\"https://imgu.web.nhk/common/broadcastservice/bs/g1/g1-logo_1080x1080.png\",\"width\":1080,\"height\":1080},\"medium\":{\"url\":\"https://imgu.web.nhk/common/broadcastservice/bs/g1/g1-logo_640x640.png\",\"width\":640,\"height\":640},\"small\":{\"url\":\"https://imgu.web.nhk/common/broadcastservice/bs/g1/g1-logo_200x200.png\",\"width\":200,\"height\":200}},\"eyecatch\":{\"url\":\"https://imgu.web.nhk/common/broadcastservice/bs/g1/g1-eyecatch.svg\",\"large\":{\"url\":\"https://imgu.web.nhk/common/broadcastservice/bs/g1/g1-eyecatch_3840x2160.png\",\"width\":3840,\"height\":2160},\"main\":{\"url\":\"https://imgu.web.nhk/common/broadcastservice/bs/g1/g1-eyecatch_1920x1080.png\",\"width\":1920,\"height\":1080},\"medium\":{\"url\":\"https://imgu.web.nhk/common/broadcastservice/bs/g1/g1-eyecatch_1280x720.png\",\"width\":1280,\"height\":720},\"small\":{\"url\":\"https://imgu.web.nhk/common/broadcastservice/bs/g1/g1-eyecatch_640x360.png\",\"width\":640,\"height\":360}},\"hero\":{\"url\":\"https://imgu.web.nhk/common/broadcastservice/bs/g1/g1-hero.svg\",\"main\":{\"url\":\"https://imgu.web.nhk/common/broadcastservice/bs/g1/g1-hero_1920x640.png\",\"width\":1920,\"height\":640},\"medium\":{\"url\":\"https://imgu.web.nhk/common/broadcastservice/bs/g1/g1-hero_1080x360.png\",\"width\":1080,\"height\":360}},\"badge9x4\":{\"url\":\"https://imgu.web.nhk/common/broadcastservice/bs/g1/g1-badge9x4.svg\",\"main\":{\"url\":\"https://imgu.web.nhk/common/broadcastservice/bs/g1/g1-badge9x4_360x160.png\",\"width\":360,\"height\":160},\"small\":{\"url\":\"https://imgu.web.nhk/common/broadcastservice/bs/g1/g1-badge9x4_180x80.png\",\"width\":180,\"height\":80}}}},\"detailedComingEvent\":{\"id\":\"g1-130-2026030911795\",\"startDate\":\"2026-03-09T22:45:00+09:00\",\"endDate\":\"2026-03-09T23:00:00+09:00\",\"identifierGroup\":{\"broadcastEventId\":\"g1-130-2026030911795\",\"serviceId\":\"g1\",\"areaId\":\"130\",\"stationId\":\"001\",\"date\":\"2026-03-09\",\"eventId\":\"11795\",\"genre\":[{\"id\":\"0300\",\"name1\":\"ドラマ\",\"name2\":\"国内ドラマ\"}],\"onid\":\"7fe0\",\"sid\":\"0400\",\"tsid\":\"7fe0\"},\"misc\":{\"displayVideoMode\":\"none\",\"displayVideoRange\":\"sdr\",\"displayAudioMode\":[\"kaisetsu\"],\"audioMode\":[\"stereoKaisetsu\"],\"supportCaption\":true,\"supportSign\":false,\"supportHybridcast\":false,\"supportDataBroadcast\":false,\"isInteractive\":false,\"isChangeable\":false,\"releaseLevel\":\"original\",\"programType\":\"program\",\"coverage\":\"nationwide\",\"actList\":[{\"role\":\"出演\",\"name\":\"小芝風花\",\"nameRuby\":\"ｺｼﾊﾞﾌｳｶ\"},{\"role\":\"出演\",\"name\":\"笠松将\",\"nameRuby\":\"ｶｻﾏﾂｼｮｳ\"},{\"role\":\"出演\",\"name\":\"中野周平\",\"nameRuby\":\"ﾅｶﾉｼｭｳﾍｲ\"},{\"role\":\"出演\",\"name\":\"山崎大輝\",\"nameRuby\":\"ﾔﾏｻﾞｷﾀｲｷ\"},{\"role\":\"出演\",\"name\":\"向井理\",\"nameRuby\":\"ﾑｶｲｵｻﾑ\"},{\"role\":\"出演\",\"name\":\"倉科カナ\",\"nameRuby\":\"ｸﾗｼﾅｶﾅ\"},{\"role\":\"出演\",\"name\":\"北村有起哉\",\"nameRuby\":\"ｷﾀﾑﾗﾕｷﾔ\"},{\"role\":\"原作\",\"name\":\"倉持裕\",\"nameRuby\":\"ｸﾗﾓﾁﾕﾀｶ\"}],\"musicList\":[]},\"publishedOn\":{\"type\":\"BroadcastService\",\"id\":\"bs-g1-130\",\"name\":\"NHK総合テレビジョン\",\"url\":\"https://api-local.ss.org.nhk/r8/t/broadcastservice/bs/g1-130.json\",\"broadcastDisplayName\":\"NHK総合・東京\",\"videoFormat\":[\"2K\"],\"encodingFormat\":[\"video/X-arib-mpeg2\",\"audio/X-arib-mpeg2-aac\"],\"identifierGroup\":{\"serviceId\":\"g1\",\"serviceName\":\"NHK総合1\",\"areaId\":\"130\",\"areaName\":\"東京\",\"channelId\":\"011\",\"channelKey\":\"1\",\"channelAreaName\":\"東京\",\"channelStationName\":\"首都圏\",\"shortenedName\":\"NHK総合1\",\"shortenedDisplayName\":\"総合\",\"multiChannelDisplayName\":\"総合\"},\"logo\":{\"url\":\"https://imgu.web.nhk/common/broadcastservice/bs/g1/g1-logo.svg\",\"main\":{\"url\":\"https://imgu.web.nhk/common/broadcastservice/bs/g1/g1-logo_1080x1080.png\",\"width\":1080,\"height\":1080},\"medium\":{\"url\":\"https://imgu.web.nhk/common/broadcastservice/bs/g1/g1-logo_640x640.png\",\"width\":640,\"height\":640},\"small\":{\"url\":\"https://imgu.web.nhk/common/broadcastservice/bs/g1/g1-logo_200x200.png\",\"width\":200,\"height\":200}},\"eyecatch\":{\"url\":\"https://imgu.web.nhk/common/broadcastservice/bs/g1/g1-eyecatch.svg\",\"large\":{\"url\":\"https://imgu.web.nhk/common/broadcastservice/bs/g1/g1-eyecatch_3840x2160.png\",\"width\":3840,\"height\":2160},\"main\":{\"url\":\"https://imgu.web.nhk/common/broadcastservice/bs/g1/g1-eyecatch_1920x1080.png\",\"width\":1920,\"height\":1080},\"medium\":{\"url\":\"https://imgu.web.nhk/common/broadcastservice/bs/g1/g1-eyecatch_1280x720.png\",\"width\":1280,\"height\":720},\"small\":{\"url\":\"https://imgu.web.nhk/common/broadcastservice/bs/g1/g1-eyecatch_640x360.png\",\"width\":640,\"height\":360}},\"hero\":{\"url\":\"https://imgu.web.nhk/common/broadcastservice/bs/g1/g1-hero.svg\",\"main\":{\"url\":\"https://imgu.web.nhk/common/broadcastservice/bs/g1/g1-hero_1920x640.png\",\"width\":1920,\"height\":640},\"medium\":{\"url\":\"https://imgu.web.nhk/common/broadcastservice/bs/g1/g1-hero_1080x360.png\",\"width\":1080,\"height\":360}},\"badge9x4\":{\"url\":\"https://imgu.web.nhk/common/broadcastservice/bs/g1/g1-badge9x4.svg\",\"main\":{\"url\":\"https://imgu.web.nhk/common/broadcastservice/bs/g1/g1-badge9x4_360x160.png\",\"width\":360,\"height\":160},\"small\":{\"url\":\"https://imgu.web.nhk/common/broadcastservice/bs/g1/g1-badge9x4_180x80.png\",\"width\":180,\"height\":80}}}},\"eyecatch\":{\"large\":{\"url\":\"https://imgu.web.nhk/static/assets/images/tvepisode/te/JMKYNP7GRQ/JMKYNP7GRQ-eyecatch_f56aa5fdfda0ef6789eb984d5c3150d3.png\",\"width\":3840,\"height\":2160},\"main\":{\"url\":\"https://imgu.web.nhk/static/assets/images/tvepisode/te/JMKYNP7GRQ/JMKYNP7GRQ-eyecatch_b44d9ba5ac66527f50077093ebdcc26f.png\",\"width\":1920,\"height\":1080},\"medium\":{\"url\":\"https://imgu.web.nhk/static/assets/images/tvepisode/te/JMKYNP7GRQ/JMKYNP7GRQ-eyecatch_3d46b27d714ab1a8f08216f91de366b8.png\",\"width\":1280,\"height\":720},\"small\":{\"url\":\"https://imgu.web.nhk/static/assets/images/tvepisode/te/JMKYNP7GRQ/JMKYNP7GRQ-eyecatch_cc8979ecdc57431a8e64cdab2f38529a.png\",\"width\":640,\"height\":360}},\"eyecatchList\":[],\"video\":[{\"id\":\"hskOriginal-g1-130-2026030911795\",\"name\":\"事件は、その周りで起きている　🈟シリーズ３（１）小芝風花主演・警察コメディー\",\"description\":\"とある事件の捜査で、張り込み物件を探す真野（小芝風花）と宇田川（笠松将）。対極の２人は、こだわる所がまるで異なり、物件選びは難航する。さらに、いざ一つ屋根の下で暮らし始めると、大雑把な真野と細かすぎる宇田川でことあるごとにぶつかり、お互いに息苦しくて張り込みどころではなくなる。しばらくして、谷崎（北村有起哉）と向田（倉科カナ）が様子をのぞきに行くと、すっかり“家庭内別居”状態となっていて…\",\"url\":\"https://www.web.nhk/tv/pl/series-tep-R6ZNL4MY77/ep/JMKYNP7GRQ\",\"identifierGroup\":{\"environmentId\":\"hskOriginal\",\"broadcastEventId\":\"g1-130-2026030911795\",\"serviceId\":\"g1\",\"streamType\":\"vod\"},\"detailedContentStatus\":{\"environmentId\":\"hskOriginal\",\"streamType\":\"vod\",\"contentStatus\":\"notyet\"},\"detailedVideoDescriptor\":\"https://simul.hsk.st.nhk/npd3/7fe0-0400/20260309/2e13-1-1-de8c3ebecb9580db97c8ffc8426a5371/videoinfo-7a689de6ea04a7cfe919343d16e7d378.json\",\"expires\":\"2026-03-16T23:00:00+09:00\",\"duration\":\"PT15M\",\"startDate\":\"2026-03-09T22:45:00+09:00\",\"endDate\":\"2026-03-09T23:00:00+09:00\",\"isDivided\":false,\"publication\":[{\"id\":\"g1-130-2026030911795\",\"url\":\"https://api-local.ss.org.nhk/r8/t/broadcastevent/be/g1-130-2026030911795.json\",\"isLiveBroadcast\":true}],\"uploadDate\":\"2026-03-09T23:00:00+09:00\"}],\"citation\":[],\"detailedPinnedCitation\":[],\"sameAs\":[],\"correction\":[],\"url\":\"https://api-local.ss.org.nhk/r8/t/tvepisode/te/JMKYNP7GRQ.json\",\"canonical\":\"https://www.web.nhk/tv/pl/series-tep-R6ZNL4MY77/ep/JMKYNP7GRQ\",\"associatedMedia\":[{\"id\":\"bcUploadTrailer1\",\"name\":\"事件は、その周りで起きている\",\"description\":\"シリーズ3 (1)小芝風花主演・警察コメディー\\n\",\"embedUrl\":\"https://www.nhk.jp/assets/players/bc/v3/index.html?account=6415847969001\u0026player=YVUjvvMQb\u0026videoId=6390364752112\",\"identifierGroup\":{\"environmentId\":\"bcUploadTrailer\",\"streamType\":\"clip\",\"bcAccountId\":\"6415847969001\",\"bcVideoId\":\"6390364752112\"},\"detailedContentStatus\":{\"environmentId\":\"bcUploadTrailer\",\"streamType\":\"clip\",\"contentStatus\":\"ready\"},\"thumbnail\":{\"main\":{\"url\":\"https://imgu.web.nhk/static/assets/images/tvepisode/te/JMKYNP7GRQ/JMKYNP7GRQ-eyecatch_b44d9ba5ac66527f50077093ebdcc26f.png\",\"width\":1920,\"height\":1080},\"medium\":{\"url\":\"https://imgu.web.nhk/static/assets/images/tvepisode/te/JMKYNP7GRQ/JMKYNP7GRQ-eyecatch_3d46b27d714ab1a8f08216f91de366b8.png\",\"width\":1280,\"height\":720},\"small\":{\"url\":\"https://imgu.web.nhk/static/assets/images/tvepisode/te/JMKYNP7GRQ/JMKYNP7GRQ-eyecatch_cc8979ecdc57431a8e64cdab2f38529a.png\",\"width\":640,\"height\":360}},\"additionalProperty\":{\"typeOfUpload\":\"trailer\"},\"uploadDate\":\"2026-03-06T00:00:00+09:00\",\"regionsAllowed\":\"JP\",\"expires\":\"2026-03-16T00:00:00+09:00\"}],\"hasPart\":[],\"additionalProperty\":{\"episodeMergeStatus\":\"notMerged\"}},\"link\":{\"href\":\"https://www.web.nhk/tv/pl/series-tep-R6ZNL4MY77/ep/JMKYNP7GRQ\"}}]\n"])</script><script>self.__next_f.push([1,"3e:[\"$\",\"$L2a\",\"K92PKN1YX3\",{\"content\":{\"type\":\"TVEpisode\",\"id\":\"K92PKN1YX3\",\"name\":\"シリーズ2 (4)/大反響コメディー・小芝風花主演\",\"detailedEpisodeNameRuby\":\"\",\"identifierGroup\":{\"tvEpisodeId\":\"K92PKN1YX3\",\"tvSeriesId\":\"R6ZNL4MY77\",\"tvEpisodeName\":\"シリーズ2 (4)/大反響コメディー・小芝風花主演\",\"tvSeriesName\":\"【夜ドラ】事件は、その周りで起きている\",\"hashtag\":[],\"siteId\":\"7794\",\"serviceId\":[\"g1\",\"g2\"],\"formatGenreTag\":[{\"id\":\"03\",\"name\":\"ドラマ\"}],\"themeGenreTag\":[{\"id\":\"031\",\"name\":\"国内ドラマ\"}]},\"keyword\":[],\"description\":\"真野（小芝風花）のロッカーは、どうしても捨てられない思い入れのある資料やものでびっちり。それを見た上司の谷崎（北村有起哉）に、不要な資料を処分するように命じられる。その手伝いをすることになった宇田川（笠松将）はどんどんと断捨離しようとするが、真野は踏ん切りがつかない。捨てたい宇田川と捨てたくない真野の攻防戦に、向田（倉科カナ）や徳大寺（蛙亭中野）も巻き込まれていき・・・\",\"dateCreated\":\"2024-09-09T18:39:03+09:00\",\"dateModified\":\"2026-02-26T04:37:20+09:00\",\"actor\":[],\"contributor\":[],\"partOfSeries\":{\"id\":\"R6ZNL4MY77\",\"name\":\"【夜ドラ】事件は、その周りで起きている\",\"detailedSeriesNameRuby\":\"じけんは　そのまわりでおきている\",\"identifierGroup\":{\"tvSeriesId\":\"R6ZNL4MY77\",\"tvSeriesPlaylistId\":\"series-tep-R6ZNL4MY77\",\"tvSeriesUId\":\"peb7a35e1-facd-578d-9e66-001520c0a863\",\"tvSeriesName\":\"【夜ドラ】事件は、その周りで起きている\",\"hashtag\":[],\"siteId\":\"7794\",\"serviceId\":[\"g1\",\"g2\"],\"formatGenre\":[{\"id\":\"03\",\"name\":\"ドラマ\"}]},\"keyword\":[\"LIFE\",\"新感覚\",\"1話15分\",\"警察署・新月署\",\"コメディードラマ\",\"宇宙人総理\",\"総合演出\",\"小事件\",\"小室玲子\",\"小芝風花\",\"倉科カナ\",\"倉持裕\",\"笠松将\",\"中野周平\",\"完全オリジナル脚本\",\"北村有起哉\",\"蛙亭\",\"西川毅\",\"池谷のぶえ\",\"キムラ緑子\"],\"detailedSynonym\":[],\"sameAs\":[],\"canonical\":\"https://www.web.nhk/tv/pl/series-tep-R6ZNL4MY77\",\"description\":\"コント番組「LIFE！」スタッフが制作するシチュエーションコメディー「事件は、その周りで起きている」。\\n舞台はとある地方の小さな警察署・新月署（しんげつしょ）。刑事ものだけど、事件を一切解決しない。事件のまわりで起きるトラブル、“小事件”にスポットを当てた新感覚の１話完結15分のコメディー。\\n\\n■出演：小芝風花 笠松将 中野周平（蛙亭） 倉科カナ 北村有起哉／シリーズ3 ゲスト： 向井 理\\n■脚本：倉持裕\\n※「LIFE！」の人気キャラクターを数々生んだ倉持裕の完全オリジナル脚本\\n■演出：西川毅　※ＬＩＦＥ！総合演出\\n\",\"logo\":{\"main\":{\"url\":\"https://imgu.web.nhk/static/assets/images/tvseries/ts/R6ZNL4MY77/R6ZNL4MY77-logo_010553e34314ed3eaae5ee4f0fcd1ba6.jpg\",\"width\":1080,\"height\":1080},\"medium\":{\"url\":\"https://imgu.web.nhk/static/assets/images/tvseries/ts/R6ZNL4MY77/R6ZNL4MY77-logo_84ad8b93cf5d578fe060a3f7314f70c8.jpg\",\"width\":640,\"height\":640},\"small\":{\"url\":\"https://imgu.web.nhk/static/assets/images/tvseries/ts/R6ZNL4MY77/R6ZNL4MY77-logo_ae6897cabe75a4f78122da5f3657bef5.jpg\",\"width\":200,\"height\":200}},\"eyecatch\":{\"large\":{\"url\":\"https://imgu.web.nhk/static/assets/images/tvseries/ts/R6ZNL4MY77/R6ZNL4MY77-eyecatch_dd47dec7aa1bac3d2ba8f17718df8820.jpg\",\"width\":3840,\"height\":2160},\"main\":{\"url\":\"https://imgu.web.nhk/static/assets/images/tvseries/ts/R6ZNL4MY77/R6ZNL4MY77-eyecatch_4cb30049e34bd2a80aeed50c3cca542d.jpg\",\"width\":1920,\"height\":1080},\"medium\":{\"url\":\"https://imgu.web.nhk/static/assets/images/tvseries/ts/R6ZNL4MY77/R6ZNL4MY77-eyecatch_74a3e9cc9110082f4a50f5583b4e33e3.jpg\",\"width\":1280,\"height\":720},\"small\":{\"url\":\"https://imgu.web.nhk/static/assets/images/tvseries/ts/R6ZNL4MY77/R6ZNL4MY77-eyecatch_974ebe51818b4d8ed838b965facf11d8.jpg\",\"width\":640,\"height\":360}},\"hero\":{\"main\":{\"url\":\"https://imgu.web.nhk/static/assets/images/tvseries/ts/R6ZNL4MY77/R6ZNL4MY77-hero_5e0dd42bf16b54843c1b00be7d630c82.jpg\",\"width\":1920,\"height\":640},\"medium\":{\"url\":\"https://imgu.web.nhk/static/assets/images/tvseries/ts/R6ZNL4MY77/R6ZNL4MY77-hero_117d570d62a32daa7c6a43f7ac239c7c.jpg\",\"width\":1080,\"height\":360}},\"style\":{\"textLight\":\"#000000\",\"textDark\":\"#FFFFFF\",\"linkLight\":\"#E72400\",\"linkDark\":\"#FF4928\",\"primaryLight\":\"#FF2800\",\"primaryDark\":\"#FF2800\"},\"additionalProperty\":{\"publishLevel\":\"full\",\"layoutPattern\":\"summary\",\"episodeOrderBy\":\"releasedEvent\",\"availableOnPlus\":false,\"enableVariablePlayBackSpeedControl\":false,\"optional\":[],\"seriesPackStatus\":\"notPacked\",\"supportMedia\":[\"@screen\"],\"supportMusicList\":true,\"supportPlusEmbed\":true,\"enableWebContent\":false},\"url\":\"https://api-local.ss.org.nhk/r8/t/nplaylist/pl/series-tep-R6ZNL4MY77.json\",\"itemUrl\":\"https://api-local.ss.org.nhk/r8/l/tvepisode/pl/series-tep-R6ZNL4MY77.json\"},\"releasedEvent\":{\"startDate\":\"2024-10-03T22:45:00+09:00\",\"displayStartDate\":\"2024-10-03T22:45:00+09:00\",\"endDate\":\"2024-10-03T23:00:00+09:00\",\"publishedOn\":{\"type\":\"BroadcastService\",\"id\":\"bs-g1-130\",\"name\":\"NHK総合テレビジョン\",\"url\":\"https://api-local.ss.org.nhk/r8/t/broadcastservice/bs/g1-130.json\",\"broadcastDisplayName\":\"NHK総合・東京\",\"videoFormat\":[\"2K\"],\"encodingFormat\":[\"video/X-arib-mpeg2\",\"audio/X-arib-mpeg2-aac\"],\"identifierGroup\":{\"serviceId\":\"g1\",\"serviceName\":\"NHK総合1\",\"areaId\":\"130\",\"areaName\":\"東京\",\"channelId\":\"011\",\"channelKey\":\"1\",\"channelAreaName\":\"東京\",\"channelStationName\":\"首都圏\",\"shortenedName\":\"NHK総合1\",\"shortenedDisplayName\":\"総合\",\"multiChannelDisplayName\":\"総合\"},\"logo\":{\"url\":\"https://imgu.web.nhk/common/broadcastservice/bs/g1/g1-logo.svg\",\"main\":{\"url\":\"https://imgu.web.nhk/common/broadcastservice/bs/g1/g1-logo_1080x1080.png\",\"width\":1080,\"height\":1080},\"medium\":{\"url\":\"https://imgu.web.nhk/common/broadcastservice/bs/g1/g1-logo_640x640.png\",\"width\":640,\"height\":640},\"small\":{\"url\":\"https://imgu.web.nhk/common/broadcastservice/bs/g1/g1-logo_200x200.png\",\"width\":200,\"height\":200}},\"eyecatch\":{\"url\":\"https://imgu.web.nhk/common/broadcastservice/bs/g1/g1-eyecatch.svg\",\"large\":{\"url\":\"https://imgu.web.nhk/common/broadcastservice/bs/g1/g1-eyecatch_3840x2160.png\",\"width\":3840,\"height\":2160},\"main\":{\"url\":\"https://imgu.web.nhk/common/broadcastservice/bs/g1/g1-eyecatch_1920x1080.png\",\"width\":1920,\"height\":1080},\"medium\":{\"url\":\"https://imgu.web.nhk/common/broadcastservice/bs/g1/g1-eyecatch_1280x720.png\",\"width\":1280,\"height\":720},\"small\":{\"url\":\"https://imgu.web.nhk/common/broadcastservice/bs/g1/g1-eyecatch_640x360.png\",\"width\":640,\"height\":360}},\"hero\":{\"url\":\"https://imgu.web.nhk/common/broadcastservice/bs/g1/g1-hero.svg\",\"main\":{\"url\":\"https://imgu.web.nhk/common/broadcastservice/bs/g1/g1-hero_1920x640.png\",\"width\":1920,\"height\":640},\"medium\":{\"url\":\"https://imgu.web.nhk/common/broadcastservice/bs/g1/g1-hero_1080x360.png\",\"width\":1080,\"height\":360}},\"badge9x4\":{\"url\":\"https://imgu.web.nhk/common/broadcastservice/bs/g1/g1-badge9x4.svg\",\"main\":{\"url\":\"https://imgu.web.nhk/common/broadcastservice/bs/g1/g1-badge9x4_360x160.png\",\"width\":360,\"height\":160},\"small\":{\"url\":\"https://imgu.web.nhk/common/broadcastservice/bs/g1/g1-badge9x4_180x80.png\",\"width\":180,\"height\":80}}}},\"detailedRecentEvent\":{\"id\":\"g1-130-2026030509003\",\"startDate\":\"2026-03-05T22:45:00+09:00\",\"endDate\":\"2026-03-05T23:00:00+09:00\",\"identifierGroup\":{\"broadcastEventId\":\"g1-130-2026030509003\",\"serviceId\":\"g1\",\"areaId\":\"130\",\"stationId\":\"001\",\"date\":\"2026-03-05\",\"eventId\":\"09003\",\"genre\":[{\"id\":\"0300\",\"name1\":\"ドラマ\",\"name2\":\"国内ドラマ\"}],\"onid\":\"7fe0\",\"sid\":\"0400\",\"tsid\":\"7fe0\"},\"misc\":{\"displayVideoMode\":\"none\",\"displayVideoRange\":\"sdr\",\"displayAudioMode\":[\"kaisetsu\"],\"audioMode\":[\"stereoKaisetsu\"],\"supportCaption\":true,\"supportSign\":false,\"supportHybridcast\":false,\"supportDataBroadcast\":false,\"isInteractive\":false,\"isChangeable\":false,\"releaseLevel\":\"repeat\",\"programType\":\"program\",\"coverage\":\"nationwide\",\"actList\":[{\"role\":\"出演\",\"name\":\"小芝風花\",\"nameRuby\":\"ｺｼﾊﾞﾌｳｶ\"},{\"role\":\"出演\",\"name\":\"笠松将\",\"nameRuby\":\"ｶｻﾏﾂｼｮｳ\"},{\"role\":\"出演\",\"name\":\"中野周平\",\"nameRuby\":\"ﾅｶﾉｼｭｳﾍｲ\"},{\"role\":\"出演\",\"name\":\"倉科カナ\",\"nameRuby\":\"ｸﾗｼﾅｶﾅ\"},{\"role\":\"出演\",\"name\":\"北村有起哉\",\"nameRuby\":\"ｷﾀﾑﾗﾕｷﾔ\"},{\"role\":\"原作\",\"name\":\"倉持裕\",\"nameRuby\":\"ｸﾗﾓﾁﾕﾀｶ\"}],\"musicList\":[]},\"publishedOn\":{\"type\":\"BroadcastService\",\"id\":\"bs-g1-130\",\"name\":\"NHK総合テレビジョン\",\"url\":\"https://api-local.ss.org.nhk/r8/t/broadcastservice/bs/g1-130.json\",\"broadcastDisplayName\":\"NHK総合・東京\",\"videoFormat\":[\"2K\"],\"encodingFormat\":[\"video/X-arib-mpeg2\",\"audio/X-arib-mpeg2-aac\"],\"identifierGroup\":{\"serviceId\":\"g1\",\"serviceName\":\"NHK総合1\",\"areaId\":\"130\",\"areaName\":\"東京\",\"channelId\":\"011\",\"channelKey\":\"1\",\"channelAreaName\":\"東京\",\"channelStationName\":\"首都圏\",\"shortenedName\":\"NHK総合1\",\"shortenedDisplayName\":\"総合\",\"multiChannelDisplayName\":\"総合\"},\"logo\":{\"url\":\"https://imgu.web.nhk/common/broadcastservice/bs/g1/g1-logo.svg\",\"main\":{\"url\":\"https://imgu.web.nhk/common/broadcastservice/bs/g1/g1-logo_1080x1080.png\",\"width\":1080,\"height\":1080},\"medium\":{\"url\":\"https://imgu.web.nhk/common/broadcastservice/bs/g1/g1-logo_640x640.png\",\"width\":640,\"height\":640},\"small\":{\"url\":\"https://imgu.web.nhk/common/broadcastservice/bs/g1/g1-logo_200x200.png\",\"width\":200,\"height\":200}},\"eyecatch\":{\"url\":\"https://imgu.web.nhk/common/broadcastservice/bs/g1/g1-eyecatch.svg\",\"large\":{\"url\":\"https://imgu.web.nhk/common/broadcastservice/bs/g1/g1-eyecatch_3840x2160.png\",\"width\":3840,\"height\":2160},\"main\":{\"url\":\"https://imgu.web.nhk/common/broadcastservice/bs/g1/g1-eyecatch_1920x1080.png\",\"width\":1920,\"height\":1080},\"medium\":{\"url\":\"https://imgu.web.nhk/common/broadcastservice/bs/g1/g1-eyecatch_1280x720.png\",\"width\":1280,\"height\":720},\"small\":{\"url\":\"https://imgu.web.nhk/common/broadcastservice/bs/g1/g1-eyecatch_640x360.png\",\"width\":640,\"height\":360}},\"hero\":{\"url\":\"https://imgu.web.nhk/common/broadcastservice/bs/g1/g1-hero.svg\",\"main\":{\"url\":\"https://imgu.web.nhk/common/broadcastservice/bs/g1/g1-hero_1920x640.png\",\"width\":1920,\"height\":640},\"medium\":{\"url\":\"https://imgu.web.nhk/common/broadcastservice/bs/g1/g1-hero_1080x360.png\",\"width\":1080,\"height\":360}},\"badge9x4\":{\"url\":\"https://imgu.web.nhk/common/broadcastservice/bs/g1/g1-badge9x4.svg\",\"main\":{\"url\":\"https://imgu.web.nhk/common/broadcastservice/bs/g1/g1-badge9x4_360x160.png\",\"width\":360,\"height\":160},\"small\":{\"url\":\"https://imgu.web.nhk/common/broadcastservice/bs/g1/g1-badge9x4_180x80.png\",\"width\":180,\"height\":80}}}},\"detailedComingEvent\":{\"id\":\"g1-130-2026030509003\",\"startDate\":\"2026-03-05T22:45:00+09:00\",\"endDate\":\"2026-03-05T23:00:00+09:00\",\"identifierGroup\":{\"broadcastEventId\":\"g1-130-2026030509003\",\"serviceId\":\"g1\",\"areaId\":\"130\",\"stationId\":\"001\",\"date\":\"2026-03-05\",\"eventId\":\"09003\",\"genre\":[{\"id\":\"0300\",\"name1\":\"ドラマ\",\"name2\":\"国内ドラマ\"}],\"onid\":\"7fe0\",\"sid\":\"0400\",\"tsid\":\"7fe0\"},\"misc\":{\"displayVideoMode\":\"none\",\"displayVideoRange\":\"sdr\",\"displayAudioMode\":[\"kaisetsu\"],\"audioMode\":[\"stereoKaisetsu\"],\"supportCaption\":true,\"supportSign\":false,\"supportHybridcast\":false,\"supportDataBroadcast\":false,\"isInteractive\":false,\"isChangeable\":false,\"releaseLevel\":\"repeat\",\"programType\":\"program\",\"coverage\":\"nationwide\",\"actList\":[{\"role\":\"出演\",\"name\":\"小芝風花\",\"nameRuby\":\"ｺｼﾊﾞﾌｳｶ\"},{\"role\":\"出演\",\"name\":\"笠松将\",\"nameRuby\":\"ｶｻﾏﾂｼｮｳ\"},{\"role\":\"出演\",\"name\":\"中野周平\",\"nameRuby\":\"ﾅｶﾉｼｭｳﾍｲ\"},{\"role\":\"出演\",\"name\":\"倉科カナ\",\"nameRuby\":\"ｸﾗｼﾅｶﾅ\"},{\"role\":\"出演\",\"name\":\"北村有起哉\",\"nameRuby\":\"ｷﾀﾑﾗﾕｷﾔ\"},{\"role\":\"原作\",\"name\":\"倉持裕\",\"nameRuby\":\"ｸﾗﾓﾁﾕﾀｶ\"}],\"musicList\":[]},\"publishedOn\":{\"type\":\"BroadcastService\",\"id\":\"bs-g1-130\",\"name\":\"NHK総合テレビジョン\",\"url\":\"https://api-local.ss.org.nhk/r8/t/broadcastservice/bs/g1-130.json\",\"broadcastDisplayName\":\"NHK総合・東京\",\"videoFormat\":[\"2K\"],\"encodingFormat\":[\"video/X-arib-mpeg2\",\"audio/X-arib-mpeg2-aac\"],\"identifierGroup\":{\"serviceId\":\"g1\",\"serviceName\":\"NHK総合1\",\"areaId\":\"130\",\"areaName\":\"東京\",\"channelId\":\"011\",\"channelKey\":\"1\",\"channelAreaName\":\"東京\",\"channelStationName\":\"首都圏\",\"shortenedName\":\"NHK総合1\",\"shortenedDisplayName\":\"総合\",\"multiChannelDisplayName\":\"総合\"},\"logo\":{\"url\":\"https://imgu.web.nhk/common/broadcastservice/bs/g1/g1-logo.svg\",\"main\":{\"url\":\"https://imgu.web.nhk/common/broadcastservice/bs/g1/g1-logo_1080x1080.png\",\"width\":1080,\"height\":1080},\"medium\":{\"url\":\"https://imgu.web.nhk/common/broadcastservice/bs/g1/g1-logo_640x640.png\",\"width\":640,\"height\":640},\"small\":{\"url\":\"https://imgu.web.nhk/common/broadcastservice/bs/g1/g1-logo_200x200.png\",\"width\":200,\"height\":200}},\"eyecatch\":{\"url\":\"https://imgu.web.nhk/common/broadcastservice/bs/g1/g1-eyecatch.svg\",\"large\":{\"url\":\"https://imgu.web.nhk/common/broadcastservice/bs/g1/g1-eyecatch_3840x2160.png\",\"width\":3840,\"height\":2160},\"main\":{\"url\":\"https://imgu.web.nhk/common/broadcastservice/bs/g1/g1-eyecatch_1920x1080.png\",\"width\":1920,\"height\":1080},\"medium\":{\"url\":\"https://imgu.web.nhk/common/broadcastservice/bs/g1/g1-eyecatch_1280x720.png\",\"width\":1280,\"height\":720},\"small\":{\"url\":\"https://imgu.web.nhk/common/broadcastservice/bs/g1/g1-eyecatch_640x360.png\",\"width\":640,\"height\":360}},\"hero\":{\"url\":\"https://imgu.web.nhk/common/broadcastservice/bs/g1/g1-hero.svg\",\"main\":{\"url\":\"https://imgu.web.nhk/common/broadcastservice/bs/g1/g1-hero_1920x640.png\",\"width\":1920,\"height\":640},\"medium\":{\"url\":\"https://imgu.web.nhk/common/broadcastservice/bs/g1/g1-hero_1080x360.png\",\"width\":1080,\"height\":360}},\"badge9x4\":{\"url\":\"https://imgu.web.nhk/common/broadcastservice/bs/g1/g1-badge9x4.svg\",\"main\":{\"url\":\"https://imgu.web.nhk/common/broadcastservice/bs/g1/g1-badge9x4_360x160.png\",\"width\":360,\"height\":160},\"small\":{\"url\":\"https://imgu.web.nhk/common/broadcastservice/bs/g1/g1-badge9x4_180x80.png\",\"width\":180,\"height\":80}}}},\"eyecatch\":{\"large\":{\"url\":\"https://imgu.web.nhk/static/assets/images/tvepisode/te/K92PKN1YX3/K92PKN1YX3-eyecatch_9e8ae9cb700c35faac6d168e34ed9cc1.png\",\"width\":3840,\"height\":2160},\"main\":{\"url\":\"https://imgu.web.nhk/static/assets/images/tvepisode/te/K92PKN1YX3/K92PKN1YX3-eyecatch_509b78de7e792edef14566a4e2872f63.png\",\"width\":1920,\"height\":1080},\"medium\":{\"url\":\"https://imgu.web.nhk/static/assets/images/tvepisode/te/K92PKN1YX3/K92PKN1YX3-eyecatch_03f1590b566adb1553a6de385c5b9a00.png\",\"width\":1280,\"height\":720},\"small\":{\"url\":\"https://imgu.web.nhk/static/assets/images/tvepisode/te/K92PKN1YX3/K92PKN1YX3-eyecatch_f7949da6e42c024089b8495e920ff84b.png\",\"width\":640,\"height\":360}},\"eyecatchList\":[],\"video\":[{\"id\":\"hskOriginal-g1-130-2026030509003\",\"name\":\"事件は、その周りで起きている　シリーズ２（４）小芝風花主演・警察コメディー\",\"description\":\"真野（小芝風花）のロッカーは、どうしても捨てられない思い入れのある資料やものでびっちり。それを見た上司の谷崎（北村有起哉）に、不要な資料を処分するように命じられる。その手伝いをすることになった宇田川（笠松将）はどんどんと断捨離しようとするが、真野は踏ん切りがつかない。捨てたい宇田川と捨てたくない真野の攻防戦に、向田（倉科カナ）や徳大寺（蛙亭中野）も巻き込まれていき・・・\",\"url\":\"https://www.web.nhk/tv/pl/series-tep-R6ZNL4MY77/ep/K92PKN1YX3\",\"identifierGroup\":{\"environmentId\":\"hskOriginal\",\"broadcastEventId\":\"g1-130-2026030509003\",\"serviceId\":\"g1\",\"streamType\":\"vod\"},\"detailedContentStatus\":{\"environmentId\":\"hskOriginal\",\"streamType\":\"vod\",\"contentStatus\":\"ready\"},\"detailedVideoDescriptor\":\"https://archive.hsk.st.nhk/npd3/7fe0-0400/20260305/232b-1-3-cc541c0d3a8af5efb47e598cf21ba3b9/videoinfo-173f9b6e138f612c6434ef14323b3ab4.json\",\"expires\":\"2026-03-12T23:00:00+09:00\",\"duration\":\"PT14M59S\",\"startDate\":\"2026-03-05T22:45:00+09:00\",\"endDate\":\"2026-03-05T23:00:00+09:00\",\"isDivided\":false,\"publication\":[{\"id\":\"g1-130-2026030509003\",\"url\":\"https://api-local.ss.org.nhk/r8/t/broadcastevent/be/g1-130-2026030509003.json\",\"isLiveBroadcast\":true}],\"hasPart\":[],\"uploadDate\":\"2026-03-05T23:00:00+09:00\"}],\"citation\":[],\"detailedPinnedCitation\":[],\"sameAs\":[],\"correction\":[],\"url\":\"https://api-local.ss.org.nhk/r8/t/tvepisode/te/K92PKN1YX3.json\",\"canonical\":\"https://www.web.nhk/tv/pl/series-tep-R6ZNL4MY77/ep/K92PKN1YX3\",\"associatedMedia\":[],\"hasPart\":[],\"additionalProperty\":{\"episodeMergeStatus\":\"notMerged\"}},\"link\":{\"href\":\"https://www.web.nhk/tv/pl/series-tep-R6ZNL4MY77/ep/K92PKN1YX3\"}}]\n"])</script><script>self.__next_f.push([1,"3f:[\"$\",\"$L2a\",\"XMNJZZKWXM\",{\"content\":{\"type\":\"TVEpisode\",\"id\":\"XMNJZZKWXM\",\"name\":\"シリーズ2 (3)/大反響コメディー・小芝風花主演\",\"detailedEpisodeNameRuby\":\"\",\"identifierGroup\":{\"tvEpisodeId\":\"XMNJZZKWXM\",\"tvSeriesId\":\"R6ZNL4MY77\",\"tvEpisodeName\":\"シリーズ2 (3)/大反響コメディー・小芝風花主演\",\"tvSeriesName\":\"【夜ドラ】事件は、その周りで起きている\",\"hashtag\":[],\"siteId\":\"7794\",\"serviceId\":[\"g1\",\"g2\"],\"formatGenreTag\":[{\"id\":\"03\",\"name\":\"ドラマ\"}],\"themeGenreTag\":[{\"id\":\"031\",\"name\":\"国内ドラマ\"}]},\"keyword\":[],\"description\":\"元科捜研のエース・向田（倉科）の音声解析で、詐欺グループのアジトがわれた。お手柄だったが、向田は解析作業に熱中しすぎて宇田川（笠松）が頼んだ鑑定もほったらかし。一方、真野（小芝）は、部下が上司を評価する人事制度で谷崎警部（北村）を採点することに。どう評価するか悩む真野。そして谷崎は真野の評価が気になって仕方がない様子。そんな中、捜査情報の一部が記者に漏れたことが発覚し…\",\"dateCreated\":\"2024-09-09T18:39:04+09:00\",\"dateModified\":\"2026-02-25T04:28:16+09:00\",\"actor\":[],\"contributor\":[],\"partOfSeries\":{\"id\":\"R6ZNL4MY77\",\"name\":\"【夜ドラ】事件は、その周りで起きている\",\"detailedSeriesNameRuby\":\"じけんは　そのまわりでおきている\",\"identifierGroup\":{\"tvSeriesId\":\"R6ZNL4MY77\",\"tvSeriesPlaylistId\":\"series-tep-R6ZNL4MY77\",\"tvSeriesUId\":\"peb7a35e1-facd-578d-9e66-001520c0a863\",\"tvSeriesName\":\"【夜ドラ】事件は、その周りで起きている\",\"hashtag\":[],\"siteId\":\"7794\",\"serviceId\":[\"g1\",\"g2\"],\"formatGenre\":[{\"id\":\"03\",\"name\":\"ドラマ\"}]},\"keyword\":[\"LIFE\",\"新感覚\",\"1話15分\",\"警察署・新月署\",\"コメディードラマ\",\"宇宙人総理\",\"総合演出\",\"小事件\",\"小室玲子\",\"小芝風花\",\"倉科カナ\",\"倉持裕\",\"笠松将\",\"中野周平\",\"完全オリジナル脚本\",\"北村有起哉\",\"蛙亭\",\"西川毅\",\"池谷のぶえ\",\"キムラ緑子\"],\"detailedSynonym\":[],\"sameAs\":[],\"canonical\":\"https://www.web.nhk/tv/pl/series-tep-R6ZNL4MY77\",\"description\":\"コント番組「LIFE！」スタッフが制作するシチュエーションコメディー「事件は、その周りで起きている」。\\n舞台はとある地方の小さな警察署・新月署（しんげつしょ）。刑事ものだけど、事件を一切解決しない。事件のまわりで起きるトラブル、“小事件”にスポットを当てた新感覚の１話完結15分のコメディー。\\n\\n■出演：小芝風花 笠松将 中野周平（蛙亭） 倉科カナ 北村有起哉／シリーズ3 ゲスト： 向井 理\\n■脚本：倉持裕\\n※「LIFE！」の人気キャラクターを数々生んだ倉持裕の完全オリジナル脚本\\n■演出：西川毅　※ＬＩＦＥ！総合演出\\n\",\"logo\":{\"main\":{\"url\":\"https://imgu.web.nhk/static/assets/images/tvseries/ts/R6ZNL4MY77/R6ZNL4MY77-logo_010553e34314ed3eaae5ee4f0fcd1ba6.jpg\",\"width\":1080,\"height\":1080},\"medium\":{\"url\":\"https://imgu.web.nhk/static/assets/images/tvseries/ts/R6ZNL4MY77/R6ZNL4MY77-logo_84ad8b93cf5d578fe060a3f7314f70c8.jpg\",\"width\":640,\"height\":640},\"small\":{\"url\":\"https://imgu.web.nhk/static/assets/images/tvseries/ts/R6ZNL4MY77/R6ZNL4MY77-logo_ae6897cabe75a4f78122da5f3657bef5.jpg\",\"width\":200,\"height\":200}},\"eyecatch\":{\"large\":{\"url\":\"https://imgu.web.nhk/static/assets/images/tvseries/ts/R6ZNL4MY77/R6ZNL4MY77-eyecatch_dd47dec7aa1bac3d2ba8f17718df8820.jpg\",\"width\":3840,\"height\":2160},\"main\":{\"url\":\"https://imgu.web.nhk/static/assets/images/tvseries/ts/R6ZNL4MY77/R6ZNL4MY77-eyecatch_4cb30049e34bd2a80aeed50c3cca542d.jpg\",\"width\":1920,\"height\":1080},\"medium\":{\"url\":\"https://imgu.web.nhk/static/assets/images/tvseries/ts/R6ZNL4MY77/R6ZNL4MY77-eyecatch_74a3e9cc9110082f4a50f5583b4e33e3.jpg\",\"width\":1280,\"height\":720},\"small\":{\"url\":\"https://imgu.web.nhk/static/assets/images/tvseries/ts/R6ZNL4MY77/R6ZNL4MY77-eyecatch_974ebe51818b4d8ed838b965facf11d8.jpg\",\"width\":640,\"height\":360}},\"hero\":{\"main\":{\"url\":\"https://imgu.web.nhk/static/assets/images/tvseries/ts/R6ZNL4MY77/R6ZNL4MY77-hero_5e0dd42bf16b54843c1b00be7d630c82.jpg\",\"width\":1920,\"height\":640},\"medium\":{\"url\":\"https://imgu.web.nhk/static/assets/images/tvseries/ts/R6ZNL4MY77/R6ZNL4MY77-hero_117d570d62a32daa7c6a43f7ac239c7c.jpg\",\"width\":1080,\"height\":360}},\"style\":{\"textLight\":\"#000000\",\"textDark\":\"#FFFFFF\",\"linkLight\":\"#E72400\",\"linkDark\":\"#FF4928\",\"primaryLight\":\"#FF2800\",\"primaryDark\":\"#FF2800\"},\"additionalProperty\":{\"publishLevel\":\"full\",\"layoutPattern\":\"summary\",\"episodeOrderBy\":\"releasedEvent\",\"availableOnPlus\":false,\"enableVariablePlayBackSpeedControl\":false,\"optional\":[],\"seriesPackStatus\":\"notPacked\",\"supportMedia\":[\"@screen\"],\"supportMusicList\":true,\"supportPlusEmbed\":true,\"enableWebContent\":false},\"url\":\"https://api-local.ss.org.nhk/r8/t/nplaylist/pl/series-tep-R6ZNL4MY77.json\",\"itemUrl\":\"https://api-local.ss.org.nhk/r8/l/tvepisode/pl/series-tep-R6ZNL4MY77.json\"},\"releasedEvent\":{\"startDate\":\"2024-10-02T22:45:00+09:00\",\"displayStartDate\":\"2024-10-02T22:45:00+09:00\",\"endDate\":\"2024-10-02T23:00:00+09:00\",\"publishedOn\":{\"type\":\"BroadcastService\",\"id\":\"bs-g1-130\",\"name\":\"NHK総合テレビジョン\",\"url\":\"https://api-local.ss.org.nhk/r8/t/broadcastservice/bs/g1-130.json\",\"broadcastDisplayName\":\"NHK総合・東京\",\"videoFormat\":[\"2K\"],\"encodingFormat\":[\"video/X-arib-mpeg2\",\"audio/X-arib-mpeg2-aac\"],\"identifierGroup\":{\"serviceId\":\"g1\",\"serviceName\":\"NHK総合1\",\"areaId\":\"130\",\"areaName\":\"東京\",\"channelId\":\"011\",\"channelKey\":\"1\",\"channelAreaName\":\"東京\",\"channelStationName\":\"首都圏\",\"shortenedName\":\"NHK総合1\",\"shortenedDisplayName\":\"総合\",\"multiChannelDisplayName\":\"総合\"},\"logo\":{\"url\":\"https://imgu.web.nhk/common/broadcastservice/bs/g1/g1-logo.svg\",\"main\":{\"url\":\"https://imgu.web.nhk/common/broadcastservice/bs/g1/g1-logo_1080x1080.png\",\"width\":1080,\"height\":1080},\"medium\":{\"url\":\"https://imgu.web.nhk/common/broadcastservice/bs/g1/g1-logo_640x640.png\",\"width\":640,\"height\":640},\"small\":{\"url\":\"https://imgu.web.nhk/common/broadcastservice/bs/g1/g1-logo_200x200.png\",\"width\":200,\"height\":200}},\"eyecatch\":{\"url\":\"https://imgu.web.nhk/common/broadcastservice/bs/g1/g1-eyecatch.svg\",\"large\":{\"url\":\"https://imgu.web.nhk/common/broadcastservice/bs/g1/g1-eyecatch_3840x2160.png\",\"width\":3840,\"height\":2160},\"main\":{\"url\":\"https://imgu.web.nhk/common/broadcastservice/bs/g1/g1-eyecatch_1920x1080.png\",\"width\":1920,\"height\":1080},\"medium\":{\"url\":\"https://imgu.web.nhk/common/broadcastservice/bs/g1/g1-eyecatch_1280x720.png\",\"width\":1280,\"height\":720},\"small\":{\"url\":\"https://imgu.web.nhk/common/broadcastservice/bs/g1/g1-eyecatch_640x360.png\",\"width\":640,\"height\":360}},\"hero\":{\"url\":\"https://imgu.web.nhk/common/broadcastservice/bs/g1/g1-hero.svg\",\"main\":{\"url\":\"https://imgu.web.nhk/common/broadcastservice/bs/g1/g1-hero_1920x640.png\",\"width\":1920,\"height\":640},\"medium\":{\"url\":\"https://imgu.web.nhk/common/broadcastservice/bs/g1/g1-hero_1080x360.png\",\"width\":1080,\"height\":360}},\"badge9x4\":{\"url\":\"https://imgu.web.nhk/common/broadcastservice/bs/g1/g1-badge9x4.svg\",\"main\":{\"url\":\"https://imgu.web.nhk/common/broadcastservice/bs/g1/g1-badge9x4_360x160.png\",\"width\":360,\"height\":160},\"small\":{\"url\":\"https://imgu.web.nhk/common/broadcastservice/bs/g1/g1-badge9x4_180x80.png\",\"width\":180,\"height\":80}}}},\"detailedRecentEvent\":{\"id\":\"g1-130-2026030408497\",\"startDate\":\"2026-03-04T22:45:00+09:00\",\"endDate\":\"2026-03-04T23:00:00+09:00\",\"identifierGroup\":{\"broadcastEventId\":\"g1-130-2026030408497\",\"serviceId\":\"g1\",\"areaId\":\"130\",\"stationId\":\"001\",\"date\":\"2026-03-04\",\"eventId\":\"08497\",\"genre\":[{\"id\":\"0300\",\"name1\":\"ドラマ\",\"name2\":\"国内ドラマ\"}],\"onid\":\"7fe0\",\"sid\":\"0400\",\"tsid\":\"7fe0\"},\"misc\":{\"displayVideoMode\":\"none\",\"displayVideoRange\":\"sdr\",\"displayAudioMode\":[\"kaisetsu\"],\"audioMode\":[\"stereoKaisetsu\"],\"supportCaption\":true,\"supportSign\":false,\"supportHybridcast\":false,\"supportDataBroadcast\":false,\"isInteractive\":false,\"isChangeable\":false,\"releaseLevel\":\"repeat\",\"programType\":\"program\",\"coverage\":\"nationwide\",\"actList\":[{\"role\":\"出演\",\"name\":\"小芝風花\",\"nameRuby\":\"ｺｼﾊﾞﾌｳｶ\"},{\"role\":\"出演\",\"name\":\"笠松将\",\"nameRuby\":\"ｶｻﾏﾂｼｮｳ\"},{\"role\":\"出演\",\"name\":\"倉科カナ\",\"nameRuby\":\"ｸﾗｼﾅｶﾅ\"},{\"role\":\"出演\",\"name\":\"北村有起哉\",\"nameRuby\":\"ｷﾀﾑﾗﾕｷﾔ\"},{\"role\":\"原作\",\"name\":\"倉持裕\",\"nameRuby\":\"ｸﾗﾓﾁﾕﾀｶ\"}],\"musicList\":[]},\"publishedOn\":{\"type\":\"BroadcastService\",\"id\":\"bs-g1-130\",\"name\":\"NHK総合テレビジョン\",\"url\":\"https://api-local.ss.org.nhk/r8/t/broadcastservice/bs/g1-130.json\",\"broadcastDisplayName\":\"NHK総合・東京\",\"videoFormat\":[\"2K\"],\"encodingFormat\":[\"video/X-arib-mpeg2\",\"audio/X-arib-mpeg2-aac\"],\"identifierGroup\":{\"serviceId\":\"g1\",\"serviceName\":\"NHK総合1\",\"areaId\":\"130\",\"areaName\":\"東京\",\"channelId\":\"011\",\"channelKey\":\"1\",\"channelAreaName\":\"東京\",\"channelStationName\":\"首都圏\",\"shortenedName\":\"NHK総合1\",\"shortenedDisplayName\":\"総合\",\"multiChannelDisplayName\":\"総合\"},\"logo\":{\"url\":\"https://imgu.web.nhk/common/broadcastservice/bs/g1/g1-logo.svg\",\"main\":{\"url\":\"https://imgu.web.nhk/common/broadcastservice/bs/g1/g1-logo_1080x1080.png\",\"width\":1080,\"height\":1080},\"medium\":{\"url\":\"https://imgu.web.nhk/common/broadcastservice/bs/g1/g1-logo_640x640.png\",\"width\":640,\"height\":640},\"small\":{\"url\":\"https://imgu.web.nhk/common/broadcastservice/bs/g1/g1-logo_200x200.png\",\"width\":200,\"height\":200}},\"eyecatch\":{\"url\":\"https://imgu.web.nhk/common/broadcastservice/bs/g1/g1-eyecatch.svg\",\"large\":{\"url\":\"https://imgu.web.nhk/common/broadcastservice/bs/g1/g1-eyecatch_3840x2160.png\",\"width\":3840,\"height\":2160},\"main\":{\"url\":\"https://imgu.web.nhk/common/broadcastservice/bs/g1/g1-eyecatch_1920x1080.png\",\"width\":1920,\"height\":1080},\"medium\":{\"url\":\"https://imgu.web.nhk/common/broadcastservice/bs/g1/g1-eyecatch_1280x720.png\",\"width\":1280,\"height\":720},\"small\":{\"url\":\"https://imgu.web.nhk/common/broadcastservice/bs/g1/g1-eyecatch_640x360.png\",\"width\":640,\"height\":360}},\"hero\":{\"url\":\"https://imgu.web.nhk/common/broadcastservice/bs/g1/g1-hero.svg\",\"main\":{\"url\":\"https://imgu.web.nhk/common/broadcastservice/bs/g1/g1-hero_1920x640.png\",\"width\":1920,\"height\":640},\"medium\":{\"url\":\"https://imgu.web.nhk/common/broadcastservice/bs/g1/g1-hero_1080x360.png\",\"width\":1080,\"height\":360}},\"badge9x4\":{\"url\":\"https://imgu.web.nhk/common/broadcastservice/bs/g1/g1-badge9x4.svg\",\"main\":{\"url\":\"https://imgu.web.nhk/common/broadcastservice/bs/g1/g1-badge9x4_360x160.png\",\"width\":360,\"height\":160},\"small\":{\"url\":\"https://imgu.web.nhk/common/broadcastservice/bs/g1/g1-badge9x4_180x80.png\",\"width\":180,\"height\":80}}}},\"detailedComingEvent\":{\"id\":\"g1-130-2026030408497\",\"startDate\":\"2026-03-04T22:45:00+09:00\",\"endDate\":\"2026-03-04T23:00:00+09:00\",\"identifierGroup\":{\"broadcastEventId\":\"g1-130-2026030408497\",\"serviceId\":\"g1\",\"areaId\":\"130\",\"stationId\":\"001\",\"date\":\"2026-03-04\",\"eventId\":\"08497\",\"genre\":[{\"id\":\"0300\",\"name1\":\"ドラマ\",\"name2\":\"国内ドラマ\"}],\"onid\":\"7fe0\",\"sid\":\"0400\",\"tsid\":\"7fe0\"},\"misc\":{\"displayVideoMode\":\"none\",\"displayVideoRange\":\"sdr\",\"displayAudioMode\":[\"kaisetsu\"],\"audioMode\":[\"stereoKaisetsu\"],\"supportCaption\":true,\"supportSign\":false,\"supportHybridcast\":false,\"supportDataBroadcast\":false,\"isInteractive\":false,\"isChangeable\":false,\"releaseLevel\":\"repeat\",\"programType\":\"program\",\"coverage\":\"nationwide\",\"actList\":[{\"role\":\"出演\",\"name\":\"小芝風花\",\"nameRuby\":\"ｺｼﾊﾞﾌｳｶ\"},{\"role\":\"出演\",\"name\":\"笠松将\",\"nameRuby\":\"ｶｻﾏﾂｼｮｳ\"},{\"role\":\"出演\",\"name\":\"倉科カナ\",\"nameRuby\":\"ｸﾗｼﾅｶﾅ\"},{\"role\":\"出演\",\"name\":\"北村有起哉\",\"nameRuby\":\"ｷﾀﾑﾗﾕｷﾔ\"},{\"role\":\"原作\",\"name\":\"倉持裕\",\"nameRuby\":\"ｸﾗﾓﾁﾕﾀｶ\"}],\"musicList\":[]},\"publishedOn\":{\"type\":\"BroadcastService\",\"id\":\"bs-g1-130\",\"name\":\"NHK総合テレビジョン\",\"url\":\"https://api-local.ss.org.nhk/r8/t/broadcastservice/bs/g1-130.json\",\"broadcastDisplayName\":\"NHK総合・東京\",\"videoFormat\":[\"2K\"],\"encodingFormat\":[\"video/X-arib-mpeg2\",\"audio/X-arib-mpeg2-aac\"],\"identifierGroup\":{\"serviceId\":\"g1\",\"serviceName\":\"NHK総合1\",\"areaId\":\"130\",\"areaName\":\"東京\",\"channelId\":\"011\",\"channelKey\":\"1\",\"channelAreaName\":\"東京\",\"channelStationName\":\"首都圏\",\"shortenedName\":\"NHK総合1\",\"shortenedDisplayName\":\"総合\",\"multiChannelDisplayName\":\"総合\"},\"logo\":{\"url\":\"https://imgu.web.nhk/common/broadcastservice/bs/g1/g1-logo.svg\",\"main\":{\"url\":\"https://imgu.web.nhk/common/broadcastservice/bs/g1/g1-logo_1080x1080.png\",\"width\":1080,\"height\":1080},\"medium\":{\"url\":\"https://imgu.web.nhk/common/broadcastservice/bs/g1/g1-logo_640x640.png\",\"width\":640,\"height\":640},\"small\":{\"url\":\"https://imgu.web.nhk/common/broadcastservice/bs/g1/g1-logo_200x200.png\",\"width\":200,\"height\":200}},\"eyecatch\":{\"url\":\"https://imgu.web.nhk/common/broadcastservice/bs/g1/g1-eyecatch.svg\",\"large\":{\"url\":\"https://imgu.web.nhk/common/broadcastservice/bs/g1/g1-eyecatch_3840x2160.png\",\"width\":3840,\"height\":2160},\"main\":{\"url\":\"https://imgu.web.nhk/common/broadcastservice/bs/g1/g1-eyecatch_1920x1080.png\",\"width\":1920,\"height\":1080},\"medium\":{\"url\":\"https://imgu.web.nhk/common/broadcastservice/bs/g1/g1-eyecatch_1280x720.png\",\"width\":1280,\"height\":720},\"small\":{\"url\":\"https://imgu.web.nhk/common/broadcastservice/bs/g1/g1-eyecatch_640x360.png\",\"width\":640,\"height\":360}},\"hero\":{\"url\":\"https://imgu.web.nhk/common/broadcastservice/bs/g1/g1-hero.svg\",\"main\":{\"url\":\"https://imgu.web.nhk/common/broadcastservice/bs/g1/g1-hero_1920x640.png\",\"width\":1920,\"height\":640},\"medium\":{\"url\":\"https://imgu.web.nhk/common/broadcastservice/bs/g1/g1-hero_1080x360.png\",\"width\":1080,\"height\":360}},\"badge9x4\":{\"url\":\"https://imgu.web.nhk/common/broadcastservice/bs/g1/g1-badge9x4.svg\",\"main\":{\"url\":\"https://imgu.web.nhk/common/broadcastservice/bs/g1/g1-badge9x4_360x160.png\",\"width\":360,\"height\":160},\"small\":{\"url\":\"https://imgu.web.nhk/common/broadcastservice/bs/g1/g1-badge9x4_180x80.png\",\"width\":180,\"height\":80}}}},\"eyecatch\":{\"large\":{\"url\":\"https://imgu.web.nhk/static/assets/images/tvepisode/te/XMNJZZKWXM/XMNJZZKWXM-eyecatch_9b83130e126aab632c75db7e62132264.png\",\"width\":3840,\"height\":2160},\"main\":{\"url\":\"https://imgu.web.nhk/static/assets/images/tvepisode/te/XMNJZZKWXM/XMNJZZKWXM-eyecatch_1387e1e4fa9eab005cf225b1a9879747.png\",\"width\":1920,\"height\":1080},\"medium\":{\"url\":\"https://imgu.web.nhk/static/assets/images/tvepisode/te/XMNJZZKWXM/XMNJZZKWXM-eyecatch_94b343f92e91ae5f6a17fd1319fa6a09.png\",\"width\":1280,\"height\":720},\"small\":{\"url\":\"https://imgu.web.nhk/static/assets/images/tvepisode/te/XMNJZZKWXM/XMNJZZKWXM-eyecatch_e79f6215f7859464bfedda941fa4aa28.png\",\"width\":640,\"height\":360}},\"eyecatchList\":[],\"video\":[{\"id\":\"hskOriginal-g1-130-2026030408497\",\"name\":\"事件は、その周りで起きている　シリーズ２（３）小芝風花主演・警察コメディー\",\"description\":\"元科捜研のエース・向田（倉科）の音声解析で、詐欺グループのアジトがわれた。お手柄だったが、向田は解析作業に熱中しすぎて宇田川（笠松）が頼んだ鑑定もほったらかし。一方、真野（小芝）は、部下が上司を評価する人事制度で谷崎警部（北村）を採点することに。どう評価するか悩む真野。そして谷崎は真野の評価が気になって仕方がない様子。そんな中、捜査情報の一部が記者に漏れたことが発覚し…\",\"url\":\"https://www.web.nhk/tv/pl/series-tep-R6ZNL4MY77/ep/XMNJZZKWXM\",\"identifierGroup\":{\"environmentId\":\"hskOriginal\",\"broadcastEventId\":\"g1-130-2026030408497\",\"serviceId\":\"g1\",\"streamType\":\"vod\"},\"detailedContentStatus\":{\"environmentId\":\"hskOriginal\",\"streamType\":\"vod\",\"contentStatus\":\"ready\"},\"detailedVideoDescriptor\":\"https://archive.hsk.st.nhk/npd3/7fe0-0400/20260304/2131-1-3-6d2b3186097c4550fc282d8c643ad2ce/videoinfo-9e22f4790715d0703905dd71fb8e65cd.json\",\"expires\":\"2026-03-11T23:00:00+09:00\",\"duration\":\"PT14M59S\",\"startDate\":\"2026-03-04T22:45:00+09:00\",\"endDate\":\"2026-03-04T23:00:00+09:00\",\"isDivided\":false,\"publication\":[{\"id\":\"g1-130-2026030408497\",\"url\":\"https://api-local.ss.org.nhk/r8/t/broadcastevent/be/g1-130-2026030408497.json\",\"isLiveBroadcast\":true}],\"hasPart\":[],\"uploadDate\":\"2026-03-04T23:00:00+09:00\"}],\"citation\":[],\"detailedPinnedCitation\":[],\"sameAs\":[],\"correction\":[],\"url\":\"https://api-local.ss.org.nhk/r8/t/tvepisode/te/XMNJZZKWXM.json\",\"canonical\":\"https://www.web.nhk/tv/pl/series-tep-R6ZNL4MY77/ep/XMNJZZKWXM\",\"associatedMedia\":[],\"hasPart\":[],\"additionalProperty\":{\"episodeMergeStatus\":\"notMerged\"}},\"link\":{\"href\":\"https://www.web.nhk/tv/pl/series-tep-R6ZNL4MY77/ep/XMNJZZKWXM\"}}]\n"])</script><script>self.__next_f.push([1,"40:[\"$\",\"$L2a\",\"QJ58NQ4QV1\",{\"content\":{\"type\":\"TVEpisode\",\"id\":\"QJ58NQ4QV1\",\"name\":\"シリーズ2 (2)/大反響コメディー・小芝風花主演\",\"detailedEpisodeNameRuby\":\"\",\"identifierGroup\":{\"tvEpisodeId\":\"QJ58NQ4QV1\",\"tvSeriesId\":\"R6ZNL4MY77\",\"tvEpisodeName\":\"シリーズ2 (2)/大反響コメディー・小芝風花主演\",\"tvSeriesName\":\"【夜ドラ】事件は、その周りで起きている\",\"hashtag\":[],\"siteId\":\"7794\",\"serviceId\":[\"g1\",\"g2\"],\"formatGenreTag\":[{\"id\":\"03\",\"name\":\"ドラマ\"}],\"themeGenreTag\":[{\"id\":\"031\",\"name\":\"国内ドラマ\"}]},\"keyword\":[],\"description\":\"小芝風花×笠松将×倉科カナ×北村有起哉×蛙亭中野／今回はゲスト出演も！キムラ緑子・池谷のぶえ／取調室で、参考人の池内（キムラ）とじっと向き合う真野（小芝）。ひったくり事件の犯人につながる証拠を握っているようだが、池内はなぜか完全に黙秘していた。別室から見守る谷崎警部（北村）や向田（倉科）は不思議がるが、宇田川（笠松）の推理によると、原因は真野が放った、とある一言にあるらしく…\",\"dateCreated\":\"2024-09-09T18:39:03+09:00\",\"dateModified\":\"2026-02-24T04:32:18+09:00\",\"actor\":[],\"contributor\":[],\"partOfSeries\":{\"id\":\"R6ZNL4MY77\",\"name\":\"【夜ドラ】事件は、その周りで起きている\",\"detailedSeriesNameRuby\":\"じけんは　そのまわりでおきている\",\"identifierGroup\":{\"tvSeriesId\":\"R6ZNL4MY77\",\"tvSeriesPlaylistId\":\"series-tep-R6ZNL4MY77\",\"tvSeriesUId\":\"peb7a35e1-facd-578d-9e66-001520c0a863\",\"tvSeriesName\":\"【夜ドラ】事件は、その周りで起きている\",\"hashtag\":[],\"siteId\":\"7794\",\"serviceId\":[\"g1\",\"g2\"],\"formatGenre\":[{\"id\":\"03\",\"name\":\"ドラマ\"}]},\"keyword\":[\"LIFE\",\"新感覚\",\"1話15分\",\"警察署・新月署\",\"コメディードラマ\",\"宇宙人総理\",\"総合演出\",\"小事件\",\"小室玲子\",\"小芝風花\",\"倉科カナ\",\"倉持裕\",\"笠松将\",\"中野周平\",\"完全オリジナル脚本\",\"北村有起哉\",\"蛙亭\",\"西川毅\",\"池谷のぶえ\",\"キムラ緑子\"],\"detailedSynonym\":[],\"sameAs\":[],\"canonical\":\"https://www.web.nhk/tv/pl/series-tep-R6ZNL4MY77\",\"description\":\"コント番組「LIFE！」スタッフが制作するシチュエーションコメディー「事件は、その周りで起きている」。\\n舞台はとある地方の小さな警察署・新月署（しんげつしょ）。刑事ものだけど、事件を一切解決しない。事件のまわりで起きるトラブル、“小事件”にスポットを当てた新感覚の１話完結15分のコメディー。\\n\\n■出演：小芝風花 笠松将 中野周平（蛙亭） 倉科カナ 北村有起哉／シリーズ3 ゲスト： 向井 理\\n■脚本：倉持裕\\n※「LIFE！」の人気キャラクターを数々生んだ倉持裕の完全オリジナル脚本\\n■演出：西川毅　※ＬＩＦＥ！総合演出\\n\",\"logo\":{\"main\":{\"url\":\"https://imgu.web.nhk/static/assets/images/tvseries/ts/R6ZNL4MY77/R6ZNL4MY77-logo_010553e34314ed3eaae5ee4f0fcd1ba6.jpg\",\"width\":1080,\"height\":1080},\"medium\":{\"url\":\"https://imgu.web.nhk/static/assets/images/tvseries/ts/R6ZNL4MY77/R6ZNL4MY77-logo_84ad8b93cf5d578fe060a3f7314f70c8.jpg\",\"width\":640,\"height\":640},\"small\":{\"url\":\"https://imgu.web.nhk/static/assets/images/tvseries/ts/R6ZNL4MY77/R6ZNL4MY77-logo_ae6897cabe75a4f78122da5f3657bef5.jpg\",\"width\":200,\"height\":200}},\"eyecatch\":{\"large\":{\"url\":\"https://imgu.web.nhk/static/assets/images/tvseries/ts/R6ZNL4MY77/R6ZNL4MY77-eyecatch_dd47dec7aa1bac3d2ba8f17718df8820.jpg\",\"width\":3840,\"height\":2160},\"main\":{\"url\":\"https://imgu.web.nhk/static/assets/images/tvseries/ts/R6ZNL4MY77/R6ZNL4MY77-eyecatch_4cb30049e34bd2a80aeed50c3cca542d.jpg\",\"width\":1920,\"height\":1080},\"medium\":{\"url\":\"https://imgu.web.nhk/static/assets/images/tvseries/ts/R6ZNL4MY77/R6ZNL4MY77-eyecatch_74a3e9cc9110082f4a50f5583b4e33e3.jpg\",\"width\":1280,\"height\":720},\"small\":{\"url\":\"https://imgu.web.nhk/static/assets/images/tvseries/ts/R6ZNL4MY77/R6ZNL4MY77-eyecatch_974ebe51818b4d8ed838b965facf11d8.jpg\",\"width\":640,\"height\":360}},\"hero\":{\"main\":{\"url\":\"https://imgu.web.nhk/static/assets/images/tvseries/ts/R6ZNL4MY77/R6ZNL4MY77-hero_5e0dd42bf16b54843c1b00be7d630c82.jpg\",\"width\":1920,\"height\":640},\"medium\":{\"url\":\"https://imgu.web.nhk/static/assets/images/tvseries/ts/R6ZNL4MY77/R6ZNL4MY77-hero_117d570d62a32daa7c6a43f7ac239c7c.jpg\",\"width\":1080,\"height\":360}},\"style\":{\"textLight\":\"#000000\",\"textDark\":\"#FFFFFF\",\"linkLight\":\"#E72400\",\"linkDark\":\"#FF4928\",\"primaryLight\":\"#FF2800\",\"primaryDark\":\"#FF2800\"},\"additionalProperty\":{\"publishLevel\":\"full\",\"layoutPattern\":\"summary\",\"episodeOrderBy\":\"releasedEvent\",\"availableOnPlus\":false,\"enableVariablePlayBackSpeedControl\":false,\"optional\":[],\"seriesPackStatus\":\"notPacked\",\"supportMedia\":[\"@screen\"],\"supportMusicList\":true,\"supportPlusEmbed\":true,\"enableWebContent\":false},\"url\":\"https://api-local.ss.org.nhk/r8/t/nplaylist/pl/series-tep-R6ZNL4MY77.json\",\"itemUrl\":\"https://api-local.ss.org.nhk/r8/l/tvepisode/pl/series-tep-R6ZNL4MY77.json\"},\"releasedEvent\":{\"startDate\":\"2024-10-01T23:15:00+09:00\",\"displayStartDate\":\"2024-10-01T23:15:00+09:00\",\"endDate\":\"2024-10-01T23:30:00+09:00\",\"publishedOn\":{\"type\":\"BroadcastService\",\"id\":\"bs-g1-130\",\"name\":\"NHK総合テレビジョン\",\"url\":\"https://api-local.ss.org.nhk/r8/t/broadcastservice/bs/g1-130.json\",\"broadcastDisplayName\":\"NHK総合・東京\",\"videoFormat\":[\"2K\"],\"encodingFormat\":[\"video/X-arib-mpeg2\",\"audio/X-arib-mpeg2-aac\"],\"identifierGroup\":{\"serviceId\":\"g1\",\"serviceName\":\"NHK総合1\",\"areaId\":\"130\",\"areaName\":\"東京\",\"channelId\":\"011\",\"channelKey\":\"1\",\"channelAreaName\":\"東京\",\"channelStationName\":\"首都圏\",\"shortenedName\":\"NHK総合1\",\"shortenedDisplayName\":\"総合\",\"multiChannelDisplayName\":\"総合\"},\"logo\":{\"url\":\"https://imgu.web.nhk/common/broadcastservice/bs/g1/g1-logo.svg\",\"main\":{\"url\":\"https://imgu.web.nhk/common/broadcastservice/bs/g1/g1-logo_1080x1080.png\",\"width\":1080,\"height\":1080},\"medium\":{\"url\":\"https://imgu.web.nhk/common/broadcastservice/bs/g1/g1-logo_640x640.png\",\"width\":640,\"height\":640},\"small\":{\"url\":\"https://imgu.web.nhk/common/broadcastservice/bs/g1/g1-logo_200x200.png\",\"width\":200,\"height\":200}},\"eyecatch\":{\"url\":\"https://imgu.web.nhk/common/broadcastservice/bs/g1/g1-eyecatch.svg\",\"large\":{\"url\":\"https://imgu.web.nhk/common/broadcastservice/bs/g1/g1-eyecatch_3840x2160.png\",\"width\":3840,\"height\":2160},\"main\":{\"url\":\"https://imgu.web.nhk/common/broadcastservice/bs/g1/g1-eyecatch_1920x1080.png\",\"width\":1920,\"height\":1080},\"medium\":{\"url\":\"https://imgu.web.nhk/common/broadcastservice/bs/g1/g1-eyecatch_1280x720.png\",\"width\":1280,\"height\":720},\"small\":{\"url\":\"https://imgu.web.nhk/common/broadcastservice/bs/g1/g1-eyecatch_640x360.png\",\"width\":640,\"height\":360}},\"hero\":{\"url\":\"https://imgu.web.nhk/common/broadcastservice/bs/g1/g1-hero.svg\",\"main\":{\"url\":\"https://imgu.web.nhk/common/broadcastservice/bs/g1/g1-hero_1920x640.png\",\"width\":1920,\"height\":640},\"medium\":{\"url\":\"https://imgu.web.nhk/common/broadcastservice/bs/g1/g1-hero_1080x360.png\",\"width\":1080,\"height\":360}},\"badge9x4\":{\"url\":\"https://imgu.web.nhk/common/broadcastservice/bs/g1/g1-badge9x4.svg\",\"main\":{\"url\":\"https://imgu.web.nhk/common/broadcastservice/bs/g1/g1-badge9x4_360x160.png\",\"width\":360,\"height\":160},\"small\":{\"url\":\"https://imgu.web.nhk/common/broadcastservice/bs/g1/g1-badge9x4_180x80.png\",\"width\":180,\"height\":80}}}},\"detailedRecentEvent\":{\"id\":\"g1-130-2026030308108\",\"startDate\":\"2026-03-03T22:45:00+09:00\",\"endDate\":\"2026-03-03T23:00:00+09:00\",\"identifierGroup\":{\"broadcastEventId\":\"g1-130-2026030308108\",\"serviceId\":\"g1\",\"areaId\":\"130\",\"stationId\":\"001\",\"date\":\"2026-03-03\",\"eventId\":\"08108\",\"genre\":[{\"id\":\"0300\",\"name1\":\"ドラマ\",\"name2\":\"国内ドラマ\"}],\"onid\":\"7fe0\",\"sid\":\"0400\",\"tsid\":\"7fe0\"},\"misc\":{\"displayVideoMode\":\"none\",\"displayVideoRange\":\"sdr\",\"displayAudioMode\":[\"kaisetsu\"],\"audioMode\":[\"stereoKaisetsu\"],\"supportCaption\":true,\"supportSign\":false,\"supportHybridcast\":false,\"supportDataBroadcast\":false,\"isInteractive\":false,\"isChangeable\":false,\"releaseLevel\":\"repeat\",\"programType\":\"program\",\"coverage\":\"nationwide\",\"actList\":[{\"role\":\"出演\",\"name\":\"小芝風花\",\"nameRuby\":\"ｺｼﾊﾞﾌｳｶ\"},{\"role\":\"出演\",\"name\":\"笠松将\",\"nameRuby\":\"ｶｻﾏﾂｼｮｳ\"},{\"role\":\"出演\",\"name\":\"倉科カナ\",\"nameRuby\":\"ｸﾗｼﾅｶﾅ\"},{\"role\":\"出演\",\"name\":\"北村有起哉\",\"nameRuby\":\"ｷﾀﾑﾗﾕｷﾔ\"},{\"role\":\"出演\",\"name\":\"中野周平\",\"nameRuby\":\"ﾅｶﾉｼｭｳﾍｲ\"},{\"role\":\"出演\",\"name\":\"キムラ緑子\",\"nameRuby\":\"ｷﾑﾗﾐﾄﾞﾘｺ\"},{\"role\":\"出演\",\"name\":\"池谷のぶえ\",\"nameRuby\":\"ｲｹﾀﾆﾉﾌﾞｴ\"},{\"role\":\"原作\",\"name\":\"倉持裕\",\"nameRuby\":\"ｸﾗﾓﾁﾕﾀｶ\"}],\"musicList\":[]},\"publishedOn\":{\"type\":\"BroadcastService\",\"id\":\"bs-g1-130\",\"name\":\"NHK総合テレビジョン\",\"url\":\"https://api-local.ss.org.nhk/r8/t/broadcastservice/bs/g1-130.json\",\"broadcastDisplayName\":\"NHK総合・東京\",\"videoFormat\":[\"2K\"],\"encodingFormat\":[\"video/X-arib-mpeg2\",\"audio/X-arib-mpeg2-aac\"],\"identifierGroup\":{\"serviceId\":\"g1\",\"serviceName\":\"NHK総合1\",\"areaId\":\"130\",\"areaName\":\"東京\",\"channelId\":\"011\",\"channelKey\":\"1\",\"channelAreaName\":\"東京\",\"channelStationName\":\"首都圏\",\"shortenedName\":\"NHK総合1\",\"shortenedDisplayName\":\"総合\",\"multiChannelDisplayName\":\"総合\"},\"logo\":{\"url\":\"https://imgu.web.nhk/common/broadcastservice/bs/g1/g1-logo.svg\",\"main\":{\"url\":\"https://imgu.web.nhk/common/broadcastservice/bs/g1/g1-logo_1080x1080.png\",\"width\":1080,\"height\":1080},\"medium\":{\"url\":\"https://imgu.web.nhk/common/broadcastservice/bs/g1/g1-logo_640x640.png\",\"width\":640,\"height\":640},\"small\":{\"url\":\"https://imgu.web.nhk/common/broadcastservice/bs/g1/g1-logo_200x200.png\",\"width\":200,\"height\":200}},\"eyecatch\":{\"url\":\"https://imgu.web.nhk/common/broadcastservice/bs/g1/g1-eyecatch.svg\",\"large\":{\"url\":\"https://imgu.web.nhk/common/broadcastservice/bs/g1/g1-eyecatch_3840x2160.png\",\"width\":3840,\"height\":2160},\"main\":{\"url\":\"https://imgu.web.nhk/common/broadcastservice/bs/g1/g1-eyecatch_1920x1080.png\",\"width\":1920,\"height\":1080},\"medium\":{\"url\":\"https://imgu.web.nhk/common/broadcastservice/bs/g1/g1-eyecatch_1280x720.png\",\"width\":1280,\"height\":720},\"small\":{\"url\":\"https://imgu.web.nhk/common/broadcastservice/bs/g1/g1-eyecatch_640x360.png\",\"width\":640,\"height\":360}},\"hero\":{\"url\":\"https://imgu.web.nhk/common/broadcastservice/bs/g1/g1-hero.svg\",\"main\":{\"url\":\"https://imgu.web.nhk/common/broadcastservice/bs/g1/g1-hero_1920x640.png\",\"width\":1920,\"height\":640},\"medium\":{\"url\":\"https://imgu.web.nhk/common/broadcastservice/bs/g1/g1-hero_1080x360.png\",\"width\":1080,\"height\":360}},\"badge9x4\":{\"url\":\"https://imgu.web.nhk/common/broadcastservice/bs/g1/g1-badge9x4.svg\",\"main\":{\"url\":\"https://imgu.web.nhk/common/broadcastservice/bs/g1/g1-badge9x4_360x160.png\",\"width\":360,\"height\":160},\"small\":{\"url\":\"https://imgu.web.nhk/common/broadcastservice/bs/g1/g1-badge9x4_180x80.png\",\"width\":180,\"height\":80}}}},\"detailedComingEvent\":{\"id\":\"g1-130-2026030308108\",\"startDate\":\"2026-03-03T22:45:00+09:00\",\"endDate\":\"2026-03-03T23:00:00+09:00\",\"identifierGroup\":{\"broadcastEventId\":\"g1-130-2026030308108\",\"serviceId\":\"g1\",\"areaId\":\"130\",\"stationId\":\"001\",\"date\":\"2026-03-03\",\"eventId\":\"08108\",\"genre\":[{\"id\":\"0300\",\"name1\":\"ドラマ\",\"name2\":\"国内ドラマ\"}],\"onid\":\"7fe0\",\"sid\":\"0400\",\"tsid\":\"7fe0\"},\"misc\":{\"displayVideoMode\":\"none\",\"displayVideoRange\":\"sdr\",\"displayAudioMode\":[\"kaisetsu\"],\"audioMode\":[\"stereoKaisetsu\"],\"supportCaption\":true,\"supportSign\":false,\"supportHybridcast\":false,\"supportDataBroadcast\":false,\"isInteractive\":false,\"isChangeable\":false,\"releaseLevel\":\"repeat\",\"programType\":\"program\",\"coverage\":\"nationwide\",\"actList\":[{\"role\":\"出演\",\"name\":\"小芝風花\",\"nameRuby\":\"ｺｼﾊﾞﾌｳｶ\"},{\"role\":\"出演\",\"name\":\"笠松将\",\"nameRuby\":\"ｶｻﾏﾂｼｮｳ\"},{\"role\":\"出演\",\"name\":\"倉科カナ\",\"nameRuby\":\"ｸﾗｼﾅｶﾅ\"},{\"role\":\"出演\",\"name\":\"北村有起哉\",\"nameRuby\":\"ｷﾀﾑﾗﾕｷﾔ\"},{\"role\":\"出演\",\"name\":\"中野周平\",\"nameRuby\":\"ﾅｶﾉｼｭｳﾍｲ\"},{\"role\":\"出演\",\"name\":\"キムラ緑子\",\"nameRuby\":\"ｷﾑﾗﾐﾄﾞﾘｺ\"},{\"role\":\"出演\",\"name\":\"池谷のぶえ\",\"nameRuby\":\"ｲｹﾀﾆﾉﾌﾞｴ\"},{\"role\":\"原作\",\"name\":\"倉持裕\",\"nameRuby\":\"ｸﾗﾓﾁﾕﾀｶ\"}],\"musicList\":[]},\"publishedOn\":{\"type\":\"BroadcastService\",\"id\":\"bs-g1-130\",\"name\":\"NHK総合テレビジョン\",\"url\":\"https://api-local.ss.org.nhk/r8/t/broadcastservice/bs/g1-130.json\",\"broadcastDisplayName\":\"NHK総合・東京\",\"videoFormat\":[\"2K\"],\"encodingFormat\":[\"video/X-arib-mpeg2\",\"audio/X-arib-mpeg2-aac\"],\"identifierGroup\":{\"serviceId\":\"g1\",\"serviceName\":\"NHK総合1\",\"areaId\":\"130\",\"areaName\":\"東京\",\"channelId\":\"011\",\"channelKey\":\"1\",\"channelAreaName\":\"東京\",\"channelStationName\":\"首都圏\",\"shortenedName\":\"NHK総合1\",\"shortenedDisplayName\":\"総合\",\"multiChannelDisplayName\":\"総合\"},\"logo\":{\"url\":\"https://imgu.web.nhk/common/broadcastservice/bs/g1/g1-logo.svg\",\"main\":{\"url\":\"https://imgu.web.nhk/common/broadcastservice/bs/g1/g1-logo_1080x1080.png\",\"width\":1080,\"height\":1080},\"medium\":{\"url\":\"https://imgu.web.nhk/common/broadcastservice/bs/g1/g1-logo_640x640.png\",\"width\":640,\"height\":640},\"small\":{\"url\":\"https://imgu.web.nhk/common/broadcastservice/bs/g1/g1-logo_200x200.png\",\"width\":200,\"height\":200}},\"eyecatch\":{\"url\":\"https://imgu.web.nhk/common/broadcastservice/bs/g1/g1-eyecatch.svg\",\"large\":{\"url\":\"https://imgu.web.nhk/common/broadcastservice/bs/g1/g1-eyecatch_3840x2160.png\",\"width\":3840,\"height\":2160},\"main\":{\"url\":\"https://imgu.web.nhk/common/broadcastservice/bs/g1/g1-eyecatch_1920x1080.png\",\"width\":1920,\"height\":1080},\"medium\":{\"url\":\"https://imgu.web.nhk/common/broadcastservice/bs/g1/g1-eyecatch_1280x720.png\",\"width\":1280,\"height\":720},\"small\":{\"url\":\"https://imgu.web.nhk/common/broadcastservice/bs/g1/g1-eyecatch_640x360.png\",\"width\":640,\"height\":360}},\"hero\":{\"url\":\"https://imgu.web.nhk/common/broadcastservice/bs/g1/g1-hero.svg\",\"main\":{\"url\":\"https://imgu.web.nhk/common/broadcastservice/bs/g1/g1-hero_1920x640.png\",\"width\":1920,\"height\":640},\"medium\":{\"url\":\"https://imgu.web.nhk/common/broadcastservice/bs/g1/g1-hero_1080x360.png\",\"width\":1080,\"height\":360}},\"badge9x4\":{\"url\":\"https://imgu.web.nhk/common/broadcastservice/bs/g1/g1-badge9x4.svg\",\"main\":{\"url\":\"https://imgu.web.nhk/common/broadcastservice/bs/g1/g1-badge9x4_360x160.png\",\"width\":360,\"height\":160},\"small\":{\"url\":\"https://imgu.web.nhk/common/broadcastservice/bs/g1/g1-badge9x4_180x80.png\",\"width\":180,\"height\":80}}}},\"eyecatch\":{\"large\":{\"url\":\"https://imgu.web.nhk/static/assets/images/tvepisode/te/QJ58NQ4QV1/QJ58NQ4QV1-eyecatch_e782df69e2c2d132353c5f0ec459f467.png\",\"width\":3840,\"height\":2160},\"main\":{\"url\":\"https://imgu.web.nhk/static/assets/images/tvepisode/te/QJ58NQ4QV1/QJ58NQ4QV1-eyecatch_70eb43c5dfa733588efab9021559c951.png\",\"width\":1920,\"height\":1080},\"medium\":{\"url\":\"https://imgu.web.nhk/static/assets/images/tvepisode/te/QJ58NQ4QV1/QJ58NQ4QV1-eyecatch_3258c013182bd878a244deedb94081f8.png\",\"width\":1280,\"height\":720},\"small\":{\"url\":\"https://imgu.web.nhk/static/assets/images/tvepisode/te/QJ58NQ4QV1/QJ58NQ4QV1-eyecatch_0b19e64a6b7e314e9e0518b6752de4da.png\",\"width\":640,\"height\":360}},\"eyecatchList\":[],\"video\":[{\"id\":\"hskOriginal-g1-130-2026030308108\",\"name\":\"事件は、その周りで起きている　シリーズ２（２）小芝風花主演・警察コメディー\",\"description\":\"小芝風花×笠松将×倉科カナ×北村有起哉×蛙亭中野／今回はゲスト出演も！キムラ緑子・池谷のぶえ／取調室で、参考人の池内（キムラ）とじっと向き合う真野（小芝）。ひったくり事件の犯人につながる証拠を握っているようだが、池内はなぜか完全に黙秘していた。別室から見守る谷崎警部（北村）や向田（倉科）は不思議がるが、宇田川（笠松）の推理によると、原因は真野が放った、とある一言にあるらしく…\",\"url\":\"https://www.web.nhk/tv/pl/series-tep-R6ZNL4MY77/ep/QJ58NQ4QV1\",\"identifierGroup\":{\"environmentId\":\"hskOriginal\",\"broadcastEventId\":\"g1-130-2026030308108\",\"serviceId\":\"g1\",\"streamType\":\"vod\"},\"detailedContentStatus\":{\"environmentId\":\"hskOriginal\",\"streamType\":\"vod\",\"contentStatus\":\"ready\"},\"detailedVideoDescriptor\":\"https://archive.hsk.st.nhk/npd3/7fe0-0400/20260303/1fac-1-3-67b5977999cf603190b454a499202d07/videoinfo-42ee85e7a9df63dba056306765418445.json\",\"expires\":\"2026-03-10T23:00:00+09:00\",\"duration\":\"PT14M59S\",\"startDate\":\"2026-03-03T22:45:00+09:00\",\"endDate\":\"2026-03-03T23:00:00+09:00\",\"isDivided\":false,\"publication\":[{\"id\":\"g1-130-2026030308108\",\"url\":\"https://api-local.ss.org.nhk/r8/t/broadcastevent/be/g1-130-2026030308108.json\",\"isLiveBroadcast\":true}],\"hasPart\":[],\"uploadDate\":\"2026-03-03T23:00:00+09:00\"}],\"citation\":[],\"detailedPinnedCitation\":[],\"sameAs\":[],\"correction\":[],\"url\":\"https://api-local.ss.org.nhk/r8/t/tvepisode/te/QJ58NQ4QV1.json\",\"canonical\":\"https://www.web.nhk/tv/pl/series-tep-R6ZNL4MY77/ep/QJ58NQ4QV1\",\"associatedMedia\":[],\"hasPart\":[],\"additionalProperty\":{\"episodeMergeStatus\":\"notMerged\"}},\"link\":{\"href\":\"https://www.web.nhk/tv/pl/series-tep-R6ZNL4MY77/ep/QJ58NQ4QV1\"}}]\n"])</script><script>self.__next_f.push([1,"41:[\"$\",\"$L2a\",\"Y6KZQ3XJ32\",{\"content\":{\"type\":\"TVEpisode\",\"id\":\"Y6KZQ3XJ32\",\"name\":\"シリーズ2 (1)/大反響コメディー・小芝風花主演\",\"detailedEpisodeNameRuby\":\"\",\"identifierGroup\":{\"tvEpisodeId\":\"Y6KZQ3XJ32\",\"tvSeriesId\":\"R6ZNL4MY77\",\"tvEpisodeName\":\"シリーズ2 (1)/大反響コメディー・小芝風花主演\",\"tvSeriesName\":\"【夜ドラ】事件は、その周りで起きている\",\"hashtag\":[],\"siteId\":\"7794\",\"serviceId\":[\"g1\",\"g2\"],\"formatGenreTag\":[{\"id\":\"03\",\"name\":\"ドラマ\"}],\"themeGenreTag\":[{\"id\":\"031\",\"name\":\"国内ドラマ\"}]},\"keyword\":[],\"description\":\"新月署に設置された捜査本部が、犯人逮捕により撤収されることに。でも真野（小芝）は何やら機嫌が悪い様子。集まった捜査員のために真野が用意したあるものが不評で、大量に余ってしまったからだ。宇田川（笠松）や上司の谷崎（北村）からは「センスがない」とまで言われ、元科捜研のエース・向田（倉科）、真野に思いを寄せる徳大寺（中野）にも不機嫌をぶつける。その翌日、今度はセンスのいい“結婚祝い”が何かで大論争に…\",\"dateCreated\":\"2024-09-09T18:39:05+09:00\",\"dateModified\":\"2026-02-23T04:27:24+09:00\",\"actor\":[],\"contributor\":[],\"partOfSeries\":{\"id\":\"R6ZNL4MY77\",\"name\":\"【夜ドラ】事件は、その周りで起きている\",\"detailedSeriesNameRuby\":\"じけんは　そのまわりでおきている\",\"identifierGroup\":{\"tvSeriesId\":\"R6ZNL4MY77\",\"tvSeriesPlaylistId\":\"series-tep-R6ZNL4MY77\",\"tvSeriesUId\":\"peb7a35e1-facd-578d-9e66-001520c0a863\",\"tvSeriesName\":\"【夜ドラ】事件は、その周りで起きている\",\"hashtag\":[],\"siteId\":\"7794\",\"serviceId\":[\"g1\",\"g2\"],\"formatGenre\":[{\"id\":\"03\",\"name\":\"ドラマ\"}]},\"keyword\":[\"LIFE\",\"新感覚\",\"1話15分\",\"警察署・新月署\",\"コメディードラマ\",\"宇宙人総理\",\"総合演出\",\"小事件\",\"小室玲子\",\"小芝風花\",\"倉科カナ\",\"倉持裕\",\"笠松将\",\"中野周平\",\"完全オリジナル脚本\",\"北村有起哉\",\"蛙亭\",\"西川毅\",\"池谷のぶえ\",\"キムラ緑子\"],\"detailedSynonym\":[],\"sameAs\":[],\"canonical\":\"https://www.web.nhk/tv/pl/series-tep-R6ZNL4MY77\",\"description\":\"コント番組「LIFE！」スタッフが制作するシチュエーションコメディー「事件は、その周りで起きている」。\\n舞台はとある地方の小さな警察署・新月署（しんげつしょ）。刑事ものだけど、事件を一切解決しない。事件のまわりで起きるトラブル、“小事件”にスポットを当てた新感覚の１話完結15分のコメディー。\\n\\n■出演：小芝風花 笠松将 中野周平（蛙亭） 倉科カナ 北村有起哉／シリーズ3 ゲスト： 向井 理\\n■脚本：倉持裕\\n※「LIFE！」の人気キャラクターを数々生んだ倉持裕の完全オリジナル脚本\\n■演出：西川毅　※ＬＩＦＥ！総合演出\\n\",\"logo\":{\"main\":{\"url\":\"https://imgu.web.nhk/static/assets/images/tvseries/ts/R6ZNL4MY77/R6ZNL4MY77-logo_010553e34314ed3eaae5ee4f0fcd1ba6.jpg\",\"width\":1080,\"height\":1080},\"medium\":{\"url\":\"https://imgu.web.nhk/static/assets/images/tvseries/ts/R6ZNL4MY77/R6ZNL4MY77-logo_84ad8b93cf5d578fe060a3f7314f70c8.jpg\",\"width\":640,\"height\":640},\"small\":{\"url\":\"https://imgu.web.nhk/static/assets/images/tvseries/ts/R6ZNL4MY77/R6ZNL4MY77-logo_ae6897cabe75a4f78122da5f3657bef5.jpg\",\"width\":200,\"height\":200}},\"eyecatch\":{\"large\":{\"url\":\"https://imgu.web.nhk/static/assets/images/tvseries/ts/R6ZNL4MY77/R6ZNL4MY77-eyecatch_dd47dec7aa1bac3d2ba8f17718df8820.jpg\",\"width\":3840,\"height\":2160},\"main\":{\"url\":\"https://imgu.web.nhk/static/assets/images/tvseries/ts/R6ZNL4MY77/R6ZNL4MY77-eyecatch_4cb30049e34bd2a80aeed50c3cca542d.jpg\",\"width\":1920,\"height\":1080},\"medium\":{\"url\":\"https://imgu.web.nhk/static/assets/images/tvseries/ts/R6ZNL4MY77/R6ZNL4MY77-eyecatch_74a3e9cc9110082f4a50f5583b4e33e3.jpg\",\"width\":1280,\"height\":720},\"small\":{\"url\":\"https://imgu.web.nhk/static/assets/images/tvseries/ts/R6ZNL4MY77/R6ZNL4MY77-eyecatch_974ebe51818b4d8ed838b965facf11d8.jpg\",\"width\":640,\"height\":360}},\"hero\":{\"main\":{\"url\":\"https://imgu.web.nhk/static/assets/images/tvseries/ts/R6ZNL4MY77/R6ZNL4MY77-hero_5e0dd42bf16b54843c1b00be7d630c82.jpg\",\"width\":1920,\"height\":640},\"medium\":{\"url\":\"https://imgu.web.nhk/static/assets/images/tvseries/ts/R6ZNL4MY77/R6ZNL4MY77-hero_117d570d62a32daa7c6a43f7ac239c7c.jpg\",\"width\":1080,\"height\":360}},\"style\":{\"textLight\":\"#000000\",\"textDark\":\"#FFFFFF\",\"linkLight\":\"#E72400\",\"linkDark\":\"#FF4928\",\"primaryLight\":\"#FF2800\",\"primaryDark\":\"#FF2800\"},\"additionalProperty\":{\"publishLevel\":\"full\",\"layoutPattern\":\"summary\",\"episodeOrderBy\":\"releasedEvent\",\"availableOnPlus\":false,\"enableVariablePlayBackSpeedControl\":false,\"optional\":[],\"seriesPackStatus\":\"notPacked\",\"supportMedia\":[\"@screen\"],\"supportMusicList\":true,\"supportPlusEmbed\":true,\"enableWebContent\":false},\"url\":\"https://api-local.ss.org.nhk/r8/t/nplaylist/pl/series-tep-R6ZNL4MY77.json\",\"itemUrl\":\"https://api-local.ss.org.nhk/r8/l/tvepisode/pl/series-tep-R6ZNL4MY77.json\"},\"releasedEvent\":{\"startDate\":\"2024-09-30T22:45:00+09:00\",\"displayStartDate\":\"2024-09-30T22:45:00+09:00\",\"endDate\":\"2024-09-30T23:00:00+09:00\",\"publishedOn\":{\"type\":\"BroadcastService\",\"id\":\"bs-g1-130\",\"name\":\"NHK総合テレビジョン\",\"url\":\"https://api-local.ss.org.nhk/r8/t/broadcastservice/bs/g1-130.json\",\"broadcastDisplayName\":\"NHK総合・東京\",\"videoFormat\":[\"2K\"],\"encodingFormat\":[\"video/X-arib-mpeg2\",\"audio/X-arib-mpeg2-aac\"],\"identifierGroup\":{\"serviceId\":\"g1\",\"serviceName\":\"NHK総合1\",\"areaId\":\"130\",\"areaName\":\"東京\",\"channelId\":\"011\",\"channelKey\":\"1\",\"channelAreaName\":\"東京\",\"channelStationName\":\"首都圏\",\"shortenedName\":\"NHK総合1\",\"shortenedDisplayName\":\"総合\",\"multiChannelDisplayName\":\"総合\"},\"logo\":{\"url\":\"https://imgu.web.nhk/common/broadcastservice/bs/g1/g1-logo.svg\",\"main\":{\"url\":\"https://imgu.web.nhk/common/broadcastservice/bs/g1/g1-logo_1080x1080.png\",\"width\":1080,\"height\":1080},\"medium\":{\"url\":\"https://imgu.web.nhk/common/broadcastservice/bs/g1/g1-logo_640x640.png\",\"width\":640,\"height\":640},\"small\":{\"url\":\"https://imgu.web.nhk/common/broadcastservice/bs/g1/g1-logo_200x200.png\",\"width\":200,\"height\":200}},\"eyecatch\":{\"url\":\"https://imgu.web.nhk/common/broadcastservice/bs/g1/g1-eyecatch.svg\",\"large\":{\"url\":\"https://imgu.web.nhk/common/broadcastservice/bs/g1/g1-eyecatch_3840x2160.png\",\"width\":3840,\"height\":2160},\"main\":{\"url\":\"https://imgu.web.nhk/common/broadcastservice/bs/g1/g1-eyecatch_1920x1080.png\",\"width\":1920,\"height\":1080},\"medium\":{\"url\":\"https://imgu.web.nhk/common/broadcastservice/bs/g1/g1-eyecatch_1280x720.png\",\"width\":1280,\"height\":720},\"small\":{\"url\":\"https://imgu.web.nhk/common/broadcastservice/bs/g1/g1-eyecatch_640x360.png\",\"width\":640,\"height\":360}},\"hero\":{\"url\":\"https://imgu.web.nhk/common/broadcastservice/bs/g1/g1-hero.svg\",\"main\":{\"url\":\"https://imgu.web.nhk/common/broadcastservice/bs/g1/g1-hero_1920x640.png\",\"width\":1920,\"height\":640},\"medium\":{\"url\":\"https://imgu.web.nhk/common/broadcastservice/bs/g1/g1-hero_1080x360.png\",\"width\":1080,\"height\":360}},\"badge9x4\":{\"url\":\"https://imgu.web.nhk/common/broadcastservice/bs/g1/g1-badge9x4.svg\",\"main\":{\"url\":\"https://imgu.web.nhk/common/broadcastservice/bs/g1/g1-badge9x4_360x160.png\",\"width\":360,\"height\":160},\"small\":{\"url\":\"https://imgu.web.nhk/common/broadcastservice/bs/g1/g1-badge9x4_180x80.png\",\"width\":180,\"height\":80}}}},\"detailedRecentEvent\":{\"id\":\"g1-130-2026030207702\",\"startDate\":\"2026-03-02T22:45:00+09:00\",\"endDate\":\"2026-03-02T23:00:00+09:00\",\"identifierGroup\":{\"broadcastEventId\":\"g1-130-2026030207702\",\"serviceId\":\"g1\",\"areaId\":\"130\",\"stationId\":\"001\",\"date\":\"2026-03-02\",\"eventId\":\"07702\",\"genre\":[{\"id\":\"0300\",\"name1\":\"ドラマ\",\"name2\":\"国内ドラマ\"}],\"onid\":\"7fe0\",\"sid\":\"0400\",\"tsid\":\"7fe0\"},\"misc\":{\"displayVideoMode\":\"none\",\"displayVideoRange\":\"sdr\",\"displayAudioMode\":[\"kaisetsu\"],\"audioMode\":[\"stereoKaisetsu\"],\"supportCaption\":true,\"supportSign\":false,\"supportHybridcast\":false,\"supportDataBroadcast\":false,\"isInteractive\":false,\"isChangeable\":false,\"releaseLevel\":\"repeat\",\"programType\":\"program\",\"coverage\":\"nationwide\",\"actList\":[{\"role\":\"出演\",\"name\":\"小芝風花\",\"nameRuby\":\"ｺｼﾊﾞﾌｳｶ\"},{\"role\":\"出演\",\"name\":\"笠松将\",\"nameRuby\":\"ｶｻﾏﾂｼｮｳ\"},{\"role\":\"出演\",\"name\":\"北村有起哉\",\"nameRuby\":\"ｷﾀﾑﾗﾕｷﾔ\"},{\"role\":\"出演\",\"name\":\"倉科カナ\",\"nameRuby\":\"ｸﾗｼﾅｶﾅ\"},{\"role\":\"出演\",\"name\":\"中野周平\",\"nameRuby\":\"ﾅｶﾉｼｭｳﾍｲ\"},{\"role\":\"原作\",\"name\":\"倉持裕\",\"nameRuby\":\"ｸﾗﾓﾁﾕﾀｶ\"}],\"musicList\":[]},\"publishedOn\":{\"type\":\"BroadcastService\",\"id\":\"bs-g1-130\",\"name\":\"NHK総合テレビジョン\",\"url\":\"https://api-local.ss.org.nhk/r8/t/broadcastservice/bs/g1-130.json\",\"broadcastDisplayName\":\"NHK総合・東京\",\"videoFormat\":[\"2K\"],\"encodingFormat\":[\"video/X-arib-mpeg2\",\"audio/X-arib-mpeg2-aac\"],\"identifierGroup\":{\"serviceId\":\"g1\",\"serviceName\":\"NHK総合1\",\"areaId\":\"130\",\"areaName\":\"東京\",\"channelId\":\"011\",\"channelKey\":\"1\",\"channelAreaName\":\"東京\",\"channelStationName\":\"首都圏\",\"shortenedName\":\"NHK総合1\",\"shortenedDisplayName\":\"総合\",\"multiChannelDisplayName\":\"総合\"},\"logo\":{\"url\":\"https://imgu.web.nhk/common/broadcastservice/bs/g1/g1-logo.svg\",\"main\":{\"url\":\"https://imgu.web.nhk/common/broadcastservice/bs/g1/g1-logo_1080x1080.png\",\"width\":1080,\"height\":1080},\"medium\":{\"url\":\"https://imgu.web.nhk/common/broadcastservice/bs/g1/g1-logo_640x640.png\",\"width\":640,\"height\":640},\"small\":{\"url\":\"https://imgu.web.nhk/common/broadcastservice/bs/g1/g1-logo_200x200.png\",\"width\":200,\"height\":200}},\"eyecatch\":{\"url\":\"https://imgu.web.nhk/common/broadcastservice/bs/g1/g1-eyecatch.svg\",\"large\":{\"url\":\"https://imgu.web.nhk/common/broadcastservice/bs/g1/g1-eyecatch_3840x2160.png\",\"width\":3840,\"height\":2160},\"main\":{\"url\":\"https://imgu.web.nhk/common/broadcastservice/bs/g1/g1-eyecatch_1920x1080.png\",\"width\":1920,\"height\":1080},\"medium\":{\"url\":\"https://imgu.web.nhk/common/broadcastservice/bs/g1/g1-eyecatch_1280x720.png\",\"width\":1280,\"height\":720},\"small\":{\"url\":\"https://imgu.web.nhk/common/broadcastservice/bs/g1/g1-eyecatch_640x360.png\",\"width\":640,\"height\":360}},\"hero\":{\"url\":\"https://imgu.web.nhk/common/broadcastservice/bs/g1/g1-hero.svg\",\"main\":{\"url\":\"https://imgu.web.nhk/common/broadcastservice/bs/g1/g1-hero_1920x640.png\",\"width\":1920,\"height\":640},\"medium\":{\"url\":\"https://imgu.web.nhk/common/broadcastservice/bs/g1/g1-hero_1080x360.png\",\"width\":1080,\"height\":360}},\"badge9x4\":{\"url\":\"https://imgu.web.nhk/common/broadcastservice/bs/g1/g1-badge9x4.svg\",\"main\":{\"url\":\"https://imgu.web.nhk/common/broadcastservice/bs/g1/g1-badge9x4_360x160.png\",\"width\":360,\"height\":160},\"small\":{\"url\":\"https://imgu.web.nhk/common/broadcastservice/bs/g1/g1-badge9x4_180x80.png\",\"width\":180,\"height\":80}}}},\"detailedComingEvent\":{\"id\":\"g1-130-2026030207702\",\"startDate\":\"2026-03-02T22:45:00+09:00\",\"endDate\":\"2026-03-02T23:00:00+09:00\",\"identifierGroup\":{\"broadcastEventId\":\"g1-130-2026030207702\",\"serviceId\":\"g1\",\"areaId\":\"130\",\"stationId\":\"001\",\"date\":\"2026-03-02\",\"eventId\":\"07702\",\"genre\":[{\"id\":\"0300\",\"name1\":\"ドラマ\",\"name2\":\"国内ドラマ\"}],\"onid\":\"7fe0\",\"sid\":\"0400\",\"tsid\":\"7fe0\"},\"misc\":{\"displayVideoMode\":\"none\",\"displayVideoRange\":\"sdr\",\"displayAudioMode\":[\"kaisetsu\"],\"audioMode\":[\"stereoKaisetsu\"],\"supportCaption\":true,\"supportSign\":false,\"supportHybridcast\":false,\"supportDataBroadcast\":false,\"isInteractive\":false,\"isChangeable\":false,\"releaseLevel\":\"repeat\",\"programType\":\"program\",\"coverage\":\"nationwide\",\"actList\":[{\"role\":\"出演\",\"name\":\"小芝風花\",\"nameRuby\":\"ｺｼﾊﾞﾌｳｶ\"},{\"role\":\"出演\",\"name\":\"笠松将\",\"nameRuby\":\"ｶｻﾏﾂｼｮｳ\"},{\"role\":\"出演\",\"name\":\"北村有起哉\",\"nameRuby\":\"ｷﾀﾑﾗﾕｷﾔ\"},{\"role\":\"出演\",\"name\":\"倉科カナ\",\"nameRuby\":\"ｸﾗｼﾅｶﾅ\"},{\"role\":\"出演\",\"name\":\"中野周平\",\"nameRuby\":\"ﾅｶﾉｼｭｳﾍｲ\"},{\"role\":\"原作\",\"name\":\"倉持裕\",\"nameRuby\":\"ｸﾗﾓﾁﾕﾀｶ\"}],\"musicList\":[]},\"publishedOn\":{\"type\":\"BroadcastService\",\"id\":\"bs-g1-130\",\"name\":\"NHK総合テレビジョン\",\"url\":\"https://api-local.ss.org.nhk/r8/t/broadcastservice/bs/g1-130.json\",\"broadcastDisplayName\":\"NHK総合・東京\",\"videoFormat\":[\"2K\"],\"encodingFormat\":[\"video/X-arib-mpeg2\",\"audio/X-arib-mpeg2-aac\"],\"identifierGroup\":{\"serviceId\":\"g1\",\"serviceName\":\"NHK総合1\",\"areaId\":\"130\",\"areaName\":\"東京\",\"channelId\":\"011\",\"channelKey\":\"1\",\"channelAreaName\":\"東京\",\"channelStationName\":\"首都圏\",\"shortenedName\":\"NHK総合1\",\"shortenedDisplayName\":\"総合\",\"multiChannelDisplayName\":\"総合\"},\"logo\":{\"url\":\"https://imgu.web.nhk/common/broadcastservice/bs/g1/g1-logo.svg\",\"main\":{\"url\":\"https://imgu.web.nhk/common/broadcastservice/bs/g1/g1-logo_1080x1080.png\",\"width\":1080,\"height\":1080},\"medium\":{\"url\":\"https://imgu.web.nhk/common/broadcastservice/bs/g1/g1-logo_640x640.png\",\"width\":640,\"height\":640},\"small\":{\"url\":\"https://imgu.web.nhk/common/broadcastservice/bs/g1/g1-logo_200x200.png\",\"width\":200,\"height\":200}},\"eyecatch\":{\"url\":\"https://imgu.web.nhk/common/broadcastservice/bs/g1/g1-eyecatch.svg\",\"large\":{\"url\":\"https://imgu.web.nhk/common/broadcastservice/bs/g1/g1-eyecatch_3840x2160.png\",\"width\":3840,\"height\":2160},\"main\":{\"url\":\"https://imgu.web.nhk/common/broadcastservice/bs/g1/g1-eyecatch_1920x1080.png\",\"width\":1920,\"height\":1080},\"medium\":{\"url\":\"https://imgu.web.nhk/common/broadcastservice/bs/g1/g1-eyecatch_1280x720.png\",\"width\":1280,\"height\":720},\"small\":{\"url\":\"https://imgu.web.nhk/common/broadcastservice/bs/g1/g1-eyecatch_640x360.png\",\"width\":640,\"height\":360}},\"hero\":{\"url\":\"https://imgu.web.nhk/common/broadcastservice/bs/g1/g1-hero.svg\",\"main\":{\"url\":\"https://imgu.web.nhk/common/broadcastservice/bs/g1/g1-hero_1920x640.png\",\"width\":1920,\"height\":640},\"medium\":{\"url\":\"https://imgu.web.nhk/common/broadcastservice/bs/g1/g1-hero_1080x360.png\",\"width\":1080,\"height\":360}},\"badge9x4\":{\"url\":\"https://imgu.web.nhk/common/broadcastservice/bs/g1/g1-badge9x4.svg\",\"main\":{\"url\":\"https://imgu.web.nhk/common/broadcastservice/bs/g1/g1-badge9x4_360x160.png\",\"width\":360,\"height\":160},\"small\":{\"url\":\"https://imgu.web.nhk/common/broadcastservice/bs/g1/g1-badge9x4_180x80.png\",\"width\":180,\"height\":80}}}},\"eyecatch\":{\"large\":{\"url\":\"https://imgu.web.nhk/static/assets/images/tvepisode/te/Y6KZQ3XJ32/Y6KZQ3XJ32-eyecatch_3c92833e17af18f9210cca79eb8ac999.png\",\"width\":3840,\"height\":2160},\"main\":{\"url\":\"https://imgu.web.nhk/static/assets/images/tvepisode/te/Y6KZQ3XJ32/Y6KZQ3XJ32-eyecatch_0d6913fffc47827ac39a73cdffa23717.png\",\"width\":1920,\"height\":1080},\"medium\":{\"url\":\"https://imgu.web.nhk/static/assets/images/tvepisode/te/Y6KZQ3XJ32/Y6KZQ3XJ32-eyecatch_2f7b824487620fd8a7014b79f81fc225.png\",\"width\":1280,\"height\":720},\"small\":{\"url\":\"https://imgu.web.nhk/static/assets/images/tvepisode/te/Y6KZQ3XJ32/Y6KZQ3XJ32-eyecatch_c419529af1e5fe2c0ab2cb43891c659a.png\",\"width\":640,\"height\":360}},\"eyecatchList\":[],\"video\":[{\"id\":\"hskOriginal-g1-130-2026030207702\",\"name\":\"事件は、その周りで起きている　シリーズ２（１）大反響コメディー小芝風花主演\",\"description\":\"新月署に設置された捜査本部が、犯人逮捕により撤収されることに。でも真野（小芝）は何やら機嫌が悪い様子。集まった捜査員のために真野が用意したあるものが不評で、大量に余ってしまったからだ。宇田川（笠松）や上司の谷崎（北村）からは「センスがない」とまで言われ、元科捜研のエース・向田（倉科）、真野に思いを寄せる徳大寺（中野）にも不機嫌をぶつける。その翌日、今度はセンスのいい“結婚祝い”が何かで大論争に…\",\"url\":\"https://www.web.nhk/tv/pl/series-tep-R6ZNL4MY77/ep/Y6KZQ3XJ32\",\"identifierGroup\":{\"environmentId\":\"hskOriginal\",\"broadcastEventId\":\"g1-130-2026030207702\",\"serviceId\":\"g1\",\"streamType\":\"vod\"},\"detailedContentStatus\":{\"environmentId\":\"hskOriginal\",\"streamType\":\"vod\",\"contentStatus\":\"ready\"},\"detailedVideoDescriptor\":\"https://archive.hsk.st.nhk/npd3/7fe0-0400/20260302/1e16-1-3-c1d3b1d67bf0cf39728b1de7c4340532/videoinfo-9c5aa5eb80cd67de992622e0031a4827.json\",\"expires\":\"2026-03-09T23:00:00+09:00\",\"duration\":\"PT14M59S\",\"startDate\":\"2026-03-02T22:45:00+09:00\",\"endDate\":\"2026-03-02T23:00:00+09:00\",\"isDivided\":false,\"publication\":[{\"id\":\"g1-130-2026030207702\",\"url\":\"https://api-local.ss.org.nhk/r8/t/broadcastevent/be/g1-130-2026030207702.json\",\"isLiveBroadcast\":true}],\"hasPart\":[],\"uploadDate\":\"2026-03-02T23:00:00+09:00\"}],\"citation\":[],\"detailedPinnedCitation\":[],\"sameAs\":[],\"correction\":[],\"url\":\"https://api-local.ss.org.nhk/r8/t/tvepisode/te/Y6KZQ3XJ32.json\",\"canonical\":\"https://www.web.nhk/tv/pl/series-tep-R6ZNL4MY77/ep/Y6KZQ3XJ32\",\"associatedMedia\":[{\"id\":\"bcUploadTrailer1\",\"name\":\"事件は、その周りで起きている\",\"description\":\"シリーズ2 (1)/大反響コメディー・小芝風花主演\\n\",\"embedUrl\":\"https://www.nhk.jp/assets/players/bc/v3/index.html?account=6415847969001\u0026player=YVUjvvMQb\u0026videoId=6389947064112\",\"identifierGroup\":{\"environmentId\":\"bcUploadTrailer\",\"streamType\":\"clip\",\"bcAccountId\":\"6415847969001\",\"bcVideoId\":\"6389947064112\"},\"detailedContentStatus\":{\"environmentId\":\"bcUploadTrailer\",\"streamType\":\"clip\",\"contentStatus\":\"ready\"},\"thumbnail\":{\"main\":{\"url\":\"https://imgu.web.nhk/static/assets/images/tvepisode/te/Y6KZQ3XJ32/Y6KZQ3XJ32-eyecatch_0d6913fffc47827ac39a73cdffa23717.png\",\"width\":1920,\"height\":1080},\"medium\":{\"url\":\"https://imgu.web.nhk/static/assets/images/tvepisode/te/Y6KZQ3XJ32/Y6KZQ3XJ32-eyecatch_2f7b824487620fd8a7014b79f81fc225.png\",\"width\":1280,\"height\":720},\"small\":{\"url\":\"https://imgu.web.nhk/static/assets/images/tvepisode/te/Y6KZQ3XJ32/Y6KZQ3XJ32-eyecatch_c419529af1e5fe2c0ab2cb43891c659a.png\",\"width\":640,\"height\":360}},\"additionalProperty\":{\"typeOfUpload\":\"trailer\"},\"uploadDate\":\"2026-02-27T00:00:00+09:00\",\"regionsAllowed\":\"JP\",\"expires\":\"2026-03-09T00:00:00+09:00\"}],\"hasPart\":[],\"additionalProperty\":{\"episodeMergeStatus\":\"notMerged\"}},\"link\":{\"href\":\"https://www.web.nhk/tv/pl/series-tep-R6ZNL4MY77/ep/Y6KZQ3XJ32\"}}]\n"])</script><script>self.__next_f.push([1,"42:[\"$\",\"$L2a\",\"GQ6V66LZQN\",{\"content\":{\"type\":\"TVEpisode\",\"id\":\"GQ6V66LZQN\",\"name\":\"シリーズ1 (4)/大好評コメディーシリーズ!主演:小芝風花\",\"detailedEpisodeNameRuby\":\"\",\"identifierGroup\":{\"tvEpisodeId\":\"GQ6V66LZQN\",\"tvSeriesId\":\"R6ZNL4MY77\",\"tvEpisodeName\":\"シリーズ1 (4)/大好評コメディーシリーズ!主演:小芝風花\",\"tvSeriesName\":\"【夜ドラ】事件は、その周りで起きている\",\"hashtag\":[],\"siteId\":\"7794\",\"serviceId\":[\"g1\",\"g2\"],\"formatGenreTag\":[{\"id\":\"03\",\"name\":\"ドラマ\"}],\"themeGenreTag\":[{\"id\":\"031\",\"name\":\"国内ドラマ\"}]},\"keyword\":[],\"description\":\"刑事の真野（小芝風花）は、バディの宇田川（笠松将）と正反対の性格で、気が付けば口ゲンカに。ある日、二人はミスをして張り込みのチームから外され落ち込んでいた。ミスもさることながら、現場に近づくことを禁じられ、張り込みの拠点だったお気に入りの洋食屋に通えなくなってしまったから。真野は、そこで祖母の誕生日を祝う予定だったが…。向田（倉科カナ）、徳大寺（蛙亭中野）、谷崎（北村有起哉）の思惑もからみあい…\",\"dateCreated\":\"2024-09-09T21:11:12+09:00\",\"dateModified\":\"2026-02-27T16:21:51+09:00\",\"actor\":[],\"contributor\":[],\"partOfSeries\":{\"id\":\"R6ZNL4MY77\",\"name\":\"【夜ドラ】事件は、その周りで起きている\",\"detailedSeriesNameRuby\":\"じけんは　そのまわりでおきている\",\"identifierGroup\":{\"tvSeriesId\":\"R6ZNL4MY77\",\"tvSeriesPlaylistId\":\"series-tep-R6ZNL4MY77\",\"tvSeriesUId\":\"peb7a35e1-facd-578d-9e66-001520c0a863\",\"tvSeriesName\":\"【夜ドラ】事件は、その周りで起きている\",\"hashtag\":[],\"siteId\":\"7794\",\"serviceId\":[\"g1\",\"g2\"],\"formatGenre\":[{\"id\":\"03\",\"name\":\"ドラマ\"}]},\"keyword\":[\"LIFE\",\"新感覚\",\"1話15分\",\"警察署・新月署\",\"コメディードラマ\",\"宇宙人総理\",\"総合演出\",\"小事件\",\"小室玲子\",\"小芝風花\",\"倉科カナ\",\"倉持裕\",\"笠松将\",\"中野周平\",\"完全オリジナル脚本\",\"北村有起哉\",\"蛙亭\",\"西川毅\",\"池谷のぶえ\",\"キムラ緑子\"],\"detailedSynonym\":[],\"sameAs\":[],\"canonical\":\"https://www.web.nhk/tv/pl/series-tep-R6ZNL4MY77\",\"description\":\"コント番組「LIFE！」スタッフが制作するシチュエーションコメディー「事件は、その周りで起きている」。\\n舞台はとある地方の小さな警察署・新月署（しんげつしょ）。刑事ものだけど、事件を一切解決しない。事件のまわりで起きるトラブル、“小事件”にスポットを当てた新感覚の１話完結15分のコメディー。\\n\\n■出演：小芝風花 笠松将 中野周平（蛙亭） 倉科カナ 北村有起哉／シリーズ3 ゲスト： 向井 理\\n■脚本：倉持裕\\n※「LIFE！」の人気キャラクターを数々生んだ倉持裕の完全オリジナル脚本\\n■演出：西川毅　※ＬＩＦＥ！総合演出\\n\",\"logo\":{\"main\":{\"url\":\"https://imgu.web.nhk/static/assets/images/tvseries/ts/R6ZNL4MY77/R6ZNL4MY77-logo_010553e34314ed3eaae5ee4f0fcd1ba6.jpg\",\"width\":1080,\"height\":1080},\"medium\":{\"url\":\"https://imgu.web.nhk/static/assets/images/tvseries/ts/R6ZNL4MY77/R6ZNL4MY77-logo_84ad8b93cf5d578fe060a3f7314f70c8.jpg\",\"width\":640,\"height\":640},\"small\":{\"url\":\"https://imgu.web.nhk/static/assets/images/tvseries/ts/R6ZNL4MY77/R6ZNL4MY77-logo_ae6897cabe75a4f78122da5f3657bef5.jpg\",\"width\":200,\"height\":200}},\"eyecatch\":{\"large\":{\"url\":\"https://imgu.web.nhk/static/assets/images/tvseries/ts/R6ZNL4MY77/R6ZNL4MY77-eyecatch_dd47dec7aa1bac3d2ba8f17718df8820.jpg\",\"width\":3840,\"height\":2160},\"main\":{\"url\":\"https://imgu.web.nhk/static/assets/images/tvseries/ts/R6ZNL4MY77/R6ZNL4MY77-eyecatch_4cb30049e34bd2a80aeed50c3cca542d.jpg\",\"width\":1920,\"height\":1080},\"medium\":{\"url\":\"https://imgu.web.nhk/static/assets/images/tvseries/ts/R6ZNL4MY77/R6ZNL4MY77-eyecatch_74a3e9cc9110082f4a50f5583b4e33e3.jpg\",\"width\":1280,\"height\":720},\"small\":{\"url\":\"https://imgu.web.nhk/static/assets/images/tvseries/ts/R6ZNL4MY77/R6ZNL4MY77-eyecatch_974ebe51818b4d8ed838b965facf11d8.jpg\",\"width\":640,\"height\":360}},\"hero\":{\"main\":{\"url\":\"https://imgu.web.nhk/static/assets/images/tvseries/ts/R6ZNL4MY77/R6ZNL4MY77-hero_5e0dd42bf16b54843c1b00be7d630c82.jpg\",\"width\":1920,\"height\":640},\"medium\":{\"url\":\"https://imgu.web.nhk/static/assets/images/tvseries/ts/R6ZNL4MY77/R6ZNL4MY77-hero_117d570d62a32daa7c6a43f7ac239c7c.jpg\",\"width\":1080,\"height\":360}},\"style\":{\"textLight\":\"#000000\",\"textDark\":\"#FFFFFF\",\"linkLight\":\"#E72400\",\"linkDark\":\"#FF4928\",\"primaryLight\":\"#FF2800\",\"primaryDark\":\"#FF2800\"},\"additionalProperty\":{\"publishLevel\":\"full\",\"layoutPattern\":\"summary\",\"episodeOrderBy\":\"releasedEvent\",\"availableOnPlus\":false,\"enableVariablePlayBackSpeedControl\":false,\"optional\":[],\"seriesPackStatus\":\"notPacked\",\"supportMedia\":[\"@screen\"],\"supportMusicList\":true,\"supportPlusEmbed\":true,\"enableWebContent\":false},\"url\":\"https://api-local.ss.org.nhk/r8/t/nplaylist/pl/series-tep-R6ZNL4MY77.json\",\"itemUrl\":\"https://api-local.ss.org.nhk/r8/l/tvepisode/pl/series-tep-R6ZNL4MY77.json\"},\"releasedEvent\":{\"startDate\":\"2022-08-04T22:45:00+09:00\",\"displayStartDate\":\"2022-08-04T22:45:00+09:00\",\"endDate\":\"2022-08-04T23:00:00+09:00\",\"publishedOn\":{\"type\":\"BroadcastService\",\"id\":\"bs-g1-130\",\"name\":\"NHK総合テレビジョン\",\"url\":\"https://api-local.ss.org.nhk/r8/t/broadcastservice/bs/g1-130.json\",\"broadcastDisplayName\":\"NHK総合・東京\",\"videoFormat\":[\"2K\"],\"encodingFormat\":[\"video/X-arib-mpeg2\",\"audio/X-arib-mpeg2-aac\"],\"identifierGroup\":{\"serviceId\":\"g1\",\"serviceName\":\"NHK総合1\",\"areaId\":\"130\",\"areaName\":\"東京\",\"channelId\":\"011\",\"channelKey\":\"1\",\"channelAreaName\":\"東京\",\"channelStationName\":\"首都圏\",\"shortenedName\":\"NHK総合1\",\"shortenedDisplayName\":\"総合\",\"multiChannelDisplayName\":\"総合\"},\"logo\":{\"url\":\"https://imgu.web.nhk/common/broadcastservice/bs/g1/g1-logo.svg\",\"main\":{\"url\":\"https://imgu.web.nhk/common/broadcastservice/bs/g1/g1-logo_1080x1080.png\",\"width\":1080,\"height\":1080},\"medium\":{\"url\":\"https://imgu.web.nhk/common/broadcastservice/bs/g1/g1-logo_640x640.png\",\"width\":640,\"height\":640},\"small\":{\"url\":\"https://imgu.web.nhk/common/broadcastservice/bs/g1/g1-logo_200x200.png\",\"width\":200,\"height\":200}},\"eyecatch\":{\"url\":\"https://imgu.web.nhk/common/broadcastservice/bs/g1/g1-eyecatch.svg\",\"large\":{\"url\":\"https://imgu.web.nhk/common/broadcastservice/bs/g1/g1-eyecatch_3840x2160.png\",\"width\":3840,\"height\":2160},\"main\":{\"url\":\"https://imgu.web.nhk/common/broadcastservice/bs/g1/g1-eyecatch_1920x1080.png\",\"width\":1920,\"height\":1080},\"medium\":{\"url\":\"https://imgu.web.nhk/common/broadcastservice/bs/g1/g1-eyecatch_1280x720.png\",\"width\":1280,\"height\":720},\"small\":{\"url\":\"https://imgu.web.nhk/common/broadcastservice/bs/g1/g1-eyecatch_640x360.png\",\"width\":640,\"height\":360}},\"hero\":{\"url\":\"https://imgu.web.nhk/common/broadcastservice/bs/g1/g1-hero.svg\",\"main\":{\"url\":\"https://imgu.web.nhk/common/broadcastservice/bs/g1/g1-hero_1920x640.png\",\"width\":1920,\"height\":640},\"medium\":{\"url\":\"https://imgu.web.nhk/common/broadcastservice/bs/g1/g1-hero_1080x360.png\",\"width\":1080,\"height\":360}},\"badge9x4\":{\"url\":\"https://imgu.web.nhk/common/broadcastservice/bs/g1/g1-badge9x4.svg\",\"main\":{\"url\":\"https://imgu.web.nhk/common/broadcastservice/bs/g1/g1-badge9x4_360x160.png\",\"width\":360,\"height\":160},\"small\":{\"url\":\"https://imgu.web.nhk/common/broadcastservice/bs/g1/g1-badge9x4_180x80.png\",\"width\":180,\"height\":80}}}},\"detailedRecentEvent\":{\"id\":\"g1-130-2026022605510\",\"startDate\":\"2026-02-26T22:45:00+09:00\",\"endDate\":\"2026-02-26T23:00:00+09:00\",\"identifierGroup\":{\"broadcastEventId\":\"g1-130-2026022605510\",\"serviceId\":\"g1\",\"areaId\":\"130\",\"stationId\":\"001\",\"date\":\"2026-02-26\",\"eventId\":\"05510\",\"genre\":[{\"id\":\"0300\",\"name1\":\"ドラマ\",\"name2\":\"国内ドラマ\"}],\"onid\":\"7fe0\",\"sid\":\"0400\",\"tsid\":\"7fe0\"},\"misc\":{\"displayVideoMode\":\"none\",\"displayVideoRange\":\"sdr\",\"displayAudioMode\":[\"kaisetsu\"],\"audioMode\":[\"stereoKaisetsu\"],\"supportCaption\":true,\"supportSign\":false,\"supportHybridcast\":false,\"supportDataBroadcast\":false,\"isInteractive\":false,\"isChangeable\":false,\"releaseLevel\":\"repeat\",\"programType\":\"program\",\"coverage\":\"nationwide\",\"actList\":[{\"role\":\"出演\",\"name\":\"小芝風花\",\"nameRuby\":\"ｺｼﾊﾞﾌｳｶ\"},{\"role\":\"出演\",\"name\":\"笠松将\",\"nameRuby\":\"ｶｻﾏﾂｼｮｳ\"},{\"role\":\"出演\",\"name\":\"中野周平\",\"nameRuby\":\"ﾅｶﾉｼｭｳﾍｲ\"},{\"role\":\"出演\",\"name\":\"倉科カナ\",\"nameRuby\":\"ｸﾗｼﾅｶﾅ\"},{\"role\":\"出演\",\"name\":\"北村有起哉\",\"nameRuby\":\"ｷﾀﾑﾗﾕｷﾔ\"},{\"role\":\"原作\",\"name\":\"倉持裕\",\"nameRuby\":\"ｸﾗﾓﾁﾕﾀｶ\"}],\"musicList\":[]},\"publishedOn\":{\"type\":\"BroadcastService\",\"id\":\"bs-g1-130\",\"name\":\"NHK総合テレビジョン\",\"url\":\"https://api-local.ss.org.nhk/r8/t/broadcastservice/bs/g1-130.json\",\"broadcastDisplayName\":\"NHK総合・東京\",\"videoFormat\":[\"2K\"],\"encodingFormat\":[\"video/X-arib-mpeg2\",\"audio/X-arib-mpeg2-aac\"],\"identifierGroup\":{\"serviceId\":\"g1\",\"serviceName\":\"NHK総合1\",\"areaId\":\"130\",\"areaName\":\"東京\",\"channelId\":\"011\",\"channelKey\":\"1\",\"channelAreaName\":\"東京\",\"channelStationName\":\"首都圏\",\"shortenedName\":\"NHK総合1\",\"shortenedDisplayName\":\"総合\",\"multiChannelDisplayName\":\"総合\"},\"logo\":{\"url\":\"https://imgu.web.nhk/common/broadcastservice/bs/g1/g1-logo.svg\",\"main\":{\"url\":\"https://imgu.web.nhk/common/broadcastservice/bs/g1/g1-logo_1080x1080.png\",\"width\":1080,\"height\":1080},\"medium\":{\"url\":\"https://imgu.web.nhk/common/broadcastservice/bs/g1/g1-logo_640x640.png\",\"width\":640,\"height\":640},\"small\":{\"url\":\"https://imgu.web.nhk/common/broadcastservice/bs/g1/g1-logo_200x200.png\",\"width\":200,\"height\":200}},\"eyecatch\":{\"url\":\"https://imgu.web.nhk/common/broadcastservice/bs/g1/g1-eyecatch.svg\",\"large\":{\"url\":\"https://imgu.web.nhk/common/broadcastservice/bs/g1/g1-eyecatch_3840x2160.png\",\"width\":3840,\"height\":2160},\"main\":{\"url\":\"https://imgu.web.nhk/common/broadcastservice/bs/g1/g1-eyecatch_1920x1080.png\",\"width\":1920,\"height\":1080},\"medium\":{\"url\":\"https://imgu.web.nhk/common/broadcastservice/bs/g1/g1-eyecatch_1280x720.png\",\"width\":1280,\"height\":720},\"small\":{\"url\":\"https://imgu.web.nhk/common/broadcastservice/bs/g1/g1-eyecatch_640x360.png\",\"width\":640,\"height\":360}},\"hero\":{\"url\":\"https://imgu.web.nhk/common/broadcastservice/bs/g1/g1-hero.svg\",\"main\":{\"url\":\"https://imgu.web.nhk/common/broadcastservice/bs/g1/g1-hero_1920x640.png\",\"width\":1920,\"height\":640},\"medium\":{\"url\":\"https://imgu.web.nhk/common/broadcastservice/bs/g1/g1-hero_1080x360.png\",\"width\":1080,\"height\":360}},\"badge9x4\":{\"url\":\"https://imgu.web.nhk/common/broadcastservice/bs/g1/g1-badge9x4.svg\",\"main\":{\"url\":\"https://imgu.web.nhk/common/broadcastservice/bs/g1/g1-badge9x4_360x160.png\",\"width\":360,\"height\":160},\"small\":{\"url\":\"https://imgu.web.nhk/common/broadcastservice/bs/g1/g1-badge9x4_180x80.png\",\"width\":180,\"height\":80}}}},\"detailedComingEvent\":{\"id\":\"g1-130-2026022605510\",\"startDate\":\"2026-02-26T22:45:00+09:00\",\"endDate\":\"2026-02-26T23:00:00+09:00\",\"identifierGroup\":{\"broadcastEventId\":\"g1-130-2026022605510\",\"serviceId\":\"g1\",\"areaId\":\"130\",\"stationId\":\"001\",\"date\":\"2026-02-26\",\"eventId\":\"05510\",\"genre\":[{\"id\":\"0300\",\"name1\":\"ドラマ\",\"name2\":\"国内ドラマ\"}],\"onid\":\"7fe0\",\"sid\":\"0400\",\"tsid\":\"7fe0\"},\"misc\":{\"displayVideoMode\":\"none\",\"displayVideoRange\":\"sdr\",\"displayAudioMode\":[\"kaisetsu\"],\"audioMode\":[\"stereoKaisetsu\"],\"supportCaption\":true,\"supportSign\":false,\"supportHybridcast\":false,\"supportDataBroadcast\":false,\"isInteractive\":false,\"isChangeable\":false,\"releaseLevel\":\"repeat\",\"programType\":\"program\",\"coverage\":\"nationwide\",\"actList\":[{\"role\":\"出演\",\"name\":\"小芝風花\",\"nameRuby\":\"ｺｼﾊﾞﾌｳｶ\"},{\"role\":\"出演\",\"name\":\"笠松将\",\"nameRuby\":\"ｶｻﾏﾂｼｮｳ\"},{\"role\":\"出演\",\"name\":\"中野周平\",\"nameRuby\":\"ﾅｶﾉｼｭｳﾍｲ\"},{\"role\":\"出演\",\"name\":\"倉科カナ\",\"nameRuby\":\"ｸﾗｼﾅｶﾅ\"},{\"role\":\"出演\",\"name\":\"北村有起哉\",\"nameRuby\":\"ｷﾀﾑﾗﾕｷﾔ\"},{\"role\":\"原作\",\"name\":\"倉持裕\",\"nameRuby\":\"ｸﾗﾓﾁﾕﾀｶ\"}],\"musicList\":[]},\"publishedOn\":{\"type\":\"BroadcastService\",\"id\":\"bs-g1-130\",\"name\":\"NHK総合テレビジョン\",\"url\":\"https://api-local.ss.org.nhk/r8/t/broadcastservice/bs/g1-130.json\",\"broadcastDisplayName\":\"NHK総合・東京\",\"videoFormat\":[\"2K\"],\"encodingFormat\":[\"video/X-arib-mpeg2\",\"audio/X-arib-mpeg2-aac\"],\"identifierGroup\":{\"serviceId\":\"g1\",\"serviceName\":\"NHK総合1\",\"areaId\":\"130\",\"areaName\":\"東京\",\"channelId\":\"011\",\"channelKey\":\"1\",\"channelAreaName\":\"東京\",\"channelStationName\":\"首都圏\",\"shortenedName\":\"NHK総合1\",\"shortenedDisplayName\":\"総合\",\"multiChannelDisplayName\":\"総合\"},\"logo\":{\"url\":\"https://imgu.web.nhk/common/broadcastservice/bs/g1/g1-logo.svg\",\"main\":{\"url\":\"https://imgu.web.nhk/common/broadcastservice/bs/g1/g1-logo_1080x1080.png\",\"width\":1080,\"height\":1080},\"medium\":{\"url\":\"https://imgu.web.nhk/common/broadcastservice/bs/g1/g1-logo_640x640.png\",\"width\":640,\"height\":640},\"small\":{\"url\":\"https://imgu.web.nhk/common/broadcastservice/bs/g1/g1-logo_200x200.png\",\"width\":200,\"height\":200}},\"eyecatch\":{\"url\":\"https://imgu.web.nhk/common/broadcastservice/bs/g1/g1-eyecatch.svg\",\"large\":{\"url\":\"https://imgu.web.nhk/common/broadcastservice/bs/g1/g1-eyecatch_3840x2160.png\",\"width\":3840,\"height\":2160},\"main\":{\"url\":\"https://imgu.web.nhk/common/broadcastservice/bs/g1/g1-eyecatch_1920x1080.png\",\"width\":1920,\"height\":1080},\"medium\":{\"url\":\"https://imgu.web.nhk/common/broadcastservice/bs/g1/g1-eyecatch_1280x720.png\",\"width\":1280,\"height\":720},\"small\":{\"url\":\"https://imgu.web.nhk/common/broadcastservice/bs/g1/g1-eyecatch_640x360.png\",\"width\":640,\"height\":360}},\"hero\":{\"url\":\"https://imgu.web.nhk/common/broadcastservice/bs/g1/g1-hero.svg\",\"main\":{\"url\":\"https://imgu.web.nhk/common/broadcastservice/bs/g1/g1-hero_1920x640.png\",\"width\":1920,\"height\":640},\"medium\":{\"url\":\"https://imgu.web.nhk/common/broadcastservice/bs/g1/g1-hero_1080x360.png\",\"width\":1080,\"height\":360}},\"badge9x4\":{\"url\":\"https://imgu.web.nhk/common/broadcastservice/bs/g1/g1-badge9x4.svg\",\"main\":{\"url\":\"https://imgu.web.nhk/common/broadcastservice/bs/g1/g1-badge9x4_360x160.png\",\"width\":360,\"height\":160},\"small\":{\"url\":\"https://imgu.web.nhk/common/broadcastservice/bs/g1/g1-badge9x4_180x80.png\",\"width\":180,\"height\":80}}}},\"eyecatch\":{\"large\":{\"url\":\"https://imgu.web.nhk/static/assets/images/tvepisode/te/GQ6V66LZQN/GQ6V66LZQN-eyecatch_656058236707f8f98ed38f2cb7b5d4d0.jpg\",\"width\":3840,\"height\":2160},\"main\":{\"url\":\"https://imgu.web.nhk/static/assets/images/tvepisode/te/GQ6V66LZQN/GQ6V66LZQN-eyecatch_e512363ac5edbe171ec97394065cd884.jpg\",\"width\":1920,\"height\":1080},\"medium\":{\"url\":\"https://imgu.web.nhk/static/assets/images/tvepisode/te/GQ6V66LZQN/GQ6V66LZQN-eyecatch_ef6c65856c326b65976f47d62feb464d.jpg\",\"width\":1280,\"height\":720},\"small\":{\"url\":\"https://imgu.web.nhk/static/assets/images/tvepisode/te/GQ6V66LZQN/GQ6V66LZQN-eyecatch_6ae53823dbd31270d10f0ad838030ddb.jpg\",\"width\":640,\"height\":360}},\"eyecatchList\":[],\"video\":[],\"citation\":[],\"detailedPinnedCitation\":[],\"sameAs\":[],\"correction\":[],\"url\":\"https://api-local.ss.org.nhk/r8/t/tvepisode/te/GQ6V66LZQN.json\",\"canonical\":\"https://www.web.nhk/tv/pl/series-tep-R6ZNL4MY77/ep/GQ6V66LZQN\",\"associatedMedia\":[],\"hasPart\":[],\"additionalProperty\":{\"episodeMergeStatus\":\"merge\"}},\"link\":{\"href\":\"https://www.web.nhk/tv/pl/series-tep-R6ZNL4MY77/ep/GQ6V66LZQN\"}}]\n"])</script><script>self.__next_f.push([1,"43:[\"$\",\"$L2a\",\"7KZ9PQMZ36\",{\"content\":{\"type\":\"TVEpisode\",\"id\":\"7KZ9PQMZ36\",\"name\":\"シリーズ1 (3)小芝風花主演・警察コメディー\",\"detailedEpisodeNameRuby\":\"\",\"identifierGroup\":{\"tvEpisodeId\":\"7KZ9PQMZ36\",\"tvSeriesId\":\"R6ZNL4MY77\",\"tvEpisodeName\":\"シリーズ1 (3)小芝風花主演・警察コメディー\",\"tvSeriesName\":\"【夜ドラ】事件は、その周りで起きている\",\"hashtag\":[],\"siteId\":\"7794\",\"serviceId\":[\"g1\",\"g2\"],\"formatGenreTag\":[{\"id\":\"03\",\"name\":\"ドラマ\"}],\"themeGenreTag\":[{\"id\":\"031\",\"name\":\"国内ドラマ\"}]},\"keyword\":[],\"description\":\"地方の警察署で働く刑事の真野（小芝風花）と、バディを組む宇田川（笠松将）は正反対の性格で、いつも些細なことで口ゲンカばかり。ある日、真野が大切にしていたクリスタル時計を上司の谷崎（北村有起哉）と宇田川が、不注意で壊してしまう。隠ぺい工作を画策する二人。そこに向田（倉科カナ）・徳大寺（蛙亭中野）も巻き込まれていく。時を同じくして、視察に訪れていた県議会議員に抗議する市民団体が署を取り囲んでおり…\",\"dateCreated\":\"2026-02-07T18:22:29+09:00\",\"dateModified\":\"2026-02-27T15:25:30+09:00\",\"actor\":[],\"contributor\":[],\"partOfSeries\":{\"id\":\"R6ZNL4MY77\",\"name\":\"【夜ドラ】事件は、その周りで起きている\",\"detailedSeriesNameRuby\":\"じけんは　そのまわりでおきている\",\"identifierGroup\":{\"tvSeriesId\":\"R6ZNL4MY77\",\"tvSeriesPlaylistId\":\"series-tep-R6ZNL4MY77\",\"tvSeriesUId\":\"peb7a35e1-facd-578d-9e66-001520c0a863\",\"tvSeriesName\":\"【夜ドラ】事件は、その周りで起きている\",\"hashtag\":[],\"siteId\":\"7794\",\"serviceId\":[\"g1\",\"g2\"],\"formatGenre\":[{\"id\":\"03\",\"name\":\"ドラマ\"}]},\"keyword\":[\"LIFE\",\"新感覚\",\"1話15分\",\"警察署・新月署\",\"コメディードラマ\",\"宇宙人総理\",\"総合演出\",\"小事件\",\"小室玲子\",\"小芝風花\",\"倉科カナ\",\"倉持裕\",\"笠松将\",\"中野周平\",\"完全オリジナル脚本\",\"北村有起哉\",\"蛙亭\",\"西川毅\",\"池谷のぶえ\",\"キムラ緑子\"],\"detailedSynonym\":[],\"sameAs\":[],\"canonical\":\"https://www.web.nhk/tv/pl/series-tep-R6ZNL4MY77\",\"description\":\"コント番組「LIFE！」スタッフが制作するシチュエーションコメディー「事件は、その周りで起きている」。\\n舞台はとある地方の小さな警察署・新月署（しんげつしょ）。刑事ものだけど、事件を一切解決しない。事件のまわりで起きるトラブル、“小事件”にスポットを当てた新感覚の１話完結15分のコメディー。\\n\\n■出演：小芝風花 笠松将 中野周平（蛙亭） 倉科カナ 北村有起哉／シリーズ3 ゲスト： 向井 理\\n■脚本：倉持裕\\n※「LIFE！」の人気キャラクターを数々生んだ倉持裕の完全オリジナル脚本\\n■演出：西川毅　※ＬＩＦＥ！総合演出\\n\",\"logo\":{\"main\":{\"url\":\"https://imgu.web.nhk/static/assets/images/tvseries/ts/R6ZNL4MY77/R6ZNL4MY77-logo_010553e34314ed3eaae5ee4f0fcd1ba6.jpg\",\"width\":1080,\"height\":1080},\"medium\":{\"url\":\"https://imgu.web.nhk/static/assets/images/tvseries/ts/R6ZNL4MY77/R6ZNL4MY77-logo_84ad8b93cf5d578fe060a3f7314f70c8.jpg\",\"width\":640,\"height\":640},\"small\":{\"url\":\"https://imgu.web.nhk/static/assets/images/tvseries/ts/R6ZNL4MY77/R6ZNL4MY77-logo_ae6897cabe75a4f78122da5f3657bef5.jpg\",\"width\":200,\"height\":200}},\"eyecatch\":{\"large\":{\"url\":\"https://imgu.web.nhk/static/assets/images/tvseries/ts/R6ZNL4MY77/R6ZNL4MY77-eyecatch_dd47dec7aa1bac3d2ba8f17718df8820.jpg\",\"width\":3840,\"height\":2160},\"main\":{\"url\":\"https://imgu.web.nhk/static/assets/images/tvseries/ts/R6ZNL4MY77/R6ZNL4MY77-eyecatch_4cb30049e34bd2a80aeed50c3cca542d.jpg\",\"width\":1920,\"height\":1080},\"medium\":{\"url\":\"https://imgu.web.nhk/static/assets/images/tvseries/ts/R6ZNL4MY77/R6ZNL4MY77-eyecatch_74a3e9cc9110082f4a50f5583b4e33e3.jpg\",\"width\":1280,\"height\":720},\"small\":{\"url\":\"https://imgu.web.nhk/static/assets/images/tvseries/ts/R6ZNL4MY77/R6ZNL4MY77-eyecatch_974ebe51818b4d8ed838b965facf11d8.jpg\",\"width\":640,\"height\":360}},\"hero\":{\"main\":{\"url\":\"https://imgu.web.nhk/static/assets/images/tvseries/ts/R6ZNL4MY77/R6ZNL4MY77-hero_5e0dd42bf16b54843c1b00be7d630c82.jpg\",\"width\":1920,\"height\":640},\"medium\":{\"url\":\"https://imgu.web.nhk/static/assets/images/tvseries/ts/R6ZNL4MY77/R6ZNL4MY77-hero_117d570d62a32daa7c6a43f7ac239c7c.jpg\",\"width\":1080,\"height\":360}},\"style\":{\"textLight\":\"#000000\",\"textDark\":\"#FFFFFF\",\"linkLight\":\"#E72400\",\"linkDark\":\"#FF4928\",\"primaryLight\":\"#FF2800\",\"primaryDark\":\"#FF2800\"},\"additionalProperty\":{\"publishLevel\":\"full\",\"layoutPattern\":\"summary\",\"episodeOrderBy\":\"releasedEvent\",\"availableOnPlus\":false,\"enableVariablePlayBackSpeedControl\":false,\"optional\":[],\"seriesPackStatus\":\"notPacked\",\"supportMedia\":[\"@screen\"],\"supportMusicList\":true,\"supportPlusEmbed\":true,\"enableWebContent\":false},\"url\":\"https://api-local.ss.org.nhk/r8/t/nplaylist/pl/series-tep-R6ZNL4MY77.json\",\"itemUrl\":\"https://api-local.ss.org.nhk/r8/l/tvepisode/pl/series-tep-R6ZNL4MY77.json\"},\"releasedEvent\":{\"startDate\":\"2022-08-03T22:45:00+09:00\",\"displayStartDate\":\"2022-08-03T22:45:00+09:00\",\"endDate\":\"2022-08-03T22:59:00+09:00\",\"publishedOn\":{\"type\":\"BroadcastService\",\"id\":\"bs-g1-130\",\"name\":\"NHK総合テレビジョン\",\"url\":\"https://api-local.ss.org.nhk/r8/t/broadcastservice/bs/g1-130.json\",\"broadcastDisplayName\":\"NHK総合・東京\",\"videoFormat\":[\"2K\"],\"encodingFormat\":[\"video/X-arib-mpeg2\",\"audio/X-arib-mpeg2-aac\"],\"identifierGroup\":{\"serviceId\":\"g1\",\"serviceName\":\"NHK総合1\",\"areaId\":\"130\",\"areaName\":\"東京\",\"channelId\":\"011\",\"channelKey\":\"1\",\"channelAreaName\":\"東京\",\"channelStationName\":\"首都圏\",\"shortenedName\":\"NHK総合1\",\"shortenedDisplayName\":\"総合\",\"multiChannelDisplayName\":\"総合\"},\"logo\":{\"url\":\"https://imgu.web.nhk/common/broadcastservice/bs/g1/g1-logo.svg\",\"main\":{\"url\":\"https://imgu.web.nhk/common/broadcastservice/bs/g1/g1-logo_1080x1080.png\",\"width\":1080,\"height\":1080},\"medium\":{\"url\":\"https://imgu.web.nhk/common/broadcastservice/bs/g1/g1-logo_640x640.png\",\"width\":640,\"height\":640},\"small\":{\"url\":\"https://imgu.web.nhk/common/broadcastservice/bs/g1/g1-logo_200x200.png\",\"width\":200,\"height\":200}},\"eyecatch\":{\"url\":\"https://imgu.web.nhk/common/broadcastservice/bs/g1/g1-eyecatch.svg\",\"large\":{\"url\":\"https://imgu.web.nhk/common/broadcastservice/bs/g1/g1-eyecatch_3840x2160.png\",\"width\":3840,\"height\":2160},\"main\":{\"url\":\"https://imgu.web.nhk/common/broadcastservice/bs/g1/g1-eyecatch_1920x1080.png\",\"width\":1920,\"height\":1080},\"medium\":{\"url\":\"https://imgu.web.nhk/common/broadcastservice/bs/g1/g1-eyecatch_1280x720.png\",\"width\":1280,\"height\":720},\"small\":{\"url\":\"https://imgu.web.nhk/common/broadcastservice/bs/g1/g1-eyecatch_640x360.png\",\"width\":640,\"height\":360}},\"hero\":{\"url\":\"https://imgu.web.nhk/common/broadcastservice/bs/g1/g1-hero.svg\",\"main\":{\"url\":\"https://imgu.web.nhk/common/broadcastservice/bs/g1/g1-hero_1920x640.png\",\"width\":1920,\"height\":640},\"medium\":{\"url\":\"https://imgu.web.nhk/common/broadcastservice/bs/g1/g1-hero_1080x360.png\",\"width\":1080,\"height\":360}},\"badge9x4\":{\"url\":\"https://imgu.web.nhk/common/broadcastservice/bs/g1/g1-badge9x4.svg\",\"main\":{\"url\":\"https://imgu.web.nhk/common/broadcastservice/bs/g1/g1-badge9x4_360x160.png\",\"width\":360,\"height\":160},\"small\":{\"url\":\"https://imgu.web.nhk/common/broadcastservice/bs/g1/g1-badge9x4_180x80.png\",\"width\":180,\"height\":80}}}},\"detailedRecentEvent\":{\"id\":\"g1-130-2026022504966\",\"startDate\":\"2026-02-25T22:45:00+09:00\",\"endDate\":\"2026-02-25T23:00:00+09:00\",\"identifierGroup\":{\"broadcastEventId\":\"g1-130-2026022504966\",\"serviceId\":\"g1\",\"areaId\":\"130\",\"stationId\":\"001\",\"date\":\"2026-02-25\",\"eventId\":\"04966\",\"genre\":[{\"id\":\"0300\",\"name1\":\"ドラマ\",\"name2\":\"国内ドラマ\"}],\"onid\":\"7fe0\",\"sid\":\"0400\",\"tsid\":\"7fe0\"},\"misc\":{\"displayVideoMode\":\"none\",\"displayVideoRange\":\"sdr\",\"displayAudioMode\":[\"kaisetsu\"],\"audioMode\":[\"stereoKaisetsu\"],\"supportCaption\":true,\"supportSign\":false,\"supportHybridcast\":false,\"supportDataBroadcast\":false,\"isInteractive\":false,\"isChangeable\":false,\"releaseLevel\":\"repeat\",\"programType\":\"program\",\"coverage\":\"nationwide\",\"actList\":[{\"role\":\"出演\",\"name\":\"小芝風花\",\"nameRuby\":\"ｺｼﾊﾞﾌｳｶ\"},{\"role\":\"出演\",\"name\":\"笠松将\",\"nameRuby\":\"ｶｻﾏﾂｼｮｳ\"},{\"role\":\"出演\",\"name\":\"中野周平\",\"nameRuby\":\"ﾅｶﾉｼｭｳﾍｲ\"},{\"role\":\"出演\",\"name\":\"倉科カナ\",\"nameRuby\":\"ｸﾗｼﾅｶﾅ\"},{\"role\":\"出演\",\"name\":\"北村有起哉\",\"nameRuby\":\"ｷﾀﾑﾗﾕｷﾔ\"},{\"role\":\"原作\",\"name\":\"倉持裕\",\"nameRuby\":\"ｸﾗﾓﾁﾕﾀｶ\"}],\"musicList\":[]},\"publishedOn\":{\"type\":\"BroadcastService\",\"id\":\"bs-g1-130\",\"name\":\"NHK総合テレビジョン\",\"url\":\"https://api-local.ss.org.nhk/r8/t/broadcastservice/bs/g1-130.json\",\"broadcastDisplayName\":\"NHK総合・東京\",\"videoFormat\":[\"2K\"],\"encodingFormat\":[\"video/X-arib-mpeg2\",\"audio/X-arib-mpeg2-aac\"],\"identifierGroup\":{\"serviceId\":\"g1\",\"serviceName\":\"NHK総合1\",\"areaId\":\"130\",\"areaName\":\"東京\",\"channelId\":\"011\",\"channelKey\":\"1\",\"channelAreaName\":\"東京\",\"channelStationName\":\"首都圏\",\"shortenedName\":\"NHK総合1\",\"shortenedDisplayName\":\"総合\",\"multiChannelDisplayName\":\"総合\"},\"logo\":{\"url\":\"https://imgu.web.nhk/common/broadcastservice/bs/g1/g1-logo.svg\",\"main\":{\"url\":\"https://imgu.web.nhk/common/broadcastservice/bs/g1/g1-logo_1080x1080.png\",\"width\":1080,\"height\":1080},\"medium\":{\"url\":\"https://imgu.web.nhk/common/broadcastservice/bs/g1/g1-logo_640x640.png\",\"width\":640,\"height\":640},\"small\":{\"url\":\"https://imgu.web.nhk/common/broadcastservice/bs/g1/g1-logo_200x200.png\",\"width\":200,\"height\":200}},\"eyecatch\":{\"url\":\"https://imgu.web.nhk/common/broadcastservice/bs/g1/g1-eyecatch.svg\",\"large\":{\"url\":\"https://imgu.web.nhk/common/broadcastservice/bs/g1/g1-eyecatch_3840x2160.png\",\"width\":3840,\"height\":2160},\"main\":{\"url\":\"https://imgu.web.nhk/common/broadcastservice/bs/g1/g1-eyecatch_1920x1080.png\",\"width\":1920,\"height\":1080},\"medium\":{\"url\":\"https://imgu.web.nhk/common/broadcastservice/bs/g1/g1-eyecatch_1280x720.png\",\"width\":1280,\"height\":720},\"small\":{\"url\":\"https://imgu.web.nhk/common/broadcastservice/bs/g1/g1-eyecatch_640x360.png\",\"width\":640,\"height\":360}},\"hero\":{\"url\":\"https://imgu.web.nhk/common/broadcastservice/bs/g1/g1-hero.svg\",\"main\":{\"url\":\"https://imgu.web.nhk/common/broadcastservice/bs/g1/g1-hero_1920x640.png\",\"width\":1920,\"height\":640},\"medium\":{\"url\":\"https://imgu.web.nhk/common/broadcastservice/bs/g1/g1-hero_1080x360.png\",\"width\":1080,\"height\":360}},\"badge9x4\":{\"url\":\"https://imgu.web.nhk/common/broadcastservice/bs/g1/g1-badge9x4.svg\",\"main\":{\"url\":\"https://imgu.web.nhk/common/broadcastservice/bs/g1/g1-badge9x4_360x160.png\",\"width\":360,\"height\":160},\"small\":{\"url\":\"https://imgu.web.nhk/common/broadcastservice/bs/g1/g1-badge9x4_180x80.png\",\"width\":180,\"height\":80}}}},\"detailedComingEvent\":{\"id\":\"g1-130-2026022504966\",\"startDate\":\"2026-02-25T22:45:00+09:00\",\"endDate\":\"2026-02-25T23:00:00+09:00\",\"identifierGroup\":{\"broadcastEventId\":\"g1-130-2026022504966\",\"serviceId\":\"g1\",\"areaId\":\"130\",\"stationId\":\"001\",\"date\":\"2026-02-25\",\"eventId\":\"04966\",\"genre\":[{\"id\":\"0300\",\"name1\":\"ドラマ\",\"name2\":\"国内ドラマ\"}],\"onid\":\"7fe0\",\"sid\":\"0400\",\"tsid\":\"7fe0\"},\"misc\":{\"displayVideoMode\":\"none\",\"displayVideoRange\":\"sdr\",\"displayAudioMode\":[\"kaisetsu\"],\"audioMode\":[\"stereoKaisetsu\"],\"supportCaption\":true,\"supportSign\":false,\"supportHybridcast\":false,\"supportDataBroadcast\":false,\"isInteractive\":false,\"isChangeable\":false,\"releaseLevel\":\"repeat\",\"programType\":\"program\",\"coverage\":\"nationwide\",\"actList\":[{\"role\":\"出演\",\"name\":\"小芝風花\",\"nameRuby\":\"ｺｼﾊﾞﾌｳｶ\"},{\"role\":\"出演\",\"name\":\"笠松将\",\"nameRuby\":\"ｶｻﾏﾂｼｮｳ\"},{\"role\":\"出演\",\"name\":\"中野周平\",\"nameRuby\":\"ﾅｶﾉｼｭｳﾍｲ\"},{\"role\":\"出演\",\"name\":\"倉科カナ\",\"nameRuby\":\"ｸﾗｼﾅｶﾅ\"},{\"role\":\"出演\",\"name\":\"北村有起哉\",\"nameRuby\":\"ｷﾀﾑﾗﾕｷﾔ\"},{\"role\":\"原作\",\"name\":\"倉持裕\",\"nameRuby\":\"ｸﾗﾓﾁﾕﾀｶ\"}],\"musicList\":[]},\"publishedOn\":{\"type\":\"BroadcastService\",\"id\":\"bs-g1-130\",\"name\":\"NHK総合テレビジョン\",\"url\":\"https://api-local.ss.org.nhk/r8/t/broadcastservice/bs/g1-130.json\",\"broadcastDisplayName\":\"NHK総合・東京\",\"videoFormat\":[\"2K\"],\"encodingFormat\":[\"video/X-arib-mpeg2\",\"audio/X-arib-mpeg2-aac\"],\"identifierGroup\":{\"serviceId\":\"g1\",\"serviceName\":\"NHK総合1\",\"areaId\":\"130\",\"areaName\":\"東京\",\"channelId\":\"011\",\"channelKey\":\"1\",\"channelAreaName\":\"東京\",\"channelStationName\":\"首都圏\",\"shortenedName\":\"NHK総合1\",\"shortenedDisplayName\":\"総合\",\"multiChannelDisplayName\":\"総合\"},\"logo\":{\"url\":\"https://imgu.web.nhk/common/broadcastservice/bs/g1/g1-logo.svg\",\"main\":{\"url\":\"https://imgu.web.nhk/common/broadcastservice/bs/g1/g1-logo_1080x1080.png\",\"width\":1080,\"height\":1080},\"medium\":{\"url\":\"https://imgu.web.nhk/common/broadcastservice/bs/g1/g1-logo_640x640.png\",\"width\":640,\"height\":640},\"small\":{\"url\":\"https://imgu.web.nhk/common/broadcastservice/bs/g1/g1-logo_200x200.png\",\"width\":200,\"height\":200}},\"eyecatch\":{\"url\":\"https://imgu.web.nhk/common/broadcastservice/bs/g1/g1-eyecatch.svg\",\"large\":{\"url\":\"https://imgu.web.nhk/common/broadcastservice/bs/g1/g1-eyecatch_3840x2160.png\",\"width\":3840,\"height\":2160},\"main\":{\"url\":\"https://imgu.web.nhk/common/broadcastservice/bs/g1/g1-eyecatch_1920x1080.png\",\"width\":1920,\"height\":1080},\"medium\":{\"url\":\"https://imgu.web.nhk/common/broadcastservice/bs/g1/g1-eyecatch_1280x720.png\",\"width\":1280,\"height\":720},\"small\":{\"url\":\"https://imgu.web.nhk/common/broadcastservice/bs/g1/g1-eyecatch_640x360.png\",\"width\":640,\"height\":360}},\"hero\":{\"url\":\"https://imgu.web.nhk/common/broadcastservice/bs/g1/g1-hero.svg\",\"main\":{\"url\":\"https://imgu.web.nhk/common/broadcastservice/bs/g1/g1-hero_1920x640.png\",\"width\":1920,\"height\":640},\"medium\":{\"url\":\"https://imgu.web.nhk/common/broadcastservice/bs/g1/g1-hero_1080x360.png\",\"width\":1080,\"height\":360}},\"badge9x4\":{\"url\":\"https://imgu.web.nhk/common/broadcastservice/bs/g1/g1-badge9x4.svg\",\"main\":{\"url\":\"https://imgu.web.nhk/common/broadcastservice/bs/g1/g1-badge9x4_360x160.png\",\"width\":360,\"height\":160},\"small\":{\"url\":\"https://imgu.web.nhk/common/broadcastservice/bs/g1/g1-badge9x4_180x80.png\",\"width\":180,\"height\":80}}}},\"eyecatch\":{\"large\":{\"url\":\"https://imgu.web.nhk/static/assets/images/tvepisode/te/7KZ9PQMZ36/7KZ9PQMZ36-eyecatch_2931857a147f899120b87e6b02170aab.jpg\",\"width\":3840,\"height\":2160},\"main\":{\"url\":\"https://imgu.web.nhk/static/assets/images/tvepisode/te/7KZ9PQMZ36/7KZ9PQMZ36-eyecatch_f2f759aafcb967828a20d4dac15d81d3.jpg\",\"width\":1920,\"height\":1080},\"medium\":{\"url\":\"https://imgu.web.nhk/static/assets/images/tvepisode/te/7KZ9PQMZ36/7KZ9PQMZ36-eyecatch_169091d283a5d0d58cab8a110ff3e293.jpg\",\"width\":1280,\"height\":720},\"small\":{\"url\":\"https://imgu.web.nhk/static/assets/images/tvepisode/te/7KZ9PQMZ36/7KZ9PQMZ36-eyecatch_0783e7d69bf87e29c39f76d635cda1d7.jpg\",\"width\":640,\"height\":360}},\"eyecatchList\":[],\"video\":[],\"citation\":[],\"detailedPinnedCitation\":[],\"sameAs\":[],\"correction\":[],\"url\":\"https://api-local.ss.org.nhk/r8/t/tvepisode/te/7KZ9PQMZ36.json\",\"canonical\":\"https://www.web.nhk/tv/pl/series-tep-R6ZNL4MY77/ep/7KZ9PQMZ36\",\"associatedMedia\":[],\"hasPart\":[],\"additionalProperty\":{\"episodeMergeStatus\":\"merge\"}},\"link\":{\"href\":\"https://www.web.nhk/tv/pl/series-tep-R6ZNL4MY77/ep/7KZ9PQMZ36\"}}]\n"])</script><script>self.__next_f.push([1,"44:[\"$\",\"$L2a\",\"N3922VZ63P\",{\"content\":{\"type\":\"TVEpisode\",\"id\":\"N3922VZ63P\",\"name\":\"(8)墨俣(すのまた)一夜城\",\"detailedEpisodeNameRuby\":\"\",\"identifierGroup\":{\"tvEpisodeId\":\"N3922VZ63P\",\"tvSeriesId\":\"P52L88MYXY\",\"tvEpisodeName\":\"(8)墨俣(すのまた)一夜城\",\"tvSeriesName\":\"大河ドラマ「豊臣兄弟！」\",\"hashtag\":[],\"siteId\":\"8969\",\"serviceId\":[\"g1\",\"g2\",\"s1\",\"s2\",\"s5\"],\"aliasId\":\"toyotomi-kyodai\",\"formatGenreTag\":[{\"id\":\"03\",\"name\":\"ドラマ\"}],\"themeGenreTag\":[{\"id\":\"031\",\"name\":\"国内ドラマ\"},{\"id\":\"033\",\"name\":\"時代劇\"},{\"id\":\"030\",\"name\":\"ドラマ全般\"}]},\"keyword\":[],\"description\":\"小一郎（仲野太賀）らは墨俣へ出陣。だが信長（小栗旬）の真の狙いは墨俣ではなく、美濃三人衆の一人・安藤守就（田中哲司）が守る北方城だった。藤吉郎（池松壮亮）は、美濃国主・斎藤龍興（濱田龍臣）の目を北方城から逸らすための捨て石と承知の上で、墨俣に砦を築く大作戦に着手する。一方、直（白石聖）は、小一郎と夫婦になる許しを得るため中村に戻る。意外にも父・喜左衛門（大倉孝二）から手厚く迎えられるが・・・\",\"dateCreated\":\"2026-01-13T18:33:17+09:00\",\"dateModified\":\"2026-03-02T16:30:36+09:00\",\"actor\":[{\"person\":{\"identifierGroup\":{\"npgId\":\"29D4D7A7-E3F2-4E1F-94CA-046080070DC0\",\"wikidataId\":\"Q11444506\"},\"roleName\":\"Actor\",\"displayRoleName\":\"俳優\",\"name\":\"仲野 太賀\",\"detailedNameRuby\":\"なかの たいが\",\"familyName\":\"仲野\",\"givenName\":\"太賀\",\"detailedFamilyNameRuby\":\"なかの\",\"detailedGivenNameRuby\":\"たいが\",\"detailedNameDescription\":\"\",\"honorificSuffix\":\"\",\"jobTitle\":[],\"memberOf\":[],\"image\":{\"main\":{\"url\":\"https://img.web.nhk/static/assets/images/tvseries/ts/P52L88MYXY/P52L88MYXY-person_2e4f43bc990dfaa6d4477eded7ef370a.png\",\"width\":1080,\"height\":1080},\"medium\":{\"url\":\"https://img.web.nhk/static/assets/images/tvseries/ts/P52L88MYXY/P52L88MYXY-person_23f990abd5ef3e1f02468ff2e9fe7fc5.png\",\"width\":640,\"height\":640},\"small\":{\"url\":\"https://imgu.web.nhk/static/assets/images/tvseries/ts/P52L88MYXY/P52L88MYXY-person_0a9515dff6449441235f861779b8ea9b.png\",\"width\":200,\"height\":200}},\"characterName\":\"小一郎（豊臣秀長）\",\"detailedCharacterNameRuby\":\"こいちろう（とよとみ ひでなが）\",\"description\":\"天下人・豊臣秀吉の弟\\n登場時の名は小一郎。兄の天下取りをいちずに支え続けた「天下一の補佐役」といわれている。\",\"detailedWork\":[],\"hasOccupation\":[]}},{\"person\":{\"identifierGroup\":{\"npgId\":\"D690F0C8-05B8-4A71-9A1E-13B8A756E70D\",\"wikidataId\":\"Q1058963\"},\"roleName\":\"Actor\",\"displayRoleName\":\"俳優\",\"name\":\"池松 壮亮\",\"detailedNameRuby\":\"いけまつ そうすけ\",\"familyName\":\"池松\",\"givenName\":\"壮亮\",\"detailedFamilyNameRuby\":\"いけまつ\",\"detailedGivenNameRuby\":\"そうすけ\",\"detailedNameDescription\":\"\",\"honorificSuffix\":\"\",\"jobTitle\":[],\"memberOf\":[],\"image\":{\"main\":{\"url\":\"https://img.web.nhk/static/assets/images/tvseries/ts/P52L88MYXY/P52L88MYXY-person_4f93e5276609f6f43e9c328f965eb6e6.png\",\"width\":1080,\"height\":1080},\"medium\":{\"url\":\"https://img.web.nhk/static/assets/images/tvseries/ts/P52L88MYXY/P52L88MYXY-person_3d74da780b5e535b14406469f0191f93.png\",\"width\":640,\"height\":640},\"small\":{\"url\":\"https://imgu.web.nhk/static/assets/images/tvseries/ts/P52L88MYXY/P52L88MYXY-person_64c55d28509ee3a35e5bb0f5858e4fbe.png\",\"width\":200,\"height\":200}},\"characterName\":\"藤吉郎（豊臣秀吉）\",\"detailedCharacterNameRuby\":\"とうきちろう（とよとみ ひでよし）\",\"description\":\"小一郎を乱世に巻き込んだ野心家の兄\\n小一郎の３歳年上の兄。登場時の名は藤吉郎。尾張中村の貧しい農家で生まれ育ったが、主君である戦国武将・織田信長のもとでメキメキと頭角をあらわし、ついには天下統一を果たす。\",\"detailedWork\":[],\"hasOccupation\":[]}},{\"person\":{\"identifierGroup\":{\"npgId\":\"04E1F915-FCA1-441E-B5E2-5D60F7FE75D6\",\"wikidataId\":\"Q11284289\"},\"roleName\":\"Actor\",\"displayRoleName\":\"俳優\",\"name\":\"浜辺 美波\",\"detailedNameRuby\":\"はまべ みなみ\",\"familyName\":\"浜辺\",\"givenName\":\"美波\",\"detailedFamilyNameRuby\":\"はまべ\",\"detailedGivenNameRuby\":\"みなみ\",\"detailedNameDescription\":\"\",\"honorificSuffix\":\"\",\"jobTitle\":[],\"memberOf\":[],\"image\":{\"main\":{\"url\":\"https://img.web.nhk/static/assets/images/tvseries/ts/P52L88MYXY/P52L88MYXY-person_ef58d771f0c2463b1124572a35f45a72.png\",\"width\":1080,\"height\":1080},\"medium\":{\"url\":\"https://img.web.nhk/static/assets/images/tvseries/ts/P52L88MYXY/P52L88MYXY-person_d07a6eeeaa595b2204403054dc3aaab8.png\",\"width\":640,\"height\":640},\"small\":{\"url\":\"https://imgu.web.nhk/static/assets/images/tvseries/ts/P52L88MYXY/P52L88MYXY-person_1cf30951d5408cccb8dc6d45652cd9d4.png\",\"width\":200,\"height\":200}},\"characterName\":\"寧々\",\"detailedCharacterNameRuby\":\"ねね\",\"description\":\"夫の秀吉とともに天下人への階段を昇りつめる\\n豊臣秀吉の正妻。秀吉が関白に就任したのちは北政所（きたのまんどころ）と称される。\\n負けず嫌いの性格で、夫の秀吉とともに出世街道を駆け抜ける。\\nやがて庶民の娘から“戦国のファーストレディ”へと昇りつめる。\",\"detailedWork\":[],\"hasOccupation\":[]}},{\"person\":{\"identifierGroup\":{\"npgId\":\"00110902-AE66-45F8-B48D-E45DBA3F0CA8\",\"wikidataId\":\"Q48758750\"},\"roleName\":\"Actor\",\"displayRoleName\":\"俳優\",\"name\":\"白石 聖\",\"detailedNameRuby\":\"しらいし せい\",\"familyName\":\"白石\",\"givenName\":\"聖\",\"detailedFamilyNameRuby\":\"しらいし\",\"detailedGivenNameRuby\":\"せい\",\"detailedNameDescription\":\"\",\"honorificSuffix\":\"\",\"jobTitle\":[],\"memberOf\":[],\"image\":{\"main\":{\"url\":\"https://img.web.nhk/static/assets/images/tvseries/ts/P52L88MYXY/P52L88MYXY-person_1baa2df91b7e56ba54ecfb1fc0c04e54.png\",\"width\":1080,\"height\":1080},\"medium\":{\"url\":\"https://img.web.nhk/static/assets/images/tvseries/ts/P52L88MYXY/P52L88MYXY-person_3f071e3e5ed5e23b96fa64ecda80c327.png\",\"width\":640,\"height\":640},\"small\":{\"url\":\"https://imgu.web.nhk/static/assets/images/tvseries/ts/P52L88MYXY/P52L88MYXY-person_2bc62bb524ef23de605f03a3a81f1416.png\",\"width\":200,\"height\":200}},\"characterName\":\"直\",\"detailedCharacterNameRuby\":\"なお\",\"description\":\"小一郎の幼なじみ“初恋のひと”\\n小一郎と藤吉郎の故郷である尾張中村の土豪の娘。小一郎と同い年の幼なじみ。男勝りな性格だが、小一郎のことをひそかに慕っている。乱世に翻弄される悲劇のヒロイン。\",\"detailedWork\":[],\"hasOccupation\":[]}},{\"person\":{\"identifierGroup\":{\"npgId\":\"0AB5B169-08AF-4793-B060-4E2771CBA976\",\"wikidataId\":\"Q11671066\"},\"roleName\":\"Actor\",\"displayRoleName\":\"俳優\",\"name\":\"高橋 努\",\"detailedNameRuby\":\"たかはし つとむ\",\"familyName\":\"高橋\",\"givenName\":\"努\",\"detailedFamilyNameRuby\":\"たかはし\",\"detailedGivenNameRuby\":\"つとむ\",\"detailedNameDescription\":\"\",\"honorificSuffix\":\"\",\"jobTitle\":[],\"memberOf\":[],\"image\":{\"main\":{\"url\":\"https://img.web.nhk/static/assets/images/tvseries/ts/P52L88MYXY/P52L88MYXY-person_ac54e3823f28798d4c09b72cd0b38eda.png\",\"width\":1080,\"height\":1080},\"medium\":{\"url\":\"https://img.web.nhk/static/assets/images/tvseries/ts/P52L88MYXY/P52L88MYXY-person_babe0d64a43162a7d1b95cf957604482.png\",\"width\":640,\"height\":640},\"small\":{\"url\":\"https://imgu.web.nhk/static/assets/images/tvseries/ts/P52L88MYXY/P52L88MYXY-person_4f24d1cb71aeaa50d26714ec9fdb6939.png\",\"width\":200,\"height\":200}},\"characterName\":\"蜂須賀正勝\",\"detailedCharacterNameRuby\":\"はちすか まさかつ\",\"description\":\"川並衆筆頭\\n木曽川での運送に携わる土豪。美濃の要地・墨俣に砦（とりで）の築城を命じられた豊臣兄弟は、正勝に協力を求める。\",\"detailedWork\":[],\"hasOccupation\":[]}},{\"person\":{\"identifierGroup\":{\"npgId\":\"E0663954-2B45-4A7D-A804-3D3B986EE4F0\",\"wikidataId\":\"Q11561773\"},\"roleName\":\"Actor\",\"displayRoleName\":\"俳優\",\"name\":\"渋谷 謙人\",\"detailedNameRuby\":\"しぶや けんと\",\"familyName\":\"渋谷\",\"givenName\":\"謙人\",\"detailedFamilyNameRuby\":\"しぶや\",\"detailedGivenNameRuby\":\"けんと\",\"detailedNameDescription\":\"\",\"honorificSuffix\":\"\",\"jobTitle\":[],\"memberOf\":[],\"image\":{\"main\":{\"url\":\"https://img.web.nhk/static/assets/images/tvseries/ts/P52L88MYXY/P52L88MYXY-person_9133aaa983bc553872aa52f8f99a89f8.png\",\"width\":1080,\"height\":1080},\"medium\":{\"url\":\"https://img.web.nhk/static/assets/images/tvseries/ts/P52L88MYXY/P52L88MYXY-person_70401a077714026eb9c35d00375d7155.png\",\"width\":640,\"height\":640},\"small\":{\"url\":\"https://imgu.web.nhk/static/assets/images/tvseries/ts/P52L88MYXY/P52L88MYXY-person_d50ac474ae040bc4dc9f4a9c83eb41c9.png\",\"width\":200,\"height\":200}},\"characterName\":\"前野長康\",\"detailedCharacterNameRuby\":\"まえの ながやす\",\"description\":\"織田家の家臣\\n正勝と義兄弟の契りを結ぶも、織田家に仕えたため疎遠に。豊臣兄弟から、正勝との橋渡しを頼まれる。\",\"detailedWork\":[],\"hasOccupation\":[]}},{\"person\":{\"identifierGroup\":{\"npgId\":\"66A58515-7387-4FA8-8F8C-FF4388E0CF59\",\"wikidataId\":\"Q11432413\"},\"roleName\":\"Actor\",\"displayRoleName\":\"俳優\",\"name\":\"大倉 孝二\",\"detailedNameRuby\":\"おおくら こうじ\",\"familyName\":\"大倉\",\"givenName\":\"孝二\",\"detailedFamilyNameRuby\":\"おおくら\",\"detailedGivenNameRuby\":\"こうじ\",\"detailedNameDescription\":\"\",\"honorificSuffix\":\"\",\"jobTitle\":[],\"memberOf\":[],\"image\":{\"main\":{\"url\":\"https://img.web.nhk/static/assets/images/tvseries/ts/P52L88MYXY/P52L88MYXY-person_3a34fdeff5f7369ed907618fd6783fc3.png\",\"width\":1080,\"height\":1080},\"medium\":{\"url\":\"https://img.web.nhk/static/assets/images/tvseries/ts/P52L88MYXY/P52L88MYXY-person_0bc88fc91219593678543a57d34b0214.png\",\"width\":640,\"height\":640},\"small\":{\"url\":\"https://imgu.web.nhk/static/assets/images/tvseries/ts/P52L88MYXY/P52L88MYXY-person_be050c92794a7f0513dbb7a9624b84a6.png\",\"width\":200,\"height\":200}},\"characterName\":\"坂井喜左衛門\",\"detailedCharacterNameRuby\":\"さかい きざえもん\",\"description\":\"直の父\\n尾張国中村で大きな影響力を持つ土豪。ある事情で藤吉郎を憎んでおり、小一郎が娘の直と親しい関係にあることもよく思っていない。\",\"detailedWork\":[],\"hasOccupation\":[]}},{\"person\":{\"identifierGroup\":{\"npgId\":\"D28D652D-14DF-41E4-AF68-C61C5B3274CB\",\"wikidataId\":\"Q1134047\"},\"roleName\":\"Actor\",\"displayRoleName\":\"俳優\",\"name\":\"菅田 将暉\",\"detailedNameRuby\":\"すだ まさき\",\"familyName\":\"菅田\",\"givenName\":\"将暉\",\"detailedFamilyNameRuby\":\"すだ\",\"detailedGivenNameRuby\":\"まさき\",\"detailedNameDescription\":\"\",\"honorificSuffix\":\"\",\"jobTitle\":[],\"memberOf\":[],\"image\":{\"main\":{\"url\":\"https://img.web.nhk/static/assets/images/tvseries/ts/P52L88MYXY/P52L88MYXY-person_e1e3b7b14d6d865d98b8e0a625beb06d.png\",\"width\":1080,\"height\":1080},\"medium\":{\"url\":\"https://img.web.nhk/static/assets/images/tvseries/ts/P52L88MYXY/P52L88MYXY-person_1d17c549c59393d0a6dfd0c0c1c37c54.png\",\"width\":640,\"height\":640},\"small\":{\"url\":\"https://imgu.web.nhk/static/assets/images/tvseries/ts/P52L88MYXY/P52L88MYXY-person_4924a0112c4405b96ccc8e44e7c03b82.png\",\"width\":200,\"height\":200}},\"characterName\":\"竹中半兵衛\",\"detailedCharacterNameRuby\":\"たけなか はんべえ\",\"description\":\"戦国時代を代表する名軍師\\n学問に通じ、知略に長（た）けた美男子だったと伝わる。美濃の斎藤龍興に仕えていたが、のちに秀吉の参謀となる。\",\"detailedWork\":[],\"hasOccupation\":[]}},{\"person\":{\"identifierGroup\":{\"npgId\":\"7B450291-E0ED-47D2-A1F6-0B7DFD11156C\",\"wikidataId\":\"Q873516\"},\"roleName\":\"Actor\",\"displayRoleName\":\"俳優\",\"name\":\"田中 哲司\",\"detailedNameRuby\":\"たなか てつし\",\"familyName\":\"田中\",\"givenName\":\"哲司\",\"detailedFamilyNameRuby\":\"たなか\",\"detailedGivenNameRuby\":\"てつし\",\"detailedNameDescription\":\"\",\"honorificSuffix\":\"\",\"jobTitle\":[],\"memberOf\":[],\"image\":{\"main\":{\"url\":\"https://img.web.nhk/static/assets/images/tvseries/ts/P52L88MYXY/P52L88MYXY-person_4e51c0d0c4b68adb65b2a639a6c24b3a.png\",\"width\":1080,\"height\":1080},\"medium\":{\"url\":\"https://img.web.nhk/static/assets/images/tvseries/ts/P52L88MYXY/P52L88MYXY-person_1b30a40359f69e6a36a23a4a0ee85cca.png\",\"width\":640,\"height\":640},\"small\":{\"url\":\"https://imgu.web.nhk/static/assets/images/tvseries/ts/P52L88MYXY/P52L88MYXY-person_13d80a9a6ac37394ccfaac1b5e1682ae.png\",\"width\":200,\"height\":200}},\"characterName\":\"安藤守就\",\"detailedCharacterNameRuby\":\"あんどう もりなり\",\"description\":\"美濃三人衆の一人\\n小一郎・藤吉郎からの調略を受け、主君への忠義とのはざまで揺れることに。\",\"detailedWork\":[],\"hasOccupation\":[]}},{\"person\":{\"identifierGroup\":{\"npgId\":\"F8A68291-926B-4D78-92E8-DA8D8B46ABAF\",\"wikidataId\":\"Q457825\"},\"roleName\":\"Actor\",\"displayRoleName\":\"俳優\",\"name\":\"小栗 旬\",\"detailedNameRuby\":\"おぐり しゅん\",\"familyName\":\"小栗\",\"givenName\":\"旬\",\"detailedFamilyNameRuby\":\"おぐり\",\"detailedGivenNameRuby\":\"しゅん\",\"detailedNameDescription\":\"\",\"honorificSuffix\":\"\",\"jobTitle\":[],\"memberOf\":[],\"image\":{\"main\":{\"url\":\"https://img.web.nhk/static/assets/images/tvseries/ts/P52L88MYXY/P52L88MYXY-person_2c46d4f27e6f2c5f45a77b355eeb2c7c.png\",\"width\":1080,\"height\":1080},\"medium\":{\"url\":\"https://img.web.nhk/static/assets/images/tvseries/ts/P52L88MYXY/P52L88MYXY-person_ff718d518053e3495527d1a6c04376f4.png\",\"width\":640,\"height\":640},\"small\":{\"url\":\"https://imgu.web.nhk/static/assets/images/tvseries/ts/P52L88MYXY/P52L88MYXY-person_fe883e8cff9a2b76dbc7f08d1ff2af32.png\",\"width\":200,\"height\":200}},\"characterName\":\"織田信長\",\"detailedCharacterNameRuby\":\"おだ のぶなが\",\"description\":\"天下一統を狙う孤高のカリスマ\\n大胆で革新的な戦略と非凡なリーダーシップにより領土を拡大し、「天下布武」のスローガンのもと天下一統を目指したカリスマ的武将。立身出世を目指す小一郎（のちの秀長）と藤吉郎（のちの秀吉）兄弟にとって絶対的な主君である。当主争いで対立した弟を自らの手で殺害したという苦い過去を持っている。\",\"detailedWork\":[],\"hasOccupation\":[]}}],\"contributor\":[],\"partOfSeries\":{\"id\":\"P52L88MYXY\",\"name\":\"大河ドラマ「豊臣兄弟！」\",\"detailedSeriesNameRuby\":\"とよとみきょうだい\",\"identifierGroup\":{\"tvSeriesId\":\"P52L88MYXY\",\"tvSeriesPlaylistId\":\"series-tep-P52L88MYXY\",\"tvSeriesUId\":\"p0defc81f-a07b-55e0-b9a6-c7f75720f416\",\"tvSeriesName\":\"大河ドラマ「豊臣兄弟！」\",\"hashtag\":[],\"siteId\":\"8969\",\"serviceId\":[\"g1\",\"g2\",\"s1\",\"s2\",\"s5\"],\"aliasId\":\"toyotomi-kyodai\",\"formatGenre\":[{\"id\":\"03\",\"name\":\"ドラマ\"}],\"nod\":{\"id\":\"P202500491700000\",\"url\":\"https://www.nhk-ondemand.jp/program/P202500491700000/\"}},\"keyword\":[\"NHK\",\"大河ドラマ\",\"豊臣兄弟！\",\"戦国時代\",\"豊臣秀長\",\"豊臣秀吉\",\"八津弘幸\",\"仲野太賀\",\"池松壮亮\",\"吉岡里帆\",\"浜辺美波\",\"白石聖\",\"坂井真紀\",\"宮澤エマ\",\"大東駿介\",\"松下洸平\",\"山口馬木也\",\"宮﨑あおい\",\"小栗旬\"],\"detailedSynonym\":[],\"sameAs\":[{\"name\":\"▶︎公式Instagram アカウント\",\"url\":\"https://www.instagram.com/nhk_toyotomi/\"},{\"name\":\"▶︎公式X（旧Twitter）アカウント\",\"url\":\"https://x.com/nhk_toyotomi\"},{\"name\":\"▶︎NHK公式YouTube「豊臣兄弟！」プレイリスト\",\"url\":\"https://www.youtube.com/playlist?list=PLcynJ47QaWNvaqX7QpxWQbRs1tHrRHgnb\"}],\"canonical\":\"https://www.web.nhk/tv/an/toyotomi-kyodai/pl/series-tep-P52L88MYXY\",\"description\":\"【NHK公式】大河ドラマ「豊臣兄弟！」\\n\\n大河ドラマ第65作で描くのは、戦国時代のど真ん中!!\\n強い絆で天下統一という偉業を成し遂げた豊臣兄弟の奇跡──\\n夢と希望の下剋上（げこくじょう）サクセスストーリーです！\\n\\n主人公は天下人の弟・豊臣秀長（とよとみ・ひでなが）\\n歴史にif（もしも）はないものの…\\n\\n『秀長が長生きしていれば豊臣家の天下は安泰だった』\\n\\nとまでいわしめた天下一の補佐役・秀長の目線で戦国時代をダイナミックに描く波乱万丈のエンターテインメント！\\n\\n【放送予定】\\n2026年1月4日（日）スタート ※初回15分拡大版\\n\\n【作】八津弘幸\\n【音楽】木村秀彬\\n【語り】安藤サクラ\\n【出演】仲野太賀、池松壮亮、吉岡里帆、浜辺美波、白石 聖、坂井真紀、宮澤エマ、菅田将暉、大東駿介、松下洸平、山口馬木也、宮﨑あおい、小栗 旬　ほか\\n【時代考証】黒田基樹、柴 裕之\\n【制作統括】松川博敬、堀内裕介\\n【プロデューサー】高橋優香子、舟橋哲男、吉岡和彦（展開・プロモーション）、国友 茜（広報）\\n【演出】渡邊良雄、渡辺哲也、田中 正\",\"detailedCatch\":\"熱い兄弟が夢と希望を胸に突っ走る奇跡の下剋上サクセスストーリー！\",\"logo\":{\"main\":{\"url\":\"https://imgu.web.nhk/static/assets/images/tvseries/ts/P52L88MYXY/P52L88MYXY-logo_c64ecc100161d9ce85c8aa953bc73ae1.jpg\",\"width\":1080,\"height\":1080},\"medium\":{\"url\":\"https://imgu.web.nhk/static/assets/images/tvseries/ts/P52L88MYXY/P52L88MYXY-logo_64a636dd72417d3cf661cb2f6808c33a.jpg\",\"width\":640,\"height\":640},\"small\":{\"url\":\"https://imgu.web.nhk/static/assets/images/tvseries/ts/P52L88MYXY/P52L88MYXY-logo_b696c913daeb18f3a663376fa0ec438b.jpg\",\"width\":200,\"height\":200}},\"eyecatch\":{\"large\":{\"url\":\"https://imgu.web.nhk/static/assets/images/tvseries/ts/P52L88MYXY/P52L88MYXY-eyecatch_a738f4a4bd6c933e48839aa43eb14379.jpg\",\"width\":3840,\"height\":2160},\"main\":{\"url\":\"https://imgu.web.nhk/static/assets/images/tvseries/ts/P52L88MYXY/P52L88MYXY-eyecatch_db018d96e8b0a9b57d8a66adf2895c55.jpg\",\"width\":1920,\"height\":1080},\"medium\":{\"url\":\"https://imgu.web.nhk/static/assets/images/tvseries/ts/P52L88MYXY/P52L88MYXY-eyecatch_80f2d9833ddbcdd1daf27c8a5568f526.jpg\",\"width\":1280,\"height\":720},\"small\":{\"url\":\"https://imgu.web.nhk/static/assets/images/tvseries/ts/P52L88MYXY/P52L88MYXY-eyecatch_b70d310c60625c1e0709f4048f70c0b1.jpg\",\"width\":640,\"height\":360}},\"hero\":{\"main\":{\"url\":\"https://imgu.web.nhk/static/assets/images/tvseries/ts/P52L88MYXY/P52L88MYXY-hero_742f045f3b953f612d1de63511984416.jpg\",\"width\":1920,\"height\":640},\"medium\":{\"url\":\"https://imgu.web.nhk/static/assets/images/tvseries/ts/P52L88MYXY/P52L88MYXY-hero_279368f784327dddc794c1896a388d4e.jpg\",\"width\":1080,\"height\":360}},\"style\":{\"textLight\":\"#000000\",\"textDark\":\"#FFFFFF\",\"linkLight\":\"#005AFF\",\"linkDark\":\"#4788FF\",\"primaryLight\":\"#005AFF\",\"primaryDark\":\"#0B61FF\"},\"additionalProperty\":{\"publishLevel\":\"full\",\"layoutPattern\":\"summary\",\"episodeOrderBy\":\"releasedEvent\",\"availableOnPlus\":false,\"enableVariablePlayBackSpeedControl\":false,\"optional\":[],\"seriesPackStatus\":\"notPacked\",\"supportMedia\":[\"@screen\"],\"supportMusicList\":true,\"supportPlusEmbed\":true,\"enableWebContent\":false},\"url\":\"https://api-local.ss.org.nhk/r8/t/nplaylist/pl/series-tep-P52L88MYXY.json\",\"itemUrl\":\"https://api-local.ss.org.nhk/r8/l/tvepisode/pl/series-tep-P52L88MYXY.json\"},\"releasedEvent\":{\"id\":\"g1-130-2026030107100\",\"startDate\":\"2026-03-01T20:00:00+09:00\",\"displayStartDate\":\"2026-03-01T20:00:00+09:00\",\"endDate\":\"2026-03-01T20:45:00+09:00\",\"publishedOn\":{\"type\":\"BroadcastService\",\"id\":\"bs-g1-130\",\"name\":\"NHK総合テレビジョン\",\"url\":\"https://api-local.ss.org.nhk/r8/t/broadcastservice/bs/g1-130.json\",\"broadcastDisplayName\":\"NHK総合・東京\",\"videoFormat\":[\"2K\"],\"encodingFormat\":[\"video/X-arib-mpeg2\",\"audio/X-arib-mpeg2-aac\"],\"identifierGroup\":{\"serviceId\":\"g1\",\"serviceName\":\"NHK総合1\",\"areaId\":\"130\",\"areaName\":\"東京\",\"channelId\":\"011\",\"channelKey\":\"1\",\"channelAreaName\":\"東京\",\"channelStationName\":\"首都圏\",\"shortenedName\":\"NHK総合1\",\"shortenedDisplayName\":\"総合\",\"multiChannelDisplayName\":\"総合\"},\"logo\":{\"url\":\"https://imgu.web.nhk/common/broadcastservice/bs/g1/g1-logo.svg\",\"main\":{\"url\":\"https://imgu.web.nhk/common/broadcastservice/bs/g1/g1-logo_1080x1080.png\",\"width\":1080,\"height\":1080},\"medium\":{\"url\":\"https://imgu.web.nhk/common/broadcastservice/bs/g1/g1-logo_640x640.png\",\"width\":640,\"height\":640},\"small\":{\"url\":\"https://imgu.web.nhk/common/broadcastservice/bs/g1/g1-logo_200x200.png\",\"width\":200,\"height\":200}},\"eyecatch\":{\"url\":\"https://imgu.web.nhk/common/broadcastservice/bs/g1/g1-eyecatch.svg\",\"large\":{\"url\":\"https://imgu.web.nhk/common/broadcastservice/bs/g1/g1-eyecatch_3840x2160.png\",\"width\":3840,\"height\":2160},\"main\":{\"url\":\"https://imgu.web.nhk/common/broadcastservice/bs/g1/g1-eyecatch_1920x1080.png\",\"width\":1920,\"height\":1080},\"medium\":{\"url\":\"https://imgu.web.nhk/common/broadcastservice/bs/g1/g1-eyecatch_1280x720.png\",\"width\":1280,\"height\":720},\"small\":{\"url\":\"https://imgu.web.nhk/common/broadcastservice/bs/g1/g1-eyecatch_640x360.png\",\"width\":640,\"height\":360}},\"hero\":{\"url\":\"https://imgu.web.nhk/common/broadcastservice/bs/g1/g1-hero.svg\",\"main\":{\"url\":\"https://imgu.web.nhk/common/broadcastservice/bs/g1/g1-hero_1920x640.png\",\"width\":1920,\"height\":640},\"medium\":{\"url\":\"https://imgu.web.nhk/common/broadcastservice/bs/g1/g1-hero_1080x360.png\",\"width\":1080,\"height\":360}},\"badge9x4\":{\"url\":\"https://imgu.web.nhk/common/broadcastservice/bs/g1/g1-badge9x4.svg\",\"main\":{\"url\":\"https://imgu.web.nhk/common/broadcastservice/bs/g1/g1-badge9x4_360x160.png\",\"width\":360,\"height\":160},\"small\":{\"url\":\"https://imgu.web.nhk/common/broadcastservice/bs/g1/g1-badge9x4_180x80.png\",\"width\":180,\"height\":80}}}},\"detailedRecentEvent\":{\"id\":\"g1-130-2026030107100\",\"startDate\":\"2026-03-01T20:00:00+09:00\",\"endDate\":\"2026-03-01T20:45:00+09:00\",\"identifierGroup\":{\"broadcastEventId\":\"g1-130-2026030107100\",\"serviceId\":\"g1\",\"areaId\":\"130\",\"stationId\":\"001\",\"date\":\"2026-03-01\",\"eventId\":\"07100\",\"genre\":[{\"id\":\"0300\",\"name1\":\"ドラマ\",\"name2\":\"国内ドラマ\"},{\"id\":\"0302\",\"name1\":\"ドラマ\",\"name2\":\"時代劇\"},{\"id\":\"0315\",\"name1\":\"ドラマ\",\"name2\":\"その他\"}],\"onid\":\"7fe0\",\"sid\":\"0400\",\"tsid\":\"7fe0\"},\"misc\":{\"displayVideoMode\":\"none\",\"displayVideoRange\":\"sdr\",\"displayAudioMode\":[\"kaisetsu\"],\"audioMode\":[\"stereoKaisetsu\"],\"supportCaption\":true,\"supportSign\":false,\"supportHybridcast\":false,\"supportDataBroadcast\":false,\"isInteractive\":false,\"isChangeable\":false,\"releaseLevel\":\"prime\",\"programType\":\"program\",\"coverage\":\"nationwide\",\"actList\":[{\"role\":\"出演\",\"name\":\"仲野太賀\",\"nameRuby\":\"ﾅｶﾉﾀｲｶﾞ\"},{\"role\":\"出演\",\"name\":\"池松壮亮\",\"nameRuby\":\"ｲｹﾏﾂｿｳｽｹ\"},{\"role\":\"出演\",\"name\":\"浜辺美波\",\"nameRuby\":\"ﾊﾏﾍﾞﾐﾅﾐ\"},{\"role\":\"出演\",\"name\":\"白石聖\",\"nameRuby\":\"ｼﾗｲｼｾｲ\"},{\"role\":\"出演\",\"name\":\"坂井真紀\",\"nameRuby\":\"ｻｶｲﾏｷ\"},{\"role\":\"出演\",\"name\":\"宮澤エマ\",\"nameRuby\":\"ﾐﾔｻﾞﾜｴﾏ\"},{\"role\":\"出演\",\"name\":\"倉沢杏菜\",\"nameRuby\":\"ｸﾗｻﾜｱﾝﾅ\"},{\"role\":\"出演\",\"name\":\"大倉孝二\",\"nameRuby\":\"ｵｵｸﾗｺｳｼﾞ\"},{\"role\":\"出演\",\"name\":\"水橋研二\",\"nameRuby\":\"ﾐｽﾞﾊｼｹﾝｼﾞ\"},{\"role\":\"出演\",\"name\":\"上川周作\",\"nameRuby\":\"ｶﾐｶﾜｼｭｳｻｸ\"},{\"role\":\"出演\",\"name\":\"前原瑞樹\",\"nameRuby\":\"ﾏｴﾊﾗﾐｽﾞｷ\"},{\"role\":\"出演\",\"name\":\"高橋努\",\"nameRuby\":\"ﾀｶﾊｼﾂﾄﾑ\"},{\"role\":\"出演\",\"name\":\"渋谷謙人\",\"nameRuby\":\"ｼﾌﾞﾔｹﾝﾄ\"},{\"role\":\"出演\",\"name\":\"濱田龍臣\",\"nameRuby\":\"ﾊﾏﾀﾞﾀﾂｵﾐ\"},{\"role\":\"出演\",\"name\":\"嶋尾康史\",\"nameRuby\":\"ｼﾏｵﾔｽﾋﾄ\"},{\"role\":\"出演\",\"name\":\"河内大和\",\"nameRuby\":\"ｺｳﾁﾔﾏﾄ\"},{\"role\":\"出演\",\"name\":\"菅田将暉\",\"nameRuby\":\"ｽﾀﾞﾏｻｷ\"},{\"role\":\"出演\",\"name\":\"田中哲司\",\"nameRuby\":\"ﾀﾅｶﾃﾂｼ\"},{\"role\":\"出演\",\"name\":\"小栗旬\",\"nameRuby\":\"ｵｸﾞﾘｼｭﾝ\"},{\"role\":\"語り\",\"name\":\"安藤サクラ\",\"nameRuby\":\"ｱﾝﾄﾞｳｻｸﾗ\"},{\"role\":\"作\",\"name\":\"八津弘幸\",\"nameRuby\":\"ﾔﾂﾋﾛﾕｷ\"},{\"role\":\"音楽\",\"name\":\"木村秀彬\",\"nameRuby\":\"ｷﾑﾗﾋﾃﾞｱｷﾗ\"}],\"musicList\":[]},\"publishedOn\":{\"type\":\"BroadcastService\",\"id\":\"bs-g1-130\",\"name\":\"NHK総合テレビジョン\",\"url\":\"https://api-local.ss.org.nhk/r8/t/broadcastservice/bs/g1-130.json\",\"broadcastDisplayName\":\"NHK総合・東京\",\"videoFormat\":[\"2K\"],\"encodingFormat\":[\"video/X-arib-mpeg2\",\"audio/X-arib-mpeg2-aac\"],\"identifierGroup\":{\"serviceId\":\"g1\",\"serviceName\":\"NHK総合1\",\"areaId\":\"130\",\"areaName\":\"東京\",\"channelId\":\"011\",\"channelKey\":\"1\",\"channelAreaName\":\"東京\",\"channelStationName\":\"首都圏\",\"shortenedName\":\"NHK総合1\",\"shortenedDisplayName\":\"総合\",\"multiChannelDisplayName\":\"総合\"},\"logo\":{\"url\":\"https://imgu.web.nhk/common/broadcastservice/bs/g1/g1-logo.svg\",\"main\":{\"url\":\"https://imgu.web.nhk/common/broadcastservice/bs/g1/g1-logo_1080x1080.png\",\"width\":1080,\"height\":1080},\"medium\":{\"url\":\"https://imgu.web.nhk/common/broadcastservice/bs/g1/g1-logo_640x640.png\",\"width\":640,\"height\":640},\"small\":{\"url\":\"https://imgu.web.nhk/common/broadcastservice/bs/g1/g1-logo_200x200.png\",\"width\":200,\"height\":200}},\"eyecatch\":{\"url\":\"https://imgu.web.nhk/common/broadcastservice/bs/g1/g1-eyecatch.svg\",\"large\":{\"url\":\"https://imgu.web.nhk/common/broadcastservice/bs/g1/g1-eyecatch_3840x2160.png\",\"width\":3840,\"height\":2160},\"main\":{\"url\":\"https://imgu.web.nhk/common/broadcastservice/bs/g1/g1-eyecatch_1920x1080.png\",\"width\":1920,\"height\":1080},\"medium\":{\"url\":\"https://imgu.web.nhk/common/broadcastservice/bs/g1/g1-eyecatch_1280x720.png\",\"width\":1280,\"height\":720},\"small\":{\"url\":\"https://imgu.web.nhk/common/broadcastservice/bs/g1/g1-eyecatch_640x360.png\",\"width\":640,\"height\":360}},\"hero\":{\"url\":\"https://imgu.web.nhk/common/broadcastservice/bs/g1/g1-hero.svg\",\"main\":{\"url\":\"https://imgu.web.nhk/common/broadcastservice/bs/g1/g1-hero_1920x640.png\",\"width\":1920,\"height\":640},\"medium\":{\"url\":\"https://imgu.web.nhk/common/broadcastservice/bs/g1/g1-hero_1080x360.png\",\"width\":1080,\"height\":360}},\"badge9x4\":{\"url\":\"https://imgu.web.nhk/common/broadcastservice/bs/g1/g1-badge9x4.svg\",\"main\":{\"url\":\"https://imgu.web.nhk/common/broadcastservice/bs/g1/g1-badge9x4_360x160.png\",\"width\":360,\"height\":160},\"small\":{\"url\":\"https://imgu.web.nhk/common/broadcastservice/bs/g1/g1-badge9x4_180x80.png\",\"width\":180,\"height\":80}}}},\"detailedComingEvent\":{\"id\":\"g1-130-2026030710122\",\"startDate\":\"2026-03-07T13:05:00+09:00\",\"endDate\":\"2026-03-07T13:50:00+09:00\",\"identifierGroup\":{\"broadcastEventId\":\"g1-130-2026030710122\",\"serviceId\":\"g1\",\"areaId\":\"130\",\"stationId\":\"001\",\"date\":\"2026-03-07\",\"eventId\":\"10122\",\"genre\":[{\"id\":\"0300\",\"name1\":\"ドラマ\",\"name2\":\"国内ドラマ\"},{\"id\":\"0302\",\"name1\":\"ドラマ\",\"name2\":\"時代劇\"},{\"id\":\"0315\",\"name1\":\"ドラマ\",\"name2\":\"その他\"}],\"onid\":\"7fe0\",\"sid\":\"0400\",\"tsid\":\"7fe0\"},\"misc\":{\"displayVideoMode\":\"none\",\"displayVideoRange\":\"sdr\",\"displayAudioMode\":[\"kaisetsu\"],\"audioMode\":[\"stereoKaisetsu\"],\"supportCaption\":true,\"supportSign\":false,\"supportHybridcast\":false,\"supportDataBroadcast\":false,\"isInteractive\":false,\"isChangeable\":false,\"releaseLevel\":\"repeat\",\"programType\":\"program\",\"coverage\":\"nationwide\",\"actList\":[{\"role\":\"出演\",\"name\":\"仲野太賀\",\"nameRuby\":\"ﾅｶﾉﾀｲｶﾞ\"},{\"role\":\"出演\",\"name\":\"池松壮亮\",\"nameRuby\":\"ｲｹﾏﾂｿｳｽｹ\"},{\"role\":\"出演\",\"name\":\"浜辺美波\",\"nameRuby\":\"ﾊﾏﾍﾞﾐﾅﾐ\"},{\"role\":\"出演\",\"name\":\"白石聖\",\"nameRuby\":\"ｼﾗｲｼｾｲ\"},{\"role\":\"出演\",\"name\":\"坂井真紀\",\"nameRuby\":\"ｻｶｲﾏｷ\"},{\"role\":\"出演\",\"name\":\"宮澤エマ\",\"nameRuby\":\"ﾐﾔｻﾞﾜｴﾏ\"},{\"role\":\"出演\",\"name\":\"倉沢杏菜\",\"nameRuby\":\"ｸﾗｻﾜｱﾝﾅ\"},{\"role\":\"出演\",\"name\":\"大倉孝二\",\"nameRuby\":\"ｵｵｸﾗｺｳｼﾞ\"},{\"role\":\"出演\",\"name\":\"水橋研二\",\"nameRuby\":\"ﾐｽﾞﾊｼｹﾝｼﾞ\"},{\"role\":\"出演\",\"name\":\"上川周作\",\"nameRuby\":\"ｶﾐｶﾜｼｭｳｻｸ\"},{\"role\":\"出演\",\"name\":\"前原瑞樹\",\"nameRuby\":\"ﾏｴﾊﾗﾐｽﾞｷ\"},{\"role\":\"出演\",\"name\":\"高橋努\",\"nameRuby\":\"ﾀｶﾊｼﾂﾄﾑ\"},{\"role\":\"出演\",\"name\":\"渋谷謙人\",\"nameRuby\":\"ｼﾌﾞﾔｹﾝﾄ\"},{\"role\":\"出演\",\"name\":\"濱田龍臣\",\"nameRuby\":\"ﾊﾏﾀﾞﾀﾂｵﾐ\"},{\"role\":\"出演\",\"name\":\"嶋尾康史\",\"nameRuby\":\"ｼﾏｵﾔｽﾋﾄ\"},{\"role\":\"出演\",\"name\":\"河内大和\",\"nameRuby\":\"ｺｳﾁﾔﾏﾄ\"},{\"role\":\"出演\",\"name\":\"菅田将暉\",\"nameRuby\":\"ｽﾀﾞﾏｻｷ\"},{\"role\":\"出演\",\"name\":\"田中哲司\",\"nameRuby\":\"ﾀﾅｶﾃﾂｼ\"},{\"role\":\"出演\",\"name\":\"小栗旬\",\"nameRuby\":\"ｵｸﾞﾘｼｭﾝ\"},{\"role\":\"語り\",\"name\":\"安藤サクラ\",\"nameRuby\":\"ｱﾝﾄﾞｳｻｸﾗ\"},{\"role\":\"作\",\"name\":\"八津弘幸\",\"nameRuby\":\"ﾔﾂﾋﾛﾕｷ\"},{\"role\":\"音楽\",\"name\":\"木村秀彬\",\"nameRuby\":\"ｷﾑﾗﾋﾃﾞｱｷﾗ\"}],\"musicList\":[]},\"publishedOn\":{\"type\":\"BroadcastService\",\"id\":\"bs-g1-130\",\"name\":\"NHK総合テレビジョン\",\"url\":\"https://api-local.ss.org.nhk/r8/t/broadcastservice/bs/g1-130.json\",\"broadcastDisplayName\":\"NHK総合・東京\",\"videoFormat\":[\"2K\"],\"encodingFormat\":[\"video/X-arib-mpeg2\",\"audio/X-arib-mpeg2-aac\"],\"identifierGroup\":{\"serviceId\":\"g1\",\"serviceName\":\"NHK総合1\",\"areaId\":\"130\",\"areaName\":\"東京\",\"channelId\":\"011\",\"channelKey\":\"1\",\"channelAreaName\":\"東京\",\"channelStationName\":\"首都圏\",\"shortenedName\":\"NHK総合1\",\"shortenedDisplayName\":\"総合\",\"multiChannelDisplayName\":\"総合\"},\"logo\":{\"url\":\"https://imgu.web.nhk/common/broadcastservice/bs/g1/g1-logo.svg\",\"main\":{\"url\":\"https://imgu.web.nhk/common/broadcastservice/bs/g1/g1-logo_1080x1080.png\",\"width\":1080,\"height\":1080},\"medium\":{\"url\":\"https://imgu.web.nhk/common/broadcastservice/bs/g1/g1-logo_640x640.png\",\"width\":640,\"height\":640},\"small\":{\"url\":\"https://imgu.web.nhk/common/broadcastservice/bs/g1/g1-logo_200x200.png\",\"width\":200,\"height\":200}},\"eyecatch\":{\"url\":\"https://imgu.web.nhk/common/broadcastservice/bs/g1/g1-eyecatch.svg\",\"large\":{\"url\":\"https://imgu.web.nhk/common/broadcastservice/bs/g1/g1-eyecatch_3840x2160.png\",\"width\":3840,\"height\":2160},\"main\":{\"url\":\"https://imgu.web.nhk/common/broadcastservice/bs/g1/g1-eyecatch_1920x1080.png\",\"width\":1920,\"height\":1080},\"medium\":{\"url\":\"https://imgu.web.nhk/common/broadcastservice/bs/g1/g1-eyecatch_1280x720.png\",\"width\":1280,\"height\":720},\"small\":{\"url\":\"https://imgu.web.nhk/common/broadcastservice/bs/g1/g1-eyecatch_640x360.png\",\"width\":640,\"height\":360}},\"hero\":{\"url\":\"https://imgu.web.nhk/common/broadcastservice/bs/g1/g1-hero.svg\",\"main\":{\"url\":\"https://imgu.web.nhk/common/broadcastservice/bs/g1/g1-hero_1920x640.png\",\"width\":1920,\"height\":640},\"medium\":{\"url\":\"https://imgu.web.nhk/common/broadcastservice/bs/g1/g1-hero_1080x360.png\",\"width\":1080,\"height\":360}},\"badge9x4\":{\"url\":\"https://imgu.web.nhk/common/broadcastservice/bs/g1/g1-badge9x4.svg\",\"main\":{\"url\":\"https://imgu.web.nhk/common/broadcastservice/bs/g1/g1-badge9x4_360x160.png\",\"width\":360,\"height\":160},\"small\":{\"url\":\"https://imgu.web.nhk/common/broadcastservice/bs/g1/g1-badge9x4_180x80.png\",\"width\":180,\"height\":80}}}},\"eyecatch\":{\"large\":{\"url\":\"https://imgu.web.nhk/static/assets/images/tvepisode/te/N3922VZ63P/N3922VZ63P-eyecatch_481f814c70354f5cafeef5839a4adbad.jpg\",\"width\":3840,\"height\":2160},\"main\":{\"url\":\"https://imgu.web.nhk/static/assets/images/tvepisode/te/N3922VZ63P/N3922VZ63P-eyecatch_048ccad457193a859e7a2a1cedf06ac2.jpg\",\"width\":1920,\"height\":1080},\"medium\":{\"url\":\"https://imgu.web.nhk/static/assets/images/tvepisode/te/N3922VZ63P/N3922VZ63P-eyecatch_37ab265cf6e775c838aef6947c9b1437.jpg\",\"width\":1280,\"height\":720},\"small\":{\"url\":\"https://imgu.web.nhk/static/assets/images/tvepisode/te/N3922VZ63P/N3922VZ63P-eyecatch_85c024143449fed7f40faaf1a03794bd.jpg\",\"width\":640,\"height\":360}},\"eyecatchList\":[{\"large\":{\"url\":\"https://imgu.web.nhk/static/assets/images/tvepisode/te/N3922VZ63P/N3922VZ63P-eyecatches_af74fb302370ade3a89789ebdf24ea57.jpg\",\"width\":3840,\"height\":2160},\"main\":{\"url\":\"https://imgu.web.nhk/static/assets/images/tvepisode/te/N3922VZ63P/N3922VZ63P-eyecatches_970dc8b0aed495f439b7d4d64c66d37b.jpg\",\"width\":1920,\"height\":1080},\"medium\":{\"url\":\"https://imgu.web.nhk/static/assets/images/tvepisode/te/N3922VZ63P/N3922VZ63P-eyecatches_7d11f535ea2efcf089437d24b2a94eaa.jpg\",\"width\":1280,\"height\":720},\"small\":{\"url\":\"https://imgu.web.nhk/static/assets/images/tvepisode/te/N3922VZ63P/N3922VZ63P-eyecatches_844febb92de368fd7795df6175bb7cd7.jpg\",\"width\":640,\"height\":360}},{\"large\":{\"url\":\"https://imgu.web.nhk/static/assets/images/tvepisode/te/N3922VZ63P/N3922VZ63P-eyecatches_7c8dd925ea382ac47d25e042cc78f3a7.jpg\",\"width\":3840,\"height\":2160},\"main\":{\"url\":\"https://imgu.web.nhk/static/assets/images/tvepisode/te/N3922VZ63P/N3922VZ63P-eyecatches_3e283715f19ea6fa0c8c3fd131828e28.jpg\",\"width\":1920,\"height\":1080},\"medium\":{\"url\":\"https://imgu.web.nhk/static/assets/images/tvepisode/te/N3922VZ63P/N3922VZ63P-eyecatches_46e130ffbc3cca36a9260e0d7b4b5a0f.jpg\",\"width\":1280,\"height\":720},\"small\":{\"url\":\"https://imgu.web.nhk/static/assets/images/tvepisode/te/N3922VZ63P/N3922VZ63P-eyecatches_14fe1b5d6251ff58f6707d41627d1d58.jpg\",\"width\":640,\"height\":360}},{\"large\":{\"url\":\"https://imgu.web.nhk/static/assets/images/tvepisode/te/N3922VZ63P/N3922VZ63P-eyecatches_0eabd5fbea98db9c05eeb90881366067.jpg\",\"width\":3840,\"height\":2160},\"main\":{\"url\":\"https://imgu.web.nhk/static/assets/images/tvepisode/te/N3922VZ63P/N3922VZ63P-eyecatches_e70a4a26373af7dc7d2706288a7dffe5.jpg\",\"width\":1920,\"height\":1080},\"medium\":{\"url\":\"https://imgu.web.nhk/static/assets/images/tvepisode/te/N3922VZ63P/N3922VZ63P-eyecatches_d8d576976ec48a27813cee9e9a363b60.jpg\",\"width\":1280,\"height\":720},\"small\":{\"url\":\"https://imgu.web.nhk/static/assets/images/tvepisode/te/N3922VZ63P/N3922VZ63P-eyecatches_899cdff38c9a8211847251ff6fc0a27b.jpg\",\"width\":640,\"height\":360}},{\"large\":{\"url\":\"https://imgu.web.nhk/static/assets/images/tvepisode/te/N3922VZ63P/N3922VZ63P-eyecatches_6728c898ffd9afff9acea5b2013d53c1.jpg\",\"width\":3840,\"height\":2160},\"main\":{\"url\":\"https://imgu.web.nhk/static/assets/images/tvepisode/te/N3922VZ63P/N3922VZ63P-eyecatches_2ec7ad3875ed43958077d25d6596c6c5.jpg\",\"width\":1920,\"height\":1080},\"medium\":{\"url\":\"https://imgu.web.nhk/static/assets/images/tvepisode/te/N3922VZ63P/N3922VZ63P-eyecatches_57ebef3346e273094030d8a2bc8d1234.jpg\",\"width\":1280,\"height\":720},\"small\":{\"url\":\"https://imgu.web.nhk/static/assets/images/tvepisode/te/N3922VZ63P/N3922VZ63P-eyecatches_664e5f109c6564e80616aff2563e02aa.jpg\",\"width\":640,\"height\":360}}],\"video\":[{\"id\":\"hskOriginal-g1-130-2026030107100\",\"name\":\"豊臣兄弟！（８）墨俣（すのまた）一夜城\",\"description\":\"小一郎（仲野太賀）らは墨俣へ出陣。だが信長（小栗旬）の真の狙いは墨俣ではなく、美濃三人衆の一人・安藤守就（田中哲司）が守る北方城だった。藤吉郎（池松壮亮）は、美濃国主・斎藤龍興（濱田龍臣）の目を北方城から逸らすための捨て石と承知の上で、墨俣に砦を築く大作戦に着手する。一方、直（白石聖）は、小一郎と夫婦になる許しを得るため中村に戻る。意外にも父・喜左衛門（大倉孝二）から手厚く迎えられるが・・・\",\"url\":\"https://www.web.nhk/tv/an/toyotomi-kyodai/pl/series-tep-P52L88MYXY/ep/N3922VZ63P\",\"identifierGroup\":{\"environmentId\":\"hskOriginal\",\"broadcastEventId\":\"g1-130-2026030107100\",\"serviceId\":\"g1\",\"streamType\":\"vod\"},\"detailedContentStatus\":{\"environmentId\":\"hskOriginal\",\"streamType\":\"vod\",\"contentStatus\":\"ready\"},\"detailedVideoDescriptor\":\"https://archive.hsk.st.nhk/npd3/7fe0-0400/20260301/1bbc-1-3-7aacee5c250dffd3b0812bbf72420aa7/videoinfo-712d7a03e5f976f8afc44bc4ac5ac21c.json\",\"expires\":\"2026-03-08T20:44:30+09:00\",\"duration\":\"PT44M29S\",\"startDate\":\"2026-03-01T20:00:00+09:00\",\"endDate\":\"2026-03-01T20:44:30+09:00\",\"isDivided\":false,\"publication\":[{\"id\":\"g1-130-2026030107100\",\"url\":\"https://api-local.ss.org.nhk/r8/t/broadcastevent/be/g1-130-2026030107100.json\",\"isLiveBroadcast\":true}],\"hasPart\":[],\"uploadDate\":\"2026-03-01T20:44:30+09:00\"}],\"citation\":[],\"detailedPinnedCitation\":[{\"name\":\"🐒第8回～の相関図・登場人物はこちら\",\"url\":\"https://www.nhk.jp/g/ts/P52L88MYXY/blog/bl/pwWYoeNnb2/bp/pnZLZ2B34v/\"},{\"name\":\"🐒第8回「墨俣（すのまた）一夜城」まとめ\",\"url\":\"https://www.nhk.jp/g/ts/P52L88MYXY/blog/bl/pdRPMxDlrQ/bp/pVaqDG19AV/\"},{\"name\":\"📺関連番組はこちら（NHK ONE 「豊臣兄弟！」 プレイリスト）\",\"url\":\"https://www.web.nhk/tv/pl/editorial-tep-4MBMYEIJTX\"}],\"sameAs\":[],\"correction\":[],\"url\":\"https://api-local.ss.org.nhk/r8/t/tvepisode/te/N3922VZ63P.json\",\"canonical\":\"https://www.web.nhk/tv/an/toyotomi-kyodai/pl/series-tep-P52L88MYXY/ep/N3922VZ63P\",\"associatedMedia\":[],\"hasPart\":[],\"additionalProperty\":{\"episodeMergeStatus\":\"notMerged\"}},\"link\":{\"href\":\"https://www.web.nhk/tv/an/toyotomi-kyodai/pl/series-tep-P52L88MYXY/ep/N3922VZ63P\"}}]\n"])</script><script>self.__next_f.push([1,"45:[\"$\",\"$L2a\",\"9YN1977VG1\",{\"content\":{\"type\":\"TVEpisode\",\"id\":\"9YN1977VG1\",\"name\":\"(7)決死の築城作戦\",\"detailedEpisodeNameRuby\":\"\",\"identifierGroup\":{\"tvEpisodeId\":\"9YN1977VG1\",\"tvSeriesId\":\"P52L88MYXY\",\"tvEpisodeName\":\"(7)決死の築城作戦\",\"tvSeriesName\":\"大河ドラマ「豊臣兄弟！」\",\"hashtag\":[],\"siteId\":\"8969\",\"serviceId\":[\"g1\",\"g2\",\"s1\",\"s5\"],\"aliasId\":\"toyotomi-kyodai\",\"formatGenreTag\":[{\"id\":\"03\",\"name\":\"ドラマ\"}],\"themeGenreTag\":[{\"id\":\"031\",\"name\":\"国内ドラマ\"},{\"id\":\"033\",\"name\":\"時代劇\"},{\"id\":\"030\",\"name\":\"ドラマ全般\"}]},\"keyword\":[],\"description\":\"藤吉郎（池松壮亮）は晴れて寧々（浜辺美波）と夫婦に。だが祝言の日、直（白石聖）が中村に帰ると言いだし、小一郎（仲野太賀）は戸惑う。一方、美濃攻めに乗り出した信長（小栗旬）に対し、藤吉郎は要衝・墨俣の攻略を買って出る。小一郎は攻略の秘策を思いつくが、実現には尾張と美濃の国境を仕切る川並衆の協力が必要。２人は、川並衆の棟梁・蜂須賀正勝（高橋努）とよしみのある織田家臣・前野長康（渋谷謙人）に仲介を頼む。\",\"dateCreated\":\"2026-01-13T18:33:16+09:00\",\"dateModified\":\"2026-03-02T16:12:56+09:00\",\"actor\":[{\"person\":{\"identifierGroup\":{\"npgId\":\"29D4D7A7-E3F2-4E1F-94CA-046080070DC0\",\"wikidataId\":\"Q11444506\"},\"roleName\":\"Actor\",\"displayRoleName\":\"俳優\",\"name\":\"仲野 太賀\",\"detailedNameRuby\":\"なかの たいが\",\"familyName\":\"仲野\",\"givenName\":\"太賀\",\"detailedFamilyNameRuby\":\"なかの\",\"detailedGivenNameRuby\":\"たいが\",\"detailedNameDescription\":\"\",\"honorificSuffix\":\"\",\"jobTitle\":[],\"memberOf\":[],\"image\":{\"main\":{\"url\":\"https://img.web.nhk/static/assets/images/tvseries/ts/P52L88MYXY/P52L88MYXY-person_bba932486e9715f0c88077bac28a03a5.png\",\"width\":1080,\"height\":1080},\"medium\":{\"url\":\"https://img.web.nhk/static/assets/images/tvseries/ts/P52L88MYXY/P52L88MYXY-person_96550216303231facd956bb116caa614.png\",\"width\":640,\"height\":640},\"small\":{\"url\":\"https://imgu.web.nhk/static/assets/images/tvseries/ts/P52L88MYXY/P52L88MYXY-person_20ad70eaeb107b8f431c2d470fdfdeb2.png\",\"width\":200,\"height\":200}},\"characterName\":\"小一郎（豊臣秀長）\",\"detailedCharacterNameRuby\":\"こいちろう（とよとみ ひでなが）\",\"description\":\"天下人・豊臣秀吉の弟\\n登場時の名は小一郎。兄の天下取りをいちずに支え続けた「天下一の補佐役」といわれている。\",\"detailedWork\":[],\"hasOccupation\":[]}},{\"person\":{\"identifierGroup\":{\"npgId\":\"D690F0C8-05B8-4A71-9A1E-13B8A756E70D\",\"wikidataId\":\"Q1058963\"},\"roleName\":\"Actor\",\"displayRoleName\":\"俳優\",\"name\":\"池松 壮亮\",\"detailedNameRuby\":\"いけまつ そうすけ\",\"familyName\":\"池松\",\"givenName\":\"壮亮\",\"detailedFamilyNameRuby\":\"いけまつ\",\"detailedGivenNameRuby\":\"そうすけ\",\"detailedNameDescription\":\"\",\"honorificSuffix\":\"\",\"jobTitle\":[],\"memberOf\":[],\"image\":{\"main\":{\"url\":\"https://img.web.nhk/static/assets/images/tvseries/ts/P52L88MYXY/P52L88MYXY-person_92f02688b9bd99a554065cd296d2952f.png\",\"width\":1080,\"height\":1080},\"medium\":{\"url\":\"https://img.web.nhk/static/assets/images/tvseries/ts/P52L88MYXY/P52L88MYXY-person_cb1f34b797811ceac6d68d9b83e9b8f7.png\",\"width\":640,\"height\":640},\"small\":{\"url\":\"https://imgu.web.nhk/static/assets/images/tvseries/ts/P52L88MYXY/P52L88MYXY-person_87292aa7be724fb75464ac6a068a68fd.png\",\"width\":200,\"height\":200}},\"characterName\":\"藤吉郎（豊臣秀吉）\",\"detailedCharacterNameRuby\":\"とうきちろう（とよとみ ひでよし）\",\"description\":\"小一郎を乱世に巻き込んだ野心家の兄\\n小一郎の３歳年上の兄。登場時の名は藤吉郎。尾張中村の貧しい農家で生まれ育ったが、主君である戦国武将・織田信長のもとでメキメキと頭角をあらわし、ついには天下統一を果たす。\",\"detailedWork\":[],\"hasOccupation\":[]}},{\"person\":{\"identifierGroup\":{\"npgId\":\"04E1F915-FCA1-441E-B5E2-5D60F7FE75D6\",\"wikidataId\":\"Q11284289\"},\"roleName\":\"Actor\",\"displayRoleName\":\"俳優\",\"name\":\"浜辺 美波\",\"detailedNameRuby\":\"はまべ みなみ\",\"familyName\":\"浜辺\",\"givenName\":\"美波\",\"detailedFamilyNameRuby\":\"はまべ\",\"detailedGivenNameRuby\":\"みなみ\",\"detailedNameDescription\":\"\",\"honorificSuffix\":\"\",\"jobTitle\":[],\"memberOf\":[],\"image\":{\"main\":{\"url\":\"https://img.web.nhk/static/assets/images/tvseries/ts/P52L88MYXY/P52L88MYXY-person_18cf0bd1c6f206300d5597fce517f5f8.png\",\"width\":1080,\"height\":1080},\"medium\":{\"url\":\"https://img.web.nhk/static/assets/images/tvseries/ts/P52L88MYXY/P52L88MYXY-person_edbfc099c50a27959c381da20788db7c.png\",\"width\":640,\"height\":640},\"small\":{\"url\":\"https://imgu.web.nhk/static/assets/images/tvseries/ts/P52L88MYXY/P52L88MYXY-person_0f5f7e395d69946dd7f47e133e89c342.png\",\"width\":200,\"height\":200}},\"characterName\":\"寧々\",\"detailedCharacterNameRuby\":\"ねね\",\"description\":\"夫の秀吉とともに天下人への階段を昇りつめる\\n豊臣秀吉の正妻。秀吉が関白に就任したのちは北政所（きたのまんどころ）と称される。\\n負けず嫌いの性格で、夫の秀吉とともに出世街道を駆け抜ける。\\nやがて庶民の娘から“戦国のファーストレディ”へと昇りつめる。\",\"detailedWork\":[],\"hasOccupation\":[]}},{\"person\":{\"identifierGroup\":{\"npgId\":\"00110902-AE66-45F8-B48D-E45DBA3F0CA8\",\"wikidataId\":\"Q48758750\"},\"roleName\":\"Actor\",\"displayRoleName\":\"俳優\",\"name\":\"白石 聖\",\"detailedNameRuby\":\"しらいし せい\",\"familyName\":\"白石\",\"givenName\":\"聖\",\"detailedFamilyNameRuby\":\"しらいし\",\"detailedGivenNameRuby\":\"せい\",\"detailedNameDescription\":\"\",\"honorificSuffix\":\"\",\"jobTitle\":[],\"memberOf\":[],\"image\":{\"main\":{\"url\":\"https://img.web.nhk/static/assets/images/tvseries/ts/P52L88MYXY/P52L88MYXY-person_0fe4352bc0ad486cf90ca333d73f6914.png\",\"width\":1080,\"height\":1080},\"medium\":{\"url\":\"https://img.web.nhk/static/assets/images/tvseries/ts/P52L88MYXY/P52L88MYXY-person_20e3755feba331ef7b91101e09b2a1a1.png\",\"width\":640,\"height\":640},\"small\":{\"url\":\"https://imgu.web.nhk/static/assets/images/tvseries/ts/P52L88MYXY/P52L88MYXY-person_a970a9a9542b4d85fbc1027e68068415.png\",\"width\":200,\"height\":200}},\"characterName\":\"直\",\"detailedCharacterNameRuby\":\"なお\",\"description\":\"小一郎の幼なじみ“初恋のひと”\\n小一郎と藤吉郎の故郷である尾張中村の土豪の娘。小一郎と同い年の幼なじみ。男勝りな性格だが、小一郎のことをひそかに慕っている。乱世に翻弄される悲劇のヒロイン。\",\"detailedWork\":[],\"hasOccupation\":[]}},{\"person\":{\"identifierGroup\":{\"npgId\":\"66D5AA5D-8A64-4B6A-ABB7-5292F551EB64\",\"wikidataId\":\"Q456644\"},\"roleName\":\"Actor\",\"displayRoleName\":\"俳優\",\"name\":\"坂井 真紀\",\"detailedNameRuby\":\"さかい まき\",\"familyName\":\"坂井\",\"givenName\":\"真紀\",\"detailedFamilyNameRuby\":\"さかい\",\"detailedGivenNameRuby\":\"まき\",\"detailedNameDescription\":\"\",\"honorificSuffix\":\"\",\"jobTitle\":[],\"memberOf\":[],\"image\":{\"main\":{\"url\":\"https://img.web.nhk/static/assets/images/tvseries/ts/P52L88MYXY/P52L88MYXY-person_be82055d1422408d4df158e98f8e70e9.png\",\"width\":1080,\"height\":1080},\"medium\":{\"url\":\"https://img.web.nhk/static/assets/images/tvseries/ts/P52L88MYXY/P52L88MYXY-person_297fac5c0abd7f590defc6551b0785b1.png\",\"width\":640,\"height\":640},\"small\":{\"url\":\"https://imgu.web.nhk/static/assets/images/tvseries/ts/P52L88MYXY/P52L88MYXY-person_e602af3899bd45ae871f300d77aeb2ae.png\",\"width\":200,\"height\":200}},\"characterName\":\"なか\",\"detailedCharacterNameRuby\":\"\",\"description\":\"息子たちの出世を温かく見守る母\\n豊臣兄弟の母。夫を早くに亡くし、女手一つで二男二女を育てる。息子たちの異例の出世に喜びやとまどいを感じながらも温かく見守り、天下人となった秀吉が関白に就任すると「大政所（おおまんどころ）」と称されるようになる。\",\"detailedWork\":[],\"hasOccupation\":[]}},{\"person\":{\"identifierGroup\":{\"npgId\":\"95D8852C-551F-4464-8309-F469B5AF370F\",\"wikidataId\":\"Q11347265\"},\"roleName\":\"Actor\",\"displayRoleName\":\"俳優\",\"name\":\"宮澤 エマ\",\"detailedNameRuby\":\"みやざわ えま\",\"familyName\":\"宮澤\",\"givenName\":\"エマ\",\"detailedFamilyNameRuby\":\"みやざわ\",\"detailedGivenNameRuby\":\"えま\",\"detailedNameDescription\":\"\",\"honorificSuffix\":\"\",\"jobTitle\":[],\"memberOf\":[],\"image\":{\"main\":{\"url\":\"https://img.web.nhk/static/assets/images/tvseries/ts/P52L88MYXY/P52L88MYXY-person_4a2733a3a570bd47a234c505111cda69.png\",\"width\":1080,\"height\":1080},\"medium\":{\"url\":\"https://img.web.nhk/static/assets/images/tvseries/ts/P52L88MYXY/P52L88MYXY-person_ad814d5694869f12180526033d359037.png\",\"width\":640,\"height\":640},\"small\":{\"url\":\"https://imgu.web.nhk/static/assets/images/tvseries/ts/P52L88MYXY/P52L88MYXY-person_62932afd84cec409aee9c6a465dbcf59.png\",\"width\":200,\"height\":200}},\"characterName\":\"とも\",\"detailedCharacterNameRuby\":\"\",\"description\":\"兄弟に厳しくあたるしっかり者の姉\\n豊臣兄弟の姉。しっかり者で負けん気が強い。三人の男児を産み育てるが、跡継ぎに恵まれなかった弟の秀吉によって政治の道具として利用される。のちに秀吉の後継者となった長男の秀次は謀反の疑いをかけられ妻子とともに処刑されることになる。\",\"detailedWork\":[],\"hasOccupation\":[]}},{\"person\":{\"identifierGroup\":{\"npgId\":\"0AB5B169-08AF-4793-B060-4E2771CBA976\",\"wikidataId\":\"Q11671066\"},\"roleName\":\"Actor\",\"displayRoleName\":\"俳優\",\"name\":\"高橋 努\",\"detailedNameRuby\":\"たかはし つとむ\",\"familyName\":\"高橋\",\"givenName\":\"努\",\"detailedFamilyNameRuby\":\"たかはし\",\"detailedGivenNameRuby\":\"つとむ\",\"detailedNameDescription\":\"\",\"honorificSuffix\":\"\",\"jobTitle\":[],\"memberOf\":[],\"image\":{\"main\":{\"url\":\"https://img.web.nhk/static/assets/images/tvseries/ts/P52L88MYXY/P52L88MYXY-person_ac54e3823f28798d4c09b72cd0b38eda.png\",\"width\":1080,\"height\":1080},\"medium\":{\"url\":\"https://img.web.nhk/static/assets/images/tvseries/ts/P52L88MYXY/P52L88MYXY-person_babe0d64a43162a7d1b95cf957604482.png\",\"width\":640,\"height\":640},\"small\":{\"url\":\"https://imgu.web.nhk/static/assets/images/tvseries/ts/P52L88MYXY/P52L88MYXY-person_4f24d1cb71aeaa50d26714ec9fdb6939.png\",\"width\":200,\"height\":200}},\"characterName\":\"蜂須賀正勝\",\"detailedCharacterNameRuby\":\"はちすか まさかつ\",\"description\":\"川並衆筆頭\\n木曽川での運送に携わる土豪。美濃の要地・墨俣に砦（とりで）の築城を命じられた豊臣兄弟は、正勝に協力を求める。\",\"detailedWork\":[],\"hasOccupation\":[]}},{\"person\":{\"identifierGroup\":{\"npgId\":\"E0663954-2B45-4A7D-A804-3D3B986EE4F0\",\"wikidataId\":\"Q11561773\"},\"roleName\":\"Actor\",\"displayRoleName\":\"俳優\",\"name\":\"渋谷 謙人\",\"detailedNameRuby\":\"しぶや けんと\",\"familyName\":\"渋谷\",\"givenName\":\"謙人\",\"detailedFamilyNameRuby\":\"しぶや\",\"detailedGivenNameRuby\":\"けんと\",\"detailedNameDescription\":\"\",\"honorificSuffix\":\"\",\"jobTitle\":[],\"memberOf\":[],\"image\":{\"main\":{\"url\":\"https://img.web.nhk/static/assets/images/tvseries/ts/P52L88MYXY/P52L88MYXY-person_9133aaa983bc553872aa52f8f99a89f8.png\",\"width\":1080,\"height\":1080},\"medium\":{\"url\":\"https://img.web.nhk/static/assets/images/tvseries/ts/P52L88MYXY/P52L88MYXY-person_70401a077714026eb9c35d00375d7155.png\",\"width\":640,\"height\":640},\"small\":{\"url\":\"https://imgu.web.nhk/static/assets/images/tvseries/ts/P52L88MYXY/P52L88MYXY-person_d50ac474ae040bc4dc9f4a9c83eb41c9.png\",\"width\":200,\"height\":200}},\"characterName\":\"前野長康\",\"detailedCharacterNameRuby\":\"まえの ながやす\",\"description\":\"織田家の家臣\\n正勝と義兄弟の契りを結ぶも、織田家に仕えたため疎遠に。豊臣兄弟から、正勝との橋渡しを頼まれる。\",\"detailedWork\":[],\"hasOccupation\":[]}},{\"person\":{\"identifierGroup\":{\"npgId\":\"33A709F5-6B0B-4AC2-A757-3EE61BAEAA68\",\"wikidataId\":\"Q11467539\"},\"roleName\":\"Actor\",\"displayRoleName\":\"俳優\",\"name\":\"山口 馬木也\",\"detailedNameRuby\":\"やまぐち まきや\",\"familyName\":\"山口\",\"givenName\":\"馬木也\",\"detailedFamilyNameRuby\":\"やまぐち\",\"detailedGivenNameRuby\":\"まきや\",\"detailedNameDescription\":\"\",\"honorificSuffix\":\"\",\"jobTitle\":[],\"memberOf\":[],\"image\":{\"main\":{\"url\":\"https://img.web.nhk/static/assets/images/tvseries/ts/P52L88MYXY/P52L88MYXY-person_15931ec1d4d47a797b3f63471e4f8cb1.png\",\"width\":1080,\"height\":1080},\"medium\":{\"url\":\"https://img.web.nhk/static/assets/images/tvseries/ts/P52L88MYXY/P52L88MYXY-person_79787545c1c002b53053bdf991bc18bd.png\",\"width\":640,\"height\":640},\"small\":{\"url\":\"https://imgu.web.nhk/static/assets/images/tvseries/ts/P52L88MYXY/P52L88MYXY-person_87776243a43926e281a519ccc036edd0.png\",\"width\":200,\"height\":200}},\"characterName\":\"柴田勝家\",\"detailedCharacterNameRuby\":\"しばた かついえ\",\"description\":\"兄弟の前に立ちはだかる大きな壁\\n織田信長の重臣の一人。勇猛果敢な戦上手で「鬼柴田」の異名で恐れられた。足軽時代の小一郎と藤吉郎にとっては怖くて苦手な存在。やがて二人が出世を果たすとあからさまに毛嫌いするようになる。信長亡きあとの「清須会議」では後継者争いを繰り広げ、やがて「賤ケ岳の戦い」で兄弟と激突することになる。\",\"detailedWork\":[],\"hasOccupation\":[]}},{\"person\":{\"identifierGroup\":{\"npgId\":\"F8A68291-926B-4D78-92E8-DA8D8B46ABAF\",\"wikidataId\":\"Q457825\"},\"roleName\":\"Actor\",\"displayRoleName\":\"俳優\",\"name\":\"小栗 旬\",\"detailedNameRuby\":\"おぐり しゅん\",\"familyName\":\"小栗\",\"givenName\":\"旬\",\"detailedFamilyNameRuby\":\"おぐり\",\"detailedGivenNameRuby\":\"しゅん\",\"detailedNameDescription\":\"\",\"honorificSuffix\":\"\",\"jobTitle\":[],\"memberOf\":[],\"image\":{\"main\":{\"url\":\"https://img.web.nhk/static/assets/images/tvseries/ts/P52L88MYXY/P52L88MYXY-person_67abfcde9f1ca7f00a22417945168442.png\",\"width\":1080,\"height\":1080},\"medium\":{\"url\":\"https://img.web.nhk/static/assets/images/tvseries/ts/P52L88MYXY/P52L88MYXY-person_0a1e60b5d188f3db10e7dd344d64d75f.png\",\"width\":640,\"height\":640},\"small\":{\"url\":\"https://imgu.web.nhk/static/assets/images/tvseries/ts/P52L88MYXY/P52L88MYXY-person_78b15fdd0397ff4e3ccaf14cd51bac26.png\",\"width\":200,\"height\":200}},\"characterName\":\"織田信長\",\"detailedCharacterNameRuby\":\"おだ のぶなが\",\"description\":\"天下一統を狙う孤高のカリスマ\\n大胆で革新的な戦略と非凡なリーダーシップにより領土を拡大し、「天下布武」のスローガンのもと天下一統を目指したカリスマ的武将。立身出世を目指す小一郎（のちの秀長）と藤吉郎（のちの秀吉）兄弟にとって絶対的な主君である。当主争いで対立した弟を自らの手で殺害したという苦い過去を持っている。\",\"detailedWork\":[],\"hasOccupation\":[]}}],\"contributor\":[],\"partOfSeries\":{\"id\":\"P52L88MYXY\",\"name\":\"大河ドラマ「豊臣兄弟！」\",\"detailedSeriesNameRuby\":\"とよとみきょうだい\",\"identifierGroup\":{\"tvSeriesId\":\"P52L88MYXY\",\"tvSeriesPlaylistId\":\"series-tep-P52L88MYXY\",\"tvSeriesUId\":\"p0defc81f-a07b-55e0-b9a6-c7f75720f416\",\"tvSeriesName\":\"大河ドラマ「豊臣兄弟！」\",\"hashtag\":[],\"siteId\":\"8969\",\"serviceId\":[\"g1\",\"g2\",\"s1\",\"s2\",\"s5\"],\"aliasId\":\"toyotomi-kyodai\",\"formatGenre\":[{\"id\":\"03\",\"name\":\"ドラマ\"}],\"nod\":{\"id\":\"P202500491700000\",\"url\":\"https://www.nhk-ondemand.jp/program/P202500491700000/\"}},\"keyword\":[\"NHK\",\"大河ドラマ\",\"豊臣兄弟！\",\"戦国時代\",\"豊臣秀長\",\"豊臣秀吉\",\"八津弘幸\",\"仲野太賀\",\"池松壮亮\",\"吉岡里帆\",\"浜辺美波\",\"白石聖\",\"坂井真紀\",\"宮澤エマ\",\"大東駿介\",\"松下洸平\",\"山口馬木也\",\"宮﨑あおい\",\"小栗旬\"],\"detailedSynonym\":[],\"sameAs\":[{\"name\":\"▶︎公式Instagram アカウント\",\"url\":\"https://www.instagram.com/nhk_toyotomi/\"},{\"name\":\"▶︎公式X（旧Twitter）アカウント\",\"url\":\"https://x.com/nhk_toyotomi\"},{\"name\":\"▶︎NHK公式YouTube「豊臣兄弟！」プレイリスト\",\"url\":\"https://www.youtube.com/playlist?list=PLcynJ47QaWNvaqX7QpxWQbRs1tHrRHgnb\"}],\"canonical\":\"https://www.web.nhk/tv/an/toyotomi-kyodai/pl/series-tep-P52L88MYXY\",\"description\":\"【NHK公式】大河ドラマ「豊臣兄弟！」\\n\\n大河ドラマ第65作で描くのは、戦国時代のど真ん中!!\\n強い絆で天下統一という偉業を成し遂げた豊臣兄弟の奇跡──\\n夢と希望の下剋上（げこくじょう）サクセスストーリーです！\\n\\n主人公は天下人の弟・豊臣秀長（とよとみ・ひでなが）\\n歴史にif（もしも）はないものの…\\n\\n『秀長が長生きしていれば豊臣家の天下は安泰だった』\\n\\nとまでいわしめた天下一の補佐役・秀長の目線で戦国時代をダイナミックに描く波乱万丈のエンターテインメント！\\n\\n【放送予定】\\n2026年1月4日（日）スタート ※初回15分拡大版\\n\\n【作】八津弘幸\\n【音楽】木村秀彬\\n【語り】安藤サクラ\\n【出演】仲野太賀、池松壮亮、吉岡里帆、浜辺美波、白石 聖、坂井真紀、宮澤エマ、菅田将暉、大東駿介、松下洸平、山口馬木也、宮﨑あおい、小栗 旬　ほか\\n【時代考証】黒田基樹、柴 裕之\\n【制作統括】松川博敬、堀内裕介\\n【プロデューサー】高橋優香子、舟橋哲男、吉岡和彦（展開・プロモーション）、国友 茜（広報）\\n【演出】渡邊良雄、渡辺哲也、田中 正\",\"detailedCatch\":\"熱い兄弟が夢と希望を胸に突っ走る奇跡の下剋上サクセスストーリー！\",\"logo\":{\"main\":{\"url\":\"https://imgu.web.nhk/static/assets/images/tvseries/ts/P52L88MYXY/P52L88MYXY-logo_c64ecc100161d9ce85c8aa953bc73ae1.jpg\",\"width\":1080,\"height\":1080},\"medium\":{\"url\":\"https://imgu.web.nhk/static/assets/images/tvseries/ts/P52L88MYXY/P52L88MYXY-logo_64a636dd72417d3cf661cb2f6808c33a.jpg\",\"width\":640,\"height\":640},\"small\":{\"url\":\"https://imgu.web.nhk/static/assets/images/tvseries/ts/P52L88MYXY/P52L88MYXY-logo_b696c913daeb18f3a663376fa0ec438b.jpg\",\"width\":200,\"height\":200}},\"eyecatch\":{\"large\":{\"url\":\"https://imgu.web.nhk/static/assets/images/tvseries/ts/P52L88MYXY/P52L88MYXY-eyecatch_a738f4a4bd6c933e48839aa43eb14379.jpg\",\"width\":3840,\"height\":2160},\"main\":{\"url\":\"https://imgu.web.nhk/static/assets/images/tvseries/ts/P52L88MYXY/P52L88MYXY-eyecatch_db018d96e8b0a9b57d8a66adf2895c55.jpg\",\"width\":1920,\"height\":1080},\"medium\":{\"url\":\"https://imgu.web.nhk/static/assets/images/tvseries/ts/P52L88MYXY/P52L88MYXY-eyecatch_80f2d9833ddbcdd1daf27c8a5568f526.jpg\",\"width\":1280,\"height\":720},\"small\":{\"url\":\"https://imgu.web.nhk/static/assets/images/tvseries/ts/P52L88MYXY/P52L88MYXY-eyecatch_b70d310c60625c1e0709f4048f70c0b1.jpg\",\"width\":640,\"height\":360}},\"hero\":{\"main\":{\"url\":\"https://imgu.web.nhk/static/assets/images/tvseries/ts/P52L88MYXY/P52L88MYXY-hero_742f045f3b953f612d1de63511984416.jpg\",\"width\":1920,\"height\":640},\"medium\":{\"url\":\"https://imgu.web.nhk/static/assets/images/tvseries/ts/P52L88MYXY/P52L88MYXY-hero_279368f784327dddc794c1896a388d4e.jpg\",\"width\":1080,\"height\":360}},\"style\":{\"textLight\":\"#000000\",\"textDark\":\"#FFFFFF\",\"linkLight\":\"#005AFF\",\"linkDark\":\"#4788FF\",\"primaryLight\":\"#005AFF\",\"primaryDark\":\"#0B61FF\"},\"additionalProperty\":{\"publishLevel\":\"full\",\"layoutPattern\":\"summary\",\"episodeOrderBy\":\"releasedEvent\",\"availableOnPlus\":false,\"enableVariablePlayBackSpeedControl\":false,\"optional\":[],\"seriesPackStatus\":\"notPacked\",\"supportMedia\":[\"@screen\"],\"supportMusicList\":true,\"supportPlusEmbed\":true,\"enableWebContent\":false},\"url\":\"https://api-local.ss.org.nhk/r8/t/nplaylist/pl/series-tep-P52L88MYXY.json\",\"itemUrl\":\"https://api-local.ss.org.nhk/r8/l/tvepisode/pl/series-tep-P52L88MYXY.json\"},\"releasedEvent\":{\"id\":\"g1-130-2026022203702\",\"startDate\":\"2026-02-22T20:00:00+09:00\",\"displayStartDate\":\"2026-02-22T20:00:00+09:00\",\"endDate\":\"2026-02-22T20:45:00+09:00\",\"publishedOn\":{\"type\":\"BroadcastService\",\"id\":\"bs-g1-130\",\"name\":\"NHK総合テレビジョン\",\"url\":\"https://api-local.ss.org.nhk/r8/t/broadcastservice/bs/g1-130.json\",\"broadcastDisplayName\":\"NHK総合・東京\",\"videoFormat\":[\"2K\"],\"encodingFormat\":[\"video/X-arib-mpeg2\",\"audio/X-arib-mpeg2-aac\"],\"identifierGroup\":{\"serviceId\":\"g1\",\"serviceName\":\"NHK総合1\",\"areaId\":\"130\",\"areaName\":\"東京\",\"channelId\":\"011\",\"channelKey\":\"1\",\"channelAreaName\":\"東京\",\"channelStationName\":\"首都圏\",\"shortenedName\":\"NHK総合1\",\"shortenedDisplayName\":\"総合\",\"multiChannelDisplayName\":\"総合\"},\"logo\":{\"url\":\"https://imgu.web.nhk/common/broadcastservice/bs/g1/g1-logo.svg\",\"main\":{\"url\":\"https://imgu.web.nhk/common/broadcastservice/bs/g1/g1-logo_1080x1080.png\",\"width\":1080,\"height\":1080},\"medium\":{\"url\":\"https://imgu.web.nhk/common/broadcastservice/bs/g1/g1-logo_640x640.png\",\"width\":640,\"height\":640},\"small\":{\"url\":\"https://imgu.web.nhk/common/broadcastservice/bs/g1/g1-logo_200x200.png\",\"width\":200,\"height\":200}},\"eyecatch\":{\"url\":\"https://imgu.web.nhk/common/broadcastservice/bs/g1/g1-eyecatch.svg\",\"large\":{\"url\":\"https://imgu.web.nhk/common/broadcastservice/bs/g1/g1-eyecatch_3840x2160.png\",\"width\":3840,\"height\":2160},\"main\":{\"url\":\"https://imgu.web.nhk/common/broadcastservice/bs/g1/g1-eyecatch_1920x1080.png\",\"width\":1920,\"height\":1080},\"medium\":{\"url\":\"https://imgu.web.nhk/common/broadcastservice/bs/g1/g1-eyecatch_1280x720.png\",\"width\":1280,\"height\":720},\"small\":{\"url\":\"https://imgu.web.nhk/common/broadcastservice/bs/g1/g1-eyecatch_640x360.png\",\"width\":640,\"height\":360}},\"hero\":{\"url\":\"https://imgu.web.nhk/common/broadcastservice/bs/g1/g1-hero.svg\",\"main\":{\"url\":\"https://imgu.web.nhk/common/broadcastservice/bs/g1/g1-hero_1920x640.png\",\"width\":1920,\"height\":640},\"medium\":{\"url\":\"https://imgu.web.nhk/common/broadcastservice/bs/g1/g1-hero_1080x360.png\",\"width\":1080,\"height\":360}},\"badge9x4\":{\"url\":\"https://imgu.web.nhk/common/broadcastservice/bs/g1/g1-badge9x4.svg\",\"main\":{\"url\":\"https://imgu.web.nhk/common/broadcastservice/bs/g1/g1-badge9x4_360x160.png\",\"width\":360,\"height\":160},\"small\":{\"url\":\"https://imgu.web.nhk/common/broadcastservice/bs/g1/g1-badge9x4_180x80.png\",\"width\":180,\"height\":80}}}},\"detailedRecentEvent\":{\"id\":\"g1-130-2026022203702\",\"startDate\":\"2026-02-22T20:00:00+09:00\",\"endDate\":\"2026-02-22T20:45:00+09:00\",\"identifierGroup\":{\"broadcastEventId\":\"g1-130-2026022203702\",\"serviceId\":\"g1\",\"areaId\":\"130\",\"stationId\":\"001\",\"date\":\"2026-02-22\",\"eventId\":\"03702\",\"genre\":[{\"id\":\"0300\",\"name1\":\"ドラマ\",\"name2\":\"国内ドラマ\"},{\"id\":\"0302\",\"name1\":\"ドラマ\",\"name2\":\"時代劇\"},{\"id\":\"0315\",\"name1\":\"ドラマ\",\"name2\":\"その他\"}],\"onid\":\"7fe0\",\"sid\":\"0400\",\"tsid\":\"7fe0\"},\"misc\":{\"displayVideoMode\":\"none\",\"displayVideoRange\":\"sdr\",\"displayAudioMode\":[\"kaisetsu\"],\"audioMode\":[\"stereoKaisetsu\"],\"supportCaption\":true,\"supportSign\":false,\"supportHybridcast\":false,\"supportDataBroadcast\":false,\"isInteractive\":false,\"isChangeable\":false,\"releaseLevel\":\"prime\",\"programType\":\"program\",\"coverage\":\"nationwide\",\"actList\":[{\"role\":\"出演\",\"name\":\"仲野太賀\",\"nameRuby\":\"ﾅｶﾉﾀｲｶﾞ\"},{\"role\":\"出演\",\"name\":\"池松壮亮\",\"nameRuby\":\"ｲｹﾏﾂｿｳｽｹ\"},{\"role\":\"出演\",\"name\":\"浜辺美波\",\"nameRuby\":\"ﾊﾏﾍﾞﾐﾅﾐ\"},{\"role\":\"出演\",\"name\":\"白石聖\",\"nameRuby\":\"ｼﾗｲｼｾｲ\"},{\"role\":\"出演\",\"name\":\"坂井真紀\",\"nameRuby\":\"ｻｶｲﾏｷ\"},{\"role\":\"出演\",\"name\":\"宮澤エマ\",\"nameRuby\":\"ﾐﾔｻﾞﾜｴﾏ\"},{\"role\":\"出演\",\"name\":\"倉沢杏菜\",\"nameRuby\":\"ｸﾗｻﾜｱﾝﾅ\"},{\"role\":\"出演\",\"name\":\"宮川一朗太\",\"nameRuby\":\"ﾐﾔｶﾜｲﾁﾛｳﾀ\"},{\"role\":\"出演\",\"name\":\"森口瑤子\",\"nameRuby\":\"ﾓﾘｸﾞﾁﾖｳｺ\"},{\"role\":\"出演\",\"name\":\"上川周作\",\"nameRuby\":\"ｶﾐｶﾜｼｭｳｻｸ\"},{\"role\":\"出演\",\"name\":\"前原瑞樹\",\"nameRuby\":\"ﾏｴﾊﾗﾐｽﾞｷ\"},{\"role\":\"出演\",\"name\":\"高橋努\",\"nameRuby\":\"ﾀｶﾊｼﾂﾄﾑ\"},{\"role\":\"出演\",\"name\":\"渋谷謙人\",\"nameRuby\":\"ｼﾌﾞﾔｹﾝﾄ\"},{\"role\":\"出演\",\"name\":\"濱田龍臣\",\"nameRuby\":\"ﾊﾏﾀﾞﾀﾂｵﾐ\"},{\"role\":\"出演\",\"name\":\"嶋尾康史\",\"nameRuby\":\"ｼﾏｵﾔｽﾋﾄ\"},{\"role\":\"出演\",\"name\":\"河内大和\",\"nameRuby\":\"ｺｳﾁﾔﾏﾄ\"},{\"role\":\"出演\",\"name\":\"田中哲司\",\"nameRuby\":\"ﾀﾅｶﾃﾂｼ\"},{\"role\":\"出演\",\"name\":\"山口馬木也\",\"nameRuby\":\"ﾔﾏｸﾞﾁﾏｷﾔ\"},{\"role\":\"出演\",\"name\":\"小栗旬\",\"nameRuby\":\"ｵｸﾞﾘｼｭﾝ\"},{\"role\":\"語り\",\"name\":\"安藤サクラ\",\"nameRuby\":\"ｱﾝﾄﾞｳｻｸﾗ\"},{\"role\":\"作\",\"name\":\"八津弘幸\",\"nameRuby\":\"ﾔﾂﾋﾛﾕｷ\"},{\"role\":\"音楽\",\"name\":\"木村秀彬\",\"nameRuby\":\"ｷﾑﾗﾋﾃﾞｱｷﾗ\"}],\"musicList\":[]},\"publishedOn\":{\"type\":\"BroadcastService\",\"id\":\"bs-g1-130\",\"name\":\"NHK総合テレビジョン\",\"url\":\"https://api-local.ss.org.nhk/r8/t/broadcastservice/bs/g1-130.json\",\"broadcastDisplayName\":\"NHK総合・東京\",\"videoFormat\":[\"2K\"],\"encodingFormat\":[\"video/X-arib-mpeg2\",\"audio/X-arib-mpeg2-aac\"],\"identifierGroup\":{\"serviceId\":\"g1\",\"serviceName\":\"NHK総合1\",\"areaId\":\"130\",\"areaName\":\"東京\",\"channelId\":\"011\",\"channelKey\":\"1\",\"channelAreaName\":\"東京\",\"channelStationName\":\"首都圏\",\"shortenedName\":\"NHK総合1\",\"shortenedDisplayName\":\"総合\",\"multiChannelDisplayName\":\"総合\"},\"logo\":{\"url\":\"https://imgu.web.nhk/common/broadcastservice/bs/g1/g1-logo.svg\",\"main\":{\"url\":\"https://imgu.web.nhk/common/broadcastservice/bs/g1/g1-logo_1080x1080.png\",\"width\":1080,\"height\":1080},\"medium\":{\"url\":\"https://imgu.web.nhk/common/broadcastservice/bs/g1/g1-logo_640x640.png\",\"width\":640,\"height\":640},\"small\":{\"url\":\"https://imgu.web.nhk/common/broadcastservice/bs/g1/g1-logo_200x200.png\",\"width\":200,\"height\":200}},\"eyecatch\":{\"url\":\"https://imgu.web.nhk/common/broadcastservice/bs/g1/g1-eyecatch.svg\",\"large\":{\"url\":\"https://imgu.web.nhk/common/broadcastservice/bs/g1/g1-eyecatch_3840x2160.png\",\"width\":3840,\"height\":2160},\"main\":{\"url\":\"https://imgu.web.nhk/common/broadcastservice/bs/g1/g1-eyecatch_1920x1080.png\",\"width\":1920,\"height\":1080},\"medium\":{\"url\":\"https://imgu.web.nhk/common/broadcastservice/bs/g1/g1-eyecatch_1280x720.png\",\"width\":1280,\"height\":720},\"small\":{\"url\":\"https://imgu.web.nhk/common/broadcastservice/bs/g1/g1-eyecatch_640x360.png\",\"width\":640,\"height\":360}},\"hero\":{\"url\":\"https://imgu.web.nhk/common/broadcastservice/bs/g1/g1-hero.svg\",\"main\":{\"url\":\"https://imgu.web.nhk/common/broadcastservice/bs/g1/g1-hero_1920x640.png\",\"width\":1920,\"height\":640},\"medium\":{\"url\":\"https://imgu.web.nhk/common/broadcastservice/bs/g1/g1-hero_1080x360.png\",\"width\":1080,\"height\":360}},\"badge9x4\":{\"url\":\"https://imgu.web.nhk/common/broadcastservice/bs/g1/g1-badge9x4.svg\",\"main\":{\"url\":\"https://imgu.web.nhk/common/broadcastservice/bs/g1/g1-badge9x4_360x160.png\",\"width\":360,\"height\":160},\"small\":{\"url\":\"https://imgu.web.nhk/common/broadcastservice/bs/g1/g1-badge9x4_180x80.png\",\"width\":180,\"height\":80}}}},\"detailedComingEvent\":{\"id\":\"g1-130-2026022806368\",\"startDate\":\"2026-02-28T13:05:00+09:00\",\"endDate\":\"2026-02-28T13:50:00+09:00\",\"identifierGroup\":{\"broadcastEventId\":\"g1-130-2026022806368\",\"serviceId\":\"g1\",\"areaId\":\"130\",\"stationId\":\"001\",\"date\":\"2026-02-28\",\"eventId\":\"06368\",\"genre\":[{\"id\":\"0300\",\"name1\":\"ドラマ\",\"name2\":\"国内ドラマ\"},{\"id\":\"0302\",\"name1\":\"ドラマ\",\"name2\":\"時代劇\"},{\"id\":\"0315\",\"name1\":\"ドラマ\",\"name2\":\"その他\"}],\"onid\":\"7fe0\",\"sid\":\"0400\",\"tsid\":\"7fe0\"},\"misc\":{\"displayVideoMode\":\"none\",\"displayVideoRange\":\"sdr\",\"displayAudioMode\":[\"kaisetsu\"],\"audioMode\":[\"stereoKaisetsu\"],\"supportCaption\":true,\"supportSign\":false,\"supportHybridcast\":false,\"supportDataBroadcast\":false,\"isInteractive\":false,\"isChangeable\":false,\"releaseLevel\":\"repeat\",\"programType\":\"program\",\"coverage\":\"nationwide\",\"actList\":[{\"role\":\"出演\",\"name\":\"仲野太賀\",\"nameRuby\":\"ﾅｶﾉﾀｲｶﾞ\"},{\"role\":\"出演\",\"name\":\"池松壮亮\",\"nameRuby\":\"ｲｹﾏﾂｿｳｽｹ\"},{\"role\":\"出演\",\"name\":\"浜辺美波\",\"nameRuby\":\"ﾊﾏﾍﾞﾐﾅﾐ\"},{\"role\":\"出演\",\"name\":\"白石聖\",\"nameRuby\":\"ｼﾗｲｼｾｲ\"},{\"role\":\"出演\",\"name\":\"坂井真紀\",\"nameRuby\":\"ｻｶｲﾏｷ\"},{\"role\":\"出演\",\"name\":\"宮澤エマ\",\"nameRuby\":\"ﾐﾔｻﾞﾜｴﾏ\"},{\"role\":\"出演\",\"name\":\"倉沢杏菜\",\"nameRuby\":\"ｸﾗｻﾜｱﾝﾅ\"},{\"role\":\"出演\",\"name\":\"宮川一朗太\",\"nameRuby\":\"ﾐﾔｶﾜｲﾁﾛｳﾀ\"},{\"role\":\"出演\",\"name\":\"森口瑤子\",\"nameRuby\":\"ﾓﾘｸﾞﾁﾖｳｺ\"},{\"role\":\"出演\",\"name\":\"上川周作\",\"nameRuby\":\"ｶﾐｶﾜｼｭｳｻｸ\"},{\"role\":\"出演\",\"name\":\"前原瑞樹\",\"nameRuby\":\"ﾏｴﾊﾗﾐｽﾞｷ\"},{\"role\":\"出演\",\"name\":\"高橋努\",\"nameRuby\":\"ﾀｶﾊｼﾂﾄﾑ\"},{\"role\":\"出演\",\"name\":\"渋谷謙人\",\"nameRuby\":\"ｼﾌﾞﾔｹﾝﾄ\"},{\"role\":\"出演\",\"name\":\"濱田龍臣\",\"nameRuby\":\"ﾊﾏﾀﾞﾀﾂｵﾐ\"},{\"role\":\"出演\",\"name\":\"嶋尾康史\",\"nameRuby\":\"ｼﾏｵﾔｽﾋﾄ\"},{\"role\":\"出演\",\"name\":\"河内大和\",\"nameRuby\":\"ｺｳﾁﾔﾏﾄ\"},{\"role\":\"出演\",\"name\":\"田中哲司\",\"nameRuby\":\"ﾀﾅｶﾃﾂｼ\"},{\"role\":\"出演\",\"name\":\"山口馬木也\",\"nameRuby\":\"ﾔﾏｸﾞﾁﾏｷﾔ\"},{\"role\":\"出演\",\"name\":\"小栗旬\",\"nameRuby\":\"ｵｸﾞﾘｼｭﾝ\"},{\"role\":\"語り\",\"name\":\"安藤サクラ\",\"nameRuby\":\"ｱﾝﾄﾞｳｻｸﾗ\"},{\"role\":\"作\",\"name\":\"八津弘幸\",\"nameRuby\":\"ﾔﾂﾋﾛﾕｷ\"},{\"role\":\"音楽\",\"name\":\"木村秀彬\",\"nameRuby\":\"ｷﾑﾗﾋﾃﾞｱｷﾗ\"}],\"musicList\":[]},\"publishedOn\":{\"type\":\"BroadcastService\",\"id\":\"bs-g1-130\",\"name\":\"NHK総合テレビジョン\",\"url\":\"https://api-local.ss.org.nhk/r8/t/broadcastservice/bs/g1-130.json\",\"broadcastDisplayName\":\"NHK総合・東京\",\"videoFormat\":[\"2K\"],\"encodingFormat\":[\"video/X-arib-mpeg2\",\"audio/X-arib-mpeg2-aac\"],\"identifierGroup\":{\"serviceId\":\"g1\",\"serviceName\":\"NHK総合1\",\"areaId\":\"130\",\"areaName\":\"東京\",\"channelId\":\"011\",\"channelKey\":\"1\",\"channelAreaName\":\"東京\",\"channelStationName\":\"首都圏\",\"shortenedName\":\"NHK総合1\",\"shortenedDisplayName\":\"総合\",\"multiChannelDisplayName\":\"総合\"},\"logo\":{\"url\":\"https://imgu.web.nhk/common/broadcastservice/bs/g1/g1-logo.svg\",\"main\":{\"url\":\"https://imgu.web.nhk/common/broadcastservice/bs/g1/g1-logo_1080x1080.png\",\"width\":1080,\"height\":1080},\"medium\":{\"url\":\"https://imgu.web.nhk/common/broadcastservice/bs/g1/g1-logo_640x640.png\",\"width\":640,\"height\":640},\"small\":{\"url\":\"https://imgu.web.nhk/common/broadcastservice/bs/g1/g1-logo_200x200.png\",\"width\":200,\"height\":200}},\"eyecatch\":{\"url\":\"https://imgu.web.nhk/common/broadcastservice/bs/g1/g1-eyecatch.svg\",\"large\":{\"url\":\"https://imgu.web.nhk/common/broadcastservice/bs/g1/g1-eyecatch_3840x2160.png\",\"width\":3840,\"height\":2160},\"main\":{\"url\":\"https://imgu.web.nhk/common/broadcastservice/bs/g1/g1-eyecatch_1920x1080.png\",\"width\":1920,\"height\":1080},\"medium\":{\"url\":\"https://imgu.web.nhk/common/broadcastservice/bs/g1/g1-eyecatch_1280x720.png\",\"width\":1280,\"height\":720},\"small\":{\"url\":\"https://imgu.web.nhk/common/broadcastservice/bs/g1/g1-eyecatch_640x360.png\",\"width\":640,\"height\":360}},\"hero\":{\"url\":\"https://imgu.web.nhk/common/broadcastservice/bs/g1/g1-hero.svg\",\"main\":{\"url\":\"https://imgu.web.nhk/common/broadcastservice/bs/g1/g1-hero_1920x640.png\",\"width\":1920,\"height\":640},\"medium\":{\"url\":\"https://imgu.web.nhk/common/broadcastservice/bs/g1/g1-hero_1080x360.png\",\"width\":1080,\"height\":360}},\"badge9x4\":{\"url\":\"https://imgu.web.nhk/common/broadcastservice/bs/g1/g1-badge9x4.svg\",\"main\":{\"url\":\"https://imgu.web.nhk/common/broadcastservice/bs/g1/g1-badge9x4_360x160.png\",\"width\":360,\"height\":160},\"small\":{\"url\":\"https://imgu.web.nhk/common/broadcastservice/bs/g1/g1-badge9x4_180x80.png\",\"width\":180,\"height\":80}}}},\"eyecatch\":{\"large\":{\"url\":\"https://imgu.web.nhk/static/assets/images/tvepisode/te/9YN1977VG1/9YN1977VG1-eyecatch_fce1911a7783bea7f6bd904cca883929.jpg\",\"width\":3840,\"height\":2160},\"main\":{\"url\":\"https://imgu.web.nhk/static/assets/images/tvepisode/te/9YN1977VG1/9YN1977VG1-eyecatch_0ca964c8d67816027e1ce62b2f0cf215.jpg\",\"width\":1920,\"height\":1080},\"medium\":{\"url\":\"https://imgu.web.nhk/static/assets/images/tvepisode/te/9YN1977VG1/9YN1977VG1-eyecatch_ff33d17535f259af6df4a4bc781797cc.jpg\",\"width\":1280,\"height\":720},\"small\":{\"url\":\"https://imgu.web.nhk/static/assets/images/tvepisode/te/9YN1977VG1/9YN1977VG1-eyecatch_72f61515536e3d154e0b54898f5a5989.jpg\",\"width\":640,\"height\":360}},\"eyecatchList\":[{\"large\":{\"url\":\"https://imgu.web.nhk/static/assets/images/tvepisode/te/9YN1977VG1/9YN1977VG1-eyecatches_b766c805f47057fe066c44c48e730972.jpg\",\"width\":3840,\"height\":2160},\"main\":{\"url\":\"https://imgu.web.nhk/static/assets/images/tvepisode/te/9YN1977VG1/9YN1977VG1-eyecatches_ce19b50b42a77a93d3a3fde63574a5f3.jpg\",\"width\":1920,\"height\":1080},\"medium\":{\"url\":\"https://imgu.web.nhk/static/assets/images/tvepisode/te/9YN1977VG1/9YN1977VG1-eyecatches_b22d93fdff3ef99c627f5d18b41300c0.jpg\",\"width\":1280,\"height\":720},\"small\":{\"url\":\"https://imgu.web.nhk/static/assets/images/tvepisode/te/9YN1977VG1/9YN1977VG1-eyecatches_eceb1b746b40b0730297c1b0569ec45b.jpg\",\"width\":640,\"height\":360}},{\"large\":{\"url\":\"https://imgu.web.nhk/static/assets/images/tvepisode/te/9YN1977VG1/9YN1977VG1-eyecatches_663e0835e1a3e1abb6e8c94c3b607142.jpg\",\"width\":3840,\"height\":2160},\"main\":{\"url\":\"https://imgu.web.nhk/static/assets/images/tvepisode/te/9YN1977VG1/9YN1977VG1-eyecatches_e4b82c1faf9a67e044b32af2389893f5.jpg\",\"width\":1920,\"height\":1080},\"medium\":{\"url\":\"https://imgu.web.nhk/static/assets/images/tvepisode/te/9YN1977VG1/9YN1977VG1-eyecatches_9e3765f4faf82e5436f889132f37fe8e.jpg\",\"width\":1280,\"height\":720},\"small\":{\"url\":\"https://imgu.web.nhk/static/assets/images/tvepisode/te/9YN1977VG1/9YN1977VG1-eyecatches_2fa7fb1916a9e2cd34e134f37a18939b.jpg\",\"width\":640,\"height\":360}},{\"large\":{\"url\":\"https://imgu.web.nhk/static/assets/images/tvepisode/te/9YN1977VG1/9YN1977VG1-eyecatches_f1933418c90705a491ff34f07747f6c8.jpg\",\"width\":3840,\"height\":2160},\"main\":{\"url\":\"https://imgu.web.nhk/static/assets/images/tvepisode/te/9YN1977VG1/9YN1977VG1-eyecatches_973b2833cb4bc3d207df2a0c03a13d64.jpg\",\"width\":1920,\"height\":1080},\"medium\":{\"url\":\"https://imgu.web.nhk/static/assets/images/tvepisode/te/9YN1977VG1/9YN1977VG1-eyecatches_4483aef417ef735742f215138e5c270c.jpg\",\"width\":1280,\"height\":720},\"small\":{\"url\":\"https://imgu.web.nhk/static/assets/images/tvepisode/te/9YN1977VG1/9YN1977VG1-eyecatches_fa1a9e155ca964347423e0c489c2317d.jpg\",\"width\":640,\"height\":360}},{\"large\":{\"url\":\"https://imgu.web.nhk/static/assets/images/tvepisode/te/9YN1977VG1/9YN1977VG1-eyecatches_9c3c3ece75c6dd56b083da238c2b4b85.jpg\",\"width\":3840,\"height\":2160},\"main\":{\"url\":\"https://imgu.web.nhk/static/assets/images/tvepisode/te/9YN1977VG1/9YN1977VG1-eyecatches_db19d6b517233fa56c42eac9430bd180.jpg\",\"width\":1920,\"height\":1080},\"medium\":{\"url\":\"https://imgu.web.nhk/static/assets/images/tvepisode/te/9YN1977VG1/9YN1977VG1-eyecatches_52eb9f9ec81b9cba476d9e226e4f0fe7.jpg\",\"width\":1280,\"height\":720},\"small\":{\"url\":\"https://imgu.web.nhk/static/assets/images/tvepisode/te/9YN1977VG1/9YN1977VG1-eyecatches_5db29d50daee7d2296a26cf128f89cfe.jpg\",\"width\":640,\"height\":360}}],\"video\":[],\"citation\":[],\"detailedPinnedCitation\":[{\"name\":\"🐒第5回～の相関図・登場人物はこちら\",\"url\":\"https://www.nhk.jp/g/ts/P52L88MYXY/blog/bl/pwWYoeNnb2/bp/pXM5zLrAqX/\"},{\"name\":\"🐒第7回「決死の築城作戦」まとめ\",\"url\":\"https://www.nhk.jp/g/ts/P52L88MYXY/blog/bl/pdRPMxDlrQ/bp/prae8a60Or/\"},{\"name\":\"📺関連番組はこちら（NHK ONE 「豊臣兄弟！」 プレイリスト）\",\"url\":\"https://www.web.nhk/tv/pl/editorial-tep-4MBMYEIJTX\"},{\"name\":\"📺NHKオンデマンド（7）配信中！\",\"url\":\"https://www.nhk-ondemand.jp/goods/G2026154434SA000/\"}],\"sameAs\":[],\"correction\":[],\"url\":\"https://api-local.ss.org.nhk/r8/t/tvepisode/te/9YN1977VG1.json\",\"canonical\":\"https://www.web.nhk/tv/an/toyotomi-kyodai/pl/series-tep-P52L88MYXY/ep/9YN1977VG1\",\"associatedMedia\":[],\"hasPart\":[],\"additionalProperty\":{\"episodeMergeStatus\":\"notMerged\"}},\"link\":{\"href\":\"https://www.web.nhk/tv/an/toyotomi-kyodai/pl/series-tep-P52L88MYXY/ep/9YN1977VG1\"}}]\n"])</script><script>self.__next_f.push([1,"46:[\"$\",\"$L2a\",\"2KVJ881ZPQ\",{\"content\":{\"type\":\"TVEpisode\",\"id\":\"2KVJ881ZPQ\",\"name\":\"(6)兄弟の絆(きずな)\",\"detailedEpisodeNameRuby\":\"\",\"identifierGroup\":{\"tvEpisodeId\":\"2KVJ881ZPQ\",\"tvSeriesId\":\"P52L88MYXY\",\"tvEpisodeName\":\"(6)兄弟の絆(きずな)\",\"tvSeriesName\":\"大河ドラマ「豊臣兄弟！」\",\"hashtag\":[],\"siteId\":\"8969\",\"serviceId\":[\"g1\",\"g2\",\"s1\",\"s5\"],\"aliasId\":\"toyotomi-kyodai\",\"formatGenreTag\":[{\"id\":\"03\",\"name\":\"ドラマ\"}],\"themeGenreTag\":[{\"id\":\"031\",\"name\":\"国内ドラマ\"},{\"id\":\"033\",\"name\":\"時代劇\"},{\"id\":\"030\",\"name\":\"ドラマ全般\"}]},\"keyword\":[],\"description\":\"大沢（松尾諭）に信長（小栗旬）の暗殺を企てたという疑いがかかった。小一郎（仲野太賀）の機転で、その場での手打ちは免れるが、このままでは鵜沼城に残った藤吉郎（池松壮亮）の命が危ない。翌日までに大沢の無実を証明することになった小一郎は、調査に奔走しつつ、市（宮﨑あおい）に信長への口添えを頼む。だが市はそれを断り、信長のある過去を語って聞かせる。翌日、手詰まりの小一郎は信長の前で驚きの行動に出る。\",\"dateCreated\":\"2025-12-22T18:40:52+09:00\",\"dateModified\":\"2026-02-24T11:08:55+09:00\",\"actor\":[{\"person\":{\"identifierGroup\":{\"npgId\":\"29D4D7A7-E3F2-4E1F-94CA-046080070DC0\",\"wikidataId\":\"Q11444506\"},\"roleName\":\"Actor\",\"displayRoleName\":\"俳優\",\"name\":\"仲野 太賀\",\"detailedNameRuby\":\"なかの たいが\",\"familyName\":\"仲野\",\"givenName\":\"太賀\",\"detailedFamilyNameRuby\":\"なかの\",\"detailedGivenNameRuby\":\"たいが\",\"detailedNameDescription\":\"\",\"honorificSuffix\":\"\",\"jobTitle\":[],\"memberOf\":[],\"image\":{\"main\":{\"url\":\"https://img.web.nhk/static/assets/images/tvseries/ts/P52L88MYXY/P52L88MYXY-person_bba932486e9715f0c88077bac28a03a5.png\",\"width\":1080,\"height\":1080},\"medium\":{\"url\":\"https://img.web.nhk/static/assets/images/tvseries/ts/P52L88MYXY/P52L88MYXY-person_96550216303231facd956bb116caa614.png\",\"width\":640,\"height\":640},\"small\":{\"url\":\"https://imgu.web.nhk/static/assets/images/tvseries/ts/P52L88MYXY/P52L88MYXY-person_20ad70eaeb107b8f431c2d470fdfdeb2.png\",\"width\":200,\"height\":200}},\"characterName\":\"小一郎（豊臣秀長）\",\"detailedCharacterNameRuby\":\"こいちろう（とよとみ ひでなが）\",\"description\":\"天下人・豊臣秀吉の弟\\n登場時の名は小一郎。兄の天下取りをいちずに支え続けた「天下一の補佐役」といわれている。\",\"detailedWork\":[],\"hasOccupation\":[]}},{\"person\":{\"identifierGroup\":{\"npgId\":\"D690F0C8-05B8-4A71-9A1E-13B8A756E70D\",\"wikidataId\":\"Q1058963\"},\"roleName\":\"Actor\",\"displayRoleName\":\"俳優\",\"name\":\"池松 壮亮\",\"detailedNameRuby\":\"いけまつ そうすけ\",\"familyName\":\"池松\",\"givenName\":\"壮亮\",\"detailedFamilyNameRuby\":\"いけまつ\",\"detailedGivenNameRuby\":\"そうすけ\",\"detailedNameDescription\":\"\",\"honorificSuffix\":\"\",\"jobTitle\":[],\"memberOf\":[],\"image\":{\"main\":{\"url\":\"https://img.web.nhk/static/assets/images/tvseries/ts/P52L88MYXY/P52L88MYXY-person_92f02688b9bd99a554065cd296d2952f.png\",\"width\":1080,\"height\":1080},\"medium\":{\"url\":\"https://img.web.nhk/static/assets/images/tvseries/ts/P52L88MYXY/P52L88MYXY-person_cb1f34b797811ceac6d68d9b83e9b8f7.png\",\"width\":640,\"height\":640},\"small\":{\"url\":\"https://imgu.web.nhk/static/assets/images/tvseries/ts/P52L88MYXY/P52L88MYXY-person_87292aa7be724fb75464ac6a068a68fd.png\",\"width\":200,\"height\":200}},\"characterName\":\"藤吉郎（豊臣秀吉）\",\"detailedCharacterNameRuby\":\"とうきちろう（とよとみ ひでよし）\",\"description\":\"小一郎を乱世に巻き込んだ野心家の兄\\n小一郎の３歳年上の兄。登場時の名は藤吉郎。尾張中村の貧しい農家で生まれ育ったが、主君である戦国武将・織田信長のもとでメキメキと頭角をあらわし、ついには天下統一を果たす。\",\"detailedWork\":[],\"hasOccupation\":[]}},{\"person\":{\"identifierGroup\":{\"npgId\":\"04E1F915-FCA1-441E-B5E2-5D60F7FE75D6\",\"wikidataId\":\"Q11284289\"},\"roleName\":\"Actor\",\"displayRoleName\":\"俳優\",\"name\":\"浜辺 美波\",\"detailedNameRuby\":\"はまべ みなみ\",\"familyName\":\"浜辺\",\"givenName\":\"美波\",\"detailedFamilyNameRuby\":\"はまべ\",\"detailedGivenNameRuby\":\"みなみ\",\"detailedNameDescription\":\"\",\"honorificSuffix\":\"\",\"jobTitle\":[],\"memberOf\":[],\"image\":{\"main\":{\"url\":\"https://img.web.nhk/static/assets/images/tvseries/ts/P52L88MYXY/P52L88MYXY-person_18cf0bd1c6f206300d5597fce517f5f8.png\",\"width\":1080,\"height\":1080},\"medium\":{\"url\":\"https://img.web.nhk/static/assets/images/tvseries/ts/P52L88MYXY/P52L88MYXY-person_edbfc099c50a27959c381da20788db7c.png\",\"width\":640,\"height\":640},\"small\":{\"url\":\"https://imgu.web.nhk/static/assets/images/tvseries/ts/P52L88MYXY/P52L88MYXY-person_0f5f7e395d69946dd7f47e133e89c342.png\",\"width\":200,\"height\":200}},\"characterName\":\"寧々\",\"detailedCharacterNameRuby\":\"ねね\",\"description\":\"夫の秀吉とともに天下人への階段を昇りつめる\\n豊臣秀吉の正妻。秀吉が関白に就任したのちは北政所（きたのまんどころ）と称される。\\n負けず嫌いの性格で、夫の秀吉とともに出世街道を駆け抜ける。\\nやがて庶民の娘から“戦国のファーストレディ”へと昇りつめる。\",\"detailedWork\":[],\"hasOccupation\":[]}},{\"person\":{\"identifierGroup\":{\"npgId\":\"00110902-AE66-45F8-B48D-E45DBA3F0CA8\",\"wikidataId\":\"Q48758750\"},\"roleName\":\"Actor\",\"displayRoleName\":\"俳優\",\"name\":\"白石 聖\",\"detailedNameRuby\":\"しらいし せい\",\"familyName\":\"白石\",\"givenName\":\"聖\",\"detailedFamilyNameRuby\":\"しらいし\",\"detailedGivenNameRuby\":\"せい\",\"detailedNameDescription\":\"\",\"honorificSuffix\":\"\",\"jobTitle\":[],\"memberOf\":[],\"image\":{\"main\":{\"url\":\"https://img.web.nhk/static/assets/images/tvseries/ts/P52L88MYXY/P52L88MYXY-person_0fe4352bc0ad486cf90ca333d73f6914.png\",\"width\":1080,\"height\":1080},\"medium\":{\"url\":\"https://img.web.nhk/static/assets/images/tvseries/ts/P52L88MYXY/P52L88MYXY-person_20e3755feba331ef7b91101e09b2a1a1.png\",\"width\":640,\"height\":640},\"small\":{\"url\":\"https://imgu.web.nhk/static/assets/images/tvseries/ts/P52L88MYXY/P52L88MYXY-person_a970a9a9542b4d85fbc1027e68068415.png\",\"width\":200,\"height\":200}},\"characterName\":\"直\",\"detailedCharacterNameRuby\":\"なお\",\"description\":\"小一郎の幼なじみ“初恋のひと”\\n小一郎と藤吉郎の故郷である尾張中村の土豪の娘。小一郎と同い年の幼なじみ。男勝りな性格だが、小一郎のことをひそかに慕っている。乱世に翻弄される悲劇のヒロイン。\",\"detailedWork\":[],\"hasOccupation\":[]}},{\"person\":{\"identifierGroup\":{\"npgId\":\"66D5AA5D-8A64-4B6A-ABB7-5292F551EB64\",\"wikidataId\":\"Q456644\"},\"roleName\":\"Actor\",\"displayRoleName\":\"俳優\",\"name\":\"坂井 真紀\",\"detailedNameRuby\":\"さかい まき\",\"familyName\":\"坂井\",\"givenName\":\"真紀\",\"detailedFamilyNameRuby\":\"さかい\",\"detailedGivenNameRuby\":\"まき\",\"detailedNameDescription\":\"\",\"honorificSuffix\":\"\",\"jobTitle\":[],\"memberOf\":[],\"image\":{\"main\":{\"url\":\"https://img.web.nhk/static/assets/images/tvseries/ts/P52L88MYXY/P52L88MYXY-person_be82055d1422408d4df158e98f8e70e9.png\",\"width\":1080,\"height\":1080},\"medium\":{\"url\":\"https://img.web.nhk/static/assets/images/tvseries/ts/P52L88MYXY/P52L88MYXY-person_297fac5c0abd7f590defc6551b0785b1.png\",\"width\":640,\"height\":640},\"small\":{\"url\":\"https://imgu.web.nhk/static/assets/images/tvseries/ts/P52L88MYXY/P52L88MYXY-person_e602af3899bd45ae871f300d77aeb2ae.png\",\"width\":200,\"height\":200}},\"characterName\":\"なか\",\"detailedCharacterNameRuby\":\"\",\"description\":\"息子たちの出世を温かく見守る母\\n豊臣兄弟の母。夫を早くに亡くし、女手一つで二男二女を育てる。息子たちの異例の出世に喜びやとまどいを感じながらも温かく見守り、天下人となった秀吉が関白に就任すると「大政所（おおまんどころ）」と称されるようになる。\",\"detailedWork\":[],\"hasOccupation\":[]}},{\"person\":{\"identifierGroup\":{\"npgId\":\"6ABEEFA2-19A4-43EA-925F-33D149C78049\",\"wikidataId\":\"Q1134063\"},\"roleName\":\"Actor\",\"displayRoleName\":\"俳優\",\"name\":\"大東 駿介\",\"detailedNameRuby\":\"だいとう しゅんすけ\",\"familyName\":\"大東\",\"givenName\":\"駿介\",\"detailedFamilyNameRuby\":\"だいとう\",\"detailedGivenNameRuby\":\"しゅんすけ\",\"detailedNameDescription\":\"\",\"honorificSuffix\":\"\",\"jobTitle\":[],\"memberOf\":[],\"image\":{\"main\":{\"url\":\"https://img.web.nhk/static/assets/images/tvseries/ts/P52L88MYXY/P52L88MYXY-person_42b3713df389b68e262cba1c027bdd2e.png\",\"width\":1080,\"height\":1080},\"medium\":{\"url\":\"https://img.web.nhk/static/assets/images/tvseries/ts/P52L88MYXY/P52L88MYXY-person_d9f3ba7a1e23be5e48fa46753c5e93e2.png\",\"width\":640,\"height\":640},\"small\":{\"url\":\"https://imgu.web.nhk/static/assets/images/tvseries/ts/P52L88MYXY/P52L88MYXY-person_208aeb567f2eb538f20be52b6e3d7019.png\",\"width\":200,\"height\":200}},\"characterName\":\"前田利家\",\"detailedCharacterNameRuby\":\"まえだ としいえ\",\"description\":\"秀吉の生涯の友であり出世争いのライバル\\n血気盛んで派手好きな「かぶき者」だが、槍（やり）の名手として数々の武功をあげ、秀吉と同世代の良きライバルとして出世争いを繰り広げる。やがて柴田勝家の与力として北陸方面軍の一翼を担うが、信長亡きあと勝家と秀吉が対立することになる。のちに五大老の一人として豊臣政権を支え、加賀百万石と称される加賀藩の礎を築く。\",\"detailedWork\":[],\"hasOccupation\":[]}},{\"person\":{\"identifierGroup\":{\"npgId\":\"B51D0BFB-D8F3-44E3-A5D6-FBCE1B54AE30\",\"wikidataId\":\"Q11529701\"},\"roleName\":\"Actor\",\"displayRoleName\":\"俳優\",\"name\":\"松尾 諭\",\"detailedNameRuby\":\"まつお さとる\",\"familyName\":\"松尾\",\"givenName\":\"諭\",\"detailedFamilyNameRuby\":\"まつお\",\"detailedGivenNameRuby\":\"さとる\",\"detailedNameDescription\":\"\",\"honorificSuffix\":\"\",\"jobTitle\":[],\"memberOf\":[],\"image\":{\"main\":{\"url\":\"https://img.web.nhk/static/assets/images/tvseries/ts/P52L88MYXY/P52L88MYXY-person_9dce003847eaf03a94f38327a3af13b7.png\",\"width\":1080,\"height\":1080},\"medium\":{\"url\":\"https://img.web.nhk/static/assets/images/tvseries/ts/P52L88MYXY/P52L88MYXY-person_2dfc1a8e34c885397022fce7618ff935.png\",\"width\":640,\"height\":640},\"small\":{\"url\":\"https://imgu.web.nhk/static/assets/images/tvseries/ts/P52L88MYXY/P52L88MYXY-person_d9851c77b75e12a997a8f4ef37c016d6.png\",\"width\":200,\"height\":200}},\"characterName\":\"大沢次郎左衛門\",\"detailedCharacterNameRuby\":\"おおさわ じろうざえもん\",\"description\":\"美濃の要衝・鵜沼城の城主\\n小一郎たちから、織田方に寝返らないかと調略を受ける。礫（つぶて）打ちの名人。\",\"detailedWork\":[],\"hasOccupation\":[]}},{\"person\":{\"identifierGroup\":{\"npgId\":\"33A709F5-6B0B-4AC2-A757-3EE61BAEAA68\",\"wikidataId\":\"Q11467539\"},\"roleName\":\"Actor\",\"displayRoleName\":\"俳優\",\"name\":\"山口 馬木也\",\"detailedNameRuby\":\"やまぐち まきや\",\"familyName\":\"山口\",\"givenName\":\"馬木也\",\"detailedFamilyNameRuby\":\"やまぐち\",\"detailedGivenNameRuby\":\"まきや\",\"detailedNameDescription\":\"\",\"honorificSuffix\":\"\",\"jobTitle\":[],\"memberOf\":[],\"image\":{\"main\":{\"url\":\"https://img.web.nhk/static/assets/images/tvseries/ts/P52L88MYXY/P52L88MYXY-person_15931ec1d4d47a797b3f63471e4f8cb1.png\",\"width\":1080,\"height\":1080},\"medium\":{\"url\":\"https://img.web.nhk/static/assets/images/tvseries/ts/P52L88MYXY/P52L88MYXY-person_79787545c1c002b53053bdf991bc18bd.png\",\"width\":640,\"height\":640},\"small\":{\"url\":\"https://imgu.web.nhk/static/assets/images/tvseries/ts/P52L88MYXY/P52L88MYXY-person_87776243a43926e281a519ccc036edd0.png\",\"width\":200,\"height\":200}},\"characterName\":\"柴田勝家\",\"detailedCharacterNameRuby\":\"しばた かついえ\",\"description\":\"兄弟の前に立ちはだかる大きな壁\\n織田信長の重臣の一人。勇猛果敢な戦上手で「鬼柴田」の異名で恐れられた。足軽時代の小一郎と藤吉郎にとっては怖くて苦手な存在。やがて二人が出世を果たすとあからさまに毛嫌いするようになる。信長亡きあとの「清須会議」では後継者争いを繰り広げ、やがて「賤ケ岳の戦い」で兄弟と激突することになる。\",\"detailedWork\":[],\"hasOccupation\":[]}},{\"person\":{\"identifierGroup\":{\"npgId\":\"DF67D531-44A9-491B-8A45-E373107544BA\",\"wikidataId\":\"Q253873\"},\"roleName\":\"Actor\",\"displayRoleName\":\"俳優\",\"name\":\"宮﨑 あおい\",\"detailedNameRuby\":\"みやざき あおい\",\"familyName\":\"宮﨑\",\"givenName\":\"あおい\",\"detailedFamilyNameRuby\":\"みやざき\",\"detailedGivenNameRuby\":\"あおい\",\"detailedNameDescription\":\"\",\"honorificSuffix\":\"\",\"jobTitle\":[],\"memberOf\":[],\"image\":{\"main\":{\"url\":\"https://img.web.nhk/static/assets/images/tvseries/ts/P52L88MYXY/P52L88MYXY-person_c10ea05d98950386bb1e035c703385fb.png\",\"width\":1080,\"height\":1080},\"medium\":{\"url\":\"https://img.web.nhk/static/assets/images/tvseries/ts/P52L88MYXY/P52L88MYXY-person_863cae13c5e3efd46d2bcb715a68650a.png\",\"width\":640,\"height\":640},\"small\":{\"url\":\"https://imgu.web.nhk/static/assets/images/tvseries/ts/P52L88MYXY/P52L88MYXY-person_9c29c4086e33985389330e70402d42d9.png\",\"width\":200,\"height\":200}},\"characterName\":\"市\",\"detailedCharacterNameRuby\":\"いち\",\"description\":\"波乱の生涯を歩む戦国ヒロイン\\n織田信長の妹。乱世に翻弄され悲劇的な一生を送るが、兄・信長と織田家のため波乱万丈な生涯を毅然（きぜん）として生き抜いた戦国ヒロインのひとり。信長と同盟を結ぶ近江の浅井長政に嫁ぎ、茶々・初・江の三姉妹を生み育てるが、のちに兄と夫が対立することになる。\",\"detailedWork\":[],\"hasOccupation\":[]}},{\"person\":{\"identifierGroup\":{\"npgId\":\"F8A68291-926B-4D78-92E8-DA8D8B46ABAF\",\"wikidataId\":\"Q457825\"},\"roleName\":\"Actor\",\"displayRoleName\":\"俳優\",\"name\":\"小栗 旬\",\"detailedNameRuby\":\"おぐり しゅん\",\"familyName\":\"小栗\",\"givenName\":\"旬\",\"detailedFamilyNameRuby\":\"おぐり\",\"detailedGivenNameRuby\":\"しゅん\",\"detailedNameDescription\":\"\",\"honorificSuffix\":\"\",\"jobTitle\":[],\"memberOf\":[],\"image\":{\"main\":{\"url\":\"https://img.web.nhk/static/assets/images/tvseries/ts/P52L88MYXY/P52L88MYXY-person_67abfcde9f1ca7f00a22417945168442.png\",\"width\":1080,\"height\":1080},\"medium\":{\"url\":\"https://img.web.nhk/static/assets/images/tvseries/ts/P52L88MYXY/P52L88MYXY-person_0a1e60b5d188f3db10e7dd344d64d75f.png\",\"width\":640,\"height\":640},\"small\":{\"url\":\"https://imgu.web.nhk/static/assets/images/tvseries/ts/P52L88MYXY/P52L88MYXY-person_78b15fdd0397ff4e3ccaf14cd51bac26.png\",\"width\":200,\"height\":200}},\"characterName\":\"織田信長\",\"detailedCharacterNameRuby\":\"おだ のぶなが\",\"description\":\"天下一統を狙う孤高のカリスマ\\n大胆で革新的な戦略と非凡なリーダーシップにより領土を拡大し、「天下布武」のスローガンのもと天下一統を目指したカリスマ的武将。立身出世を目指す小一郎（のちの秀長）と藤吉郎（のちの秀吉）兄弟にとって絶対的な主君である。当主争いで対立した弟を自らの手で殺害したという苦い過去を持っている。\",\"detailedWork\":[],\"hasOccupation\":[]}}],\"contributor\":[],\"partOfSeries\":{\"id\":\"P52L88MYXY\",\"name\":\"大河ドラマ「豊臣兄弟！」\",\"detailedSeriesNameRuby\":\"とよとみきょうだい\",\"identifierGroup\":{\"tvSeriesId\":\"P52L88MYXY\",\"tvSeriesPlaylistId\":\"series-tep-P52L88MYXY\",\"tvSeriesUId\":\"p0defc81f-a07b-55e0-b9a6-c7f75720f416\",\"tvSeriesName\":\"大河ドラマ「豊臣兄弟！」\",\"hashtag\":[],\"siteId\":\"8969\",\"serviceId\":[\"g1\",\"g2\",\"s1\",\"s2\",\"s5\"],\"aliasId\":\"toyotomi-kyodai\",\"formatGenre\":[{\"id\":\"03\",\"name\":\"ドラマ\"}],\"nod\":{\"id\":\"P202500491700000\",\"url\":\"https://www.nhk-ondemand.jp/program/P202500491700000/\"}},\"keyword\":[\"NHK\",\"大河ドラマ\",\"豊臣兄弟！\",\"戦国時代\",\"豊臣秀長\",\"豊臣秀吉\",\"八津弘幸\",\"仲野太賀\",\"池松壮亮\",\"吉岡里帆\",\"浜辺美波\",\"白石聖\",\"坂井真紀\",\"宮澤エマ\",\"大東駿介\",\"松下洸平\",\"山口馬木也\",\"宮﨑あおい\",\"小栗旬\"],\"detailedSynonym\":[],\"sameAs\":[{\"name\":\"▶︎公式Instagram アカウント\",\"url\":\"https://www.instagram.com/nhk_toyotomi/\"},{\"name\":\"▶︎公式X（旧Twitter）アカウント\",\"url\":\"https://x.com/nhk_toyotomi\"},{\"name\":\"▶︎NHK公式YouTube「豊臣兄弟！」プレイリスト\",\"url\":\"https://www.youtube.com/playlist?list=PLcynJ47QaWNvaqX7QpxWQbRs1tHrRHgnb\"}],\"canonical\":\"https://www.web.nhk/tv/an/toyotomi-kyodai/pl/series-tep-P52L88MYXY\",\"description\":\"【NHK公式】大河ドラマ「豊臣兄弟！」\\n\\n大河ドラマ第65作で描くのは、戦国時代のど真ん中!!\\n強い絆で天下統一という偉業を成し遂げた豊臣兄弟の奇跡──\\n夢と希望の下剋上（げこくじょう）サクセスストーリーです！\\n\\n主人公は天下人の弟・豊臣秀長（とよとみ・ひでなが）\\n歴史にif（もしも）はないものの…\\n\\n『秀長が長生きしていれば豊臣家の天下は安泰だった』\\n\\nとまでいわしめた天下一の補佐役・秀長の目線で戦国時代をダイナミックに描く波乱万丈のエンターテインメント！\\n\\n【放送予定】\\n2026年1月4日（日）スタート ※初回15分拡大版\\n\\n【作】八津弘幸\\n【音楽】木村秀彬\\n【語り】安藤サクラ\\n【出演】仲野太賀、池松壮亮、吉岡里帆、浜辺美波、白石 聖、坂井真紀、宮澤エマ、菅田将暉、大東駿介、松下洸平、山口馬木也、宮﨑あおい、小栗 旬　ほか\\n【時代考証】黒田基樹、柴 裕之\\n【制作統括】松川博敬、堀内裕介\\n【プロデューサー】高橋優香子、舟橋哲男、吉岡和彦（展開・プロモーション）、国友 茜（広報）\\n【演出】渡邊良雄、渡辺哲也、田中 正\",\"detailedCatch\":\"熱い兄弟が夢と希望を胸に突っ走る奇跡の下剋上サクセスストーリー！\",\"logo\":{\"main\":{\"url\":\"https://imgu.web.nhk/static/assets/images/tvseries/ts/P52L88MYXY/P52L88MYXY-logo_c64ecc100161d9ce85c8aa953bc73ae1.jpg\",\"width\":1080,\"height\":1080},\"medium\":{\"url\":\"https://imgu.web.nhk/static/assets/images/tvseries/ts/P52L88MYXY/P52L88MYXY-logo_64a636dd72417d3cf661cb2f6808c33a.jpg\",\"width\":640,\"height\":640},\"small\":{\"url\":\"https://imgu.web.nhk/static/assets/images/tvseries/ts/P52L88MYXY/P52L88MYXY-logo_b696c913daeb18f3a663376fa0ec438b.jpg\",\"width\":200,\"height\":200}},\"eyecatch\":{\"large\":{\"url\":\"https://imgu.web.nhk/static/assets/images/tvseries/ts/P52L88MYXY/P52L88MYXY-eyecatch_a738f4a4bd6c933e48839aa43eb14379.jpg\",\"width\":3840,\"height\":2160},\"main\":{\"url\":\"https://imgu.web.nhk/static/assets/images/tvseries/ts/P52L88MYXY/P52L88MYXY-eyecatch_db018d96e8b0a9b57d8a66adf2895c55.jpg\",\"width\":1920,\"height\":1080},\"medium\":{\"url\":\"https://imgu.web.nhk/static/assets/images/tvseries/ts/P52L88MYXY/P52L88MYXY-eyecatch_80f2d9833ddbcdd1daf27c8a5568f526.jpg\",\"width\":1280,\"height\":720},\"small\":{\"url\":\"https://imgu.web.nhk/static/assets/images/tvseries/ts/P52L88MYXY/P52L88MYXY-eyecatch_b70d310c60625c1e0709f4048f70c0b1.jpg\",\"width\":640,\"height\":360}},\"hero\":{\"main\":{\"url\":\"https://imgu.web.nhk/static/assets/images/tvseries/ts/P52L88MYXY/P52L88MYXY-hero_742f045f3b953f612d1de63511984416.jpg\",\"width\":1920,\"height\":640},\"medium\":{\"url\":\"https://imgu.web.nhk/static/assets/images/tvseries/ts/P52L88MYXY/P52L88MYXY-hero_279368f784327dddc794c1896a388d4e.jpg\",\"width\":1080,\"height\":360}},\"style\":{\"textLight\":\"#000000\",\"textDark\":\"#FFFFFF\",\"linkLight\":\"#005AFF\",\"linkDark\":\"#4788FF\",\"primaryLight\":\"#005AFF\",\"primaryDark\":\"#0B61FF\"},\"additionalProperty\":{\"publishLevel\":\"full\",\"layoutPattern\":\"summary\",\"episodeOrderBy\":\"releasedEvent\",\"availableOnPlus\":false,\"enableVariablePlayBackSpeedControl\":false,\"optional\":[],\"seriesPackStatus\":\"notPacked\",\"supportMedia\":[\"@screen\"],\"supportMusicList\":true,\"supportPlusEmbed\":true,\"enableWebContent\":false},\"url\":\"https://api-local.ss.org.nhk/r8/t/nplaylist/pl/series-tep-P52L88MYXY.json\",\"itemUrl\":\"https://api-local.ss.org.nhk/r8/l/tvepisode/pl/series-tep-P52L88MYXY.json\"},\"releasedEvent\":{\"id\":\"g1-130-2026021500380\",\"startDate\":\"2026-02-15T20:00:00+09:00\",\"displayStartDate\":\"2026-02-15T20:00:00+09:00\",\"endDate\":\"2026-02-15T20:45:00+09:00\",\"publishedOn\":{\"type\":\"BroadcastService\",\"id\":\"bs-g1-130\",\"name\":\"NHK総合テレビジョン\",\"url\":\"https://api-local.ss.org.nhk/r8/t/broadcastservice/bs/g1-130.json\",\"broadcastDisplayName\":\"NHK総合・東京\",\"videoFormat\":[\"2K\"],\"encodingFormat\":[\"video/X-arib-mpeg2\",\"audio/X-arib-mpeg2-aac\"],\"identifierGroup\":{\"serviceId\":\"g1\",\"serviceName\":\"NHK総合1\",\"areaId\":\"130\",\"areaName\":\"東京\",\"channelId\":\"011\",\"channelKey\":\"1\",\"channelAreaName\":\"東京\",\"channelStationName\":\"首都圏\",\"shortenedName\":\"NHK総合1\",\"shortenedDisplayName\":\"総合\",\"multiChannelDisplayName\":\"総合\"},\"logo\":{\"url\":\"https://imgu.web.nhk/common/broadcastservice/bs/g1/g1-logo.svg\",\"main\":{\"url\":\"https://imgu.web.nhk/common/broadcastservice/bs/g1/g1-logo_1080x1080.png\",\"width\":1080,\"height\":1080},\"medium\":{\"url\":\"https://imgu.web.nhk/common/broadcastservice/bs/g1/g1-logo_640x640.png\",\"width\":640,\"height\":640},\"small\":{\"url\":\"https://imgu.web.nhk/common/broadcastservice/bs/g1/g1-logo_200x200.png\",\"width\":200,\"height\":200}},\"eyecatch\":{\"url\":\"https://imgu.web.nhk/common/broadcastservice/bs/g1/g1-eyecatch.svg\",\"large\":{\"url\":\"https://imgu.web.nhk/common/broadcastservice/bs/g1/g1-eyecatch_3840x2160.png\",\"width\":3840,\"height\":2160},\"main\":{\"url\":\"https://imgu.web.nhk/common/broadcastservice/bs/g1/g1-eyecatch_1920x1080.png\",\"width\":1920,\"height\":1080},\"medium\":{\"url\":\"https://imgu.web.nhk/common/broadcastservice/bs/g1/g1-eyecatch_1280x720.png\",\"width\":1280,\"height\":720},\"small\":{\"url\":\"https://imgu.web.nhk/common/broadcastservice/bs/g1/g1-eyecatch_640x360.png\",\"width\":640,\"height\":360}},\"hero\":{\"url\":\"https://imgu.web.nhk/common/broadcastservice/bs/g1/g1-hero.svg\",\"main\":{\"url\":\"https://imgu.web.nhk/common/broadcastservice/bs/g1/g1-hero_1920x640.png\",\"width\":1920,\"height\":640},\"medium\":{\"url\":\"https://imgu.web.nhk/common/broadcastservice/bs/g1/g1-hero_1080x360.png\",\"width\":1080,\"height\":360}},\"badge9x4\":{\"url\":\"https://imgu.web.nhk/common/broadcastservice/bs/g1/g1-badge9x4.svg\",\"main\":{\"url\":\"https://imgu.web.nhk/common/broadcastservice/bs/g1/g1-badge9x4_360x160.png\",\"width\":360,\"height\":160},\"small\":{\"url\":\"https://imgu.web.nhk/common/broadcastservice/bs/g1/g1-badge9x4_180x80.png\",\"width\":180,\"height\":80}}}},\"detailedRecentEvent\":{\"id\":\"g1-130-2026021500380\",\"startDate\":\"2026-02-15T20:00:00+09:00\",\"endDate\":\"2026-02-15T20:45:00+09:00\",\"identifierGroup\":{\"broadcastEventId\":\"g1-130-2026021500380\",\"serviceId\":\"g1\",\"areaId\":\"130\",\"stationId\":\"001\",\"date\":\"2026-02-15\",\"eventId\":\"00380\",\"genre\":[{\"id\":\"0300\",\"name1\":\"ドラマ\",\"name2\":\"国内ドラマ\"},{\"id\":\"0302\",\"name1\":\"ドラマ\",\"name2\":\"時代劇\"},{\"id\":\"0315\",\"name1\":\"ドラマ\",\"name2\":\"その他\"}],\"onid\":\"7fe0\",\"sid\":\"0400\",\"tsid\":\"7fe0\"},\"misc\":{\"displayVideoMode\":\"none\",\"displayVideoRange\":\"sdr\",\"displayAudioMode\":[\"kaisetsu\"],\"audioMode\":[\"stereoKaisetsu\"],\"supportCaption\":true,\"supportSign\":false,\"supportHybridcast\":false,\"supportDataBroadcast\":false,\"isInteractive\":false,\"isChangeable\":false,\"releaseLevel\":\"prime\",\"programType\":\"program\",\"coverage\":\"nationwide\",\"actList\":[{\"role\":\"出演\",\"name\":\"仲野太賀\",\"nameRuby\":\"ﾅｶﾉﾀｲｶﾞ\"},{\"role\":\"出演\",\"name\":\"池松壮亮\",\"nameRuby\":\"ｲｹﾏﾂｿｳｽｹ\"},{\"role\":\"出演\",\"name\":\"浜辺美波\",\"nameRuby\":\"ﾊﾏﾍﾞﾐﾅﾐ\"},{\"role\":\"出演\",\"name\":\"白石聖\",\"nameRuby\":\"ｼﾗｲｼｾｲ\"},{\"role\":\"出演\",\"name\":\"坂井真紀\",\"nameRuby\":\"ｻｶｲﾏｷ\"},{\"role\":\"出演\",\"name\":\"宮澤エマ\",\"nameRuby\":\"ﾐﾔｻﾞﾜｴﾏ\"},{\"role\":\"出演\",\"name\":\"上川周作\",\"nameRuby\":\"ｶﾐｶﾜｼｭｳｻｸ\"},{\"role\":\"出演\",\"name\":\"前原瑞樹\",\"nameRuby\":\"ﾏｴﾊﾗﾐｽﾞｷ\"},{\"role\":\"出演\",\"name\":\"白洲迅\",\"nameRuby\":\"ｼﾗｽｼﾞﾝ\"},{\"role\":\"出演\",\"name\":\"猪塚健太\",\"nameRuby\":\"ｲﾂﾞｶｹﾝﾀ\"},{\"role\":\"出演\",\"name\":\"菅井友香\",\"nameRuby\":\"ｽｶﾞｲﾕｳｶ\"},{\"role\":\"出演\",\"name\":\"杉田雷麟\",\"nameRuby\":\"ｽｷﾞﾀﾗｲﾙ\"},{\"role\":\"出演\",\"name\":\"中沢元紀\",\"nameRuby\":\"ﾅｶｻﾞﾜﾓﾄｷ\"},{\"role\":\"出演\",\"name\":\"大東駿介\",\"nameRuby\":\"ﾀﾞｲﾄｳｼｭﾝｽｹ\"},{\"role\":\"出演\",\"name\":\"松尾諭\",\"nameRuby\":\"ﾏﾂｵｻﾄﾙ\"},{\"role\":\"出演\",\"name\":\"映美くらら\",\"nameRuby\":\"ｴﾐｸﾗﾗ\"},{\"role\":\"出演\",\"name\":\"山口馬木也\",\"nameRuby\":\"ﾔﾏｸﾞﾁﾏｷﾔ\"},{\"role\":\"出演\",\"name\":\"宮﨑あおい\",\"nameRuby\":\"ﾐﾔｻﾞｷｱｵｲ\"},{\"role\":\"出演\",\"name\":\"小栗旬\",\"nameRuby\":\"ｵｸﾞﾘｼｭﾝ\"},{\"role\":\"語り\",\"name\":\"安藤サクラ\",\"nameRuby\":\"ｱﾝﾄﾞｳｻｸﾗ\"},{\"role\":\"作\",\"name\":\"八津弘幸\",\"nameRuby\":\"ﾔﾂﾋﾛﾕｷ\"},{\"role\":\"音楽\",\"name\":\"木村秀彬\",\"nameRuby\":\"ｷﾑﾗﾋﾃﾞｱｷﾗ\"}],\"musicList\":[]},\"publishedOn\":{\"type\":\"BroadcastService\",\"id\":\"bs-g1-130\",\"name\":\"NHK総合テレビジョン\",\"url\":\"https://api-local.ss.org.nhk/r8/t/broadcastservice/bs/g1-130.json\",\"broadcastDisplayName\":\"NHK総合・東京\",\"videoFormat\":[\"2K\"],\"encodingFormat\":[\"video/X-arib-mpeg2\",\"audio/X-arib-mpeg2-aac\"],\"identifierGroup\":{\"serviceId\":\"g1\",\"serviceName\":\"NHK総合1\",\"areaId\":\"130\",\"areaName\":\"東京\",\"channelId\":\"011\",\"channelKey\":\"1\",\"channelAreaName\":\"東京\",\"channelStationName\":\"首都圏\",\"shortenedName\":\"NHK総合1\",\"shortenedDisplayName\":\"総合\",\"multiChannelDisplayName\":\"総合\"},\"logo\":{\"url\":\"https://imgu.web.nhk/common/broadcastservice/bs/g1/g1-logo.svg\",\"main\":{\"url\":\"https://imgu.web.nhk/common/broadcastservice/bs/g1/g1-logo_1080x1080.png\",\"width\":1080,\"height\":1080},\"medium\":{\"url\":\"https://imgu.web.nhk/common/broadcastservice/bs/g1/g1-logo_640x640.png\",\"width\":640,\"height\":640},\"small\":{\"url\":\"https://imgu.web.nhk/common/broadcastservice/bs/g1/g1-logo_200x200.png\",\"width\":200,\"height\":200}},\"eyecatch\":{\"url\":\"https://imgu.web.nhk/common/broadcastservice/bs/g1/g1-eyecatch.svg\",\"large\":{\"url\":\"https://imgu.web.nhk/common/broadcastservice/bs/g1/g1-eyecatch_3840x2160.png\",\"width\":3840,\"height\":2160},\"main\":{\"url\":\"https://imgu.web.nhk/common/broadcastservice/bs/g1/g1-eyecatch_1920x1080.png\",\"width\":1920,\"height\":1080},\"medium\":{\"url\":\"https://imgu.web.nhk/common/broadcastservice/bs/g1/g1-eyecatch_1280x720.png\",\"width\":1280,\"height\":720},\"small\":{\"url\":\"https://imgu.web.nhk/common/broadcastservice/bs/g1/g1-eyecatch_640x360.png\",\"width\":640,\"height\":360}},\"hero\":{\"url\":\"https://imgu.web.nhk/common/broadcastservice/bs/g1/g1-hero.svg\",\"main\":{\"url\":\"https://imgu.web.nhk/common/broadcastservice/bs/g1/g1-hero_1920x640.png\",\"width\":1920,\"height\":640},\"medium\":{\"url\":\"https://imgu.web.nhk/common/broadcastservice/bs/g1/g1-hero_1080x360.png\",\"width\":1080,\"height\":360}},\"badge9x4\":{\"url\":\"https://imgu.web.nhk/common/broadcastservice/bs/g1/g1-badge9x4.svg\",\"main\":{\"url\":\"https://imgu.web.nhk/common/broadcastservice/bs/g1/g1-badge9x4_360x160.png\",\"width\":360,\"height\":160},\"small\":{\"url\":\"https://imgu.web.nhk/common/broadcastservice/bs/g1/g1-badge9x4_180x80.png\",\"width\":180,\"height\":80}}}},\"detailedComingEvent\":{\"id\":\"g1-130-2026022103168\",\"startDate\":\"2026-02-21T13:05:00+09:00\",\"endDate\":\"2026-02-21T13:50:00+09:00\",\"identifierGroup\":{\"broadcastEventId\":\"g1-130-2026022103168\",\"serviceId\":\"g1\",\"areaId\":\"130\",\"stationId\":\"001\",\"date\":\"2026-02-21\",\"eventId\":\"03168\",\"genre\":[{\"id\":\"0300\",\"name1\":\"ドラマ\",\"name2\":\"国内ドラマ\"},{\"id\":\"0302\",\"name1\":\"ドラマ\",\"name2\":\"時代劇\"},{\"id\":\"0315\",\"name1\":\"ドラマ\",\"name2\":\"その他\"}],\"onid\":\"7fe0\",\"sid\":\"0400\",\"tsid\":\"7fe0\"},\"misc\":{\"displayVideoMode\":\"none\",\"displayVideoRange\":\"sdr\",\"displayAudioMode\":[\"kaisetsu\"],\"audioMode\":[\"stereoKaisetsu\"],\"supportCaption\":true,\"supportSign\":false,\"supportHybridcast\":false,\"supportDataBroadcast\":false,\"isInteractive\":false,\"isChangeable\":false,\"releaseLevel\":\"repeat\",\"programType\":\"program\",\"coverage\":\"nationwide\",\"actList\":[{\"role\":\"出演\",\"name\":\"仲野太賀\",\"nameRuby\":\"ﾅｶﾉﾀｲｶﾞ\"},{\"role\":\"出演\",\"name\":\"池松壮亮\",\"nameRuby\":\"ｲｹﾏﾂｿｳｽｹ\"},{\"role\":\"出演\",\"name\":\"浜辺美波\",\"nameRuby\":\"ﾊﾏﾍﾞﾐﾅﾐ\"},{\"role\":\"出演\",\"name\":\"白石聖\",\"nameRuby\":\"ｼﾗｲｼｾｲ\"},{\"role\":\"出演\",\"name\":\"坂井真紀\",\"nameRuby\":\"ｻｶｲﾏｷ\"},{\"role\":\"出演\",\"name\":\"宮澤エマ\",\"nameRuby\":\"ﾐﾔｻﾞﾜｴﾏ\"},{\"role\":\"出演\",\"name\":\"上川周作\",\"nameRuby\":\"ｶﾐｶﾜｼｭｳｻｸ\"},{\"role\":\"出演\",\"name\":\"前原瑞樹\",\"nameRuby\":\"ﾏｴﾊﾗﾐｽﾞｷ\"},{\"role\":\"出演\",\"name\":\"白洲迅\",\"nameRuby\":\"ｼﾗｽｼﾞﾝ\"},{\"role\":\"出演\",\"name\":\"猪塚健太\",\"nameRuby\":\"ｲﾂﾞｶｹﾝﾀ\"},{\"role\":\"出演\",\"name\":\"菅井友香\",\"nameRuby\":\"ｽｶﾞｲﾕｳｶ\"},{\"role\":\"出演\",\"name\":\"杉田雷麟\",\"nameRuby\":\"ｽｷﾞﾀﾗｲﾙ\"},{\"role\":\"出演\",\"name\":\"中沢元紀\",\"nameRuby\":\"ﾅｶｻﾞﾜﾓﾄｷ\"},{\"role\":\"出演\",\"name\":\"大東駿介\",\"nameRuby\":\"ﾀﾞｲﾄｳｼｭﾝｽｹ\"},{\"role\":\"出演\",\"name\":\"松尾諭\",\"nameRuby\":\"ﾏﾂｵｻﾄﾙ\"},{\"role\":\"出演\",\"name\":\"映美くらら\",\"nameRuby\":\"ｴﾐｸﾗﾗ\"},{\"role\":\"出演\",\"name\":\"山口馬木也\",\"nameRuby\":\"ﾔﾏｸﾞﾁﾏｷﾔ\"},{\"role\":\"出演\",\"name\":\"宮﨑あおい\",\"nameRuby\":\"ﾐﾔｻﾞｷｱｵｲ\"},{\"role\":\"出演\",\"name\":\"小栗旬\",\"nameRuby\":\"ｵｸﾞﾘｼｭﾝ\"},{\"role\":\"語り\",\"name\":\"安藤サクラ\",\"nameRuby\":\"ｱﾝﾄﾞｳｻｸﾗ\"},{\"role\":\"作\",\"name\":\"八津弘幸\",\"nameRuby\":\"ﾔﾂﾋﾛﾕｷ\"},{\"role\":\"音楽\",\"name\":\"木村秀彬\",\"nameRuby\":\"ｷﾑﾗﾋﾃﾞｱｷﾗ\"}],\"musicList\":[]},\"publishedOn\":{\"type\":\"BroadcastService\",\"id\":\"bs-g1-130\",\"name\":\"NHK総合テレビジョン\",\"url\":\"https://api-local.ss.org.nhk/r8/t/broadcastservice/bs/g1-130.json\",\"broadcastDisplayName\":\"NHK総合・東京\",\"videoFormat\":[\"2K\"],\"encodingFormat\":[\"video/X-arib-mpeg2\",\"audio/X-arib-mpeg2-aac\"],\"identifierGroup\":{\"serviceId\":\"g1\",\"serviceName\":\"NHK総合1\",\"areaId\":\"130\",\"areaName\":\"東京\",\"channelId\":\"011\",\"channelKey\":\"1\",\"channelAreaName\":\"東京\",\"channelStationName\":\"首都圏\",\"shortenedName\":\"NHK総合1\",\"shortenedDisplayName\":\"総合\",\"multiChannelDisplayName\":\"総合\"},\"logo\":{\"url\":\"https://imgu.web.nhk/common/broadcastservice/bs/g1/g1-logo.svg\",\"main\":{\"url\":\"https://imgu.web.nhk/common/broadcastservice/bs/g1/g1-logo_1080x1080.png\",\"width\":1080,\"height\":1080},\"medium\":{\"url\":\"https://imgu.web.nhk/common/broadcastservice/bs/g1/g1-logo_640x640.png\",\"width\":640,\"height\":640},\"small\":{\"url\":\"https://imgu.web.nhk/common/broadcastservice/bs/g1/g1-logo_200x200.png\",\"width\":200,\"height\":200}},\"eyecatch\":{\"url\":\"https://imgu.web.nhk/common/broadcastservice/bs/g1/g1-eyecatch.svg\",\"large\":{\"url\":\"https://imgu.web.nhk/common/broadcastservice/bs/g1/g1-eyecatch_3840x2160.png\",\"width\":3840,\"height\":2160},\"main\":{\"url\":\"https://imgu.web.nhk/common/broadcastservice/bs/g1/g1-eyecatch_1920x1080.png\",\"width\":1920,\"height\":1080},\"medium\":{\"url\":\"https://imgu.web.nhk/common/broadcastservice/bs/g1/g1-eyecatch_1280x720.png\",\"width\":1280,\"height\":720},\"small\":{\"url\":\"https://imgu.web.nhk/common/broadcastservice/bs/g1/g1-eyecatch_640x360.png\",\"width\":640,\"height\":360}},\"hero\":{\"url\":\"https://imgu.web.nhk/common/broadcastservice/bs/g1/g1-hero.svg\",\"main\":{\"url\":\"https://imgu.web.nhk/common/broadcastservice/bs/g1/g1-hero_1920x640.png\",\"width\":1920,\"height\":640},\"medium\":{\"url\":\"https://imgu.web.nhk/common/broadcastservice/bs/g1/g1-hero_1080x360.png\",\"width\":1080,\"height\":360}},\"badge9x4\":{\"url\":\"https://imgu.web.nhk/common/broadcastservice/bs/g1/g1-badge9x4.svg\",\"main\":{\"url\":\"https://imgu.web.nhk/common/broadcastservice/bs/g1/g1-badge9x4_360x160.png\",\"width\":360,\"height\":160},\"small\":{\"url\":\"https://imgu.web.nhk/common/broadcastservice/bs/g1/g1-badge9x4_180x80.png\",\"width\":180,\"height\":80}}}},\"eyecatch\":{\"large\":{\"url\":\"https://imgu.web.nhk/static/assets/images/tvepisode/te/2KVJ881ZPQ/2KVJ881ZPQ-eyecatch_958bea201dbb12234e010e5df76568da.jpg\",\"width\":3840,\"height\":2160},\"main\":{\"url\":\"https://imgu.web.nhk/static/assets/images/tvepisode/te/2KVJ881ZPQ/2KVJ881ZPQ-eyecatch_6792a2ae4c6d9457dc6455aff9c101c5.jpg\",\"width\":1920,\"height\":1080},\"medium\":{\"url\":\"https://imgu.web.nhk/static/assets/images/tvepisode/te/2KVJ881ZPQ/2KVJ881ZPQ-eyecatch_6d62cacf672c07163b06b73b52f1268b.jpg\",\"width\":1280,\"height\":720},\"small\":{\"url\":\"https://imgu.web.nhk/static/assets/images/tvepisode/te/2KVJ881ZPQ/2KVJ881ZPQ-eyecatch_ae1f5230f43cb14a8ef5072c94fa39f8.jpg\",\"width\":640,\"height\":360}},\"eyecatchList\":[{\"large\":{\"url\":\"https://imgu.web.nhk/static/assets/images/tvepisode/te/2KVJ881ZPQ/2KVJ881ZPQ-eyecatches_41c27eb42a655bcccf04398837801f12.jpg\",\"width\":3840,\"height\":2160},\"main\":{\"url\":\"https://imgu.web.nhk/static/assets/images/tvepisode/te/2KVJ881ZPQ/2KVJ881ZPQ-eyecatches_9b5df8acca497dfcda3b7ef4f77b2327.jpg\",\"width\":1920,\"height\":1080},\"medium\":{\"url\":\"https://imgu.web.nhk/static/assets/images/tvepisode/te/2KVJ881ZPQ/2KVJ881ZPQ-eyecatches_6c2375e659673a178e7c35c1b7a577f7.jpg\",\"width\":1280,\"height\":720},\"small\":{\"url\":\"https://imgu.web.nhk/static/assets/images/tvepisode/te/2KVJ881ZPQ/2KVJ881ZPQ-eyecatches_0bf6a749e62672f690b4ba6f797b4cb2.jpg\",\"width\":640,\"height\":360}},{\"large\":{\"url\":\"https://imgu.web.nhk/static/assets/images/tvepisode/te/2KVJ881ZPQ/2KVJ881ZPQ-eyecatches_b92dcb617fdfebb4cbd02003156e13eb.jpg\",\"width\":3840,\"height\":2160},\"main\":{\"url\":\"https://imgu.web.nhk/static/assets/images/tvepisode/te/2KVJ881ZPQ/2KVJ881ZPQ-eyecatches_24b41c3bbbda1323f943e6c8a53fb04a.jpg\",\"width\":1920,\"height\":1080},\"medium\":{\"url\":\"https://imgu.web.nhk/static/assets/images/tvepisode/te/2KVJ881ZPQ/2KVJ881ZPQ-eyecatches_491df141f6e8351a79e55be5075e5a79.jpg\",\"width\":1280,\"height\":720},\"small\":{\"url\":\"https://imgu.web.nhk/static/assets/images/tvepisode/te/2KVJ881ZPQ/2KVJ881ZPQ-eyecatches_87f7dc35a134c95ab10939d23d43adbc.jpg\",\"width\":640,\"height\":360}},{\"large\":{\"url\":\"https://imgu.web.nhk/static/assets/images/tvepisode/te/2KVJ881ZPQ/2KVJ881ZPQ-eyecatches_b2c64055f695970ed85085b1664249ed.jpg\",\"width\":3840,\"height\":2160},\"main\":{\"url\":\"https://imgu.web.nhk/static/assets/images/tvepisode/te/2KVJ881ZPQ/2KVJ881ZPQ-eyecatches_872cfd5ff3ae3a948bfd715d67358ec3.jpg\",\"width\":1920,\"height\":1080},\"medium\":{\"url\":\"https://imgu.web.nhk/static/assets/images/tvepisode/te/2KVJ881ZPQ/2KVJ881ZPQ-eyecatches_e86e6b12f602129780da8578898e5d78.jpg\",\"width\":1280,\"height\":720},\"small\":{\"url\":\"https://imgu.web.nhk/static/assets/images/tvepisode/te/2KVJ881ZPQ/2KVJ881ZPQ-eyecatches_5510ab3e34f60d4f5cb0bba6b8889497.jpg\",\"width\":640,\"height\":360}},{\"large\":{\"url\":\"https://imgu.web.nhk/static/assets/images/tvepisode/te/2KVJ881ZPQ/2KVJ881ZPQ-eyecatches_fb28cf1d03f341583a9c53e16e5bb968.jpg\",\"width\":3840,\"height\":2160},\"main\":{\"url\":\"https://imgu.web.nhk/static/assets/images/tvepisode/te/2KVJ881ZPQ/2KVJ881ZPQ-eyecatches_8d0d9717d8ff1e6453ebeb412a89db4e.jpg\",\"width\":1920,\"height\":1080},\"medium\":{\"url\":\"https://imgu.web.nhk/static/assets/images/tvepisode/te/2KVJ881ZPQ/2KVJ881ZPQ-eyecatches_97e07ad07d83d594a9ce6c93fda53e02.jpg\",\"width\":1280,\"height\":720},\"small\":{\"url\":\"https://imgu.web.nhk/static/assets/images/tvepisode/te/2KVJ881ZPQ/2KVJ881ZPQ-eyecatches_06fac54fe11a74bd6ece96b241876f1f.jpg\",\"width\":640,\"height\":360}}],\"video\":[],\"citation\":[],\"detailedPinnedCitation\":[{\"name\":\"🐒第5回～の相関図・登場人物はこちら\",\"url\":\"https://www.nhk.jp/g/ts/P52L88MYXY/blog/bl/pwWYoeNnb2/bp/pXM5zLrAqX/\"},{\"name\":\"🐒第6回「兄弟の絆（きずな）」まとめ\",\"url\":\"https://www.nhk.jp/g/ts/P52L88MYXY/blog/bl/pdRPMxDlrQ/bp/pJ8DOP1WeJ/\"},{\"name\":\"📺関連番組はこちら（NHK ONE 「豊臣兄弟！」 プレイリスト）\",\"url\":\"https://www.web.nhk/tv/pl/editorial-tep-4MBMYEIJTX\"},{\"name\":\"📺NHKオンデマンド（6）配信中！\",\"url\":\"https://www.nhk-ondemand.jp/goods/G2026154433SA000/?spg=P202500491700000\"}],\"sameAs\":[],\"correction\":[],\"url\":\"https://api-local.ss.org.nhk/r8/t/tvepisode/te/2KVJ881ZPQ.json\",\"canonical\":\"https://www.web.nhk/tv/an/toyotomi-kyodai/pl/series-tep-P52L88MYXY/ep/2KVJ881ZPQ\",\"associatedMedia\":[],\"hasPart\":[],\"additionalProperty\":{\"episodeMergeStatus\":\"notMerged\"}},\"link\":{\"href\":\"https://www.web.nhk/tv/an/toyotomi-kyodai/pl/series-tep-P52L88MYXY/ep/2KVJ881ZPQ\"}}]\n"])</script><script>self.__next_f.push([1,"47:[\"$\",\"$L2a\",\"PYJP3Z3YQK\",{\"content\":{\"type\":\"TVEpisode\",\"id\":\"PYJP3Z3YQK\",\"name\":\"(5)嘘から出た実(まこと)\",\"detailedEpisodeNameRuby\":\"\",\"identifierGroup\":{\"tvEpisodeId\":\"PYJP3Z3YQK\",\"tvSeriesId\":\"P52L88MYXY\",\"tvEpisodeName\":\"(5)嘘から出た実(まこと)\",\"tvSeriesName\":\"大河ドラマ「豊臣兄弟！」\",\"hashtag\":[],\"siteId\":\"8969\",\"serviceId\":[\"g1\",\"g2\",\"s1\",\"s2\",\"s5\"],\"aliasId\":\"toyotomi-kyodai\",\"formatGenreTag\":[{\"id\":\"03\",\"name\":\"ドラマ\"}],\"themeGenreTag\":[{\"id\":\"031\",\"name\":\"国内ドラマ\"},{\"id\":\"033\",\"name\":\"時代劇\"},{\"id\":\"030\",\"name\":\"ドラマ全般\"}]},\"keyword\":[],\"description\":\"小牧山城に拠点を移した信長（小栗旬）は、織田家中で御前試合を開くことを決定。小一郎（仲野太賀）は、試合で藤吉郎（池松壮亮）のライバル・前田利家（大東駿介）の鼻を明かすべく、一計を案じる。そんな２人に、信長は美濃攻めに不可欠な鵜沼城の調略を申し付ける。だが鵜沼城主・大沢次郎左衛門（松尾諭）は、これまで誰の説得にも応じていないという。果たして小一郎たちは、大沢の心を動かすことができるのか？\",\"dateCreated\":\"2025-12-22T18:19:37+09:00\",\"dateModified\":\"2026-02-09T13:14:40+09:00\",\"actor\":[{\"person\":{\"identifierGroup\":{\"npgId\":\"29D4D7A7-E3F2-4E1F-94CA-046080070DC0\",\"wikidataId\":\"Q11444506\"},\"roleName\":\"Actor\",\"displayRoleName\":\"俳優\",\"name\":\"仲野 太賀\",\"detailedNameRuby\":\"なかの たいが\",\"familyName\":\"仲野\",\"givenName\":\"太賀\",\"detailedFamilyNameRuby\":\"なかの\",\"detailedGivenNameRuby\":\"たいが\",\"detailedNameDescription\":\"\",\"honorificSuffix\":\"\",\"jobTitle\":[],\"memberOf\":[],\"image\":{\"main\":{\"url\":\"https://img.web.nhk/static/assets/images/tvseries/ts/P52L88MYXY/P52L88MYXY-person_bba932486e9715f0c88077bac28a03a5.png\",\"width\":1080,\"height\":1080},\"medium\":{\"url\":\"https://img.web.nhk/static/assets/images/tvseries/ts/P52L88MYXY/P52L88MYXY-person_96550216303231facd956bb116caa614.png\",\"width\":640,\"height\":640},\"small\":{\"url\":\"https://imgu.web.nhk/static/assets/images/tvseries/ts/P52L88MYXY/P52L88MYXY-person_20ad70eaeb107b8f431c2d470fdfdeb2.png\",\"width\":200,\"height\":200}},\"characterName\":\"小一郎（豊臣秀長）\",\"detailedCharacterNameRuby\":\"こいちろう（とよとみ ひでなが）\",\"description\":\"天下人・豊臣秀吉の弟\\n登場時の名は小一郎。兄の天下取りをいちずに支え続けた「天下一の補佐役」といわれている。\",\"detailedWork\":[],\"hasOccupation\":[]}},{\"person\":{\"identifierGroup\":{\"npgId\":\"D690F0C8-05B8-4A71-9A1E-13B8A756E70D\",\"wikidataId\":\"Q1058963\"},\"roleName\":\"Actor\",\"displayRoleName\":\"俳優\",\"name\":\"池松 壮亮\",\"detailedNameRuby\":\"いけまつ そうすけ\",\"familyName\":\"池松\",\"givenName\":\"壮亮\",\"detailedFamilyNameRuby\":\"いけまつ\",\"detailedGivenNameRuby\":\"そうすけ\",\"detailedNameDescription\":\"\",\"honorificSuffix\":\"\",\"jobTitle\":[],\"memberOf\":[],\"image\":{\"main\":{\"url\":\"https://img.web.nhk/static/assets/images/tvseries/ts/P52L88MYXY/P52L88MYXY-person_92f02688b9bd99a554065cd296d2952f.png\",\"width\":1080,\"height\":1080},\"medium\":{\"url\":\"https://img.web.nhk/static/assets/images/tvseries/ts/P52L88MYXY/P52L88MYXY-person_cb1f34b797811ceac6d68d9b83e9b8f7.png\",\"width\":640,\"height\":640},\"small\":{\"url\":\"https://imgu.web.nhk/static/assets/images/tvseries/ts/P52L88MYXY/P52L88MYXY-person_87292aa7be724fb75464ac6a068a68fd.png\",\"width\":200,\"height\":200}},\"characterName\":\"藤吉郎（豊臣秀吉）\",\"detailedCharacterNameRuby\":\"とうきちろう（とよとみ ひでよし）\",\"description\":\"小一郎を乱世に巻き込んだ野心家の兄\\n小一郎の３歳年上の兄。登場時の名は藤吉郎。尾張中村の貧しい農家で生まれ育ったが、主君である戦国武将・織田信長のもとでメキメキと頭角をあらわし、ついには天下統一を果たす。\",\"detailedWork\":[],\"hasOccupation\":[]}},{\"person\":{\"identifierGroup\":{\"npgId\":\"04E1F915-FCA1-441E-B5E2-5D60F7FE75D6\",\"wikidataId\":\"Q11284289\"},\"roleName\":\"Actor\",\"displayRoleName\":\"俳優\",\"name\":\"浜辺 美波\",\"detailedNameRuby\":\"はまべ みなみ\",\"familyName\":\"浜辺\",\"givenName\":\"美波\",\"detailedFamilyNameRuby\":\"はまべ\",\"detailedGivenNameRuby\":\"みなみ\",\"detailedNameDescription\":\"\",\"honorificSuffix\":\"\",\"jobTitle\":[],\"memberOf\":[],\"image\":{\"main\":{\"url\":\"https://img.web.nhk/static/assets/images/tvseries/ts/P52L88MYXY/P52L88MYXY-person_18cf0bd1c6f206300d5597fce517f5f8.png\",\"width\":1080,\"height\":1080},\"medium\":{\"url\":\"https://img.web.nhk/static/assets/images/tvseries/ts/P52L88MYXY/P52L88MYXY-person_edbfc099c50a27959c381da20788db7c.png\",\"width\":640,\"height\":640},\"small\":{\"url\":\"https://imgu.web.nhk/static/assets/images/tvseries/ts/P52L88MYXY/P52L88MYXY-person_0f5f7e395d69946dd7f47e133e89c342.png\",\"width\":200,\"height\":200}},\"characterName\":\"寧々\",\"detailedCharacterNameRuby\":\"ねね\",\"description\":\"夫の秀吉とともに天下人への階段を昇りつめる\\n豊臣秀吉の正妻。秀吉が関白に就任したのちは北政所（きたのまんどころ）と称される。\\n負けず嫌いの性格で、夫の秀吉とともに出世街道を駆け抜ける。\\nやがて庶民の娘から“戦国のファーストレディ”へと昇りつめる。\",\"detailedWork\":[],\"hasOccupation\":[]}},{\"person\":{\"identifierGroup\":{\"npgId\":\"00110902-AE66-45F8-B48D-E45DBA3F0CA8\",\"wikidataId\":\"Q48758750\"},\"roleName\":\"Actor\",\"displayRoleName\":\"俳優\",\"name\":\"白石 聖\",\"detailedNameRuby\":\"しらいし せい\",\"familyName\":\"白石\",\"givenName\":\"聖\",\"detailedFamilyNameRuby\":\"しらいし\",\"detailedGivenNameRuby\":\"せい\",\"detailedNameDescription\":\"\",\"honorificSuffix\":\"\",\"jobTitle\":[],\"memberOf\":[],\"image\":{\"main\":{\"url\":\"https://img.web.nhk/static/assets/images/tvseries/ts/P52L88MYXY/P52L88MYXY-person_0fe4352bc0ad486cf90ca333d73f6914.png\",\"width\":1080,\"height\":1080},\"medium\":{\"url\":\"https://img.web.nhk/static/assets/images/tvseries/ts/P52L88MYXY/P52L88MYXY-person_20e3755feba331ef7b91101e09b2a1a1.png\",\"width\":640,\"height\":640},\"small\":{\"url\":\"https://imgu.web.nhk/static/assets/images/tvseries/ts/P52L88MYXY/P52L88MYXY-person_a970a9a9542b4d85fbc1027e68068415.png\",\"width\":200,\"height\":200}},\"characterName\":\"直\",\"detailedCharacterNameRuby\":\"なお\",\"description\":\"小一郎の幼なじみ“初恋のひと”\\n小一郎と藤吉郎の故郷である尾張中村の土豪の娘。小一郎と同い年の幼なじみ。男勝りな性格だが、小一郎のことをひそかに慕っている。乱世に翻弄される悲劇のヒロイン。\",\"detailedWork\":[],\"hasOccupation\":[]}},{\"person\":{\"identifierGroup\":{\"npgId\":\"66D5AA5D-8A64-4B6A-ABB7-5292F551EB64\",\"wikidataId\":\"Q456644\"},\"roleName\":\"Actor\",\"displayRoleName\":\"俳優\",\"name\":\"坂井 真紀\",\"detailedNameRuby\":\"さかい まき\",\"familyName\":\"坂井\",\"givenName\":\"真紀\",\"detailedFamilyNameRuby\":\"さかい\",\"detailedGivenNameRuby\":\"まき\",\"detailedNameDescription\":\"\",\"honorificSuffix\":\"\",\"jobTitle\":[],\"memberOf\":[],\"image\":{\"main\":{\"url\":\"https://img.web.nhk/static/assets/images/tvseries/ts/P52L88MYXY/P52L88MYXY-person_be82055d1422408d4df158e98f8e70e9.png\",\"width\":1080,\"height\":1080},\"medium\":{\"url\":\"https://img.web.nhk/static/assets/images/tvseries/ts/P52L88MYXY/P52L88MYXY-person_297fac5c0abd7f590defc6551b0785b1.png\",\"width\":640,\"height\":640},\"small\":{\"url\":\"https://imgu.web.nhk/static/assets/images/tvseries/ts/P52L88MYXY/P52L88MYXY-person_e602af3899bd45ae871f300d77aeb2ae.png\",\"width\":200,\"height\":200}},\"characterName\":\"なか\",\"detailedCharacterNameRuby\":\"\",\"description\":\"息子たちの出世を温かく見守る母\\n豊臣兄弟の母。夫を早くに亡くし、女手一つで二男二女を育てる。息子たちの異例の出世に喜びやとまどいを感じながらも温かく見守り、天下人となった秀吉が関白に就任すると「大政所（おおまんどころ）」と称されるようになる。\",\"detailedWork\":[],\"hasOccupation\":[]}},{\"person\":{\"identifierGroup\":{\"npgId\":\"6ABEEFA2-19A4-43EA-925F-33D149C78049\",\"wikidataId\":\"Q1134063\"},\"roleName\":\"Actor\",\"displayRoleName\":\"俳優\",\"name\":\"大東 駿介\",\"detailedNameRuby\":\"だいとう しゅんすけ\",\"familyName\":\"大東\",\"givenName\":\"駿介\",\"detailedFamilyNameRuby\":\"だいとう\",\"detailedGivenNameRuby\":\"しゅんすけ\",\"detailedNameDescription\":\"\",\"honorificSuffix\":\"\",\"jobTitle\":[],\"memberOf\":[],\"image\":{\"main\":{\"url\":\"https://img.web.nhk/static/assets/images/tvseries/ts/P52L88MYXY/P52L88MYXY-person_42b3713df389b68e262cba1c027bdd2e.png\",\"width\":1080,\"height\":1080},\"medium\":{\"url\":\"https://img.web.nhk/static/assets/images/tvseries/ts/P52L88MYXY/P52L88MYXY-person_d9f3ba7a1e23be5e48fa46753c5e93e2.png\",\"width\":640,\"height\":640},\"small\":{\"url\":\"https://imgu.web.nhk/static/assets/images/tvseries/ts/P52L88MYXY/P52L88MYXY-person_208aeb567f2eb538f20be52b6e3d7019.png\",\"width\":200,\"height\":200}},\"characterName\":\"前田利家\",\"detailedCharacterNameRuby\":\"まえだ としいえ\",\"description\":\"秀吉の生涯の友であり出世争いのライバル\\n血気盛んで派手好きな「かぶき者」だが、槍（やり）の名手として数々の武功をあげ、秀吉と同世代の良きライバルとして出世争いを繰り広げる。やがて柴田勝家の与力として北陸方面軍の一翼を担うが、信長亡きあと勝家と秀吉が対立することになる。のちに五大老の一人として豊臣政権を支え、加賀百万石と称される加賀藩の礎を築く。\",\"detailedWork\":[],\"hasOccupation\":[]}},{\"person\":{\"identifierGroup\":{\"npgId\":\"B51D0BFB-D8F3-44E3-A5D6-FBCE1B54AE30\",\"wikidataId\":\"Q11529701\"},\"roleName\":\"Actor\",\"displayRoleName\":\"俳優\",\"name\":\"松尾 諭\",\"detailedNameRuby\":\"まつお さとる\",\"familyName\":\"松尾\",\"givenName\":\"諭\",\"detailedFamilyNameRuby\":\"まつお\",\"detailedGivenNameRuby\":\"さとる\",\"detailedNameDescription\":\"\",\"honorificSuffix\":\"\",\"jobTitle\":[],\"memberOf\":[],\"image\":{\"main\":{\"url\":\"https://img.web.nhk/static/assets/images/tvseries/ts/P52L88MYXY/P52L88MYXY-person_9dce003847eaf03a94f38327a3af13b7.png\",\"width\":1080,\"height\":1080},\"medium\":{\"url\":\"https://img.web.nhk/static/assets/images/tvseries/ts/P52L88MYXY/P52L88MYXY-person_2dfc1a8e34c885397022fce7618ff935.png\",\"width\":640,\"height\":640},\"small\":{\"url\":\"https://imgu.web.nhk/static/assets/images/tvseries/ts/P52L88MYXY/P52L88MYXY-person_d9851c77b75e12a997a8f4ef37c016d6.png\",\"width\":200,\"height\":200}},\"characterName\":\"大沢次郎左衛門\",\"detailedCharacterNameRuby\":\"おおさわ じろうざえもん\",\"description\":\"美濃の要衝・鵜沼城の城主\\n小一郎たちから、織田方に寝返らないかと調略を受ける。礫（つぶて）打ちの名人。\",\"detailedWork\":[],\"hasOccupation\":[]}},{\"person\":{\"identifierGroup\":{\"npgId\":\"F6611598-AA03-431B-A0F7-C341462A80E5\",\"wikidataId\":\"Q11528970\"},\"roleName\":\"Actor\",\"displayRoleName\":\"俳優\",\"name\":\"松下 洸平\",\"detailedNameRuby\":\"まつした こうへい\",\"familyName\":\"松下\",\"givenName\":\"洸平\",\"detailedFamilyNameRuby\":\"まつした\",\"detailedGivenNameRuby\":\"こうへい\",\"detailedNameDescription\":\"\",\"honorificSuffix\":\"\",\"jobTitle\":[],\"memberOf\":[],\"image\":{\"main\":{\"url\":\"https://img.web.nhk/static/assets/images/tvseries/ts/P52L88MYXY/P52L88MYXY-person_8affe6a71dfbda2c3e04e856b5807321.png\",\"width\":1080,\"height\":1080},\"medium\":{\"url\":\"https://img.web.nhk/static/assets/images/tvseries/ts/P52L88MYXY/P52L88MYXY-person_ce27b072ff776320688a40d716d789f3.png\",\"width\":640,\"height\":640},\"small\":{\"url\":\"https://imgu.web.nhk/static/assets/images/tvseries/ts/P52L88MYXY/P52L88MYXY-person_845231c9e73496feead8fef6492fedef.png\",\"width\":200,\"height\":200}},\"characterName\":\"徳川家康\",\"detailedCharacterNameRuby\":\"とくがわ いえやす\",\"description\":\"豊臣兄弟の最強のライバル\\n戦国乱世に終止符を打ち、江戸幕府初代将軍として泰平の世を築いた戦国三英傑の一人。「桶狭間の戦い」で主君の今川義元が信長に討たれたことで、その後の運命が大きく変わることに。信長亡きあと天下一統を狙う豊臣兄弟の眼前に最大最強のライバルとして立ちはだかる。\",\"detailedWork\":[],\"hasOccupation\":[]}},{\"person\":{\"identifierGroup\":{\"npgId\":\"33A709F5-6B0B-4AC2-A757-3EE61BAEAA68\",\"wikidataId\":\"Q11467539\"},\"roleName\":\"Actor\",\"displayRoleName\":\"俳優\",\"name\":\"山口 馬木也\",\"detailedNameRuby\":\"やまぐち まきや\",\"familyName\":\"山口\",\"givenName\":\"馬木也\",\"detailedFamilyNameRuby\":\"やまぐち\",\"detailedGivenNameRuby\":\"まきや\",\"detailedNameDescription\":\"\",\"honorificSuffix\":\"\",\"jobTitle\":[],\"memberOf\":[],\"image\":{\"main\":{\"url\":\"https://img.web.nhk/static/assets/images/tvseries/ts/P52L88MYXY/P52L88MYXY-person_15931ec1d4d47a797b3f63471e4f8cb1.png\",\"width\":1080,\"height\":1080},\"medium\":{\"url\":\"https://img.web.nhk/static/assets/images/tvseries/ts/P52L88MYXY/P52L88MYXY-person_79787545c1c002b53053bdf991bc18bd.png\",\"width\":640,\"height\":640},\"small\":{\"url\":\"https://imgu.web.nhk/static/assets/images/tvseries/ts/P52L88MYXY/P52L88MYXY-person_87776243a43926e281a519ccc036edd0.png\",\"width\":200,\"height\":200}},\"characterName\":\"柴田勝家\",\"detailedCharacterNameRuby\":\"しばた かついえ\",\"description\":\"兄弟の前に立ちはだかる大きな壁\\n織田信長の重臣の一人。勇猛果敢な戦上手で「鬼柴田」の異名で恐れられた。足軽時代の小一郎と藤吉郎にとっては怖くて苦手な存在。やがて二人が出世を果たすとあからさまに毛嫌いするようになる。信長亡きあとの「清須会議」では後継者争いを繰り広げ、やがて「賤ケ岳の戦い」で兄弟と激突することになる。\",\"detailedWork\":[],\"hasOccupation\":[]}},{\"person\":{\"identifierGroup\":{\"npgId\":\"F8A68291-926B-4D78-92E8-DA8D8B46ABAF\",\"wikidataId\":\"Q457825\"},\"roleName\":\"Actor\",\"displayRoleName\":\"俳優\",\"name\":\"小栗 旬\",\"detailedNameRuby\":\"おぐり しゅん\",\"familyName\":\"小栗\",\"givenName\":\"旬\",\"detailedFamilyNameRuby\":\"おぐり\",\"detailedGivenNameRuby\":\"しゅん\",\"detailedNameDescription\":\"\",\"honorificSuffix\":\"\",\"jobTitle\":[],\"memberOf\":[],\"image\":{\"main\":{\"url\":\"https://img.web.nhk/static/assets/images/tvseries/ts/P52L88MYXY/P52L88MYXY-person_67abfcde9f1ca7f00a22417945168442.png\",\"width\":1080,\"height\":1080},\"medium\":{\"url\":\"https://img.web.nhk/static/assets/images/tvseries/ts/P52L88MYXY/P52L88MYXY-person_0a1e60b5d188f3db10e7dd344d64d75f.png\",\"width\":640,\"height\":640},\"small\":{\"url\":\"https://imgu.web.nhk/static/assets/images/tvseries/ts/P52L88MYXY/P52L88MYXY-person_78b15fdd0397ff4e3ccaf14cd51bac26.png\",\"width\":200,\"height\":200}},\"characterName\":\"織田信長\",\"detailedCharacterNameRuby\":\"おだ のぶなが\",\"description\":\"天下一統を狙う孤高のカリスマ\\n大胆で革新的な戦略と非凡なリーダーシップにより領土を拡大し、「天下布武」のスローガンのもと天下一統を目指したカリスマ的武将。立身出世を目指す小一郎（のちの秀長）と藤吉郎（のちの秀吉）兄弟にとって絶対的な主君である。当主争いで対立した弟を自らの手で殺害したという苦い過去を持っている。\",\"detailedWork\":[],\"hasOccupation\":[]}}],\"contributor\":[],\"partOfSeries\":{\"id\":\"P52L88MYXY\",\"name\":\"大河ドラマ「豊臣兄弟！」\",\"detailedSeriesNameRuby\":\"とよとみきょうだい\",\"identifierGroup\":{\"tvSeriesId\":\"P52L88MYXY\",\"tvSeriesPlaylistId\":\"series-tep-P52L88MYXY\",\"tvSeriesUId\":\"p0defc81f-a07b-55e0-b9a6-c7f75720f416\",\"tvSeriesName\":\"大河ドラマ「豊臣兄弟！」\",\"hashtag\":[],\"siteId\":\"8969\",\"serviceId\":[\"g1\",\"g2\",\"s1\",\"s2\",\"s5\"],\"aliasId\":\"toyotomi-kyodai\",\"formatGenre\":[{\"id\":\"03\",\"name\":\"ドラマ\"}],\"nod\":{\"id\":\"P202500491700000\",\"url\":\"https://www.nhk-ondemand.jp/program/P202500491700000/\"}},\"keyword\":[\"NHK\",\"大河ドラマ\",\"豊臣兄弟！\",\"戦国時代\",\"豊臣秀長\",\"豊臣秀吉\",\"八津弘幸\",\"仲野太賀\",\"池松壮亮\",\"吉岡里帆\",\"浜辺美波\",\"白石聖\",\"坂井真紀\",\"宮澤エマ\",\"大東駿介\",\"松下洸平\",\"山口馬木也\",\"宮﨑あおい\",\"小栗旬\"],\"detailedSynonym\":[],\"sameAs\":[{\"name\":\"▶︎公式Instagram アカウント\",\"url\":\"https://www.instagram.com/nhk_toyotomi/\"},{\"name\":\"▶︎公式X（旧Twitter）アカウント\",\"url\":\"https://x.com/nhk_toyotomi\"},{\"name\":\"▶︎NHK公式YouTube「豊臣兄弟！」プレイリスト\",\"url\":\"https://www.youtube.com/playlist?list=PLcynJ47QaWNvaqX7QpxWQbRs1tHrRHgnb\"}],\"canonical\":\"https://www.web.nhk/tv/an/toyotomi-kyodai/pl/series-tep-P52L88MYXY\",\"description\":\"【NHK公式】大河ドラマ「豊臣兄弟！」\\n\\n大河ドラマ第65作で描くのは、戦国時代のど真ん中!!\\n強い絆で天下統一という偉業を成し遂げた豊臣兄弟の奇跡──\\n夢と希望の下剋上（げこくじょう）サクセスストーリーです！\\n\\n主人公は天下人の弟・豊臣秀長（とよとみ・ひでなが）\\n歴史にif（もしも）はないものの…\\n\\n『秀長が長生きしていれば豊臣家の天下は安泰だった』\\n\\nとまでいわしめた天下一の補佐役・秀長の目線で戦国時代をダイナミックに描く波乱万丈のエンターテインメント！\\n\\n【放送予定】\\n2026年1月4日（日）スタート ※初回15分拡大版\\n\\n【作】八津弘幸\\n【音楽】木村秀彬\\n【語り】安藤サクラ\\n【出演】仲野太賀、池松壮亮、吉岡里帆、浜辺美波、白石 聖、坂井真紀、宮澤エマ、菅田将暉、大東駿介、松下洸平、山口馬木也、宮﨑あおい、小栗 旬　ほか\\n【時代考証】黒田基樹、柴 裕之\\n【制作統括】松川博敬、堀内裕介\\n【プロデューサー】高橋優香子、舟橋哲男、吉岡和彦（展開・プロモーション）、国友 茜（広報）\\n【演出】渡邊良雄、渡辺哲也、田中 正\",\"detailedCatch\":\"熱い兄弟が夢と希望を胸に突っ走る奇跡の下剋上サクセスストーリー！\",\"logo\":{\"main\":{\"url\":\"https://imgu.web.nhk/static/assets/images/tvseries/ts/P52L88MYXY/P52L88MYXY-logo_c64ecc100161d9ce85c8aa953bc73ae1.jpg\",\"width\":1080,\"height\":1080},\"medium\":{\"url\":\"https://imgu.web.nhk/static/assets/images/tvseries/ts/P52L88MYXY/P52L88MYXY-logo_64a636dd72417d3cf661cb2f6808c33a.jpg\",\"width\":640,\"height\":640},\"small\":{\"url\":\"https://imgu.web.nhk/static/assets/images/tvseries/ts/P52L88MYXY/P52L88MYXY-logo_b696c913daeb18f3a663376fa0ec438b.jpg\",\"width\":200,\"height\":200}},\"eyecatch\":{\"large\":{\"url\":\"https://imgu.web.nhk/static/assets/images/tvseries/ts/P52L88MYXY/P52L88MYXY-eyecatch_a738f4a4bd6c933e48839aa43eb14379.jpg\",\"width\":3840,\"height\":2160},\"main\":{\"url\":\"https://imgu.web.nhk/static/assets/images/tvseries/ts/P52L88MYXY/P52L88MYXY-eyecatch_db018d96e8b0a9b57d8a66adf2895c55.jpg\",\"width\":1920,\"height\":1080},\"medium\":{\"url\":\"https://imgu.web.nhk/static/assets/images/tvseries/ts/P52L88MYXY/P52L88MYXY-eyecatch_80f2d9833ddbcdd1daf27c8a5568f526.jpg\",\"width\":1280,\"height\":720},\"small\":{\"url\":\"https://imgu.web.nhk/static/assets/images/tvseries/ts/P52L88MYXY/P52L88MYXY-eyecatch_b70d310c60625c1e0709f4048f70c0b1.jpg\",\"width\":640,\"height\":360}},\"hero\":{\"main\":{\"url\":\"https://imgu.web.nhk/static/assets/images/tvseries/ts/P52L88MYXY/P52L88MYXY-hero_742f045f3b953f612d1de63511984416.jpg\",\"width\":1920,\"height\":640},\"medium\":{\"url\":\"https://imgu.web.nhk/static/assets/images/tvseries/ts/P52L88MYXY/P52L88MYXY-hero_279368f784327dddc794c1896a388d4e.jpg\",\"width\":1080,\"height\":360}},\"style\":{\"textLight\":\"#000000\",\"textDark\":\"#FFFFFF\",\"linkLight\":\"#005AFF\",\"linkDark\":\"#4788FF\",\"primaryLight\":\"#005AFF\",\"primaryDark\":\"#0B61FF\"},\"additionalProperty\":{\"publishLevel\":\"full\",\"layoutPattern\":\"summary\",\"episodeOrderBy\":\"releasedEvent\",\"availableOnPlus\":false,\"enableVariablePlayBackSpeedControl\":false,\"optional\":[],\"seriesPackStatus\":\"notPacked\",\"supportMedia\":[\"@screen\"],\"supportMusicList\":true,\"supportPlusEmbed\":true,\"enableWebContent\":false},\"url\":\"https://api-local.ss.org.nhk/r8/t/nplaylist/pl/series-tep-P52L88MYXY.json\",\"itemUrl\":\"https://api-local.ss.org.nhk/r8/l/tvepisode/pl/series-tep-P52L88MYXY.json\"},\"releasedEvent\":{\"startDate\":\"2026-02-01T20:00:00+09:00\",\"displayStartDate\":\"2026-02-01T20:00:00+09:00\",\"endDate\":\"2026-02-01T20:45:00+09:00\",\"publishedOn\":{\"type\":\"BroadcastService\",\"id\":\"bs-g1-130\",\"name\":\"NHK総合テレビジョン\",\"url\":\"https://api-local.ss.org.nhk/r8/t/broadcastservice/bs/g1-130.json\",\"broadcastDisplayName\":\"NHK総合・東京\",\"videoFormat\":[\"2K\"],\"encodingFormat\":[\"video/X-arib-mpeg2\",\"audio/X-arib-mpeg2-aac\"],\"identifierGroup\":{\"serviceId\":\"g1\",\"serviceName\":\"NHK総合1\",\"areaId\":\"130\",\"areaName\":\"東京\",\"channelId\":\"011\",\"channelKey\":\"1\",\"channelAreaName\":\"東京\",\"channelStationName\":\"首都圏\",\"shortenedName\":\"NHK総合1\",\"shortenedDisplayName\":\"総合\",\"multiChannelDisplayName\":\"総合\"},\"logo\":{\"url\":\"https://imgu.web.nhk/common/broadcastservice/bs/g1/g1-logo.svg\",\"main\":{\"url\":\"https://imgu.web.nhk/common/broadcastservice/bs/g1/g1-logo_1080x1080.png\",\"width\":1080,\"height\":1080},\"medium\":{\"url\":\"https://imgu.web.nhk/common/broadcastservice/bs/g1/g1-logo_640x640.png\",\"width\":640,\"height\":640},\"small\":{\"url\":\"https://imgu.web.nhk/common/broadcastservice/bs/g1/g1-logo_200x200.png\",\"width\":200,\"height\":200}},\"eyecatch\":{\"url\":\"https://imgu.web.nhk/common/broadcastservice/bs/g1/g1-eyecatch.svg\",\"large\":{\"url\":\"https://imgu.web.nhk/common/broadcastservice/bs/g1/g1-eyecatch_3840x2160.png\",\"width\":3840,\"height\":2160},\"main\":{\"url\":\"https://imgu.web.nhk/common/broadcastservice/bs/g1/g1-eyecatch_1920x1080.png\",\"width\":1920,\"height\":1080},\"medium\":{\"url\":\"https://imgu.web.nhk/common/broadcastservice/bs/g1/g1-eyecatch_1280x720.png\",\"width\":1280,\"height\":720},\"small\":{\"url\":\"https://imgu.web.nhk/common/broadcastservice/bs/g1/g1-eyecatch_640x360.png\",\"width\":640,\"height\":360}},\"hero\":{\"url\":\"https://imgu.web.nhk/common/broadcastservice/bs/g1/g1-hero.svg\",\"main\":{\"url\":\"https://imgu.web.nhk/common/broadcastservice/bs/g1/g1-hero_1920x640.png\",\"width\":1920,\"height\":640},\"medium\":{\"url\":\"https://imgu.web.nhk/common/broadcastservice/bs/g1/g1-hero_1080x360.png\",\"width\":1080,\"height\":360}},\"badge9x4\":{\"url\":\"https://imgu.web.nhk/common/broadcastservice/bs/g1/g1-badge9x4.svg\",\"main\":{\"url\":\"https://imgu.web.nhk/common/broadcastservice/bs/g1/g1-badge9x4_360x160.png\",\"width\":360,\"height\":160},\"small\":{\"url\":\"https://imgu.web.nhk/common/broadcastservice/bs/g1/g1-badge9x4_180x80.png\",\"width\":180,\"height\":80}}}},\"detailedRecentEvent\":{\"startDate\":\"2026-02-01T20:00:00+09:00\",\"endDate\":\"2026-02-01T20:45:00+09:00\",\"publishedOn\":{\"type\":\"BroadcastService\",\"id\":\"bs-g1-130\",\"name\":\"NHK総合テレビジョン\",\"url\":\"https://api-local.ss.org.nhk/r8/t/broadcastservice/bs/g1-130.json\",\"broadcastDisplayName\":\"NHK総合・東京\",\"videoFormat\":[\"2K\"],\"encodingFormat\":[\"video/X-arib-mpeg2\",\"audio/X-arib-mpeg2-aac\"],\"identifierGroup\":{\"serviceId\":\"g1\",\"serviceName\":\"NHK総合1\",\"areaId\":\"130\",\"areaName\":\"東京\",\"channelId\":\"011\",\"channelKey\":\"1\",\"channelAreaName\":\"東京\",\"channelStationName\":\"首都圏\",\"shortenedName\":\"NHK総合1\",\"shortenedDisplayName\":\"総合\",\"multiChannelDisplayName\":\"総合\"},\"logo\":{\"url\":\"https://imgu.web.nhk/common/broadcastservice/bs/g1/g1-logo.svg\",\"main\":{\"url\":\"https://imgu.web.nhk/common/broadcastservice/bs/g1/g1-logo_1080x1080.png\",\"width\":1080,\"height\":1080},\"medium\":{\"url\":\"https://imgu.web.nhk/common/broadcastservice/bs/g1/g1-logo_640x640.png\",\"width\":640,\"height\":640},\"small\":{\"url\":\"https://imgu.web.nhk/common/broadcastservice/bs/g1/g1-logo_200x200.png\",\"width\":200,\"height\":200}},\"eyecatch\":{\"url\":\"https://imgu.web.nhk/common/broadcastservice/bs/g1/g1-eyecatch.svg\",\"large\":{\"url\":\"https://imgu.web.nhk/common/broadcastservice/bs/g1/g1-eyecatch_3840x2160.png\",\"width\":3840,\"height\":2160},\"main\":{\"url\":\"https://imgu.web.nhk/common/broadcastservice/bs/g1/g1-eyecatch_1920x1080.png\",\"width\":1920,\"height\":1080},\"medium\":{\"url\":\"https://imgu.web.nhk/common/broadcastservice/bs/g1/g1-eyecatch_1280x720.png\",\"width\":1280,\"height\":720},\"small\":{\"url\":\"https://imgu.web.nhk/common/broadcastservice/bs/g1/g1-eyecatch_640x360.png\",\"width\":640,\"height\":360}},\"hero\":{\"url\":\"https://imgu.web.nhk/common/broadcastservice/bs/g1/g1-hero.svg\",\"main\":{\"url\":\"https://imgu.web.nhk/common/broadcastservice/bs/g1/g1-hero_1920x640.png\",\"width\":1920,\"height\":640},\"medium\":{\"url\":\"https://imgu.web.nhk/common/broadcastservice/bs/g1/g1-hero_1080x360.png\",\"width\":1080,\"height\":360}},\"badge9x4\":{\"url\":\"https://imgu.web.nhk/common/broadcastservice/bs/g1/g1-badge9x4.svg\",\"main\":{\"url\":\"https://imgu.web.nhk/common/broadcastservice/bs/g1/g1-badge9x4_360x160.png\",\"width\":360,\"height\":160},\"small\":{\"url\":\"https://imgu.web.nhk/common/broadcastservice/bs/g1/g1-badge9x4_180x80.png\",\"width\":180,\"height\":80}}}},\"detailedComingEvent\":{\"id\":\"g1-130-2026021434442\",\"startDate\":\"2026-02-14T13:05:00+09:00\",\"endDate\":\"2026-02-14T13:50:00+09:00\",\"identifierGroup\":{\"broadcastEventId\":\"g1-130-2026021434442\",\"serviceId\":\"g1\",\"areaId\":\"130\",\"stationId\":\"001\",\"date\":\"2026-02-14\",\"eventId\":\"34442\",\"genre\":[{\"id\":\"0300\",\"name1\":\"ドラマ\",\"name2\":\"国内ドラマ\"},{\"id\":\"0302\",\"name1\":\"ドラマ\",\"name2\":\"時代劇\"},{\"id\":\"0315\",\"name1\":\"ドラマ\",\"name2\":\"その他\"}],\"onid\":\"7fe0\",\"sid\":\"0400\",\"tsid\":\"7fe0\"},\"misc\":{\"displayVideoMode\":\"none\",\"displayVideoRange\":\"sdr\",\"displayAudioMode\":[\"kaisetsu\"],\"audioMode\":[\"stereoKaisetsu\"],\"supportCaption\":true,\"supportSign\":false,\"supportHybridcast\":false,\"supportDataBroadcast\":false,\"isInteractive\":false,\"isChangeable\":false,\"releaseLevel\":\"repeat\",\"programType\":\"program\",\"coverage\":\"nationwide\",\"actList\":[{\"role\":\"出演\",\"name\":\"仲野太賀\",\"nameRuby\":\"ﾅｶﾉﾀｲｶﾞ\"},{\"role\":\"出演\",\"name\":\"池松壮亮\",\"nameRuby\":\"ｲｹﾏﾂｿｳｽｹ\"},{\"role\":\"出演\",\"name\":\"浜辺美波\",\"nameRuby\":\"ﾊﾏﾍﾞﾐﾅﾐ\"},{\"role\":\"出演\",\"name\":\"白石聖\",\"nameRuby\":\"ｼﾗｲｼｾｲ\"},{\"role\":\"出演\",\"name\":\"坂井真紀\",\"nameRuby\":\"ｻｶｲﾏｷ\"},{\"role\":\"出演\",\"name\":\"宮澤エマ\",\"nameRuby\":\"ﾐﾔｻﾞﾜｴﾏ\"},{\"role\":\"出演\",\"name\":\"上川周作\",\"nameRuby\":\"ｶﾐｶﾜｼｭｳｻｸ\"},{\"role\":\"出演\",\"name\":\"前原瑞樹\",\"nameRuby\":\"ﾏｴﾊﾗﾐｽﾞｷ\"},{\"role\":\"出演\",\"name\":\"迫田孝也\",\"nameRuby\":\"ｻｺﾀﾞﾀｶﾔ\"},{\"role\":\"出演\",\"name\":\"濱田龍臣\",\"nameRuby\":\"ﾊﾏﾀﾞﾀﾂｵﾐ\"},{\"role\":\"出演\",\"name\":\"菅井友香\",\"nameRuby\":\"ｽｶﾞｲﾕｳｶ\"},{\"role\":\"出演\",\"name\":\"杉田雷麟\",\"nameRuby\":\"ｽｷﾞﾀﾗｲﾙ\"},{\"role\":\"出演\",\"name\":\"大東駿介\",\"nameRuby\":\"ﾀﾞｲﾄｳｼｭﾝｽｹ\"},{\"role\":\"出演\",\"name\":\"松尾諭\",\"nameRuby\":\"ﾏﾂｵｻﾄﾙ\"},{\"role\":\"出演\",\"name\":\"映美くらら\",\"nameRuby\":\"ｴﾐｸﾗﾗ\"},{\"role\":\"出演\",\"name\":\"松下洸平\",\"nameRuby\":\"ﾏﾂｼﾀｺｳﾍｲ\"},{\"role\":\"出演\",\"name\":\"山口馬木也\",\"nameRuby\":\"ﾔﾏｸﾞﾁﾏｷﾔ\"},{\"role\":\"出演\",\"name\":\"小栗旬\",\"nameRuby\":\"ｵｸﾞﾘｼｭﾝ\"},{\"role\":\"語り\",\"name\":\"安藤サクラ\",\"nameRuby\":\"ｱﾝﾄﾞｳｻｸﾗ\"},{\"role\":\"作\",\"name\":\"八津弘幸\",\"nameRuby\":\"ﾔﾂﾋﾛﾕｷ\"},{\"role\":\"音楽\",\"name\":\"木村秀彬\",\"nameRuby\":\"ｷﾑﾗﾋﾃﾞｱｷﾗ\"}],\"musicList\":[]},\"publishedOn\":{\"type\":\"BroadcastService\",\"id\":\"bs-g1-130\",\"name\":\"NHK総合テレビジョン\",\"url\":\"https://api-local.ss.org.nhk/r8/t/broadcastservice/bs/g1-130.json\",\"broadcastDisplayName\":\"NHK総合・東京\",\"videoFormat\":[\"2K\"],\"encodingFormat\":[\"video/X-arib-mpeg2\",\"audio/X-arib-mpeg2-aac\"],\"identifierGroup\":{\"serviceId\":\"g1\",\"serviceName\":\"NHK総合1\",\"areaId\":\"130\",\"areaName\":\"東京\",\"channelId\":\"011\",\"channelKey\":\"1\",\"channelAreaName\":\"東京\",\"channelStationName\":\"首都圏\",\"shortenedName\":\"NHK総合1\",\"shortenedDisplayName\":\"総合\",\"multiChannelDisplayName\":\"総合\"},\"logo\":{\"url\":\"https://imgu.web.nhk/common/broadcastservice/bs/g1/g1-logo.svg\",\"main\":{\"url\":\"https://imgu.web.nhk/common/broadcastservice/bs/g1/g1-logo_1080x1080.png\",\"width\":1080,\"height\":1080},\"medium\":{\"url\":\"https://imgu.web.nhk/common/broadcastservice/bs/g1/g1-logo_640x640.png\",\"width\":640,\"height\":640},\"small\":{\"url\":\"https://imgu.web.nhk/common/broadcastservice/bs/g1/g1-logo_200x200.png\",\"width\":200,\"height\":200}},\"eyecatch\":{\"url\":\"https://imgu.web.nhk/common/broadcastservice/bs/g1/g1-eyecatch.svg\",\"large\":{\"url\":\"https://imgu.web.nhk/common/broadcastservice/bs/g1/g1-eyecatch_3840x2160.png\",\"width\":3840,\"height\":2160},\"main\":{\"url\":\"https://imgu.web.nhk/common/broadcastservice/bs/g1/g1-eyecatch_1920x1080.png\",\"width\":1920,\"height\":1080},\"medium\":{\"url\":\"https://imgu.web.nhk/common/broadcastservice/bs/g1/g1-eyecatch_1280x720.png\",\"width\":1280,\"height\":720},\"small\":{\"url\":\"https://imgu.web.nhk/common/broadcastservice/bs/g1/g1-eyecatch_640x360.png\",\"width\":640,\"height\":360}},\"hero\":{\"url\":\"https://imgu.web.nhk/common/broadcastservice/bs/g1/g1-hero.svg\",\"main\":{\"url\":\"https://imgu.web.nhk/common/broadcastservice/bs/g1/g1-hero_1920x640.png\",\"width\":1920,\"height\":640},\"medium\":{\"url\":\"https://imgu.web.nhk/common/broadcastservice/bs/g1/g1-hero_1080x360.png\",\"width\":1080,\"height\":360}},\"badge9x4\":{\"url\":\"https://imgu.web.nhk/common/broadcastservice/bs/g1/g1-badge9x4.svg\",\"main\":{\"url\":\"https://imgu.web.nhk/common/broadcastservice/bs/g1/g1-badge9x4_360x160.png\",\"width\":360,\"height\":160},\"small\":{\"url\":\"https://imgu.web.nhk/common/broadcastservice/bs/g1/g1-badge9x4_180x80.png\",\"width\":180,\"height\":80}}}},\"eyecatch\":{\"large\":{\"url\":\"https://imgu.web.nhk/static/assets/images/tvepisode/te/PYJP3Z3YQK/PYJP3Z3YQK-eyecatch_8a4bc2834b178ce33cf75e2593453a9e.jpg\",\"width\":3840,\"height\":2160},\"main\":{\"url\":\"https://imgu.web.nhk/static/assets/images/tvepisode/te/PYJP3Z3YQK/PYJP3Z3YQK-eyecatch_143db929893e8c966163f8c403338289.jpg\",\"width\":1920,\"height\":1080},\"medium\":{\"url\":\"https://imgu.web.nhk/static/assets/images/tvepisode/te/PYJP3Z3YQK/PYJP3Z3YQK-eyecatch_c984ed241fd878981449e7f3aa39fb5d.jpg\",\"width\":1280,\"height\":720},\"small\":{\"url\":\"https://imgu.web.nhk/static/assets/images/tvepisode/te/PYJP3Z3YQK/PYJP3Z3YQK-eyecatch_8f930f95c13d4680751316c65a2933e4.jpg\",\"width\":640,\"height\":360}},\"eyecatchList\":[{\"large\":{\"url\":\"https://imgu.web.nhk/static/assets/images/tvepisode/te/PYJP3Z3YQK/PYJP3Z3YQK-eyecatches_a9b7020bc3542e1a1352cc5f7ddf4876.jpg\",\"width\":3840,\"height\":2160},\"main\":{\"url\":\"https://imgu.web.nhk/static/assets/images/tvepisode/te/PYJP3Z3YQK/PYJP3Z3YQK-eyecatches_9eea6cde529dab43f2f7e2b2aa1f44b6.jpg\",\"width\":1920,\"height\":1080},\"medium\":{\"url\":\"https://imgu.web.nhk/static/assets/images/tvepisode/te/PYJP3Z3YQK/PYJP3Z3YQK-eyecatches_673529b4b8428f50f4b4e9bd254149ab.jpg\",\"width\":1280,\"height\":720},\"small\":{\"url\":\"https://imgu.web.nhk/static/assets/images/tvepisode/te/PYJP3Z3YQK/PYJP3Z3YQK-eyecatches_a630541bc3ab8e2d86370636038a5bff.jpg\",\"width\":640,\"height\":360}},{\"large\":{\"url\":\"https://imgu.web.nhk/static/assets/images/tvepisode/te/PYJP3Z3YQK/PYJP3Z3YQK-eyecatches_9da76e14eed9bbec764b6354183a83d0.jpg\",\"width\":3840,\"height\":2160},\"main\":{\"url\":\"https://imgu.web.nhk/static/assets/images/tvepisode/te/PYJP3Z3YQK/PYJP3Z3YQK-eyecatches_6415b9a715ce41a5c1bb459fbda5cbba.jpg\",\"width\":1920,\"height\":1080},\"medium\":{\"url\":\"https://imgu.web.nhk/static/assets/images/tvepisode/te/PYJP3Z3YQK/PYJP3Z3YQK-eyecatches_b3110866e04a576872464dad8df4d8c2.jpg\",\"width\":1280,\"height\":720},\"small\":{\"url\":\"https://imgu.web.nhk/static/assets/images/tvepisode/te/PYJP3Z3YQK/PYJP3Z3YQK-eyecatches_f4af61ee8e9a61c3e4e9fd37b927408e.jpg\",\"width\":640,\"height\":360}},{\"large\":{\"url\":\"https://imgu.web.nhk/static/assets/images/tvepisode/te/PYJP3Z3YQK/PYJP3Z3YQK-eyecatches_cd4f8d1149d31d00f60f73bd3e917ec1.jpg\",\"width\":3840,\"height\":2160},\"main\":{\"url\":\"https://imgu.web.nhk/static/assets/images/tvepisode/te/PYJP3Z3YQK/PYJP3Z3YQK-eyecatches_5b663957204a5a4aba0f16125383f880.jpg\",\"width\":1920,\"height\":1080},\"medium\":{\"url\":\"https://imgu.web.nhk/static/assets/images/tvepisode/te/PYJP3Z3YQK/PYJP3Z3YQK-eyecatches_35e965e569c91709227f803579f54bba.jpg\",\"width\":1280,\"height\":720},\"small\":{\"url\":\"https://imgu.web.nhk/static/assets/images/tvepisode/te/PYJP3Z3YQK/PYJP3Z3YQK-eyecatches_46deb7ff3242be2e563401ee3bd2509a.jpg\",\"width\":640,\"height\":360}},{\"large\":{\"url\":\"https://imgu.web.nhk/static/assets/images/tvepisode/te/PYJP3Z3YQK/PYJP3Z3YQK-eyecatches_16fb5ab4848081eb2db7438b366532da.jpg\",\"width\":3840,\"height\":2160},\"main\":{\"url\":\"https://imgu.web.nhk/static/assets/images/tvepisode/te/PYJP3Z3YQK/PYJP3Z3YQK-eyecatches_092428bcb8e802963a599b9f311baef7.jpg\",\"width\":1920,\"height\":1080},\"medium\":{\"url\":\"https://imgu.web.nhk/static/assets/images/tvepisode/te/PYJP3Z3YQK/PYJP3Z3YQK-eyecatches_fd0b545b9f286427432250f23a2ddfab.jpg\",\"width\":1280,\"height\":720},\"small\":{\"url\":\"https://imgu.web.nhk/static/assets/images/tvepisode/te/PYJP3Z3YQK/PYJP3Z3YQK-eyecatches_88abd995acc7bf76eb08150dd5921c44.jpg\",\"width\":640,\"height\":360}}],\"video\":[],\"citation\":[],\"detailedPinnedCitation\":[{\"name\":\"🐒第5回～の相関図・登場人物はこちら\",\"url\":\"https://www.nhk.jp/g/ts/P52L88MYXY/blog/bl/pwWYoeNnb2/bp/pXM5zLrAqX/\"},{\"name\":\"🐒第5回「嘘から出た実（まこと）」まとめ\",\"url\":\"https://www.nhk.jp/g/ts/P52L88MYXY/blog/bl/pdRPMxDlrQ/bp/pW9lQPVPrp/\"},{\"name\":\"📺関連番組はこちら（NHK ONE 「豊臣兄弟！」 プレイリスト）\",\"url\":\"https://www.web.nhk/tv/pl/editorial-tep-4MBMYEIJTX\"},{\"name\":\"📺NHKオンデマンド（5）配信中！\",\"url\":\"https://www.nhk-ondemand.jp/goods/G2026154431SA000/?spg=P202500491700000\"}],\"sameAs\":[],\"correction\":[],\"url\":\"https://api-local.ss.org.nhk/r8/t/tvepisode/te/PYJP3Z3YQK.json\",\"canonical\":\"https://www.web.nhk/tv/an/toyotomi-kyodai/pl/series-tep-P52L88MYXY/ep/PYJP3Z3YQK\",\"associatedMedia\":[],\"hasPart\":[],\"additionalProperty\":{\"episodeMergeStatus\":\"notMerged\"}},\"link\":{\"href\":\"https://www.web.nhk/tv/an/toyotomi-kyodai/pl/series-tep-P52L88MYXY/ep/PYJP3Z3YQK\"}}]\n"])</script><script>self.__next_f.push([1,"48:[\"$\",\"$L2a\",\"N3RJVK953X\",{\"content\":{\"type\":\"TVEpisode\",\"id\":\"N3RJVK953X\",\"name\":\"(4)桶狭間!\",\"detailedEpisodeNameRuby\":\"\",\"identifierGroup\":{\"tvEpisodeId\":\"N3RJVK953X\",\"tvSeriesId\":\"P52L88MYXY\",\"tvEpisodeName\":\"(4)桶狭間!\",\"tvSeriesName\":\"大河ドラマ「豊臣兄弟！」\",\"hashtag\":[],\"siteId\":\"8969\",\"serviceId\":[\"g1\",\"g2\",\"s1\",\"s2\",\"s5\"],\"aliasId\":\"toyotomi-kyodai\",\"formatGenreTag\":[{\"id\":\"03\",\"name\":\"ドラマ\"}],\"themeGenreTag\":[{\"id\":\"031\",\"name\":\"国内ドラマ\"},{\"id\":\"033\",\"name\":\"時代劇\"},{\"id\":\"030\",\"name\":\"ドラマ全般\"}]},\"keyword\":[],\"description\":\"ついに信長（小栗旬）が出陣の決断を下し、小一郎（仲野太賀）と藤吉郎（池松壮亮）は対今川軍の前線基地である善照寺砦に向かう。兄弟にとって初めての大戦が始まるが、彼らの真の狙いはかつて父の命を奪った城戸小左衛門（加地将樹）を討ち果たすこと。信長は善照寺砦に集まった兵たちを前に檄を飛ばし、決戦の地である桶狭間へ向かう。城戸を討つ千載一遇のチャンスを前にした兄弟の決断とは！？\",\"dateCreated\":\"2025-11-25T18:34:52+09:00\",\"dateModified\":\"2026-02-02T14:18:57+09:00\",\"actor\":[{\"person\":{\"identifierGroup\":{\"npgId\":\"29D4D7A7-E3F2-4E1F-94CA-046080070DC0\",\"wikidataId\":\"Q11444506\"},\"roleName\":\"Actor\",\"displayRoleName\":\"俳優\",\"name\":\"仲野 太賀\",\"detailedNameRuby\":\"なかの たいが\",\"familyName\":\"仲野\",\"givenName\":\"太賀\",\"detailedFamilyNameRuby\":\"なかの\",\"detailedGivenNameRuby\":\"たいが\",\"detailedNameDescription\":\"\",\"honorificSuffix\":\"\",\"jobTitle\":[],\"memberOf\":[],\"image\":{\"main\":{\"url\":\"https://img.web.nhk/static/assets/images/tvseries/ts/P52L88MYXY/P52L88MYXY-person_bba932486e9715f0c88077bac28a03a5.png\",\"width\":1080,\"height\":1080},\"medium\":{\"url\":\"https://img.web.nhk/static/assets/images/tvseries/ts/P52L88MYXY/P52L88MYXY-person_96550216303231facd956bb116caa614.png\",\"width\":640,\"height\":640},\"small\":{\"url\":\"https://imgu.web.nhk/static/assets/images/tvseries/ts/P52L88MYXY/P52L88MYXY-person_20ad70eaeb107b8f431c2d470fdfdeb2.png\",\"width\":200,\"height\":200}},\"characterName\":\"小一郎（豊臣秀長）\",\"detailedCharacterNameRuby\":\"こいちろう（とよとみ ひでなが）\",\"description\":\"天下人・豊臣秀吉の弟\\n登場時の名は小一郎。兄の天下取りをいちずに支え続けた「天下一の補佐役」といわれている。\",\"detailedWork\":[],\"hasOccupation\":[]}},{\"person\":{\"identifierGroup\":{\"npgId\":\"D690F0C8-05B8-4A71-9A1E-13B8A756E70D\",\"wikidataId\":\"Q1058963\"},\"roleName\":\"Actor\",\"displayRoleName\":\"俳優\",\"name\":\"池松 壮亮\",\"detailedNameRuby\":\"いけまつ そうすけ\",\"familyName\":\"池松\",\"givenName\":\"壮亮\",\"detailedFamilyNameRuby\":\"いけまつ\",\"detailedGivenNameRuby\":\"そうすけ\",\"detailedNameDescription\":\"\",\"honorificSuffix\":\"\",\"jobTitle\":[],\"memberOf\":[],\"image\":{\"main\":{\"url\":\"https://img.web.nhk/static/assets/images/tvseries/ts/P52L88MYXY/P52L88MYXY-person_92f02688b9bd99a554065cd296d2952f.png\",\"width\":1080,\"height\":1080},\"medium\":{\"url\":\"https://img.web.nhk/static/assets/images/tvseries/ts/P52L88MYXY/P52L88MYXY-person_cb1f34b797811ceac6d68d9b83e9b8f7.png\",\"width\":640,\"height\":640},\"small\":{\"url\":\"https://imgu.web.nhk/static/assets/images/tvseries/ts/P52L88MYXY/P52L88MYXY-person_87292aa7be724fb75464ac6a068a68fd.png\",\"width\":200,\"height\":200}},\"characterName\":\"藤吉郎（豊臣秀吉）\",\"detailedCharacterNameRuby\":\"とうきちろう（とよとみ ひでよし）\",\"description\":\"小一郎を乱世に巻き込んだ野心家の兄\\n小一郎の３歳年上の兄。登場時の名は藤吉郎。尾張中村の貧しい農家で生まれ育ったが、主君である戦国武将・織田信長のもとでメキメキと頭角をあらわし、ついには天下統一を果たす。\",\"detailedWork\":[],\"hasOccupation\":[]}},{\"person\":{\"identifierGroup\":{\"npgId\":\"04E1F915-FCA1-441E-B5E2-5D60F7FE75D6\",\"wikidataId\":\"Q11284289\"},\"roleName\":\"Actor\",\"displayRoleName\":\"俳優\",\"name\":\"浜辺 美波\",\"detailedNameRuby\":\"はまべ みなみ\",\"familyName\":\"浜辺\",\"givenName\":\"美波\",\"detailedFamilyNameRuby\":\"はまべ\",\"detailedGivenNameRuby\":\"みなみ\",\"detailedNameDescription\":\"\",\"honorificSuffix\":\"\",\"jobTitle\":[],\"memberOf\":[],\"image\":{\"main\":{\"url\":\"https://img.web.nhk/static/assets/images/tvseries/ts/P52L88MYXY/P52L88MYXY-person_18cf0bd1c6f206300d5597fce517f5f8.png\",\"width\":1080,\"height\":1080},\"medium\":{\"url\":\"https://img.web.nhk/static/assets/images/tvseries/ts/P52L88MYXY/P52L88MYXY-person_edbfc099c50a27959c381da20788db7c.png\",\"width\":640,\"height\":640},\"small\":{\"url\":\"https://imgu.web.nhk/static/assets/images/tvseries/ts/P52L88MYXY/P52L88MYXY-person_0f5f7e395d69946dd7f47e133e89c342.png\",\"width\":200,\"height\":200}},\"characterName\":\"寧々\",\"detailedCharacterNameRuby\":\"ねね\",\"description\":\"夫の秀吉とともに天下人への階段を昇りつめる\\n豊臣秀吉の正妻。秀吉が関白に就任したのちは北政所（きたのまんどころ）と称される。\\n負けず嫌いの性格で、夫の秀吉とともに出世街道を駆け抜ける。\\nやがて庶民の娘から“戦国のファーストレディ”へと昇りつめる。\",\"detailedWork\":[],\"hasOccupation\":[]}},{\"person\":{\"identifierGroup\":{\"npgId\":\"00110902-AE66-45F8-B48D-E45DBA3F0CA8\",\"wikidataId\":\"Q48758750\"},\"roleName\":\"Actor\",\"displayRoleName\":\"俳優\",\"name\":\"白石 聖\",\"detailedNameRuby\":\"しらいし せい\",\"familyName\":\"白石\",\"givenName\":\"聖\",\"detailedFamilyNameRuby\":\"しらいし\",\"detailedGivenNameRuby\":\"せい\",\"detailedNameDescription\":\"\",\"honorificSuffix\":\"\",\"jobTitle\":[],\"memberOf\":[],\"image\":{\"main\":{\"url\":\"https://img.web.nhk/static/assets/images/tvseries/ts/P52L88MYXY/P52L88MYXY-person_0fe4352bc0ad486cf90ca333d73f6914.png\",\"width\":1080,\"height\":1080},\"medium\":{\"url\":\"https://img.web.nhk/static/assets/images/tvseries/ts/P52L88MYXY/P52L88MYXY-person_20e3755feba331ef7b91101e09b2a1a1.png\",\"width\":640,\"height\":640},\"small\":{\"url\":\"https://imgu.web.nhk/static/assets/images/tvseries/ts/P52L88MYXY/P52L88MYXY-person_a970a9a9542b4d85fbc1027e68068415.png\",\"width\":200,\"height\":200}},\"characterName\":\"直\",\"detailedCharacterNameRuby\":\"なお\",\"description\":\"小一郎の幼なじみ“初恋のひと”\\n小一郎と藤吉郎の故郷である尾張中村の土豪の娘。小一郎と同い年の幼なじみ。男勝りな性格だが、小一郎のことをひそかに慕っている。乱世に翻弄される悲劇のヒロイン。\",\"detailedWork\":[],\"hasOccupation\":[]}},{\"person\":{\"identifierGroup\":{\"npgId\":\"A8A7AFA3-BF8A-4C77-A8AA-4E52145F1E3C\",\"wikidataId\":\"Q3543884\"},\"roleName\":\"Actor\",\"displayRoleName\":\"俳優\",\"name\":\"加治 将樹\",\"detailedNameRuby\":\"かじ まさき\",\"familyName\":\"加治\",\"givenName\":\"将樹\",\"detailedFamilyNameRuby\":\"かじ\",\"detailedGivenNameRuby\":\"まさき\",\"detailedNameDescription\":\"\",\"honorificSuffix\":\"\",\"jobTitle\":[],\"memberOf\":[],\"image\":{\"main\":{\"url\":\"https://img.web.nhk/static/assets/images/tvseries/ts/P52L88MYXY/P52L88MYXY-person_634e7bc498fb6d23dc15aab6219e3ba0.png\",\"width\":1080,\"height\":1080},\"medium\":{\"url\":\"https://img.web.nhk/static/assets/images/tvseries/ts/P52L88MYXY/P52L88MYXY-person_7626f52e72efb35590caa42682930f39.png\",\"width\":640,\"height\":640},\"small\":{\"url\":\"https://imgu.web.nhk/static/assets/images/tvseries/ts/P52L88MYXY/P52L88MYXY-person_424c0af47228b7e421fb4a4e0e94584b.png\",\"width\":200,\"height\":200}},\"characterName\":\"城戸小左衛門\",\"detailedCharacterNameRuby\":\"きど こざえもん\",\"description\":\"織田家の家臣\\n織田家中で一目置かれる槍（やり）の名人。小一郎と藤吉郎の父・弥右衛門と因縁があるようで……。\",\"detailedWork\":[],\"hasOccupation\":[]}},{\"person\":{\"identifierGroup\":{\"npgId\":\"F6611598-AA03-431B-A0F7-C341462A80E5\",\"wikidataId\":\"Q11528970\"},\"roleName\":\"Actor\",\"displayRoleName\":\"俳優\",\"name\":\"松下 洸平\",\"detailedNameRuby\":\"まつした こうへい\",\"familyName\":\"松下\",\"givenName\":\"洸平\",\"detailedFamilyNameRuby\":\"まつした\",\"detailedGivenNameRuby\":\"こうへい\",\"detailedNameDescription\":\"\",\"honorificSuffix\":\"\",\"jobTitle\":[],\"memberOf\":[],\"image\":{\"main\":{\"url\":\"https://img.web.nhk/static/assets/images/tvseries/ts/P52L88MYXY/P52L88MYXY-person_8affe6a71dfbda2c3e04e856b5807321.png\",\"width\":1080,\"height\":1080},\"medium\":{\"url\":\"https://img.web.nhk/static/assets/images/tvseries/ts/P52L88MYXY/P52L88MYXY-person_ce27b072ff776320688a40d716d789f3.png\",\"width\":640,\"height\":640},\"small\":{\"url\":\"https://imgu.web.nhk/static/assets/images/tvseries/ts/P52L88MYXY/P52L88MYXY-person_845231c9e73496feead8fef6492fedef.png\",\"width\":200,\"height\":200}},\"characterName\":\"徳川家康\",\"detailedCharacterNameRuby\":\"とくがわ いえやす\",\"description\":\"豊臣兄弟の最強のライバル\\n戦国乱世に終止符を打ち、江戸幕府初代将軍として泰平の世を築いた戦国三英傑の一人。「桶狭間の戦い」で主君の今川義元が信長に討たれたことで、その後の運命が大きく変わることに。信長亡きあと天下一統を狙う豊臣兄弟の眼前に最大最強のライバルとして立ちはだかる。\",\"detailedWork\":[],\"hasOccupation\":[]}},{\"person\":{\"identifierGroup\":{\"npgId\":\"0BBFC4C3-B711-4621-B988-BA3D6838C04C\",\"wikidataId\":\"Q11442004\"},\"roleName\":\"Actor\",\"displayRoleName\":\"俳優\",\"name\":\"大鶴 義丹\",\"detailedNameRuby\":\"おおつる ぎたん\",\"familyName\":\"大鶴\",\"givenName\":\"義丹\",\"detailedFamilyNameRuby\":\"おおつる\",\"detailedGivenNameRuby\":\"ぎたん\",\"detailedNameDescription\":\"\",\"honorificSuffix\":\"\",\"jobTitle\":[],\"memberOf\":[],\"image\":{\"main\":{\"url\":\"https://img.web.nhk/static/assets/images/tvseries/ts/P52L88MYXY/P52L88MYXY-person_3ae94c2385bac371d0503eb8faef7ee7.png\",\"width\":1080,\"height\":1080},\"medium\":{\"url\":\"https://img.web.nhk/static/assets/images/tvseries/ts/P52L88MYXY/P52L88MYXY-person_8411d95cd5424d0aaa8d66d42136b30a.png\",\"width\":640,\"height\":640},\"small\":{\"url\":\"https://imgu.web.nhk/static/assets/images/tvseries/ts/P52L88MYXY/P52L88MYXY-person_1ea16f142cf0ecd31dddaa740809e6d1.png\",\"width\":200,\"height\":200}},\"characterName\":\"今川義元\",\"detailedCharacterNameRuby\":\"いまがわ よしもと\",\"description\":\"駿河・遠江の戦国大名\\n東海道の広大な地域を支配する駿河の戦国大名。教養に富み、領地をよく治め、軍事的手腕にも優れていたことから、のちに“海道一の弓取り”と称される。大軍を率いて尾張国東部をめぐる織田信長との戦いに臨む。\",\"detailedWork\":[],\"hasOccupation\":[]}},{\"person\":{\"identifierGroup\":{\"npgId\":\"33A709F5-6B0B-4AC2-A757-3EE61BAEAA68\",\"wikidataId\":\"Q11467539\"},\"roleName\":\"Actor\",\"displayRoleName\":\"俳優\",\"name\":\"山口 馬木也\",\"detailedNameRuby\":\"やまぐち まきや\",\"familyName\":\"山口\",\"givenName\":\"馬木也\",\"detailedFamilyNameRuby\":\"やまぐち\",\"detailedGivenNameRuby\":\"まきや\",\"detailedNameDescription\":\"\",\"honorificSuffix\":\"\",\"jobTitle\":[],\"memberOf\":[],\"image\":{\"main\":{\"url\":\"https://img.web.nhk/static/assets/images/tvseries/ts/P52L88MYXY/P52L88MYXY-person_15931ec1d4d47a797b3f63471e4f8cb1.png\",\"width\":1080,\"height\":1080},\"medium\":{\"url\":\"https://img.web.nhk/static/assets/images/tvseries/ts/P52L88MYXY/P52L88MYXY-person_79787545c1c002b53053bdf991bc18bd.png\",\"width\":640,\"height\":640},\"small\":{\"url\":\"https://imgu.web.nhk/static/assets/images/tvseries/ts/P52L88MYXY/P52L88MYXY-person_87776243a43926e281a519ccc036edd0.png\",\"width\":200,\"height\":200}},\"characterName\":\"柴田勝家\",\"detailedCharacterNameRuby\":\"しばた かついえ\",\"description\":\"兄弟の前に立ちはだかる大きな壁\\n織田信長の重臣の一人。勇猛果敢な戦上手で「鬼柴田」の異名で恐れられた。足軽時代の小一郎と藤吉郎にとっては怖くて苦手な存在。やがて二人が出世を果たすとあからさまに毛嫌いするようになる。信長亡きあとの「清須会議」では後継者争いを繰り広げ、やがて「賤ケ岳の戦い」で兄弟と激突することになる。\",\"detailedWork\":[],\"hasOccupation\":[]}},{\"person\":{\"identifierGroup\":{\"npgId\":\"DF67D531-44A9-491B-8A45-E373107544BA\",\"wikidataId\":\"Q253873\"},\"roleName\":\"Actor\",\"displayRoleName\":\"俳優\",\"name\":\"宮﨑 あおい\",\"detailedNameRuby\":\"みやざき あおい\",\"familyName\":\"宮﨑\",\"givenName\":\"あおい\",\"detailedFamilyNameRuby\":\"みやざき\",\"detailedGivenNameRuby\":\"あおい\",\"detailedNameDescription\":\"\",\"honorificSuffix\":\"\",\"jobTitle\":[],\"memberOf\":[],\"image\":{\"main\":{\"url\":\"https://img.web.nhk/static/assets/images/tvseries/ts/P52L88MYXY/P52L88MYXY-person_c10ea05d98950386bb1e035c703385fb.png\",\"width\":1080,\"height\":1080},\"medium\":{\"url\":\"https://img.web.nhk/static/assets/images/tvseries/ts/P52L88MYXY/P52L88MYXY-person_863cae13c5e3efd46d2bcb715a68650a.png\",\"width\":640,\"height\":640},\"small\":{\"url\":\"https://imgu.web.nhk/static/assets/images/tvseries/ts/P52L88MYXY/P52L88MYXY-person_9c29c4086e33985389330e70402d42d9.png\",\"width\":200,\"height\":200}},\"characterName\":\"市\",\"detailedCharacterNameRuby\":\"いち\",\"description\":\"波乱の生涯を歩む戦国ヒロイン\\n織田信長の妹。乱世に翻弄され悲劇的な一生を送るが、兄・信長と織田家のため波乱万丈な生涯を毅然（きぜん）として生き抜いた戦国ヒロインのひとり。信長と同盟を結ぶ近江の浅井長政に嫁ぎ、茶々・初・江の三姉妹を生み育てるが、のちに兄と夫が対立することになる。\",\"detailedWork\":[],\"hasOccupation\":[]}},{\"person\":{\"identifierGroup\":{\"npgId\":\"F8A68291-926B-4D78-92E8-DA8D8B46ABAF\",\"wikidataId\":\"Q457825\"},\"roleName\":\"Actor\",\"displayRoleName\":\"俳優\",\"name\":\"小栗 旬\",\"detailedNameRuby\":\"おぐり しゅん\",\"familyName\":\"小栗\",\"givenName\":\"旬\",\"detailedFamilyNameRuby\":\"おぐり\",\"detailedGivenNameRuby\":\"しゅん\",\"detailedNameDescription\":\"\",\"honorificSuffix\":\"\",\"jobTitle\":[],\"memberOf\":[],\"image\":{\"main\":{\"url\":\"https://img.web.nhk/static/assets/images/tvseries/ts/P52L88MYXY/P52L88MYXY-person_67abfcde9f1ca7f00a22417945168442.png\",\"width\":1080,\"height\":1080},\"medium\":{\"url\":\"https://img.web.nhk/static/assets/images/tvseries/ts/P52L88MYXY/P52L88MYXY-person_0a1e60b5d188f3db10e7dd344d64d75f.png\",\"width\":640,\"height\":640},\"small\":{\"url\":\"https://imgu.web.nhk/static/assets/images/tvseries/ts/P52L88MYXY/P52L88MYXY-person_78b15fdd0397ff4e3ccaf14cd51bac26.png\",\"width\":200,\"height\":200}},\"characterName\":\"織田信長\",\"detailedCharacterNameRuby\":\"おだ のぶなが\",\"description\":\"天下一統を狙う孤高のカリスマ\\n大胆で革新的な戦略と非凡なリーダーシップにより領土を拡大し、「天下布武」のスローガンのもと天下一統を目指したカリスマ的武将。立身出世を目指す小一郎（のちの秀長）と藤吉郎（のちの秀吉）兄弟にとって絶対的な主君である。当主争いで対立した弟を自らの手で殺害したという苦い過去を持っている。\",\"detailedWork\":[],\"hasOccupation\":[]}}],\"contributor\":[],\"partOfSeries\":{\"id\":\"P52L88MYXY\",\"name\":\"大河ドラマ「豊臣兄弟！」\",\"detailedSeriesNameRuby\":\"とよとみきょうだい\",\"identifierGroup\":{\"tvSeriesId\":\"P52L88MYXY\",\"tvSeriesPlaylistId\":\"series-tep-P52L88MYXY\",\"tvSeriesUId\":\"p0defc81f-a07b-55e0-b9a6-c7f75720f416\",\"tvSeriesName\":\"大河ドラマ「豊臣兄弟！」\",\"hashtag\":[],\"siteId\":\"8969\",\"serviceId\":[\"g1\",\"g2\",\"s1\",\"s2\",\"s5\"],\"aliasId\":\"toyotomi-kyodai\",\"formatGenre\":[{\"id\":\"03\",\"name\":\"ドラマ\"}],\"nod\":{\"id\":\"P202500491700000\",\"url\":\"https://www.nhk-ondemand.jp/program/P202500491700000/\"}},\"keyword\":[\"NHK\",\"大河ドラマ\",\"豊臣兄弟！\",\"戦国時代\",\"豊臣秀長\",\"豊臣秀吉\",\"八津弘幸\",\"仲野太賀\",\"池松壮亮\",\"吉岡里帆\",\"浜辺美波\",\"白石聖\",\"坂井真紀\",\"宮澤エマ\",\"大東駿介\",\"松下洸平\",\"山口馬木也\",\"宮﨑あおい\",\"小栗旬\"],\"detailedSynonym\":[],\"sameAs\":[{\"name\":\"▶︎公式Instagram アカウント\",\"url\":\"https://www.instagram.com/nhk_toyotomi/\"},{\"name\":\"▶︎公式X（旧Twitter）アカウント\",\"url\":\"https://x.com/nhk_toyotomi\"},{\"name\":\"▶︎NHK公式YouTube「豊臣兄弟！」プレイリスト\",\"url\":\"https://www.youtube.com/playlist?list=PLcynJ47QaWNvaqX7QpxWQbRs1tHrRHgnb\"}],\"canonical\":\"https://www.web.nhk/tv/an/toyotomi-kyodai/pl/series-tep-P52L88MYXY\",\"description\":\"【NHK公式】大河ドラマ「豊臣兄弟！」\\n\\n大河ドラマ第65作で描くのは、戦国時代のど真ん中!!\\n強い絆で天下統一という偉業を成し遂げた豊臣兄弟の奇跡──\\n夢と希望の下剋上（げこくじょう）サクセスストーリーです！\\n\\n主人公は天下人の弟・豊臣秀長（とよとみ・ひでなが）\\n歴史にif（もしも）はないものの…\\n\\n『秀長が長生きしていれば豊臣家の天下は安泰だった』\\n\\nとまでいわしめた天下一の補佐役・秀長の目線で戦国時代をダイナミックに描く波乱万丈のエンターテインメント！\\n\\n【放送予定】\\n2026年1月4日（日）スタート ※初回15分拡大版\\n\\n【作】八津弘幸\\n【音楽】木村秀彬\\n【語り】安藤サクラ\\n【出演】仲野太賀、池松壮亮、吉岡里帆、浜辺美波、白石 聖、坂井真紀、宮澤エマ、菅田将暉、大東駿介、松下洸平、山口馬木也、宮﨑あおい、小栗 旬　ほか\\n【時代考証】黒田基樹、柴 裕之\\n【制作統括】松川博敬、堀内裕介\\n【プロデューサー】高橋優香子、舟橋哲男、吉岡和彦（展開・プロモーション）、国友 茜（広報）\\n【演出】渡邊良雄、渡辺哲也、田中 正\",\"detailedCatch\":\"熱い兄弟が夢と希望を胸に突っ走る奇跡の下剋上サクセスストーリー！\",\"logo\":{\"main\":{\"url\":\"https://imgu.web.nhk/static/assets/images/tvseries/ts/P52L88MYXY/P52L88MYXY-logo_c64ecc100161d9ce85c8aa953bc73ae1.jpg\",\"width\":1080,\"height\":1080},\"medium\":{\"url\":\"https://imgu.web.nhk/static/assets/images/tvseries/ts/P52L88MYXY/P52L88MYXY-logo_64a636dd72417d3cf661cb2f6808c33a.jpg\",\"width\":640,\"height\":640},\"small\":{\"url\":\"https://imgu.web.nhk/static/assets/images/tvseries/ts/P52L88MYXY/P52L88MYXY-logo_b696c913daeb18f3a663376fa0ec438b.jpg\",\"width\":200,\"height\":200}},\"eyecatch\":{\"large\":{\"url\":\"https://imgu.web.nhk/static/assets/images/tvseries/ts/P52L88MYXY/P52L88MYXY-eyecatch_a738f4a4bd6c933e48839aa43eb14379.jpg\",\"width\":3840,\"height\":2160},\"main\":{\"url\":\"https://imgu.web.nhk/static/assets/images/tvseries/ts/P52L88MYXY/P52L88MYXY-eyecatch_db018d96e8b0a9b57d8a66adf2895c55.jpg\",\"width\":1920,\"height\":1080},\"medium\":{\"url\":\"https://imgu.web.nhk/static/assets/images/tvseries/ts/P52L88MYXY/P52L88MYXY-eyecatch_80f2d9833ddbcdd1daf27c8a5568f526.jpg\",\"width\":1280,\"height\":720},\"small\":{\"url\":\"https://imgu.web.nhk/static/assets/images/tvseries/ts/P52L88MYXY/P52L88MYXY-eyecatch_b70d310c60625c1e0709f4048f70c0b1.jpg\",\"width\":640,\"height\":360}},\"hero\":{\"main\":{\"url\":\"https://imgu.web.nhk/static/assets/images/tvseries/ts/P52L88MYXY/P52L88MYXY-hero_742f045f3b953f612d1de63511984416.jpg\",\"width\":1920,\"height\":640},\"medium\":{\"url\":\"https://imgu.web.nhk/static/assets/images/tvseries/ts/P52L88MYXY/P52L88MYXY-hero_279368f784327dddc794c1896a388d4e.jpg\",\"width\":1080,\"height\":360}},\"style\":{\"textLight\":\"#000000\",\"textDark\":\"#FFFFFF\",\"linkLight\":\"#005AFF\",\"linkDark\":\"#4788FF\",\"primaryLight\":\"#005AFF\",\"primaryDark\":\"#0B61FF\"},\"additionalProperty\":{\"publishLevel\":\"full\",\"layoutPattern\":\"summary\",\"episodeOrderBy\":\"releasedEvent\",\"availableOnPlus\":false,\"enableVariablePlayBackSpeedControl\":false,\"optional\":[],\"seriesPackStatus\":\"notPacked\",\"supportMedia\":[\"@screen\"],\"supportMusicList\":true,\"supportPlusEmbed\":true,\"enableWebContent\":false},\"url\":\"https://api-local.ss.org.nhk/r8/t/nplaylist/pl/series-tep-P52L88MYXY.json\",\"itemUrl\":\"https://api-local.ss.org.nhk/r8/l/tvepisode/pl/series-tep-P52L88MYXY.json\"},\"releasedEvent\":{\"startDate\":\"2026-01-25T20:00:00+09:00\",\"displayStartDate\":\"2026-01-25T20:00:00+09:00\",\"endDate\":\"2026-01-25T20:45:00+09:00\",\"publishedOn\":{\"type\":\"BroadcastService\",\"id\":\"bs-g1-130\",\"name\":\"NHK総合テレビジョン\",\"url\":\"https://api-local.ss.org.nhk/r8/t/broadcastservice/bs/g1-130.json\",\"broadcastDisplayName\":\"NHK総合・東京\",\"videoFormat\":[\"2K\"],\"encodingFormat\":[\"video/X-arib-mpeg2\",\"audio/X-arib-mpeg2-aac\"],\"identifierGroup\":{\"serviceId\":\"g1\",\"serviceName\":\"NHK総合1\",\"areaId\":\"130\",\"areaName\":\"東京\",\"channelId\":\"011\",\"channelKey\":\"1\",\"channelAreaName\":\"東京\",\"channelStationName\":\"首都圏\",\"shortenedName\":\"NHK総合1\",\"shortenedDisplayName\":\"総合\",\"multiChannelDisplayName\":\"総合\"},\"logo\":{\"url\":\"https://imgu.web.nhk/common/broadcastservice/bs/g1/g1-logo.svg\",\"main\":{\"url\":\"https://imgu.web.nhk/common/broadcastservice/bs/g1/g1-logo_1080x1080.png\",\"width\":1080,\"height\":1080},\"medium\":{\"url\":\"https://imgu.web.nhk/common/broadcastservice/bs/g1/g1-logo_640x640.png\",\"width\":640,\"height\":640},\"small\":{\"url\":\"https://imgu.web.nhk/common/broadcastservice/bs/g1/g1-logo_200x200.png\",\"width\":200,\"height\":200}},\"eyecatch\":{\"url\":\"https://imgu.web.nhk/common/broadcastservice/bs/g1/g1-eyecatch.svg\",\"large\":{\"url\":\"https://imgu.web.nhk/common/broadcastservice/bs/g1/g1-eyecatch_3840x2160.png\",\"width\":3840,\"height\":2160},\"main\":{\"url\":\"https://imgu.web.nhk/common/broadcastservice/bs/g1/g1-eyecatch_1920x1080.png\",\"width\":1920,\"height\":1080},\"medium\":{\"url\":\"https://imgu.web.nhk/common/broadcastservice/bs/g1/g1-eyecatch_1280x720.png\",\"width\":1280,\"height\":720},\"small\":{\"url\":\"https://imgu.web.nhk/common/broadcastservice/bs/g1/g1-eyecatch_640x360.png\",\"width\":640,\"height\":360}},\"hero\":{\"url\":\"https://imgu.web.nhk/common/broadcastservice/bs/g1/g1-hero.svg\",\"main\":{\"url\":\"https://imgu.web.nhk/common/broadcastservice/bs/g1/g1-hero_1920x640.png\",\"width\":1920,\"height\":640},\"medium\":{\"url\":\"https://imgu.web.nhk/common/broadcastservice/bs/g1/g1-hero_1080x360.png\",\"width\":1080,\"height\":360}},\"badge9x4\":{\"url\":\"https://imgu.web.nhk/common/broadcastservice/bs/g1/g1-badge9x4.svg\",\"main\":{\"url\":\"https://imgu.web.nhk/common/broadcastservice/bs/g1/g1-badge9x4_360x160.png\",\"width\":360,\"height\":160},\"small\":{\"url\":\"https://imgu.web.nhk/common/broadcastservice/bs/g1/g1-badge9x4_180x80.png\",\"width\":180,\"height\":80}}}},\"detailedRecentEvent\":{\"startDate\":\"2026-01-25T20:00:00+09:00\",\"endDate\":\"2026-01-25T20:45:00+09:00\",\"publishedOn\":{\"type\":\"BroadcastService\",\"id\":\"bs-g1-130\",\"name\":\"NHK総合テレビジョン\",\"url\":\"https://api-local.ss.org.nhk/r8/t/broadcastservice/bs/g1-130.json\",\"broadcastDisplayName\":\"NHK総合・東京\",\"videoFormat\":[\"2K\"],\"encodingFormat\":[\"video/X-arib-mpeg2\",\"audio/X-arib-mpeg2-aac\"],\"identifierGroup\":{\"serviceId\":\"g1\",\"serviceName\":\"NHK総合1\",\"areaId\":\"130\",\"areaName\":\"東京\",\"channelId\":\"011\",\"channelKey\":\"1\",\"channelAreaName\":\"東京\",\"channelStationName\":\"首都圏\",\"shortenedName\":\"NHK総合1\",\"shortenedDisplayName\":\"総合\",\"multiChannelDisplayName\":\"総合\"},\"logo\":{\"url\":\"https://imgu.web.nhk/common/broadcastservice/bs/g1/g1-logo.svg\",\"main\":{\"url\":\"https://imgu.web.nhk/common/broadcastservice/bs/g1/g1-logo_1080x1080.png\",\"width\":1080,\"height\":1080},\"medium\":{\"url\":\"https://imgu.web.nhk/common/broadcastservice/bs/g1/g1-logo_640x640.png\",\"width\":640,\"height\":640},\"small\":{\"url\":\"https://imgu.web.nhk/common/broadcastservice/bs/g1/g1-logo_200x200.png\",\"width\":200,\"height\":200}},\"eyecatch\":{\"url\":\"https://imgu.web.nhk/common/broadcastservice/bs/g1/g1-eyecatch.svg\",\"large\":{\"url\":\"https://imgu.web.nhk/common/broadcastservice/bs/g1/g1-eyecatch_3840x2160.png\",\"width\":3840,\"height\":2160},\"main\":{\"url\":\"https://imgu.web.nhk/common/broadcastservice/bs/g1/g1-eyecatch_1920x1080.png\",\"width\":1920,\"height\":1080},\"medium\":{\"url\":\"https://imgu.web.nhk/common/broadcastservice/bs/g1/g1-eyecatch_1280x720.png\",\"width\":1280,\"height\":720},\"small\":{\"url\":\"https://imgu.web.nhk/common/broadcastservice/bs/g1/g1-eyecatch_640x360.png\",\"width\":640,\"height\":360}},\"hero\":{\"url\":\"https://imgu.web.nhk/common/broadcastservice/bs/g1/g1-hero.svg\",\"main\":{\"url\":\"https://imgu.web.nhk/common/broadcastservice/bs/g1/g1-hero_1920x640.png\",\"width\":1920,\"height\":640},\"medium\":{\"url\":\"https://imgu.web.nhk/common/broadcastservice/bs/g1/g1-hero_1080x360.png\",\"width\":1080,\"height\":360}},\"badge9x4\":{\"url\":\"https://imgu.web.nhk/common/broadcastservice/bs/g1/g1-badge9x4.svg\",\"main\":{\"url\":\"https://imgu.web.nhk/common/broadcastservice/bs/g1/g1-badge9x4_360x160.png\",\"width\":360,\"height\":160},\"small\":{\"url\":\"https://imgu.web.nhk/common/broadcastservice/bs/g1/g1-badge9x4_180x80.png\",\"width\":180,\"height\":80}}}},\"eyecatch\":{\"large\":{\"url\":\"https://imgu.web.nhk/static/assets/images/tvepisode/te/N3RJVK953X/N3RJVK953X-eyecatch_21d7e7b0a1d3cb6530c2f423be1324e7.jpg\",\"width\":3840,\"height\":2160},\"main\":{\"url\":\"https://imgu.web.nhk/static/assets/images/tvepisode/te/N3RJVK953X/N3RJVK953X-eyecatch_4bd7b33cc8030a048ede19816603c957.jpg\",\"width\":1920,\"height\":1080},\"medium\":{\"url\":\"https://imgu.web.nhk/static/assets/images/tvepisode/te/N3RJVK953X/N3RJVK953X-eyecatch_912f8000a445b609904807f7aa67b371.jpg\",\"width\":1280,\"height\":720},\"small\":{\"url\":\"https://imgu.web.nhk/static/assets/images/tvepisode/te/N3RJVK953X/N3RJVK953X-eyecatch_dec2eca1f62a1024f05cc4fc93008155.jpg\",\"width\":640,\"height\":360}},\"eyecatchList\":[{\"large\":{\"url\":\"https://imgu.web.nhk/static/assets/images/tvepisode/te/N3RJVK953X/N3RJVK953X-eyecatches_1a6c94b96d7eb601a9ea0f1856d49fab.jpg\",\"width\":3840,\"height\":2160},\"main\":{\"url\":\"https://imgu.web.nhk/static/assets/images/tvepisode/te/N3RJVK953X/N3RJVK953X-eyecatches_f05bca18532a8ab8464b99325e7d9e96.jpg\",\"width\":1920,\"height\":1080},\"medium\":{\"url\":\"https://imgu.web.nhk/static/assets/images/tvepisode/te/N3RJVK953X/N3RJVK953X-eyecatches_6a9cc0b077e3524e13d4daff596c9c5f.jpg\",\"width\":1280,\"height\":720},\"small\":{\"url\":\"https://imgu.web.nhk/static/assets/images/tvepisode/te/N3RJVK953X/N3RJVK953X-eyecatches_1f35b3b8fe5cab23d2efacd9529a6ef6.jpg\",\"width\":640,\"height\":360}},{\"large\":{\"url\":\"https://imgu.web.nhk/static/assets/images/tvepisode/te/N3RJVK953X/N3RJVK953X-eyecatches_fced1b9d78eabcff28dbc5df08ece9c4.jpg\",\"width\":3840,\"height\":2160},\"main\":{\"url\":\"https://imgu.web.nhk/static/assets/images/tvepisode/te/N3RJVK953X/N3RJVK953X-eyecatches_2db8f80ad645d0d6fc445036437a4f38.jpg\",\"width\":1920,\"height\":1080},\"medium\":{\"url\":\"https://imgu.web.nhk/static/assets/images/tvepisode/te/N3RJVK953X/N3RJVK953X-eyecatches_cc85db0bb5d45a69701f33957af892a6.jpg\",\"width\":1280,\"height\":720},\"small\":{\"url\":\"https://imgu.web.nhk/static/assets/images/tvepisode/te/N3RJVK953X/N3RJVK953X-eyecatches_0c5efb30bf339cf9ce94373e9ef7c9ce.jpg\",\"width\":640,\"height\":360}},{\"large\":{\"url\":\"https://imgu.web.nhk/static/assets/images/tvepisode/te/N3RJVK953X/N3RJVK953X-eyecatches_027119cacb97361b072f49cb327050b5.jpg\",\"width\":3840,\"height\":2160},\"main\":{\"url\":\"https://imgu.web.nhk/static/assets/images/tvepisode/te/N3RJVK953X/N3RJVK953X-eyecatches_bd30bf44b551f1ccc365ad60176ae0a7.jpg\",\"width\":1920,\"height\":1080},\"medium\":{\"url\":\"https://imgu.web.nhk/static/assets/images/tvepisode/te/N3RJVK953X/N3RJVK953X-eyecatches_c6292ea346828c9b5d1cf34c2d1418d3.jpg\",\"width\":1280,\"height\":720},\"small\":{\"url\":\"https://imgu.web.nhk/static/assets/images/tvepisode/te/N3RJVK953X/N3RJVK953X-eyecatches_bd27f594252bfe7874996f717bb68f46.jpg\",\"width\":640,\"height\":360}},{\"large\":{\"url\":\"https://imgu.web.nhk/static/assets/images/tvepisode/te/N3RJVK953X/N3RJVK953X-eyecatches_20bb27ae2d0d9ca40f8df870cc4716bb.jpg\",\"width\":3840,\"height\":2160},\"main\":{\"url\":\"https://imgu.web.nhk/static/assets/images/tvepisode/te/N3RJVK953X/N3RJVK953X-eyecatches_55431bc2ac303755a78e7e02d93b87f0.jpg\",\"width\":1920,\"height\":1080},\"medium\":{\"url\":\"https://imgu.web.nhk/static/assets/images/tvepisode/te/N3RJVK953X/N3RJVK953X-eyecatches_ff074097eea60a8bb7483c3befa514ac.jpg\",\"width\":1280,\"height\":720},\"small\":{\"url\":\"https://imgu.web.nhk/static/assets/images/tvepisode/te/N3RJVK953X/N3RJVK953X-eyecatches_2245e369b97aec7b92985812f6f72443.jpg\",\"width\":640,\"height\":360}}],\"video\":[],\"citation\":[],\"detailedPinnedCitation\":[{\"name\":\"🐒第3回・第4回の相関図・登場人物はこちら\",\"url\":\"https://www.nhk.jp/g/ts/P52L88MYXY/blog/bl/pwWYoeNnb2/bp/pzn4lv1Jl0/\"},{\"name\":\"🐒第4回「桶狭間！」まとめ\",\"url\":\"https://www.nhk.jp/g/ts/P52L88MYXY/blog/bl/pdRPMxDlrQ/bp/p0vqj9nAEP/\"},{\"name\":\"📺関連番組はこちら（NHK ONE 「豊臣兄弟！」 プレイリスト）\",\"url\":\"https://www.web.nhk/tv/pl/editorial-tep-4MBMYEIJTX\"},{\"name\":\"📺NHKオンデマンド（4）配信中！\",\"url\":\"https://www.nhk-ondemand.jp/goods/G2025153589SA000/?spg=P202500491700000\"}],\"sameAs\":[],\"correction\":[],\"url\":\"https://api-local.ss.org.nhk/r8/t/tvepisode/te/N3RJVK953X.json\",\"canonical\":\"https://www.web.nhk/tv/an/toyotomi-kyodai/pl/series-tep-P52L88MYXY/ep/N3RJVK953X\",\"associatedMedia\":[],\"hasPart\":[],\"additionalProperty\":{\"episodeMergeStatus\":\"notMerged\"}},\"link\":{\"href\":\"https://www.web.nhk/tv/an/toyotomi-kyodai/pl/series-tep-P52L88MYXY/ep/N3RJVK953X\"}}]\n"])</script><script>self.__next_f.push([1,"49:[\"$\",\"$L2a\",\"5GNQ8QWWNV\",{\"content\":{\"type\":\"TVEpisode\",\"id\":\"5GNQ8QWWNV\",\"name\":\"(3)決戦前夜\",\"detailedEpisodeNameRuby\":\"\",\"identifierGroup\":{\"tvEpisodeId\":\"5GNQ8QWWNV\",\"tvSeriesId\":\"P52L88MYXY\",\"tvEpisodeName\":\"(3)決戦前夜\",\"tvSeriesName\":\"大河ドラマ「豊臣兄弟！」\",\"hashtag\":[],\"siteId\":\"8969\",\"serviceId\":[\"g1\",\"g2\",\"s1\",\"s2\",\"s5\"],\"aliasId\":\"toyotomi-kyodai\",\"formatGenreTag\":[{\"id\":\"03\",\"name\":\"ドラマ\"}],\"themeGenreTag\":[{\"id\":\"031\",\"name\":\"国内ドラマ\"},{\"id\":\"033\",\"name\":\"時代劇\"},{\"id\":\"030\",\"name\":\"ドラマ全般\"}]},\"keyword\":[],\"description\":\"故郷の中村をあとにした小一郎（仲野太賀）、藤吉郎（池松壮亮）、直（白石聖）の３人は織田信長（小栗旬）の城下町・清須にやってくる。織田家臣の浅野長勝（宮川一朗太）のもとに挨拶に訪れるが、その場で直は長勝の娘・寧々（浜辺美波）の侍女になることが決まる。兄弟の二人三脚の暮らしが始まるが、藤吉郎は小一郎にある秘密の計画を打ち明ける。そしてついに今川義元（大鶴義丹）の大軍が尾張に向けて進軍を始める。\",\"dateCreated\":\"2025-11-25T18:34:51+09:00\",\"dateModified\":\"2026-01-31T00:03:36+09:00\",\"actor\":[{\"person\":{\"identifierGroup\":{\"npgId\":\"29D4D7A7-E3F2-4E1F-94CA-046080070DC0\",\"wikidataId\":\"Q11444506\"},\"roleName\":\"Actor\",\"displayRoleName\":\"俳優\",\"name\":\"仲野 太賀\",\"detailedNameRuby\":\"なかの たいが\",\"familyName\":\"仲野\",\"givenName\":\"太賀\",\"detailedFamilyNameRuby\":\"なかの\",\"detailedGivenNameRuby\":\"たいが\",\"detailedNameDescription\":\"\",\"honorificSuffix\":\"\",\"jobTitle\":[],\"memberOf\":[],\"image\":{\"main\":{\"url\":\"https://img.web.nhk/static/assets/images/tvseries/ts/P52L88MYXY/P52L88MYXY-person_bba932486e9715f0c88077bac28a03a5.png\",\"width\":1080,\"height\":1080},\"medium\":{\"url\":\"https://img.web.nhk/static/assets/images/tvseries/ts/P52L88MYXY/P52L88MYXY-person_96550216303231facd956bb116caa614.png\",\"width\":640,\"height\":640},\"small\":{\"url\":\"https://imgu.web.nhk/static/assets/images/tvseries/ts/P52L88MYXY/P52L88MYXY-person_20ad70eaeb107b8f431c2d470fdfdeb2.png\",\"width\":200,\"height\":200}},\"characterName\":\"小一郎（豊臣秀長）\",\"detailedCharacterNameRuby\":\"こいちろう（とよとみ ひでなが）\",\"description\":\"天下人・豊臣秀吉の弟\\n登場時の名は小一郎。兄の天下取りをいちずに支え続けた「天下一の補佐役」といわれている。\",\"detailedWork\":[],\"hasOccupation\":[]}},{\"person\":{\"identifierGroup\":{\"npgId\":\"D690F0C8-05B8-4A71-9A1E-13B8A756E70D\",\"wikidataId\":\"Q1058963\"},\"roleName\":\"Actor\",\"displayRoleName\":\"俳優\",\"name\":\"池松 壮亮\",\"detailedNameRuby\":\"いけまつ そうすけ\",\"familyName\":\"池松\",\"givenName\":\"壮亮\",\"detailedFamilyNameRuby\":\"いけまつ\",\"detailedGivenNameRuby\":\"そうすけ\",\"detailedNameDescription\":\"\",\"honorificSuffix\":\"\",\"jobTitle\":[],\"memberOf\":[],\"image\":{\"main\":{\"url\":\"https://img.web.nhk/static/assets/images/tvseries/ts/P52L88MYXY/P52L88MYXY-person_92f02688b9bd99a554065cd296d2952f.png\",\"width\":1080,\"height\":1080},\"medium\":{\"url\":\"https://img.web.nhk/static/assets/images/tvseries/ts/P52L88MYXY/P52L88MYXY-person_cb1f34b797811ceac6d68d9b83e9b8f7.png\",\"width\":640,\"height\":640},\"small\":{\"url\":\"https://imgu.web.nhk/static/assets/images/tvseries/ts/P52L88MYXY/P52L88MYXY-person_87292aa7be724fb75464ac6a068a68fd.png\",\"width\":200,\"height\":200}},\"characterName\":\"藤吉郎（豊臣秀吉）\",\"detailedCharacterNameRuby\":\"とうきちろう（とよとみ ひでよし）\",\"description\":\"小一郎を乱世に巻き込んだ野心家の兄\\n小一郎の３歳年上の兄。登場時の名は藤吉郎。尾張中村の貧しい農家で生まれ育ったが、主君である戦国武将・織田信長のもとでメキメキと頭角をあらわし、ついには天下統一を果たす。\",\"detailedWork\":[],\"hasOccupation\":[]}},{\"person\":{\"identifierGroup\":{\"npgId\":\"04E1F915-FCA1-441E-B5E2-5D60F7FE75D6\",\"wikidataId\":\"Q11284289\"},\"roleName\":\"Actor\",\"displayRoleName\":\"俳優\",\"name\":\"浜辺 美波\",\"detailedNameRuby\":\"はまべ みなみ\",\"familyName\":\"浜辺\",\"givenName\":\"美波\",\"detailedFamilyNameRuby\":\"はまべ\",\"detailedGivenNameRuby\":\"みなみ\",\"detailedNameDescription\":\"\",\"honorificSuffix\":\"\",\"jobTitle\":[],\"memberOf\":[],\"image\":{\"main\":{\"url\":\"https://img.web.nhk/static/assets/images/tvseries/ts/P52L88MYXY/P52L88MYXY-person_18cf0bd1c6f206300d5597fce517f5f8.png\",\"width\":1080,\"height\":1080},\"medium\":{\"url\":\"https://img.web.nhk/static/assets/images/tvseries/ts/P52L88MYXY/P52L88MYXY-person_edbfc099c50a27959c381da20788db7c.png\",\"width\":640,\"height\":640},\"small\":{\"url\":\"https://imgu.web.nhk/static/assets/images/tvseries/ts/P52L88MYXY/P52L88MYXY-person_0f5f7e395d69946dd7f47e133e89c342.png\",\"width\":200,\"height\":200}},\"characterName\":\"寧々\",\"detailedCharacterNameRuby\":\"ねね\",\"description\":\"夫の秀吉とともに天下人への階段を昇りつめる\\n豊臣秀吉の正妻。秀吉が関白に就任したのちは北政所（きたのまんどころ）と称される。\\n負けず嫌いの性格で、夫の秀吉とともに出世街道を駆け抜ける。\\nやがて庶民の娘から“戦国のファーストレディ”へと昇りつめる。\",\"detailedWork\":[],\"hasOccupation\":[]}},{\"person\":{\"identifierGroup\":{\"npgId\":\"00110902-AE66-45F8-B48D-E45DBA3F0CA8\",\"wikidataId\":\"Q48758750\"},\"roleName\":\"Actor\",\"displayRoleName\":\"俳優\",\"name\":\"白石 聖\",\"detailedNameRuby\":\"しらいし せい\",\"familyName\":\"白石\",\"givenName\":\"聖\",\"detailedFamilyNameRuby\":\"しらいし\",\"detailedGivenNameRuby\":\"せい\",\"detailedNameDescription\":\"\",\"honorificSuffix\":\"\",\"jobTitle\":[],\"memberOf\":[],\"image\":{\"main\":{\"url\":\"https://img.web.nhk/static/assets/images/tvseries/ts/P52L88MYXY/P52L88MYXY-person_0fe4352bc0ad486cf90ca333d73f6914.png\",\"width\":1080,\"height\":1080},\"medium\":{\"url\":\"https://img.web.nhk/static/assets/images/tvseries/ts/P52L88MYXY/P52L88MYXY-person_20e3755feba331ef7b91101e09b2a1a1.png\",\"width\":640,\"height\":640},\"small\":{\"url\":\"https://imgu.web.nhk/static/assets/images/tvseries/ts/P52L88MYXY/P52L88MYXY-person_a970a9a9542b4d85fbc1027e68068415.png\",\"width\":200,\"height\":200}},\"characterName\":\"直\",\"detailedCharacterNameRuby\":\"なお\",\"description\":\"小一郎の幼なじみ“初恋のひと”\\n小一郎と藤吉郎の故郷である尾張中村の土豪の娘。小一郎と同い年の幼なじみ。男勝りな性格だが、小一郎のことをひそかに慕っている。乱世に翻弄される悲劇のヒロイン。\",\"detailedWork\":[],\"hasOccupation\":[]}},{\"person\":{\"identifierGroup\":{\"npgId\":\"A8A7AFA3-BF8A-4C77-A8AA-4E52145F1E3C\",\"wikidataId\":\"Q3543884\"},\"roleName\":\"Actor\",\"displayRoleName\":\"俳優\",\"name\":\"加治 将樹\",\"detailedNameRuby\":\"かじ まさき\",\"familyName\":\"加治\",\"givenName\":\"将樹\",\"detailedFamilyNameRuby\":\"かじ\",\"detailedGivenNameRuby\":\"まさき\",\"detailedNameDescription\":\"\",\"honorificSuffix\":\"\",\"jobTitle\":[],\"memberOf\":[],\"image\":{\"main\":{\"url\":\"https://img.web.nhk/static/assets/images/tvseries/ts/P52L88MYXY/P52L88MYXY-person_634e7bc498fb6d23dc15aab6219e3ba0.png\",\"width\":1080,\"height\":1080},\"medium\":{\"url\":\"https://img.web.nhk/static/assets/images/tvseries/ts/P52L88MYXY/P52L88MYXY-person_7626f52e72efb35590caa42682930f39.png\",\"width\":640,\"height\":640},\"small\":{\"url\":\"https://imgu.web.nhk/static/assets/images/tvseries/ts/P52L88MYXY/P52L88MYXY-person_424c0af47228b7e421fb4a4e0e94584b.png\",\"width\":200,\"height\":200}},\"characterName\":\"城戸小左衛門\",\"detailedCharacterNameRuby\":\"きど こざえもん\",\"description\":\"織田家の家臣\\n織田家中で一目置かれる槍（やり）の名人。小一郎と藤吉郎の父・弥右衛門と因縁があるようで……。\",\"detailedWork\":[],\"hasOccupation\":[]}},{\"person\":{\"identifierGroup\":{\"npgId\":\"F6611598-AA03-431B-A0F7-C341462A80E5\",\"wikidataId\":\"Q11528970\"},\"roleName\":\"Actor\",\"displayRoleName\":\"俳優\",\"name\":\"松下 洸平\",\"detailedNameRuby\":\"まつした こうへい\",\"familyName\":\"松下\",\"givenName\":\"洸平\",\"detailedFamilyNameRuby\":\"まつした\",\"detailedGivenNameRuby\":\"こうへい\",\"detailedNameDescription\":\"\",\"honorificSuffix\":\"\",\"jobTitle\":[],\"memberOf\":[],\"image\":{\"main\":{\"url\":\"https://img.web.nhk/static/assets/images/tvseries/ts/P52L88MYXY/P52L88MYXY-person_8affe6a71dfbda2c3e04e856b5807321.png\",\"width\":1080,\"height\":1080},\"medium\":{\"url\":\"https://img.web.nhk/static/assets/images/tvseries/ts/P52L88MYXY/P52L88MYXY-person_ce27b072ff776320688a40d716d789f3.png\",\"width\":640,\"height\":640},\"small\":{\"url\":\"https://imgu.web.nhk/static/assets/images/tvseries/ts/P52L88MYXY/P52L88MYXY-person_845231c9e73496feead8fef6492fedef.png\",\"width\":200,\"height\":200}},\"characterName\":\"徳川家康\",\"detailedCharacterNameRuby\":\"とくがわ いえやす\",\"description\":\"豊臣兄弟の最強のライバル\\n戦国乱世に終止符を打ち、江戸幕府初代将軍として泰平の世を築いた戦国三英傑の一人。「桶狭間の戦い」で主君の今川義元が信長に討たれたことで、その後の運命が大きく変わることに。信長亡きあと天下一統を狙う豊臣兄弟の眼前に最大最強のライバルとして立ちはだかる。\",\"detailedWork\":[],\"hasOccupation\":[]}},{\"person\":{\"identifierGroup\":{\"npgId\":\"0BBFC4C3-B711-4621-B988-BA3D6838C04C\",\"wikidataId\":\"Q11442004\"},\"roleName\":\"Actor\",\"displayRoleName\":\"俳優\",\"name\":\"大鶴 義丹\",\"detailedNameRuby\":\"おおつる ぎたん\",\"familyName\":\"大鶴\",\"givenName\":\"義丹\",\"detailedFamilyNameRuby\":\"おおつる\",\"detailedGivenNameRuby\":\"ぎたん\",\"detailedNameDescription\":\"\",\"honorificSuffix\":\"\",\"jobTitle\":[],\"memberOf\":[],\"image\":{\"main\":{\"url\":\"https://img.web.nhk/static/assets/images/tvseries/ts/P52L88MYXY/P52L88MYXY-person_3ae94c2385bac371d0503eb8faef7ee7.png\",\"width\":1080,\"height\":1080},\"medium\":{\"url\":\"https://img.web.nhk/static/assets/images/tvseries/ts/P52L88MYXY/P52L88MYXY-person_8411d95cd5424d0aaa8d66d42136b30a.png\",\"width\":640,\"height\":640},\"small\":{\"url\":\"https://imgu.web.nhk/static/assets/images/tvseries/ts/P52L88MYXY/P52L88MYXY-person_1ea16f142cf0ecd31dddaa740809e6d1.png\",\"width\":200,\"height\":200}},\"characterName\":\"今川義元\",\"detailedCharacterNameRuby\":\"いまがわ よしもと\",\"description\":\"駿河・遠江の戦国大名\\n東海道の広大な地域を支配する駿河の戦国大名。教養に富み、領地をよく治め、軍事的手腕にも優れていたことから、のちに“海道一の弓取り”と称される。大軍を率いて尾張国東部をめぐる織田信長との戦いに臨む。\",\"detailedWork\":[],\"hasOccupation\":[]}},{\"person\":{\"identifierGroup\":{\"npgId\":\"33A709F5-6B0B-4AC2-A757-3EE61BAEAA68\",\"wikidataId\":\"Q11467539\"},\"roleName\":\"Actor\",\"displayRoleName\":\"俳優\",\"name\":\"山口 馬木也\",\"detailedNameRuby\":\"やまぐち まきや\",\"familyName\":\"山口\",\"givenName\":\"馬木也\",\"detailedFamilyNameRuby\":\"やまぐち\",\"detailedGivenNameRuby\":\"まきや\",\"detailedNameDescription\":\"\",\"honorificSuffix\":\"\",\"jobTitle\":[],\"memberOf\":[],\"image\":{\"main\":{\"url\":\"https://img.web.nhk/static/assets/images/tvseries/ts/P52L88MYXY/P52L88MYXY-person_15931ec1d4d47a797b3f63471e4f8cb1.png\",\"width\":1080,\"height\":1080},\"medium\":{\"url\":\"https://img.web.nhk/static/assets/images/tvseries/ts/P52L88MYXY/P52L88MYXY-person_79787545c1c002b53053bdf991bc18bd.png\",\"width\":640,\"height\":640},\"small\":{\"url\":\"https://imgu.web.nhk/static/assets/images/tvseries/ts/P52L88MYXY/P52L88MYXY-person_87776243a43926e281a519ccc036edd0.png\",\"width\":200,\"height\":200}},\"characterName\":\"柴田勝家\",\"detailedCharacterNameRuby\":\"しばた かついえ\",\"description\":\"兄弟の前に立ちはだかる大きな壁\\n織田信長の重臣の一人。勇猛果敢な戦上手で「鬼柴田」の異名で恐れられた。足軽時代の小一郎と藤吉郎にとっては怖くて苦手な存在。やがて二人が出世を果たすとあからさまに毛嫌いするようになる。信長亡きあとの「清須会議」では後継者争いを繰り広げ、やがて「賤ケ岳の戦い」で兄弟と激突することになる。\",\"detailedWork\":[],\"hasOccupation\":[]}},{\"person\":{\"identifierGroup\":{\"npgId\":\"DF67D531-44A9-491B-8A45-E373107544BA\",\"wikidataId\":\"Q253873\"},\"roleName\":\"Actor\",\"displayRoleName\":\"俳優\",\"name\":\"宮﨑 あおい\",\"detailedNameRuby\":\"みやざき あおい\",\"familyName\":\"宮﨑\",\"givenName\":\"あおい\",\"detailedFamilyNameRuby\":\"みやざき\",\"detailedGivenNameRuby\":\"あおい\",\"detailedNameDescription\":\"\",\"honorificSuffix\":\"\",\"jobTitle\":[],\"memberOf\":[],\"image\":{\"main\":{\"url\":\"https://img.web.nhk/static/assets/images/tvseries/ts/P52L88MYXY/P52L88MYXY-person_c10ea05d98950386bb1e035c703385fb.png\",\"width\":1080,\"height\":1080},\"medium\":{\"url\":\"https://img.web.nhk/static/assets/images/tvseries/ts/P52L88MYXY/P52L88MYXY-person_863cae13c5e3efd46d2bcb715a68650a.png\",\"width\":640,\"height\":640},\"small\":{\"url\":\"https://imgu.web.nhk/static/assets/images/tvseries/ts/P52L88MYXY/P52L88MYXY-person_9c29c4086e33985389330e70402d42d9.png\",\"width\":200,\"height\":200}},\"characterName\":\"市\",\"detailedCharacterNameRuby\":\"いち\",\"description\":\"波乱の生涯を歩む戦国ヒロイン\\n織田信長の妹。乱世に翻弄され悲劇的な一生を送るが、兄・信長と織田家のため波乱万丈な生涯を毅然（きぜん）として生き抜いた戦国ヒロインのひとり。信長と同盟を結ぶ近江の浅井長政に嫁ぎ、茶々・初・江の三姉妹を生み育てるが、のちに兄と夫が対立することになる。\",\"detailedWork\":[],\"hasOccupation\":[]}},{\"person\":{\"identifierGroup\":{\"npgId\":\"F8A68291-926B-4D78-92E8-DA8D8B46ABAF\",\"wikidataId\":\"Q457825\"},\"roleName\":\"Actor\",\"displayRoleName\":\"俳優\",\"name\":\"小栗 旬\",\"detailedNameRuby\":\"おぐり しゅん\",\"familyName\":\"小栗\",\"givenName\":\"旬\",\"detailedFamilyNameRuby\":\"おぐり\",\"detailedGivenNameRuby\":\"しゅん\",\"detailedNameDescription\":\"\",\"honorificSuffix\":\"\",\"jobTitle\":[],\"memberOf\":[],\"image\":{\"main\":{\"url\":\"https://img.web.nhk/static/assets/images/tvseries/ts/P52L88MYXY/P52L88MYXY-person_67abfcde9f1ca7f00a22417945168442.png\",\"width\":1080,\"height\":1080},\"medium\":{\"url\":\"https://img.web.nhk/static/assets/images/tvseries/ts/P52L88MYXY/P52L88MYXY-person_0a1e60b5d188f3db10e7dd344d64d75f.png\",\"width\":640,\"height\":640},\"small\":{\"url\":\"https://imgu.web.nhk/static/assets/images/tvseries/ts/P52L88MYXY/P52L88MYXY-person_78b15fdd0397ff4e3ccaf14cd51bac26.png\",\"width\":200,\"height\":200}},\"characterName\":\"織田信長\",\"detailedCharacterNameRuby\":\"おだ のぶなが\",\"description\":\"天下一統を狙う孤高のカリスマ\\n大胆で革新的な戦略と非凡なリーダーシップにより領土を拡大し、「天下布武」のスローガンのもと天下一統を目指したカリスマ的武将。立身出世を目指す小一郎（のちの秀長）と藤吉郎（のちの秀吉）兄弟にとって絶対的な主君である。当主争いで対立した弟を自らの手で殺害したという苦い過去を持っている。\",\"detailedWork\":[],\"hasOccupation\":[]}}],\"contributor\":[],\"partOfSeries\":{\"id\":\"P52L88MYXY\",\"name\":\"大河ドラマ「豊臣兄弟！」\",\"detailedSeriesNameRuby\":\"とよとみきょうだい\",\"identifierGroup\":{\"tvSeriesId\":\"P52L88MYXY\",\"tvSeriesPlaylistId\":\"series-tep-P52L88MYXY\",\"tvSeriesUId\":\"p0defc81f-a07b-55e0-b9a6-c7f75720f416\",\"tvSeriesName\":\"大河ドラマ「豊臣兄弟！」\",\"hashtag\":[],\"siteId\":\"8969\",\"serviceId\":[\"g1\",\"g2\",\"s1\",\"s2\",\"s5\"],\"aliasId\":\"toyotomi-kyodai\",\"formatGenre\":[{\"id\":\"03\",\"name\":\"ドラマ\"}],\"nod\":{\"id\":\"P202500491700000\",\"url\":\"https://www.nhk-ondemand.jp/program/P202500491700000/\"}},\"keyword\":[\"NHK\",\"大河ドラマ\",\"豊臣兄弟！\",\"戦国時代\",\"豊臣秀長\",\"豊臣秀吉\",\"八津弘幸\",\"仲野太賀\",\"池松壮亮\",\"吉岡里帆\",\"浜辺美波\",\"白石聖\",\"坂井真紀\",\"宮澤エマ\",\"大東駿介\",\"松下洸平\",\"山口馬木也\",\"宮﨑あおい\",\"小栗旬\"],\"detailedSynonym\":[],\"sameAs\":[{\"name\":\"▶︎公式Instagram アカウント\",\"url\":\"https://www.instagram.com/nhk_toyotomi/\"},{\"name\":\"▶︎公式X（旧Twitter）アカウント\",\"url\":\"https://x.com/nhk_toyotomi\"},{\"name\":\"▶︎NHK公式YouTube「豊臣兄弟！」プレイリスト\",\"url\":\"https://www.youtube.com/playlist?list=PLcynJ47QaWNvaqX7QpxWQbRs1tHrRHgnb\"}],\"canonical\":\"https://www.web.nhk/tv/an/toyotomi-kyodai/pl/series-tep-P52L88MYXY\",\"description\":\"【NHK公式】大河ドラマ「豊臣兄弟！」\\n\\n大河ドラマ第65作で描くのは、戦国時代のど真ん中!!\\n強い絆で天下統一という偉業を成し遂げた豊臣兄弟の奇跡──\\n夢と希望の下剋上（げこくじょう）サクセスストーリーです！\\n\\n主人公は天下人の弟・豊臣秀長（とよとみ・ひでなが）\\n歴史にif（もしも）はないものの…\\n\\n『秀長が長生きしていれば豊臣家の天下は安泰だった』\\n\\nとまでいわしめた天下一の補佐役・秀長の目線で戦国時代をダイナミックに描く波乱万丈のエンターテインメント！\\n\\n【放送予定】\\n2026年1月4日（日）スタート ※初回15分拡大版\\n\\n【作】八津弘幸\\n【音楽】木村秀彬\\n【語り】安藤サクラ\\n【出演】仲野太賀、池松壮亮、吉岡里帆、浜辺美波、白石 聖、坂井真紀、宮澤エマ、菅田将暉、大東駿介、松下洸平、山口馬木也、宮﨑あおい、小栗 旬　ほか\\n【時代考証】黒田基樹、柴 裕之\\n【制作統括】松川博敬、堀内裕介\\n【プロデューサー】高橋優香子、舟橋哲男、吉岡和彦（展開・プロモーション）、国友 茜（広報）\\n【演出】渡邊良雄、渡辺哲也、田中 正\",\"detailedCatch\":\"熱い兄弟が夢と希望を胸に突っ走る奇跡の下剋上サクセスストーリー！\",\"logo\":{\"main\":{\"url\":\"https://imgu.web.nhk/static/assets/images/tvseries/ts/P52L88MYXY/P52L88MYXY-logo_c64ecc100161d9ce85c8aa953bc73ae1.jpg\",\"width\":1080,\"height\":1080},\"medium\":{\"url\":\"https://imgu.web.nhk/static/assets/images/tvseries/ts/P52L88MYXY/P52L88MYXY-logo_64a636dd72417d3cf661cb2f6808c33a.jpg\",\"width\":640,\"height\":640},\"small\":{\"url\":\"https://imgu.web.nhk/static/assets/images/tvseries/ts/P52L88MYXY/P52L88MYXY-logo_b696c913daeb18f3a663376fa0ec438b.jpg\",\"width\":200,\"height\":200}},\"eyecatch\":{\"large\":{\"url\":\"https://imgu.web.nhk/static/assets/images/tvseries/ts/P52L88MYXY/P52L88MYXY-eyecatch_a738f4a4bd6c933e48839aa43eb14379.jpg\",\"width\":3840,\"height\":2160},\"main\":{\"url\":\"https://imgu.web.nhk/static/assets/images/tvseries/ts/P52L88MYXY/P52L88MYXY-eyecatch_db018d96e8b0a9b57d8a66adf2895c55.jpg\",\"width\":1920,\"height\":1080},\"medium\":{\"url\":\"https://imgu.web.nhk/static/assets/images/tvseries/ts/P52L88MYXY/P52L88MYXY-eyecatch_80f2d9833ddbcdd1daf27c8a5568f526.jpg\",\"width\":1280,\"height\":720},\"small\":{\"url\":\"https://imgu.web.nhk/static/assets/images/tvseries/ts/P52L88MYXY/P52L88MYXY-eyecatch_b70d310c60625c1e0709f4048f70c0b1.jpg\",\"width\":640,\"height\":360}},\"hero\":{\"main\":{\"url\":\"https://imgu.web.nhk/static/assets/images/tvseries/ts/P52L88MYXY/P52L88MYXY-hero_742f045f3b953f612d1de63511984416.jpg\",\"width\":1920,\"height\":640},\"medium\":{\"url\":\"https://imgu.web.nhk/static/assets/images/tvseries/ts/P52L88MYXY/P52L88MYXY-hero_279368f784327dddc794c1896a388d4e.jpg\",\"width\":1080,\"height\":360}},\"style\":{\"textLight\":\"#000000\",\"textDark\":\"#FFFFFF\",\"linkLight\":\"#005AFF\",\"linkDark\":\"#4788FF\",\"primaryLight\":\"#005AFF\",\"primaryDark\":\"#0B61FF\"},\"additionalProperty\":{\"publishLevel\":\"full\",\"layoutPattern\":\"summary\",\"episodeOrderBy\":\"releasedEvent\",\"availableOnPlus\":false,\"enableVariablePlayBackSpeedControl\":false,\"optional\":[],\"seriesPackStatus\":\"notPacked\",\"supportMedia\":[\"@screen\"],\"supportMusicList\":true,\"supportPlusEmbed\":true,\"enableWebContent\":false},\"url\":\"https://api-local.ss.org.nhk/r8/t/nplaylist/pl/series-tep-P52L88MYXY.json\",\"itemUrl\":\"https://api-local.ss.org.nhk/r8/l/tvepisode/pl/series-tep-P52L88MYXY.json\"},\"releasedEvent\":{\"startDate\":\"2026-01-18T20:00:00+09:00\",\"displayStartDate\":\"2026-01-18T20:00:00+09:00\",\"endDate\":\"2026-01-18T20:45:00+09:00\",\"publishedOn\":{\"type\":\"BroadcastService\",\"id\":\"bs-g1-130\",\"name\":\"NHK総合テレビジョン\",\"url\":\"https://api-local.ss.org.nhk/r8/t/broadcastservice/bs/g1-130.json\",\"broadcastDisplayName\":\"NHK総合・東京\",\"videoFormat\":[\"2K\"],\"encodingFormat\":[\"video/X-arib-mpeg2\",\"audio/X-arib-mpeg2-aac\"],\"identifierGroup\":{\"serviceId\":\"g1\",\"serviceName\":\"NHK総合1\",\"areaId\":\"130\",\"areaName\":\"東京\",\"channelId\":\"011\",\"channelKey\":\"1\",\"channelAreaName\":\"東京\",\"channelStationName\":\"首都圏\",\"shortenedName\":\"NHK総合1\",\"shortenedDisplayName\":\"総合\",\"multiChannelDisplayName\":\"総合\"},\"logo\":{\"url\":\"https://imgu.web.nhk/common/broadcastservice/bs/g1/g1-logo.svg\",\"main\":{\"url\":\"https://imgu.web.nhk/common/broadcastservice/bs/g1/g1-logo_1080x1080.png\",\"width\":1080,\"height\":1080},\"medium\":{\"url\":\"https://imgu.web.nhk/common/broadcastservice/bs/g1/g1-logo_640x640.png\",\"width\":640,\"height\":640},\"small\":{\"url\":\"https://imgu.web.nhk/common/broadcastservice/bs/g1/g1-logo_200x200.png\",\"width\":200,\"height\":200}},\"eyecatch\":{\"url\":\"https://imgu.web.nhk/common/broadcastservice/bs/g1/g1-eyecatch.svg\",\"large\":{\"url\":\"https://imgu.web.nhk/common/broadcastservice/bs/g1/g1-eyecatch_3840x2160.png\",\"width\":3840,\"height\":2160},\"main\":{\"url\":\"https://imgu.web.nhk/common/broadcastservice/bs/g1/g1-eyecatch_1920x1080.png\",\"width\":1920,\"height\":1080},\"medium\":{\"url\":\"https://imgu.web.nhk/common/broadcastservice/bs/g1/g1-eyecatch_1280x720.png\",\"width\":1280,\"height\":720},\"small\":{\"url\":\"https://imgu.web.nhk/common/broadcastservice/bs/g1/g1-eyecatch_640x360.png\",\"width\":640,\"height\":360}},\"hero\":{\"url\":\"https://imgu.web.nhk/common/broadcastservice/bs/g1/g1-hero.svg\",\"main\":{\"url\":\"https://imgu.web.nhk/common/broadcastservice/bs/g1/g1-hero_1920x640.png\",\"width\":1920,\"height\":640},\"medium\":{\"url\":\"https://imgu.web.nhk/common/broadcastservice/bs/g1/g1-hero_1080x360.png\",\"width\":1080,\"height\":360}},\"badge9x4\":{\"url\":\"https://imgu.web.nhk/common/broadcastservice/bs/g1/g1-badge9x4.svg\",\"main\":{\"url\":\"https://imgu.web.nhk/common/broadcastservice/bs/g1/g1-badge9x4_360x160.png\",\"width\":360,\"height\":160},\"small\":{\"url\":\"https://imgu.web.nhk/common/broadcastservice/bs/g1/g1-badge9x4_180x80.png\",\"width\":180,\"height\":80}}}},\"detailedRecentEvent\":{\"startDate\":\"2026-01-18T20:00:00+09:00\",\"endDate\":\"2026-01-18T20:45:00+09:00\",\"publishedOn\":{\"type\":\"BroadcastService\",\"id\":\"bs-g1-130\",\"name\":\"NHK総合テレビジョン\",\"url\":\"https://api-local.ss.org.nhk/r8/t/broadcastservice/bs/g1-130.json\",\"broadcastDisplayName\":\"NHK総合・東京\",\"videoFormat\":[\"2K\"],\"encodingFormat\":[\"video/X-arib-mpeg2\",\"audio/X-arib-mpeg2-aac\"],\"identifierGroup\":{\"serviceId\":\"g1\",\"serviceName\":\"NHK総合1\",\"areaId\":\"130\",\"areaName\":\"東京\",\"channelId\":\"011\",\"channelKey\":\"1\",\"channelAreaName\":\"東京\",\"channelStationName\":\"首都圏\",\"shortenedName\":\"NHK総合1\",\"shortenedDisplayName\":\"総合\",\"multiChannelDisplayName\":\"総合\"},\"logo\":{\"url\":\"https://imgu.web.nhk/common/broadcastservice/bs/g1/g1-logo.svg\",\"main\":{\"url\":\"https://imgu.web.nhk/common/broadcastservice/bs/g1/g1-logo_1080x1080.png\",\"width\":1080,\"height\":1080},\"medium\":{\"url\":\"https://imgu.web.nhk/common/broadcastservice/bs/g1/g1-logo_640x640.png\",\"width\":640,\"height\":640},\"small\":{\"url\":\"https://imgu.web.nhk/common/broadcastservice/bs/g1/g1-logo_200x200.png\",\"width\":200,\"height\":200}},\"eyecatch\":{\"url\":\"https://imgu.web.nhk/common/broadcastservice/bs/g1/g1-eyecatch.svg\",\"large\":{\"url\":\"https://imgu.web.nhk/common/broadcastservice/bs/g1/g1-eyecatch_3840x2160.png\",\"width\":3840,\"height\":2160},\"main\":{\"url\":\"https://imgu.web.nhk/common/broadcastservice/bs/g1/g1-eyecatch_1920x1080.png\",\"width\":1920,\"height\":1080},\"medium\":{\"url\":\"https://imgu.web.nhk/common/broadcastservice/bs/g1/g1-eyecatch_1280x720.png\",\"width\":1280,\"height\":720},\"small\":{\"url\":\"https://imgu.web.nhk/common/broadcastservice/bs/g1/g1-eyecatch_640x360.png\",\"width\":640,\"height\":360}},\"hero\":{\"url\":\"https://imgu.web.nhk/common/broadcastservice/bs/g1/g1-hero.svg\",\"main\":{\"url\":\"https://imgu.web.nhk/common/broadcastservice/bs/g1/g1-hero_1920x640.png\",\"width\":1920,\"height\":640},\"medium\":{\"url\":\"https://imgu.web.nhk/common/broadcastservice/bs/g1/g1-hero_1080x360.png\",\"width\":1080,\"height\":360}},\"badge9x4\":{\"url\":\"https://imgu.web.nhk/common/broadcastservice/bs/g1/g1-badge9x4.svg\",\"main\":{\"url\":\"https://imgu.web.nhk/common/broadcastservice/bs/g1/g1-badge9x4_360x160.png\",\"width\":360,\"height\":160},\"small\":{\"url\":\"https://imgu.web.nhk/common/broadcastservice/bs/g1/g1-badge9x4_180x80.png\",\"width\":180,\"height\":80}}}},\"eyecatch\":{\"large\":{\"url\":\"https://imgu.web.nhk/static/assets/images/tvepisode/te/5GNQ8QWWNV/5GNQ8QWWNV-eyecatch_5e18b363d56ac5164344a9870674f953.jpg\",\"width\":3840,\"height\":2160},\"main\":{\"url\":\"https://imgu.web.nhk/static/assets/images/tvepisode/te/5GNQ8QWWNV/5GNQ8QWWNV-eyecatch_8af61f90847419f2450558607f1ff697.jpg\",\"width\":1920,\"height\":1080},\"medium\":{\"url\":\"https://imgu.web.nhk/static/assets/images/tvepisode/te/5GNQ8QWWNV/5GNQ8QWWNV-eyecatch_8bdbb2c97abde14649d385965b5547fc.jpg\",\"width\":1280,\"height\":720},\"small\":{\"url\":\"https://imgu.web.nhk/static/assets/images/tvepisode/te/5GNQ8QWWNV/5GNQ8QWWNV-eyecatch_fe9075a7c07ad2ba39ec89dbec275c09.jpg\",\"width\":640,\"height\":360}},\"eyecatchList\":[{\"large\":{\"url\":\"https://imgu.web.nhk/static/assets/images/tvepisode/te/5GNQ8QWWNV/5GNQ8QWWNV-eyecatches_5ed5aa92d12f44cd6bd220bc9c266892.jpg\",\"width\":3840,\"height\":2160},\"main\":{\"url\":\"https://imgu.web.nhk/static/assets/images/tvepisode/te/5GNQ8QWWNV/5GNQ8QWWNV-eyecatches_9879321bb1904f7d68e17884e49a2bb4.jpg\",\"width\":1920,\"height\":1080},\"medium\":{\"url\":\"https://imgu.web.nhk/static/assets/images/tvepisode/te/5GNQ8QWWNV/5GNQ8QWWNV-eyecatches_c173bbec2db182baa1c123af09da00f6.jpg\",\"width\":1280,\"height\":720},\"small\":{\"url\":\"https://imgu.web.nhk/static/assets/images/tvepisode/te/5GNQ8QWWNV/5GNQ8QWWNV-eyecatches_f4033da9264117880f6cd4520ab2d472.jpg\",\"width\":640,\"height\":360}},{\"large\":{\"url\":\"https://imgu.web.nhk/static/assets/images/tvepisode/te/5GNQ8QWWNV/5GNQ8QWWNV-eyecatches_d338473237a90f83c44620a415663c19.jpg\",\"width\":3840,\"height\":2160},\"main\":{\"url\":\"https://imgu.web.nhk/static/assets/images/tvepisode/te/5GNQ8QWWNV/5GNQ8QWWNV-eyecatches_b19fe1c655a8a0ed775ca7952244b4b0.jpg\",\"width\":1920,\"height\":1080},\"medium\":{\"url\":\"https://imgu.web.nhk/static/assets/images/tvepisode/te/5GNQ8QWWNV/5GNQ8QWWNV-eyecatches_7565cd608b931151e611eefe0072d2a0.jpg\",\"width\":1280,\"height\":720},\"small\":{\"url\":\"https://imgu.web.nhk/static/assets/images/tvepisode/te/5GNQ8QWWNV/5GNQ8QWWNV-eyecatches_4f545399afb80d4b936199366ba051fe.jpg\",\"width\":640,\"height\":360}},{\"large\":{\"url\":\"https://imgu.web.nhk/static/assets/images/tvepisode/te/5GNQ8QWWNV/5GNQ8QWWNV-eyecatches_630e9bbd00d73c2cabf3fa5e594c677d.jpg\",\"width\":3840,\"height\":2160},\"main\":{\"url\":\"https://imgu.web.nhk/static/assets/images/tvepisode/te/5GNQ8QWWNV/5GNQ8QWWNV-eyecatches_257bc9009b052f54d056fb2031380407.jpg\",\"width\":1920,\"height\":1080},\"medium\":{\"url\":\"https://imgu.web.nhk/static/assets/images/tvepisode/te/5GNQ8QWWNV/5GNQ8QWWNV-eyecatches_2612f576d49d6c0e68f1b14b96a0b1d3.jpg\",\"width\":1280,\"height\":720},\"small\":{\"url\":\"https://imgu.web.nhk/static/assets/images/tvepisode/te/5GNQ8QWWNV/5GNQ8QWWNV-eyecatches_f9102aa6264902cb20808ac9239d2bb5.jpg\",\"width\":640,\"height\":360}},{\"large\":{\"url\":\"https://imgu.web.nhk/static/assets/images/tvepisode/te/5GNQ8QWWNV/5GNQ8QWWNV-eyecatches_b5232ef9807c29ab7a05fc624e7e803b.jpg\",\"width\":3840,\"height\":2160},\"main\":{\"url\":\"https://imgu.web.nhk/static/assets/images/tvepisode/te/5GNQ8QWWNV/5GNQ8QWWNV-eyecatches_39bef13e23ea706f7e9065279180c0d2.jpg\",\"width\":1920,\"height\":1080},\"medium\":{\"url\":\"https://imgu.web.nhk/static/assets/images/tvepisode/te/5GNQ8QWWNV/5GNQ8QWWNV-eyecatches_c0c022644030a28bc02dadb8bf83fa2d.jpg\",\"width\":1280,\"height\":720},\"small\":{\"url\":\"https://imgu.web.nhk/static/assets/images/tvepisode/te/5GNQ8QWWNV/5GNQ8QWWNV-eyecatches_f0117fe1c8fe68f176a4dd5cfd3e6891.jpg\",\"width\":640,\"height\":360}}],\"video\":[],\"citation\":[],\"detailedPinnedCitation\":[{\"name\":\"🐒第3回・第4回の相関図・登場人物はこちら\",\"url\":\"https://www.nhk.jp/g/ts/P52L88MYXY/blog/bl/pwWYoeNnb2/bp/pzn4lv1Jl0/\"},{\"name\":\"🐒第3回「決戦前夜」まとめ\",\"url\":\"https://www.nhk.jp/g/ts/P52L88MYXY/blog/bl/pdRPMxDlrQ/bp/pndLXZyRMn/\"},{\"name\":\"📺関連番組はこちら（NHK ONE 「豊臣兄弟！」 プレイリスト）\",\"url\":\"https://www.web.nhk/tv/pl/editorial-tep-4MBMYEIJTX\"},{\"name\":\"📺NHKオンデマンド（3）配信中！\",\"url\":\"https://www.nhk-ondemand.jp/goods/G2025153588SA000/?spg=P202500491700000\"}],\"sameAs\":[],\"correction\":[],\"url\":\"https://api-local.ss.org.nhk/r8/t/tvepisode/te/5GNQ8QWWNV.json\",\"canonical\":\"https://www.web.nhk/tv/an/toyotomi-kyodai/pl/series-tep-P52L88MYXY/ep/5GNQ8QWWNV\",\"associatedMedia\":[],\"hasPart\":[],\"additionalProperty\":{\"episodeMergeStatus\":\"notMerged\"}},\"link\":{\"href\":\"https://www.web.nhk/tv/an/toyotomi-kyodai/pl/series-tep-P52L88MYXY/ep/5GNQ8QWWNV\"}}]\n"])</script><script>self.__next_f.push([1,"4a:[\"$\",\"$L2a\",\"4LG611Z8VP\",{\"content\":{\"type\":\"TVEpisode\",\"id\":\"4LG611Z8VP\",\"name\":\"(2)願いの鐘\",\"detailedEpisodeNameRuby\":\"\",\"identifierGroup\":{\"tvEpisodeId\":\"4LG611Z8VP\",\"tvSeriesId\":\"P52L88MYXY\",\"tvEpisodeName\":\"(2)願いの鐘\",\"tvSeriesName\":\"大河ドラマ「豊臣兄弟！」\",\"hashtag\":[],\"siteId\":\"8969\",\"serviceId\":[\"g1\",\"g2\",\"s1\",\"s2\",\"s5\"],\"aliasId\":\"toyotomi-kyodai\",\"formatGenreTag\":[{\"id\":\"03\",\"name\":\"ドラマ\"}],\"themeGenreTag\":[{\"id\":\"031\",\"name\":\"国内ドラマ\"},{\"id\":\"033\",\"name\":\"時代劇\"},{\"id\":\"030\",\"name\":\"ドラマ全般\"}]},\"keyword\":[],\"description\":\"故郷の中村に戻った小一郎（仲野太賀）は、直（白石聖）の縁談が決まったことを知る。自分の気持ちを押し殺して喜ぶ小一郎に、寂しげな表情を浮かべる直。一方清須では、尾張統一を目指す信長（小栗旬）が岩倉城攻めを決行する。清須での居残りを命じられた藤吉郎（池松壮亮）は、信長の妹・市（宮﨑あおい）から呼び出しを受ける。そしていよいよ直の祝言の日。花嫁姿の直が突然、小一郎の前に姿をあらわす。\",\"dateCreated\":\"2025-11-25T18:19:26+09:00\",\"dateModified\":\"2026-01-31T00:03:36+09:00\",\"actor\":[{\"person\":{\"identifierGroup\":{\"npgId\":\"29D4D7A7-E3F2-4E1F-94CA-046080070DC0\",\"wikidataId\":\"Q11444506\"},\"roleName\":\"Actor\",\"displayRoleName\":\"俳優\",\"name\":\"仲野 太賀\",\"detailedNameRuby\":\"なかの たいが\",\"familyName\":\"仲野\",\"givenName\":\"太賀\",\"detailedFamilyNameRuby\":\"なかの\",\"detailedGivenNameRuby\":\"たいが\",\"detailedNameDescription\":\"\",\"honorificSuffix\":\"\",\"jobTitle\":[],\"memberOf\":[],\"image\":{\"main\":{\"url\":\"https://img.web.nhk/static/assets/images/tvseries/ts/P52L88MYXY/P52L88MYXY-person_bba932486e9715f0c88077bac28a03a5.png\",\"width\":1080,\"height\":1080},\"medium\":{\"url\":\"https://img.web.nhk/static/assets/images/tvseries/ts/P52L88MYXY/P52L88MYXY-person_96550216303231facd956bb116caa614.png\",\"width\":640,\"height\":640},\"small\":{\"url\":\"https://imgu.web.nhk/static/assets/images/tvseries/ts/P52L88MYXY/P52L88MYXY-person_20ad70eaeb107b8f431c2d470fdfdeb2.png\",\"width\":200,\"height\":200}},\"characterName\":\"小一郎（豊臣秀長）\",\"detailedCharacterNameRuby\":\"こいちろう（とよとみ ひでなが）\",\"description\":\"天下人・豊臣秀吉の弟\\n登場時の名は小一郎。兄の天下取りをいちずに支え続けた「天下一の補佐役」といわれている。\",\"detailedWork\":[],\"hasOccupation\":[]}},{\"person\":{\"identifierGroup\":{\"npgId\":\"D690F0C8-05B8-4A71-9A1E-13B8A756E70D\",\"wikidataId\":\"Q1058963\"},\"roleName\":\"Actor\",\"displayRoleName\":\"俳優\",\"name\":\"池松 壮亮\",\"detailedNameRuby\":\"いけまつ そうすけ\",\"familyName\":\"池松\",\"givenName\":\"壮亮\",\"detailedFamilyNameRuby\":\"いけまつ\",\"detailedGivenNameRuby\":\"そうすけ\",\"detailedNameDescription\":\"\",\"honorificSuffix\":\"\",\"jobTitle\":[],\"memberOf\":[],\"image\":{\"main\":{\"url\":\"https://img.web.nhk/static/assets/images/tvseries/ts/P52L88MYXY/P52L88MYXY-person_92f02688b9bd99a554065cd296d2952f.png\",\"width\":1080,\"height\":1080},\"medium\":{\"url\":\"https://img.web.nhk/static/assets/images/tvseries/ts/P52L88MYXY/P52L88MYXY-person_cb1f34b797811ceac6d68d9b83e9b8f7.png\",\"width\":640,\"height\":640},\"small\":{\"url\":\"https://imgu.web.nhk/static/assets/images/tvseries/ts/P52L88MYXY/P52L88MYXY-person_87292aa7be724fb75464ac6a068a68fd.png\",\"width\":200,\"height\":200}},\"characterName\":\"藤吉郎（豊臣秀吉）\",\"detailedCharacterNameRuby\":\"とうきちろう（とよとみ ひでよし）\",\"description\":\"小一郎を乱世に巻き込んだ野心家の兄\\n小一郎の３歳年上の兄。登場時の名は藤吉郎。尾張中村の貧しい農家で生まれ育ったが、主君である戦国武将・織田信長のもとでメキメキと頭角をあらわし、ついには天下統一を果たす。\",\"detailedWork\":[],\"hasOccupation\":[]}},{\"person\":{\"identifierGroup\":{\"npgId\":\"04E1F915-FCA1-441E-B5E2-5D60F7FE75D6\",\"wikidataId\":\"Q11284289\"},\"roleName\":\"Actor\",\"displayRoleName\":\"俳優\",\"name\":\"浜辺 美波\",\"detailedNameRuby\":\"はまべ みなみ\",\"familyName\":\"浜辺\",\"givenName\":\"美波\",\"detailedFamilyNameRuby\":\"はまべ\",\"detailedGivenNameRuby\":\"みなみ\",\"detailedNameDescription\":\"\",\"honorificSuffix\":\"\",\"jobTitle\":[],\"memberOf\":[],\"image\":{\"main\":{\"url\":\"https://img.web.nhk/static/assets/images/tvseries/ts/P52L88MYXY/P52L88MYXY-person_18cf0bd1c6f206300d5597fce517f5f8.png\",\"width\":1080,\"height\":1080},\"medium\":{\"url\":\"https://img.web.nhk/static/assets/images/tvseries/ts/P52L88MYXY/P52L88MYXY-person_edbfc099c50a27959c381da20788db7c.png\",\"width\":640,\"height\":640},\"small\":{\"url\":\"https://imgu.web.nhk/static/assets/images/tvseries/ts/P52L88MYXY/P52L88MYXY-person_0f5f7e395d69946dd7f47e133e89c342.png\",\"width\":200,\"height\":200}},\"characterName\":\"寧々\",\"detailedCharacterNameRuby\":\"ねね\",\"description\":\"夫の秀吉とともに天下人への階段を昇りつめる\\n豊臣秀吉の正妻。秀吉が関白に就任したのちは北政所（きたのまんどころ）と称される。\\n負けず嫌いの性格で、夫の秀吉とともに出世街道を駆け抜ける。\\nやがて庶民の娘から“戦国のファーストレディ”へと昇りつめる。\",\"detailedWork\":[],\"hasOccupation\":[]}},{\"person\":{\"identifierGroup\":{\"npgId\":\"00110902-AE66-45F8-B48D-E45DBA3F0CA8\",\"wikidataId\":\"Q48758750\"},\"roleName\":\"Actor\",\"displayRoleName\":\"俳優\",\"name\":\"白石 聖\",\"detailedNameRuby\":\"しらいし せい\",\"familyName\":\"白石\",\"givenName\":\"聖\",\"detailedFamilyNameRuby\":\"しらいし\",\"detailedGivenNameRuby\":\"せい\",\"detailedNameDescription\":\"\",\"honorificSuffix\":\"\",\"jobTitle\":[],\"memberOf\":[],\"image\":{\"main\":{\"url\":\"https://img.web.nhk/static/assets/images/tvseries/ts/P52L88MYXY/P52L88MYXY-person_0fe4352bc0ad486cf90ca333d73f6914.png\",\"width\":1080,\"height\":1080},\"medium\":{\"url\":\"https://img.web.nhk/static/assets/images/tvseries/ts/P52L88MYXY/P52L88MYXY-person_20e3755feba331ef7b91101e09b2a1a1.png\",\"width\":640,\"height\":640},\"small\":{\"url\":\"https://imgu.web.nhk/static/assets/images/tvseries/ts/P52L88MYXY/P52L88MYXY-person_a970a9a9542b4d85fbc1027e68068415.png\",\"width\":200,\"height\":200}},\"characterName\":\"直\",\"detailedCharacterNameRuby\":\"なお\",\"description\":\"小一郎の幼なじみ“初恋のひと”\\n小一郎と藤吉郎の故郷である尾張中村の土豪の娘。小一郎と同い年の幼なじみ。男勝りな性格だが、小一郎のことをひそかに慕っている。乱世に翻弄される悲劇のヒロイン。\",\"detailedWork\":[],\"hasOccupation\":[]}},{\"person\":{\"identifierGroup\":{\"npgId\":\"66D5AA5D-8A64-4B6A-ABB7-5292F551EB64\",\"wikidataId\":\"Q456644\"},\"roleName\":\"Actor\",\"displayRoleName\":\"俳優\",\"name\":\"坂井 真紀\",\"detailedNameRuby\":\"さかい まき\",\"familyName\":\"坂井\",\"givenName\":\"真紀\",\"detailedFamilyNameRuby\":\"さかい\",\"detailedGivenNameRuby\":\"まき\",\"detailedNameDescription\":\"\",\"honorificSuffix\":\"\",\"jobTitle\":[],\"memberOf\":[],\"image\":{\"main\":{\"url\":\"https://img.web.nhk/static/assets/images/tvseries/ts/P52L88MYXY/P52L88MYXY-person_be82055d1422408d4df158e98f8e70e9.png\",\"width\":1080,\"height\":1080},\"medium\":{\"url\":\"https://img.web.nhk/static/assets/images/tvseries/ts/P52L88MYXY/P52L88MYXY-person_297fac5c0abd7f590defc6551b0785b1.png\",\"width\":640,\"height\":640},\"small\":{\"url\":\"https://imgu.web.nhk/static/assets/images/tvseries/ts/P52L88MYXY/P52L88MYXY-person_e602af3899bd45ae871f300d77aeb2ae.png\",\"width\":200,\"height\":200}},\"characterName\":\"なか\",\"detailedCharacterNameRuby\":\"\",\"description\":\"息子たちの出世を温かく見守る母\\n豊臣兄弟の母。夫を早くに亡くし、女手一つで二男二女を育てる。息子たちの異例の出世に喜びやとまどいを感じながらも温かく見守り、天下人となった秀吉が関白に就任すると「大政所（おおまんどころ）」と称されるようになる。\",\"detailedWork\":[],\"hasOccupation\":[]}},{\"person\":{\"identifierGroup\":{\"npgId\":\"95D8852C-551F-4464-8309-F469B5AF370F\",\"wikidataId\":\"Q11347265\"},\"roleName\":\"Actor\",\"displayRoleName\":\"俳優\",\"name\":\"宮澤 エマ\",\"detailedNameRuby\":\"みやざわ えま\",\"familyName\":\"宮澤\",\"givenName\":\"エマ\",\"detailedFamilyNameRuby\":\"みやざわ\",\"detailedGivenNameRuby\":\"えま\",\"detailedNameDescription\":\"\",\"honorificSuffix\":\"\",\"jobTitle\":[],\"memberOf\":[],\"image\":{\"main\":{\"url\":\"https://img.web.nhk/static/assets/images/tvseries/ts/P52L88MYXY/P52L88MYXY-person_4a2733a3a570bd47a234c505111cda69.png\",\"width\":1080,\"height\":1080},\"medium\":{\"url\":\"https://img.web.nhk/static/assets/images/tvseries/ts/P52L88MYXY/P52L88MYXY-person_ad814d5694869f12180526033d359037.png\",\"width\":640,\"height\":640},\"small\":{\"url\":\"https://imgu.web.nhk/static/assets/images/tvseries/ts/P52L88MYXY/P52L88MYXY-person_62932afd84cec409aee9c6a465dbcf59.png\",\"width\":200,\"height\":200}},\"characterName\":\"とも\",\"detailedCharacterNameRuby\":\"\",\"description\":\"兄弟に厳しくあたるしっかり者の姉\\n豊臣兄弟の姉。しっかり者で負けん気が強い。三人の男児を産み育てるが、跡継ぎに恵まれなかった弟の秀吉によって政治の道具として利用される。のちに秀吉の後継者となった長男の秀次は謀反の疑いをかけられ妻子とともに処刑されることになる。\",\"detailedWork\":[],\"hasOccupation\":[]}},{\"person\":{\"identifierGroup\":{\"npgId\":\"C101CC80-AA68-499F-B747-423F0190B90F\",\"wikidataId\":\"Q130572262\"},\"roleName\":\"Actor\",\"displayRoleName\":\"俳優\",\"name\":\"倉沢 杏菜\",\"detailedNameRuby\":\"くらさわ あんな\",\"familyName\":\"倉沢 \",\"givenName\":\"杏菜\",\"detailedFamilyNameRuby\":\"くらさわ\",\"detailedGivenNameRuby\":\"あんな\",\"detailedNameDescription\":\"\",\"honorificSuffix\":\"\",\"jobTitle\":[],\"memberOf\":[],\"image\":{\"main\":{\"url\":\"https://img.web.nhk/static/assets/images/tvseries/ts/P52L88MYXY/P52L88MYXY-person_22326a72f914ce19f4201a884e57b07e.png\",\"width\":1080,\"height\":1080},\"medium\":{\"url\":\"https://img.web.nhk/static/assets/images/tvseries/ts/P52L88MYXY/P52L88MYXY-person_999cd30dbb41712b7aa04a660288da02.png\",\"width\":640,\"height\":640},\"small\":{\"url\":\"https://imgu.web.nhk/static/assets/images/tvseries/ts/P52L88MYXY/P52L88MYXY-person_a046e82bf435e73fa771132399902caa.png\",\"width\":200,\"height\":200}},\"characterName\":\"あさひ\",\"detailedCharacterNameRuby\":\"\",\"description\":\"笑顔が明るい天真らんまんな妹\\n豊臣兄弟の妹。天真らんまんな性格で、貧しい農家暮らしの中でもいつも前向きで笑顔をたやさない。兄たちが出世したおかげで夫ともども裕福で幸せな暮らしを送っていたが、ある日突然、秀吉によって離縁させられ徳川家康のもとに嫁がされることになる。\",\"detailedWork\":[],\"hasOccupation\":[]}},{\"person\":{\"identifierGroup\":{\"npgId\":\"33A709F5-6B0B-4AC2-A757-3EE61BAEAA68\",\"wikidataId\":\"Q11467539\"},\"roleName\":\"Actor\",\"displayRoleName\":\"俳優\",\"name\":\"山口 馬木也\",\"detailedNameRuby\":\"やまぐち まきや\",\"familyName\":\"山口\",\"givenName\":\"馬木也\",\"detailedFamilyNameRuby\":\"やまぐち\",\"detailedGivenNameRuby\":\"まきや\",\"detailedNameDescription\":\"\",\"honorificSuffix\":\"\",\"jobTitle\":[],\"memberOf\":[],\"image\":{\"main\":{\"url\":\"https://img.web.nhk/static/assets/images/tvseries/ts/P52L88MYXY/P52L88MYXY-person_15931ec1d4d47a797b3f63471e4f8cb1.png\",\"width\":1080,\"height\":1080},\"medium\":{\"url\":\"https://img.web.nhk/static/assets/images/tvseries/ts/P52L88MYXY/P52L88MYXY-person_79787545c1c002b53053bdf991bc18bd.png\",\"width\":640,\"height\":640},\"small\":{\"url\":\"https://imgu.web.nhk/static/assets/images/tvseries/ts/P52L88MYXY/P52L88MYXY-person_87776243a43926e281a519ccc036edd0.png\",\"width\":200,\"height\":200}},\"characterName\":\"柴田勝家\",\"detailedCharacterNameRuby\":\"しばた かついえ\",\"description\":\"兄弟の前に立ちはだかる大きな壁\\n織田信長の重臣の一人。勇猛果敢な戦上手で「鬼柴田」の異名で恐れられた。足軽時代の小一郎と藤吉郎にとっては怖くて苦手な存在。やがて二人が出世を果たすとあからさまに毛嫌いするようになる。信長亡きあとの「清須会議」では後継者争いを繰り広げ、やがて「賤ケ岳の戦い」で兄弟と激突することになる。\",\"detailedWork\":[],\"hasOccupation\":[]}},{\"person\":{\"identifierGroup\":{\"npgId\":\"DF67D531-44A9-491B-8A45-E373107544BA\",\"wikidataId\":\"Q253873\"},\"roleName\":\"Actor\",\"displayRoleName\":\"俳優\",\"name\":\"宮﨑 あおい\",\"detailedNameRuby\":\"みやざき あおい\",\"familyName\":\"宮﨑\",\"givenName\":\"あおい\",\"detailedFamilyNameRuby\":\"みやざき\",\"detailedGivenNameRuby\":\"あおい\",\"detailedNameDescription\":\"\",\"honorificSuffix\":\"\",\"jobTitle\":[],\"memberOf\":[],\"image\":{\"main\":{\"url\":\"https://img.web.nhk/static/assets/images/tvseries/ts/P52L88MYXY/P52L88MYXY-person_c10ea05d98950386bb1e035c703385fb.png\",\"width\":1080,\"height\":1080},\"medium\":{\"url\":\"https://img.web.nhk/static/assets/images/tvseries/ts/P52L88MYXY/P52L88MYXY-person_863cae13c5e3efd46d2bcb715a68650a.png\",\"width\":640,\"height\":640},\"small\":{\"url\":\"https://imgu.web.nhk/static/assets/images/tvseries/ts/P52L88MYXY/P52L88MYXY-person_9c29c4086e33985389330e70402d42d9.png\",\"width\":200,\"height\":200}},\"characterName\":\"市\",\"detailedCharacterNameRuby\":\"いち\",\"description\":\"波乱の生涯を歩む戦国ヒロイン\\n織田信長の妹。乱世に翻弄され悲劇的な一生を送るが、兄・信長と織田家のため波乱万丈な生涯を毅然（きぜん）として生き抜いた戦国ヒロインのひとり。信長と同盟を結ぶ近江の浅井長政に嫁ぎ、茶々・初・江の三姉妹を生み育てるが、のちに兄と夫が対立することになる。\",\"detailedWork\":[],\"hasOccupation\":[]}},{\"person\":{\"identifierGroup\":{\"npgId\":\"F8A68291-926B-4D78-92E8-DA8D8B46ABAF\",\"wikidataId\":\"Q457825\"},\"roleName\":\"Actor\",\"displayRoleName\":\"俳優\",\"name\":\"小栗 旬\",\"detailedNameRuby\":\"おぐり しゅん\",\"familyName\":\"小栗\",\"givenName\":\"旬\",\"detailedFamilyNameRuby\":\"おぐり\",\"detailedGivenNameRuby\":\"しゅん\",\"detailedNameDescription\":\"\",\"honorificSuffix\":\"\",\"jobTitle\":[],\"memberOf\":[],\"image\":{\"main\":{\"url\":\"https://img.web.nhk/static/assets/images/tvseries/ts/P52L88MYXY/P52L88MYXY-person_67abfcde9f1ca7f00a22417945168442.png\",\"width\":1080,\"height\":1080},\"medium\":{\"url\":\"https://img.web.nhk/static/assets/images/tvseries/ts/P52L88MYXY/P52L88MYXY-person_0a1e60b5d188f3db10e7dd344d64d75f.png\",\"width\":640,\"height\":640},\"small\":{\"url\":\"https://imgu.web.nhk/static/assets/images/tvseries/ts/P52L88MYXY/P52L88MYXY-person_78b15fdd0397ff4e3ccaf14cd51bac26.png\",\"width\":200,\"height\":200}},\"characterName\":\"織田信長\",\"detailedCharacterNameRuby\":\"おだ のぶなが\",\"description\":\"天下一統を狙う孤高のカリスマ\\n大胆で革新的な戦略と非凡なリーダーシップにより領土を拡大し、「天下布武」のスローガンのもと天下一統を目指したカリスマ的武将。立身出世を目指す小一郎（のちの秀長）と藤吉郎（のちの秀吉）兄弟にとって絶対的な主君である。当主争いで対立した弟を自らの手で殺害したという苦い過去を持っている。\",\"detailedWork\":[],\"hasOccupation\":[]}}],\"contributor\":[],\"partOfSeries\":{\"id\":\"P52L88MYXY\",\"name\":\"大河ドラマ「豊臣兄弟！」\",\"detailedSeriesNameRuby\":\"とよとみきょうだい\",\"identifierGroup\":{\"tvSeriesId\":\"P52L88MYXY\",\"tvSeriesPlaylistId\":\"series-tep-P52L88MYXY\",\"tvSeriesUId\":\"p0defc81f-a07b-55e0-b9a6-c7f75720f416\",\"tvSeriesName\":\"大河ドラマ「豊臣兄弟！」\",\"hashtag\":[],\"siteId\":\"8969\",\"serviceId\":[\"g1\",\"g2\",\"s1\",\"s2\",\"s5\"],\"aliasId\":\"toyotomi-kyodai\",\"formatGenre\":[{\"id\":\"03\",\"name\":\"ドラマ\"}],\"nod\":{\"id\":\"P202500491700000\",\"url\":\"https://www.nhk-ondemand.jp/program/P202500491700000/\"}},\"keyword\":[\"NHK\",\"大河ドラマ\",\"豊臣兄弟！\",\"戦国時代\",\"豊臣秀長\",\"豊臣秀吉\",\"八津弘幸\",\"仲野太賀\",\"池松壮亮\",\"吉岡里帆\",\"浜辺美波\",\"白石聖\",\"坂井真紀\",\"宮澤エマ\",\"大東駿介\",\"松下洸平\",\"山口馬木也\",\"宮﨑あおい\",\"小栗旬\"],\"detailedSynonym\":[],\"sameAs\":[{\"name\":\"▶︎公式Instagram アカウント\",\"url\":\"https://www.instagram.com/nhk_toyotomi/\"},{\"name\":\"▶︎公式X（旧Twitter）アカウント\",\"url\":\"https://x.com/nhk_toyotomi\"},{\"name\":\"▶︎NHK公式YouTube「豊臣兄弟！」プレイリスト\",\"url\":\"https://www.youtube.com/playlist?list=PLcynJ47QaWNvaqX7QpxWQbRs1tHrRHgnb\"}],\"canonical\":\"https://www.web.nhk/tv/an/toyotomi-kyodai/pl/series-tep-P52L88MYXY\",\"description\":\"【NHK公式】大河ドラマ「豊臣兄弟！」\\n\\n大河ドラマ第65作で描くのは、戦国時代のど真ん中!!\\n強い絆で天下統一という偉業を成し遂げた豊臣兄弟の奇跡──\\n夢と希望の下剋上（げこくじょう）サクセスストーリーです！\\n\\n主人公は天下人の弟・豊臣秀長（とよとみ・ひでなが）\\n歴史にif（もしも）はないものの…\\n\\n『秀長が長生きしていれば豊臣家の天下は安泰だった』\\n\\nとまでいわしめた天下一の補佐役・秀長の目線で戦国時代をダイナミックに描く波乱万丈のエンターテインメント！\\n\\n【放送予定】\\n2026年1月4日（日）スタート ※初回15分拡大版\\n\\n【作】八津弘幸\\n【音楽】木村秀彬\\n【語り】安藤サクラ\\n【出演】仲野太賀、池松壮亮、吉岡里帆、浜辺美波、白石 聖、坂井真紀、宮澤エマ、菅田将暉、大東駿介、松下洸平、山口馬木也、宮﨑あおい、小栗 旬　ほか\\n【時代考証】黒田基樹、柴 裕之\\n【制作統括】松川博敬、堀内裕介\\n【プロデューサー】高橋優香子、舟橋哲男、吉岡和彦（展開・プロモーション）、国友 茜（広報）\\n【演出】渡邊良雄、渡辺哲也、田中 正\",\"detailedCatch\":\"熱い兄弟が夢と希望を胸に突っ走る奇跡の下剋上サクセスストーリー！\",\"logo\":{\"main\":{\"url\":\"https://imgu.web.nhk/static/assets/images/tvseries/ts/P52L88MYXY/P52L88MYXY-logo_c64ecc100161d9ce85c8aa953bc73ae1.jpg\",\"width\":1080,\"height\":1080},\"medium\":{\"url\":\"https://imgu.web.nhk/static/assets/images/tvseries/ts/P52L88MYXY/P52L88MYXY-logo_64a636dd72417d3cf661cb2f6808c33a.jpg\",\"width\":640,\"height\":640},\"small\":{\"url\":\"https://imgu.web.nhk/static/assets/images/tvseries/ts/P52L88MYXY/P52L88MYXY-logo_b696c913daeb18f3a663376fa0ec438b.jpg\",\"width\":200,\"height\":200}},\"eyecatch\":{\"large\":{\"url\":\"https://imgu.web.nhk/static/assets/images/tvseries/ts/P52L88MYXY/P52L88MYXY-eyecatch_a738f4a4bd6c933e48839aa43eb14379.jpg\",\"width\":3840,\"height\":2160},\"main\":{\"url\":\"https://imgu.web.nhk/static/assets/images/tvseries/ts/P52L88MYXY/P52L88MYXY-eyecatch_db018d96e8b0a9b57d8a66adf2895c55.jpg\",\"width\":1920,\"height\":1080},\"medium\":{\"url\":\"https://imgu.web.nhk/static/assets/images/tvseries/ts/P52L88MYXY/P52L88MYXY-eyecatch_80f2d9833ddbcdd1daf27c8a5568f526.jpg\",\"width\":1280,\"height\":720},\"small\":{\"url\":\"https://imgu.web.nhk/static/assets/images/tvseries/ts/P52L88MYXY/P52L88MYXY-eyecatch_b70d310c60625c1e0709f4048f70c0b1.jpg\",\"width\":640,\"height\":360}},\"hero\":{\"main\":{\"url\":\"https://imgu.web.nhk/static/assets/images/tvseries/ts/P52L88MYXY/P52L88MYXY-hero_742f045f3b953f612d1de63511984416.jpg\",\"width\":1920,\"height\":640},\"medium\":{\"url\":\"https://imgu.web.nhk/static/assets/images/tvseries/ts/P52L88MYXY/P52L88MYXY-hero_279368f784327dddc794c1896a388d4e.jpg\",\"width\":1080,\"height\":360}},\"style\":{\"textLight\":\"#000000\",\"textDark\":\"#FFFFFF\",\"linkLight\":\"#005AFF\",\"linkDark\":\"#4788FF\",\"primaryLight\":\"#005AFF\",\"primaryDark\":\"#0B61FF\"},\"additionalProperty\":{\"publishLevel\":\"full\",\"layoutPattern\":\"summary\",\"episodeOrderBy\":\"releasedEvent\",\"availableOnPlus\":false,\"enableVariablePlayBackSpeedControl\":false,\"optional\":[],\"seriesPackStatus\":\"notPacked\",\"supportMedia\":[\"@screen\"],\"supportMusicList\":true,\"supportPlusEmbed\":true,\"enableWebContent\":false},\"url\":\"https://api-local.ss.org.nhk/r8/t/nplaylist/pl/series-tep-P52L88MYXY.json\",\"itemUrl\":\"https://api-local.ss.org.nhk/r8/l/tvepisode/pl/series-tep-P52L88MYXY.json\"},\"releasedEvent\":{\"startDate\":\"2026-01-11T20:00:00+09:00\",\"displayStartDate\":\"2026-01-11T20:00:00+09:00\",\"endDate\":\"2026-01-11T20:45:00+09:00\",\"publishedOn\":{\"type\":\"BroadcastService\",\"id\":\"bs-g1-130\",\"name\":\"NHK総合テレビジョン\",\"url\":\"https://api-local.ss.org.nhk/r8/t/broadcastservice/bs/g1-130.json\",\"broadcastDisplayName\":\"NHK総合・東京\",\"videoFormat\":[\"2K\"],\"encodingFormat\":[\"video/X-arib-mpeg2\",\"audio/X-arib-mpeg2-aac\"],\"identifierGroup\":{\"serviceId\":\"g1\",\"serviceName\":\"NHK総合1\",\"areaId\":\"130\",\"areaName\":\"東京\",\"channelId\":\"011\",\"channelKey\":\"1\",\"channelAreaName\":\"東京\",\"channelStationName\":\"首都圏\",\"shortenedName\":\"NHK総合1\",\"shortenedDisplayName\":\"総合\",\"multiChannelDisplayName\":\"総合\"},\"logo\":{\"url\":\"https://imgu.web.nhk/common/broadcastservice/bs/g1/g1-logo.svg\",\"main\":{\"url\":\"https://imgu.web.nhk/common/broadcastservice/bs/g1/g1-logo_1080x1080.png\",\"width\":1080,\"height\":1080},\"medium\":{\"url\":\"https://imgu.web.nhk/common/broadcastservice/bs/g1/g1-logo_640x640.png\",\"width\":640,\"height\":640},\"small\":{\"url\":\"https://imgu.web.nhk/common/broadcastservice/bs/g1/g1-logo_200x200.png\",\"width\":200,\"height\":200}},\"eyecatch\":{\"url\":\"https://imgu.web.nhk/common/broadcastservice/bs/g1/g1-eyecatch.svg\",\"large\":{\"url\":\"https://imgu.web.nhk/common/broadcastservice/bs/g1/g1-eyecatch_3840x2160.png\",\"width\":3840,\"height\":2160},\"main\":{\"url\":\"https://imgu.web.nhk/common/broadcastservice/bs/g1/g1-eyecatch_1920x1080.png\",\"width\":1920,\"height\":1080},\"medium\":{\"url\":\"https://imgu.web.nhk/common/broadcastservice/bs/g1/g1-eyecatch_1280x720.png\",\"width\":1280,\"height\":720},\"small\":{\"url\":\"https://imgu.web.nhk/common/broadcastservice/bs/g1/g1-eyecatch_640x360.png\",\"width\":640,\"height\":360}},\"hero\":{\"url\":\"https://imgu.web.nhk/common/broadcastservice/bs/g1/g1-hero.svg\",\"main\":{\"url\":\"https://imgu.web.nhk/common/broadcastservice/bs/g1/g1-hero_1920x640.png\",\"width\":1920,\"height\":640},\"medium\":{\"url\":\"https://imgu.web.nhk/common/broadcastservice/bs/g1/g1-hero_1080x360.png\",\"width\":1080,\"height\":360}},\"badge9x4\":{\"url\":\"https://imgu.web.nhk/common/broadcastservice/bs/g1/g1-badge9x4.svg\",\"main\":{\"url\":\"https://imgu.web.nhk/common/broadcastservice/bs/g1/g1-badge9x4_360x160.png\",\"width\":360,\"height\":160},\"small\":{\"url\":\"https://imgu.web.nhk/common/broadcastservice/bs/g1/g1-badge9x4_180x80.png\",\"width\":180,\"height\":80}}}},\"detailedRecentEvent\":{\"startDate\":\"2026-01-11T20:00:00+09:00\",\"endDate\":\"2026-01-11T20:45:00+09:00\",\"publishedOn\":{\"type\":\"BroadcastService\",\"id\":\"bs-g1-130\",\"name\":\"NHK総合テレビジョン\",\"url\":\"https://api-local.ss.org.nhk/r8/t/broadcastservice/bs/g1-130.json\",\"broadcastDisplayName\":\"NHK総合・東京\",\"videoFormat\":[\"2K\"],\"encodingFormat\":[\"video/X-arib-mpeg2\",\"audio/X-arib-mpeg2-aac\"],\"identifierGroup\":{\"serviceId\":\"g1\",\"serviceName\":\"NHK総合1\",\"areaId\":\"130\",\"areaName\":\"東京\",\"channelId\":\"011\",\"channelKey\":\"1\",\"channelAreaName\":\"東京\",\"channelStationName\":\"首都圏\",\"shortenedName\":\"NHK総合1\",\"shortenedDisplayName\":\"総合\",\"multiChannelDisplayName\":\"総合\"},\"logo\":{\"url\":\"https://imgu.web.nhk/common/broadcastservice/bs/g1/g1-logo.svg\",\"main\":{\"url\":\"https://imgu.web.nhk/common/broadcastservice/bs/g1/g1-logo_1080x1080.png\",\"width\":1080,\"height\":1080},\"medium\":{\"url\":\"https://imgu.web.nhk/common/broadcastservice/bs/g1/g1-logo_640x640.png\",\"width\":640,\"height\":640},\"small\":{\"url\":\"https://imgu.web.nhk/common/broadcastservice/bs/g1/g1-logo_200x200.png\",\"width\":200,\"height\":200}},\"eyecatch\":{\"url\":\"https://imgu.web.nhk/common/broadcastservice/bs/g1/g1-eyecatch.svg\",\"large\":{\"url\":\"https://imgu.web.nhk/common/broadcastservice/bs/g1/g1-eyecatch_3840x2160.png\",\"width\":3840,\"height\":2160},\"main\":{\"url\":\"https://imgu.web.nhk/common/broadcastservice/bs/g1/g1-eyecatch_1920x1080.png\",\"width\":1920,\"height\":1080},\"medium\":{\"url\":\"https://imgu.web.nhk/common/broadcastservice/bs/g1/g1-eyecatch_1280x720.png\",\"width\":1280,\"height\":720},\"small\":{\"url\":\"https://imgu.web.nhk/common/broadcastservice/bs/g1/g1-eyecatch_640x360.png\",\"width\":640,\"height\":360}},\"hero\":{\"url\":\"https://imgu.web.nhk/common/broadcastservice/bs/g1/g1-hero.svg\",\"main\":{\"url\":\"https://imgu.web.nhk/common/broadcastservice/bs/g1/g1-hero_1920x640.png\",\"width\":1920,\"height\":640},\"medium\":{\"url\":\"https://imgu.web.nhk/common/broadcastservice/bs/g1/g1-hero_1080x360.png\",\"width\":1080,\"height\":360}},\"badge9x4\":{\"url\":\"https://imgu.web.nhk/common/broadcastservice/bs/g1/g1-badge9x4.svg\",\"main\":{\"url\":\"https://imgu.web.nhk/common/broadcastservice/bs/g1/g1-badge9x4_360x160.png\",\"width\":360,\"height\":160},\"small\":{\"url\":\"https://imgu.web.nhk/common/broadcastservice/bs/g1/g1-badge9x4_180x80.png\",\"width\":180,\"height\":80}}}},\"eyecatch\":{\"large\":{\"url\":\"https://imgu.web.nhk/static/assets/images/tvepisode/te/4LG611Z8VP/4LG611Z8VP-eyecatch_203874859d2752cab6b83bddb453da77.jpg\",\"width\":3840,\"height\":2160},\"main\":{\"url\":\"https://imgu.web.nhk/static/assets/images/tvepisode/te/4LG611Z8VP/4LG611Z8VP-eyecatch_7a69a8af84a222587c209caa6bae680d.jpg\",\"width\":1920,\"height\":1080},\"medium\":{\"url\":\"https://imgu.web.nhk/static/assets/images/tvepisode/te/4LG611Z8VP/4LG611Z8VP-eyecatch_3ce0e3582288287613a2a42370bf5663.jpg\",\"width\":1280,\"height\":720},\"small\":{\"url\":\"https://imgu.web.nhk/static/assets/images/tvepisode/te/4LG611Z8VP/4LG611Z8VP-eyecatch_d33c07b18d94281ac86d8eda26db26e3.jpg\",\"width\":640,\"height\":360}},\"eyecatchList\":[{\"large\":{\"url\":\"https://imgu.web.nhk/static/assets/images/tvepisode/te/4LG611Z8VP/4LG611Z8VP-eyecatches_cb4d3c94c07121cb10fc4d0aa0af769a.jpg\",\"width\":3840,\"height\":2160},\"main\":{\"url\":\"https://imgu.web.nhk/static/assets/images/tvepisode/te/4LG611Z8VP/4LG611Z8VP-eyecatches_fe0946832f05a3d312c3f28d39cabdc9.jpg\",\"width\":1920,\"height\":1080},\"medium\":{\"url\":\"https://imgu.web.nhk/static/assets/images/tvepisode/te/4LG611Z8VP/4LG611Z8VP-eyecatches_392ff3324241ad010103324dfbef2361.jpg\",\"width\":1280,\"height\":720},\"small\":{\"url\":\"https://imgu.web.nhk/static/assets/images/tvepisode/te/4LG611Z8VP/4LG611Z8VP-eyecatches_b4886b2d0a9d687804b21f7bdf955088.jpg\",\"width\":640,\"height\":360}},{\"large\":{\"url\":\"https://imgu.web.nhk/static/assets/images/tvepisode/te/4LG611Z8VP/4LG611Z8VP-eyecatches_fa5cba31339cca9786e15496b8f1aae4.jpg\",\"width\":3840,\"height\":2160},\"main\":{\"url\":\"https://imgu.web.nhk/static/assets/images/tvepisode/te/4LG611Z8VP/4LG611Z8VP-eyecatches_a2170bf36fd3c1fdf25dcdd3dc61e958.jpg\",\"width\":1920,\"height\":1080},\"medium\":{\"url\":\"https://imgu.web.nhk/static/assets/images/tvepisode/te/4LG611Z8VP/4LG611Z8VP-eyecatches_28b91bc60dbf1f56b9f9e4c06219f814.jpg\",\"width\":1280,\"height\":720},\"small\":{\"url\":\"https://imgu.web.nhk/static/assets/images/tvepisode/te/4LG611Z8VP/4LG611Z8VP-eyecatches_9b7c6dd939aba38e0f26ec48c199ae50.jpg\",\"width\":640,\"height\":360}},{\"large\":{\"url\":\"https://imgu.web.nhk/static/assets/images/tvepisode/te/4LG611Z8VP/4LG611Z8VP-eyecatches_a8a490253643b51c13c04b8848958c33.jpg\",\"width\":3840,\"height\":2160},\"main\":{\"url\":\"https://imgu.web.nhk/static/assets/images/tvepisode/te/4LG611Z8VP/4LG611Z8VP-eyecatches_dd744e5de4963963cd2bb0b88b32d870.jpg\",\"width\":1920,\"height\":1080},\"medium\":{\"url\":\"https://imgu.web.nhk/static/assets/images/tvepisode/te/4LG611Z8VP/4LG611Z8VP-eyecatches_45e08d91940d3e852dbbeb0e76b69822.jpg\",\"width\":1280,\"height\":720},\"small\":{\"url\":\"https://imgu.web.nhk/static/assets/images/tvepisode/te/4LG611Z8VP/4LG611Z8VP-eyecatches_d377214b73ef3c83d977f324e42ca56c.jpg\",\"width\":640,\"height\":360}},{\"large\":{\"url\":\"https://imgu.web.nhk/static/assets/images/tvepisode/te/4LG611Z8VP/4LG611Z8VP-eyecatches_6bca1fcfd18d5cf23cbaf55ff51e5983.jpg\",\"width\":3840,\"height\":2160},\"main\":{\"url\":\"https://imgu.web.nhk/static/assets/images/tvepisode/te/4LG611Z8VP/4LG611Z8VP-eyecatches_e6268ffd971a2a6c17870eab543af959.jpg\",\"width\":1920,\"height\":1080},\"medium\":{\"url\":\"https://imgu.web.nhk/static/assets/images/tvepisode/te/4LG611Z8VP/4LG611Z8VP-eyecatches_a0ad85c9a49796279082a0271b9dc8ea.jpg\",\"width\":1280,\"height\":720},\"small\":{\"url\":\"https://imgu.web.nhk/static/assets/images/tvepisode/te/4LG611Z8VP/4LG611Z8VP-eyecatches_2bafd4bd1a4fec2ec056d035f76a9b09.jpg\",\"width\":640,\"height\":360}}],\"video\":[],\"citation\":[],\"detailedPinnedCitation\":[{\"name\":\"🐒第1回・第2回の相関図・登場人物はこちら\",\"url\":\"https://www.nhk.jp/g/ts/P52L88MYXY/blog/bl/pwWYoeNnb2/bp/ppGJxWWORK/\"},{\"name\":\"🐒第2回「願いの鐘」まとめ\",\"url\":\"https://www.nhk.jp/g/ts/P52L88MYXY/blog/bl/pdRPMxDlrQ/bp/pZwQjw5rMG/\"},{\"name\":\"📺関連番組はこちら（NHK ONE 「豊臣兄弟！」 プレイリスト）\",\"url\":\"https://www.web.nhk/tv/pl/editorial-tep-4MBMYEIJTX\"},{\"name\":\"📺NHKオンデマンド（2）配信中！\",\"url\":\"https://www.nhk-ondemand.jp/goods/G2025153587SA000/?spg=P202500491700000\"}],\"sameAs\":[],\"correction\":[],\"url\":\"https://api-local.ss.org.nhk/r8/t/tvepisode/te/4LG611Z8VP.json\",\"canonical\":\"https://www.web.nhk/tv/an/toyotomi-kyodai/pl/series-tep-P52L88MYXY/ep/4LG611Z8VP\",\"associatedMedia\":[],\"hasPart\":[],\"additionalProperty\":{\"episodeMergeStatus\":\"notMerged\"}},\"link\":{\"href\":\"https://www.web.nhk/tv/an/toyotomi-kyodai/pl/series-tep-P52L88MYXY/ep/4LG611Z8VP\"}}]\n"])</script><script>self.__next_f.push([1,"4b:[\"$\",\"$L2a\",\"5R6KN8839V\",{\"content\":{\"type\":\"TVEpisode\",\"id\":\"5R6KN8839V\",\"name\":\"(1)二匹の猿\",\"detailedEpisodeNameRuby\":\"\",\"identifierGroup\":{\"tvEpisodeId\":\"5R6KN8839V\",\"tvSeriesId\":\"P52L88MYXY\",\"tvEpisodeName\":\"(1)二匹の猿\",\"tvSeriesName\":\"大河ドラマ「豊臣兄弟！」\",\"hashtag\":[],\"siteId\":\"8969\",\"serviceId\":[\"g1\",\"g2\",\"s1\",\"s2\",\"s5\"],\"aliasId\":\"toyotomi-kyodai\",\"formatGenreTag\":[{\"id\":\"03\",\"name\":\"ドラマ\"}],\"themeGenreTag\":[{\"id\":\"031\",\"name\":\"国内ドラマ\"},{\"id\":\"033\",\"name\":\"時代劇\"},{\"id\":\"030\",\"name\":\"ドラマ全般\"}]},\"keyword\":[],\"description\":\"尾張中村の貧しい農家に生まれた小一郎（仲野太賀）は、田畑を耕し土とともに生きる暮らしに満足しながら日々をすごしていた。ある日、野盗の集団が村を襲い、幼なじみの娘・直（白石聖）が連れ去られそうになる。そのピンチを救ったのは８年ぶりに村に帰ってきた兄の藤吉郎（池松壮亮）だった。若き戦国武将・織田信長（小栗旬）に仕官し、大出世を夢見る藤吉郎は、小一郎に自分の家来になるよう願い出る。\",\"dateCreated\":\"2025-10-16T18:38:46+09:00\",\"dateModified\":\"2026-01-31T00:03:36+09:00\",\"actor\":[{\"person\":{\"identifierGroup\":{\"npgId\":\"29D4D7A7-E3F2-4E1F-94CA-046080070DC0\",\"wikidataId\":\"Q11444506\"},\"roleName\":\"Actor\",\"displayRoleName\":\"俳優\",\"name\":\"仲野 太賀\",\"detailedNameRuby\":\"なかの たいが\",\"familyName\":\"仲野\",\"givenName\":\"太賀\",\"detailedFamilyNameRuby\":\"なかの\",\"detailedGivenNameRuby\":\"たいが\",\"detailedNameDescription\":\"\",\"honorificSuffix\":\"\",\"jobTitle\":[],\"memberOf\":[],\"image\":{\"main\":{\"url\":\"https://img.web.nhk/static/assets/images/tvseries/ts/P52L88MYXY/P52L88MYXY-person_bba932486e9715f0c88077bac28a03a5.png\",\"width\":1080,\"height\":1080},\"medium\":{\"url\":\"https://img.web.nhk/static/assets/images/tvseries/ts/P52L88MYXY/P52L88MYXY-person_96550216303231facd956bb116caa614.png\",\"width\":640,\"height\":640},\"small\":{\"url\":\"https://imgu.web.nhk/static/assets/images/tvseries/ts/P52L88MYXY/P52L88MYXY-person_20ad70eaeb107b8f431c2d470fdfdeb2.png\",\"width\":200,\"height\":200}},\"characterName\":\"小一郎（豊臣秀長）\",\"detailedCharacterNameRuby\":\"こいちろう（とよとみ ひでなが）\",\"description\":\"天下人・豊臣秀吉の弟\\n登場時の名は小一郎。兄の天下取りをいちずに支え続けた「天下一の補佐役」といわれている。\",\"detailedWork\":[],\"hasOccupation\":[]}},{\"person\":{\"identifierGroup\":{\"npgId\":\"D690F0C8-05B8-4A71-9A1E-13B8A756E70D\",\"wikidataId\":\"Q1058963\"},\"roleName\":\"Actor\",\"displayRoleName\":\"俳優\",\"name\":\"池松 壮亮\",\"detailedNameRuby\":\"いけまつ そうすけ\",\"familyName\":\"池松\",\"givenName\":\"壮亮\",\"detailedFamilyNameRuby\":\"いけまつ\",\"detailedGivenNameRuby\":\"そうすけ\",\"detailedNameDescription\":\"\",\"honorificSuffix\":\"\",\"jobTitle\":[],\"memberOf\":[],\"image\":{\"main\":{\"url\":\"https://img.web.nhk/static/assets/images/tvseries/ts/P52L88MYXY/P52L88MYXY-person_92f02688b9bd99a554065cd296d2952f.png\",\"width\":1080,\"height\":1080},\"medium\":{\"url\":\"https://img.web.nhk/static/assets/images/tvseries/ts/P52L88MYXY/P52L88MYXY-person_cb1f34b797811ceac6d68d9b83e9b8f7.png\",\"width\":640,\"height\":640},\"small\":{\"url\":\"https://imgu.web.nhk/static/assets/images/tvseries/ts/P52L88MYXY/P52L88MYXY-person_87292aa7be724fb75464ac6a068a68fd.png\",\"width\":200,\"height\":200}},\"characterName\":\"藤吉郎（豊臣秀吉）\",\"detailedCharacterNameRuby\":\"とうきちろう（とよとみ ひでよし）\",\"description\":\"小一郎を乱世に巻き込んだ野心家の兄\\n小一郎の３歳年上の兄。登場時の名は藤吉郎。尾張中村の貧しい農家で生まれ育ったが、主君である戦国武将・織田信長のもとでメキメキと頭角をあらわし、ついには天下統一を果たす。\",\"detailedWork\":[],\"hasOccupation\":[]}},{\"person\":{\"identifierGroup\":{\"npgId\":\"04E1F915-FCA1-441E-B5E2-5D60F7FE75D6\",\"wikidataId\":\"Q11284289\"},\"roleName\":\"Actor\",\"displayRoleName\":\"俳優\",\"name\":\"浜辺 美波\",\"detailedNameRuby\":\"はまべ みなみ\",\"familyName\":\"浜辺\",\"givenName\":\"美波\",\"detailedFamilyNameRuby\":\"はまべ\",\"detailedGivenNameRuby\":\"みなみ\",\"detailedNameDescription\":\"\",\"honorificSuffix\":\"\",\"jobTitle\":[],\"memberOf\":[],\"image\":{\"main\":{\"url\":\"https://img.web.nhk/static/assets/images/tvseries/ts/P52L88MYXY/P52L88MYXY-person_18cf0bd1c6f206300d5597fce517f5f8.png\",\"width\":1080,\"height\":1080},\"medium\":{\"url\":\"https://img.web.nhk/static/assets/images/tvseries/ts/P52L88MYXY/P52L88MYXY-person_edbfc099c50a27959c381da20788db7c.png\",\"width\":640,\"height\":640},\"small\":{\"url\":\"https://imgu.web.nhk/static/assets/images/tvseries/ts/P52L88MYXY/P52L88MYXY-person_0f5f7e395d69946dd7f47e133e89c342.png\",\"width\":200,\"height\":200}},\"characterName\":\"寧々\",\"detailedCharacterNameRuby\":\"ねね\",\"description\":\"夫の秀吉とともに天下人への階段を昇りつめる\\n豊臣秀吉の正妻。秀吉が関白に就任したのちは北政所（きたのまんどころ）と称される。\\n負けず嫌いの性格で、夫の秀吉とともに出世街道を駆け抜ける。\\nやがて庶民の娘から“戦国のファーストレディ”へと昇りつめる。\",\"detailedWork\":[],\"hasOccupation\":[]}},{\"person\":{\"identifierGroup\":{\"npgId\":\"00110902-AE66-45F8-B48D-E45DBA3F0CA8\",\"wikidataId\":\"Q48758750\"},\"roleName\":\"Actor\",\"displayRoleName\":\"俳優\",\"name\":\"白石 聖\",\"detailedNameRuby\":\"しらいし せい\",\"familyName\":\"白石\",\"givenName\":\"聖\",\"detailedFamilyNameRuby\":\"しらいし\",\"detailedGivenNameRuby\":\"せい\",\"detailedNameDescription\":\"\",\"honorificSuffix\":\"\",\"jobTitle\":[],\"memberOf\":[],\"image\":{\"main\":{\"url\":\"https://img.web.nhk/static/assets/images/tvseries/ts/P52L88MYXY/P52L88MYXY-person_0fe4352bc0ad486cf90ca333d73f6914.png\",\"width\":1080,\"height\":1080},\"medium\":{\"url\":\"https://img.web.nhk/static/assets/images/tvseries/ts/P52L88MYXY/P52L88MYXY-person_20e3755feba331ef7b91101e09b2a1a1.png\",\"width\":640,\"height\":640},\"small\":{\"url\":\"https://imgu.web.nhk/static/assets/images/tvseries/ts/P52L88MYXY/P52L88MYXY-person_a970a9a9542b4d85fbc1027e68068415.png\",\"width\":200,\"height\":200}},\"characterName\":\"直\",\"detailedCharacterNameRuby\":\"なお\",\"description\":\"小一郎の幼なじみ“初恋のひと”\\n小一郎と藤吉郎の故郷である尾張中村の土豪の娘。小一郎と同い年の幼なじみ。男勝りな性格だが、小一郎のことをひそかに慕っている。乱世に翻弄される悲劇のヒロイン。\",\"detailedWork\":[],\"hasOccupation\":[]}},{\"person\":{\"identifierGroup\":{\"npgId\":\"66D5AA5D-8A64-4B6A-ABB7-5292F551EB64\",\"wikidataId\":\"Q456644\"},\"roleName\":\"Actor\",\"displayRoleName\":\"俳優\",\"name\":\"坂井 真紀\",\"detailedNameRuby\":\"さかい まき\",\"familyName\":\"坂井\",\"givenName\":\"真紀\",\"detailedFamilyNameRuby\":\"さかい\",\"detailedGivenNameRuby\":\"まき\",\"detailedNameDescription\":\"\",\"honorificSuffix\":\"\",\"jobTitle\":[],\"memberOf\":[],\"image\":{\"main\":{\"url\":\"https://img.web.nhk/static/assets/images/tvseries/ts/P52L88MYXY/P52L88MYXY-person_be82055d1422408d4df158e98f8e70e9.png\",\"width\":1080,\"height\":1080},\"medium\":{\"url\":\"https://img.web.nhk/static/assets/images/tvseries/ts/P52L88MYXY/P52L88MYXY-person_297fac5c0abd7f590defc6551b0785b1.png\",\"width\":640,\"height\":640},\"small\":{\"url\":\"https://imgu.web.nhk/static/assets/images/tvseries/ts/P52L88MYXY/P52L88MYXY-person_e602af3899bd45ae871f300d77aeb2ae.png\",\"width\":200,\"height\":200}},\"characterName\":\"なか\",\"detailedCharacterNameRuby\":\"\",\"description\":\"息子たちの出世を温かく見守る母\\n豊臣兄弟の母。夫を早くに亡くし、女手一つで二男二女を育てる。息子たちの異例の出世に喜びやとまどいを感じながらも温かく見守り、天下人となった秀吉が関白に就任すると「大政所（おおまんどころ）」と称されるようになる。\",\"detailedWork\":[],\"hasOccupation\":[]}},{\"person\":{\"identifierGroup\":{\"npgId\":\"95D8852C-551F-4464-8309-F469B5AF370F\",\"wikidataId\":\"Q11347265\"},\"roleName\":\"Actor\",\"displayRoleName\":\"俳優\",\"name\":\"宮澤 エマ\",\"detailedNameRuby\":\"みやざわ えま\",\"familyName\":\"宮澤\",\"givenName\":\"エマ\",\"detailedFamilyNameRuby\":\"みやざわ\",\"detailedGivenNameRuby\":\"えま\",\"detailedNameDescription\":\"\",\"honorificSuffix\":\"\",\"jobTitle\":[],\"memberOf\":[],\"image\":{\"main\":{\"url\":\"https://img.web.nhk/static/assets/images/tvseries/ts/P52L88MYXY/P52L88MYXY-person_4a2733a3a570bd47a234c505111cda69.png\",\"width\":1080,\"height\":1080},\"medium\":{\"url\":\"https://img.web.nhk/static/assets/images/tvseries/ts/P52L88MYXY/P52L88MYXY-person_ad814d5694869f12180526033d359037.png\",\"width\":640,\"height\":640},\"small\":{\"url\":\"https://imgu.web.nhk/static/assets/images/tvseries/ts/P52L88MYXY/P52L88MYXY-person_62932afd84cec409aee9c6a465dbcf59.png\",\"width\":200,\"height\":200}},\"characterName\":\"とも\",\"detailedCharacterNameRuby\":\"\",\"description\":\"兄弟に厳しくあたるしっかり者の姉\\n豊臣兄弟の姉。しっかり者で負けん気が強い。三人の男児を産み育てるが、跡継ぎに恵まれなかった弟の秀吉によって政治の道具として利用される。のちに秀吉の後継者となった長男の秀次は謀反の疑いをかけられ妻子とともに処刑されることになる。\",\"detailedWork\":[],\"hasOccupation\":[]}},{\"person\":{\"identifierGroup\":{\"npgId\":\"C101CC80-AA68-499F-B747-423F0190B90F\",\"wikidataId\":\"Q130572262\"},\"roleName\":\"Actor\",\"displayRoleName\":\"俳優\",\"name\":\"倉沢 杏菜\",\"detailedNameRuby\":\"くらさわ あんな\",\"familyName\":\"倉沢 \",\"givenName\":\"杏菜\",\"detailedFamilyNameRuby\":\"くらさわ\",\"detailedGivenNameRuby\":\"あんな\",\"detailedNameDescription\":\"\",\"honorificSuffix\":\"\",\"jobTitle\":[],\"memberOf\":[],\"image\":{\"main\":{\"url\":\"https://img.web.nhk/static/assets/images/tvseries/ts/P52L88MYXY/P52L88MYXY-person_22326a72f914ce19f4201a884e57b07e.png\",\"width\":1080,\"height\":1080},\"medium\":{\"url\":\"https://img.web.nhk/static/assets/images/tvseries/ts/P52L88MYXY/P52L88MYXY-person_999cd30dbb41712b7aa04a660288da02.png\",\"width\":640,\"height\":640},\"small\":{\"url\":\"https://imgu.web.nhk/static/assets/images/tvseries/ts/P52L88MYXY/P52L88MYXY-person_a046e82bf435e73fa771132399902caa.png\",\"width\":200,\"height\":200}},\"characterName\":\"あさひ\",\"detailedCharacterNameRuby\":\"\",\"description\":\"笑顔が明るい天真らんまんな妹\\n豊臣兄弟の妹。天真らんまんな性格で、貧しい農家暮らしの中でもいつも前向きで笑顔をたやさない。兄たちが出世したおかげで夫ともども裕福で幸せな暮らしを送っていたが、ある日突然、秀吉によって離縁させられ徳川家康のもとに嫁がされることになる。\",\"detailedWork\":[],\"hasOccupation\":[]}},{\"person\":{\"identifierGroup\":{\"npgId\":\"66A58515-7387-4FA8-8F8C-FF4388E0CF59\",\"wikidataId\":\"Q11432413\"},\"roleName\":\"Actor\",\"displayRoleName\":\"俳優\",\"name\":\"大倉 孝二\",\"detailedNameRuby\":\"おおくら こうじ\",\"familyName\":\"大倉\",\"givenName\":\"孝二\",\"detailedFamilyNameRuby\":\"おおくら\",\"detailedGivenNameRuby\":\"こうじ\",\"detailedNameDescription\":\"\",\"honorificSuffix\":\"\",\"jobTitle\":[],\"memberOf\":[],\"image\":{\"main\":{\"url\":\"https://img.web.nhk/static/assets/images/tvseries/ts/P52L88MYXY/P52L88MYXY-person_3a34fdeff5f7369ed907618fd6783fc3.png\",\"width\":1080,\"height\":1080},\"medium\":{\"url\":\"https://img.web.nhk/static/assets/images/tvseries/ts/P52L88MYXY/P52L88MYXY-person_0bc88fc91219593678543a57d34b0214.png\",\"width\":640,\"height\":640},\"small\":{\"url\":\"https://imgu.web.nhk/static/assets/images/tvseries/ts/P52L88MYXY/P52L88MYXY-person_be050c92794a7f0513dbb7a9624b84a6.png\",\"width\":200,\"height\":200}},\"characterName\":\"坂井喜左衛門\",\"detailedCharacterNameRuby\":\"さかい きざえもん\",\"description\":\"直の父\\n尾張国中村で大きな影響力を持つ土豪。ある事情で藤吉郎を憎んでおり、小一郎が娘の直と親しい関係にあることもよく思っていない。\",\"detailedWork\":[],\"hasOccupation\":[]}},{\"person\":{\"identifierGroup\":{\"npgId\":\"33A709F5-6B0B-4AC2-A757-3EE61BAEAA68\",\"wikidataId\":\"Q11467539\"},\"roleName\":\"Actor\",\"displayRoleName\":\"俳優\",\"name\":\"山口 馬木也\",\"detailedNameRuby\":\"やまぐち まきや\",\"familyName\":\"山口\",\"givenName\":\"馬木也\",\"detailedFamilyNameRuby\":\"やまぐち\",\"detailedGivenNameRuby\":\"まきや\",\"detailedNameDescription\":\"\",\"honorificSuffix\":\"\",\"jobTitle\":[],\"memberOf\":[],\"image\":{\"main\":{\"url\":\"https://img.web.nhk/static/assets/images/tvseries/ts/P52L88MYXY/P52L88MYXY-person_15931ec1d4d47a797b3f63471e4f8cb1.png\",\"width\":1080,\"height\":1080},\"medium\":{\"url\":\"https://img.web.nhk/static/assets/images/tvseries/ts/P52L88MYXY/P52L88MYXY-person_79787545c1c002b53053bdf991bc18bd.png\",\"width\":640,\"height\":640},\"small\":{\"url\":\"https://imgu.web.nhk/static/assets/images/tvseries/ts/P52L88MYXY/P52L88MYXY-person_87776243a43926e281a519ccc036edd0.png\",\"width\":200,\"height\":200}},\"characterName\":\"柴田勝家\",\"detailedCharacterNameRuby\":\"しばた かついえ\",\"description\":\"兄弟の前に立ちはだかる大きな壁\\n織田信長の重臣の一人。勇猛果敢な戦上手で「鬼柴田」の異名で恐れられた。足軽時代の小一郎と藤吉郎にとっては怖くて苦手な存在。やがて二人が出世を果たすとあからさまに毛嫌いするようになる。信長亡きあとの「清須会議」では後継者争いを繰り広げ、やがて「賤ケ岳の戦い」で兄弟と激突することになる。\",\"detailedWork\":[],\"hasOccupation\":[]}},{\"person\":{\"identifierGroup\":{\"npgId\":\"F8A68291-926B-4D78-92E8-DA8D8B46ABAF\",\"wikidataId\":\"Q457825\"},\"roleName\":\"Actor\",\"displayRoleName\":\"俳優\",\"name\":\"小栗 旬\",\"detailedNameRuby\":\"おぐり しゅん\",\"familyName\":\"小栗\",\"givenName\":\"旬\",\"detailedFamilyNameRuby\":\"おぐり\",\"detailedGivenNameRuby\":\"しゅん\",\"detailedNameDescription\":\"\",\"honorificSuffix\":\"\",\"jobTitle\":[],\"memberOf\":[],\"image\":{\"main\":{\"url\":\"https://img.web.nhk/static/assets/images/tvseries/ts/P52L88MYXY/P52L88MYXY-person_67abfcde9f1ca7f00a22417945168442.png\",\"width\":1080,\"height\":1080},\"medium\":{\"url\":\"https://img.web.nhk/static/assets/images/tvseries/ts/P52L88MYXY/P52L88MYXY-person_0a1e60b5d188f3db10e7dd344d64d75f.png\",\"width\":640,\"height\":640},\"small\":{\"url\":\"https://imgu.web.nhk/static/assets/images/tvseries/ts/P52L88MYXY/P52L88MYXY-person_78b15fdd0397ff4e3ccaf14cd51bac26.png\",\"width\":200,\"height\":200}},\"characterName\":\"織田信長\",\"detailedCharacterNameRuby\":\"おだ のぶなが\",\"description\":\"天下一統を狙う孤高のカリスマ\\n大胆で革新的な戦略と非凡なリーダーシップにより領土を拡大し、「天下布武」のスローガンのもと天下一統を目指したカリスマ的武将。立身出世を目指す小一郎（のちの秀長）と藤吉郎（のちの秀吉）兄弟にとって絶対的な主君である。当主争いで対立した弟を自らの手で殺害したという苦い過去を持っている。\",\"detailedWork\":[],\"hasOccupation\":[]}}],\"contributor\":[],\"partOfSeries\":{\"id\":\"P52L88MYXY\",\"name\":\"大河ドラマ「豊臣兄弟！」\",\"detailedSeriesNameRuby\":\"とよとみきょうだい\",\"identifierGroup\":{\"tvSeriesId\":\"P52L88MYXY\",\"tvSeriesPlaylistId\":\"series-tep-P52L88MYXY\",\"tvSeriesUId\":\"p0defc81f-a07b-55e0-b9a6-c7f75720f416\",\"tvSeriesName\":\"大河ドラマ「豊臣兄弟！」\",\"hashtag\":[],\"siteId\":\"8969\",\"serviceId\":[\"g1\",\"g2\",\"s1\",\"s2\",\"s5\"],\"aliasId\":\"toyotomi-kyodai\",\"formatGenre\":[{\"id\":\"03\",\"name\":\"ドラマ\"}],\"nod\":{\"id\":\"P202500491700000\",\"url\":\"https://www.nhk-ondemand.jp/program/P202500491700000/\"}},\"keyword\":[\"NHK\",\"大河ドラマ\",\"豊臣兄弟！\",\"戦国時代\",\"豊臣秀長\",\"豊臣秀吉\",\"八津弘幸\",\"仲野太賀\",\"池松壮亮\",\"吉岡里帆\",\"浜辺美波\",\"白石聖\",\"坂井真紀\",\"宮澤エマ\",\"大東駿介\",\"松下洸平\",\"山口馬木也\",\"宮﨑あおい\",\"小栗旬\"],\"detailedSynonym\":[],\"sameAs\":[{\"name\":\"▶︎公式Instagram アカウント\",\"url\":\"https://www.instagram.com/nhk_toyotomi/\"},{\"name\":\"▶︎公式X（旧Twitter）アカウント\",\"url\":\"https://x.com/nhk_toyotomi\"},{\"name\":\"▶︎NHK公式YouTube「豊臣兄弟！」プレイリスト\",\"url\":\"https://www.youtube.com/playlist?list=PLcynJ47QaWNvaqX7QpxWQbRs1tHrRHgnb\"}],\"canonical\":\"https://www.web.nhk/tv/an/toyotomi-kyodai/pl/series-tep-P52L88MYXY\",\"description\":\"【NHK公式】大河ドラマ「豊臣兄弟！」\\n\\n大河ドラマ第65作で描くのは、戦国時代のど真ん中!!\\n強い絆で天下統一という偉業を成し遂げた豊臣兄弟の奇跡──\\n夢と希望の下剋上（げこくじょう）サクセスストーリーです！\\n\\n主人公は天下人の弟・豊臣秀長（とよとみ・ひでなが）\\n歴史にif（もしも）はないものの…\\n\\n『秀長が長生きしていれば豊臣家の天下は安泰だった』\\n\\nとまでいわしめた天下一の補佐役・秀長の目線で戦国時代をダイナミックに描く波乱万丈のエンターテインメント！\\n\\n【放送予定】\\n2026年1月4日（日）スタート ※初回15分拡大版\\n\\n【作】八津弘幸\\n【音楽】木村秀彬\\n【語り】安藤サクラ\\n【出演】仲野太賀、池松壮亮、吉岡里帆、浜辺美波、白石 聖、坂井真紀、宮澤エマ、菅田将暉、大東駿介、松下洸平、山口馬木也、宮﨑あおい、小栗 旬　ほか\\n【時代考証】黒田基樹、柴 裕之\\n【制作統括】松川博敬、堀内裕介\\n【プロデューサー】高橋優香子、舟橋哲男、吉岡和彦（展開・プロモーション）、国友 茜（広報）\\n【演出】渡邊良雄、渡辺哲也、田中 正\",\"detailedCatch\":\"熱い兄弟が夢と希望を胸に突っ走る奇跡の下剋上サクセスストーリー！\",\"logo\":{\"main\":{\"url\":\"https://imgu.web.nhk/static/assets/images/tvseries/ts/P52L88MYXY/P52L88MYXY-logo_c64ecc100161d9ce85c8aa953bc73ae1.jpg\",\"width\":1080,\"height\":1080},\"medium\":{\"url\":\"https://imgu.web.nhk/static/assets/images/tvseries/ts/P52L88MYXY/P52L88MYXY-logo_64a636dd72417d3cf661cb2f6808c33a.jpg\",\"width\":640,\"height\":640},\"small\":{\"url\":\"https://imgu.web.nhk/static/assets/images/tvseries/ts/P52L88MYXY/P52L88MYXY-logo_b696c913daeb18f3a663376fa0ec438b.jpg\",\"width\":200,\"height\":200}},\"eyecatch\":{\"large\":{\"url\":\"https://imgu.web.nhk/static/assets/images/tvseries/ts/P52L88MYXY/P52L88MYXY-eyecatch_a738f4a4bd6c933e48839aa43eb14379.jpg\",\"width\":3840,\"height\":2160},\"main\":{\"url\":\"https://imgu.web.nhk/static/assets/images/tvseries/ts/P52L88MYXY/P52L88MYXY-eyecatch_db018d96e8b0a9b57d8a66adf2895c55.jpg\",\"width\":1920,\"height\":1080},\"medium\":{\"url\":\"https://imgu.web.nhk/static/assets/images/tvseries/ts/P52L88MYXY/P52L88MYXY-eyecatch_80f2d9833ddbcdd1daf27c8a5568f526.jpg\",\"width\":1280,\"height\":720},\"small\":{\"url\":\"https://imgu.web.nhk/static/assets/images/tvseries/ts/P52L88MYXY/P52L88MYXY-eyecatch_b70d310c60625c1e0709f4048f70c0b1.jpg\",\"width\":640,\"height\":360}},\"hero\":{\"main\":{\"url\":\"https://imgu.web.nhk/static/assets/images/tvseries/ts/P52L88MYXY/P52L88MYXY-hero_742f045f3b953f612d1de63511984416.jpg\",\"width\":1920,\"height\":640},\"medium\":{\"url\":\"https://imgu.web.nhk/static/assets/images/tvseries/ts/P52L88MYXY/P52L88MYXY-hero_279368f784327dddc794c1896a388d4e.jpg\",\"width\":1080,\"height\":360}},\"style\":{\"textLight\":\"#000000\",\"textDark\":\"#FFFFFF\",\"linkLight\":\"#005AFF\",\"linkDark\":\"#4788FF\",\"primaryLight\":\"#005AFF\",\"primaryDark\":\"#0B61FF\"},\"additionalProperty\":{\"publishLevel\":\"full\",\"layoutPattern\":\"summary\",\"episodeOrderBy\":\"releasedEvent\",\"availableOnPlus\":false,\"enableVariablePlayBackSpeedControl\":false,\"optional\":[],\"seriesPackStatus\":\"notPacked\",\"supportMedia\":[\"@screen\"],\"supportMusicList\":true,\"supportPlusEmbed\":true,\"enableWebContent\":false},\"url\":\"https://api-local.ss.org.nhk/r8/t/nplaylist/pl/series-tep-P52L88MYXY.json\",\"itemUrl\":\"https://api-local.ss.org.nhk/r8/l/tvepisode/pl/series-tep-P52L88MYXY.json\"},\"releasedEvent\":{\"startDate\":\"2026-01-04T20:00:00+09:00\",\"displayStartDate\":\"2026-01-04T20:00:00+09:00\",\"endDate\":\"2026-01-04T21:00:00+09:00\",\"publishedOn\":{\"type\":\"BroadcastService\",\"id\":\"bs-g1-130\",\"name\":\"NHK総合テレビジョン\",\"url\":\"https://api-local.ss.org.nhk/r8/t/broadcastservice/bs/g1-130.json\",\"broadcastDisplayName\":\"NHK総合・東京\",\"videoFormat\":[\"2K\"],\"encodingFormat\":[\"video/X-arib-mpeg2\",\"audio/X-arib-mpeg2-aac\"],\"identifierGroup\":{\"serviceId\":\"g1\",\"serviceName\":\"NHK総合1\",\"areaId\":\"130\",\"areaName\":\"東京\",\"channelId\":\"011\",\"channelKey\":\"1\",\"channelAreaName\":\"東京\",\"channelStationName\":\"首都圏\",\"shortenedName\":\"NHK総合1\",\"shortenedDisplayName\":\"総合\",\"multiChannelDisplayName\":\"総合\"},\"logo\":{\"url\":\"https://imgu.web.nhk/common/broadcastservice/bs/g1/g1-logo.svg\",\"main\":{\"url\":\"https://imgu.web.nhk/common/broadcastservice/bs/g1/g1-logo_1080x1080.png\",\"width\":1080,\"height\":1080},\"medium\":{\"url\":\"https://imgu.web.nhk/common/broadcastservice/bs/g1/g1-logo_640x640.png\",\"width\":640,\"height\":640},\"small\":{\"url\":\"https://imgu.web.nhk/common/broadcastservice/bs/g1/g1-logo_200x200.png\",\"width\":200,\"height\":200}},\"eyecatch\":{\"url\":\"https://imgu.web.nhk/common/broadcastservice/bs/g1/g1-eyecatch.svg\",\"large\":{\"url\":\"https://imgu.web.nhk/common/broadcastservice/bs/g1/g1-eyecatch_3840x2160.png\",\"width\":3840,\"height\":2160},\"main\":{\"url\":\"https://imgu.web.nhk/common/broadcastservice/bs/g1/g1-eyecatch_1920x1080.png\",\"width\":1920,\"height\":1080},\"medium\":{\"url\":\"https://imgu.web.nhk/common/broadcastservice/bs/g1/g1-eyecatch_1280x720.png\",\"width\":1280,\"height\":720},\"small\":{\"url\":\"https://imgu.web.nhk/common/broadcastservice/bs/g1/g1-eyecatch_640x360.png\",\"width\":640,\"height\":360}},\"hero\":{\"url\":\"https://imgu.web.nhk/common/broadcastservice/bs/g1/g1-hero.svg\",\"main\":{\"url\":\"https://imgu.web.nhk/common/broadcastservice/bs/g1/g1-hero_1920x640.png\",\"width\":1920,\"height\":640},\"medium\":{\"url\":\"https://imgu.web.nhk/common/broadcastservice/bs/g1/g1-hero_1080x360.png\",\"width\":1080,\"height\":360}},\"badge9x4\":{\"url\":\"https://imgu.web.nhk/common/broadcastservice/bs/g1/g1-badge9x4.svg\",\"main\":{\"url\":\"https://imgu.web.nhk/common/broadcastservice/bs/g1/g1-badge9x4_360x160.png\",\"width\":360,\"height\":160},\"small\":{\"url\":\"https://imgu.web.nhk/common/broadcastservice/bs/g1/g1-badge9x4_180x80.png\",\"width\":180,\"height\":80}}}},\"detailedRecentEvent\":{\"startDate\":\"2026-01-25T01:10:00+09:00\",\"endDate\":\"2026-01-25T02:10:00+09:00\",\"publishedOn\":{\"type\":\"BroadcastService\",\"id\":\"bs-g1-130\",\"name\":\"NHK総合テレビジョン\",\"url\":\"https://api-local.ss.org.nhk/r8/t/broadcastservice/bs/g1-130.json\",\"broadcastDisplayName\":\"NHK総合・東京\",\"videoFormat\":[\"2K\"],\"encodingFormat\":[\"video/X-arib-mpeg2\",\"audio/X-arib-mpeg2-aac\"],\"identifierGroup\":{\"serviceId\":\"g1\",\"serviceName\":\"NHK総合1\",\"areaId\":\"130\",\"areaName\":\"東京\",\"channelId\":\"011\",\"channelKey\":\"1\",\"channelAreaName\":\"東京\",\"channelStationName\":\"首都圏\",\"shortenedName\":\"NHK総合1\",\"shortenedDisplayName\":\"総合\",\"multiChannelDisplayName\":\"総合\"},\"logo\":{\"url\":\"https://imgu.web.nhk/common/broadcastservice/bs/g1/g1-logo.svg\",\"main\":{\"url\":\"https://imgu.web.nhk/common/broadcastservice/bs/g1/g1-logo_1080x1080.png\",\"width\":1080,\"height\":1080},\"medium\":{\"url\":\"https://imgu.web.nhk/common/broadcastservice/bs/g1/g1-logo_640x640.png\",\"width\":640,\"height\":640},\"small\":{\"url\":\"https://imgu.web.nhk/common/broadcastservice/bs/g1/g1-logo_200x200.png\",\"width\":200,\"height\":200}},\"eyecatch\":{\"url\":\"https://imgu.web.nhk/common/broadcastservice/bs/g1/g1-eyecatch.svg\",\"large\":{\"url\":\"https://imgu.web.nhk/common/broadcastservice/bs/g1/g1-eyecatch_3840x2160.png\",\"width\":3840,\"height\":2160},\"main\":{\"url\":\"https://imgu.web.nhk/common/broadcastservice/bs/g1/g1-eyecatch_1920x1080.png\",\"width\":1920,\"height\":1080},\"medium\":{\"url\":\"https://imgu.web.nhk/common/broadcastservice/bs/g1/g1-eyecatch_1280x720.png\",\"width\":1280,\"height\":720},\"small\":{\"url\":\"https://imgu.web.nhk/common/broadcastservice/bs/g1/g1-eyecatch_640x360.png\",\"width\":640,\"height\":360}},\"hero\":{\"url\":\"https://imgu.web.nhk/common/broadcastservice/bs/g1/g1-hero.svg\",\"main\":{\"url\":\"https://imgu.web.nhk/common/broadcastservice/bs/g1/g1-hero_1920x640.png\",\"width\":1920,\"height\":640},\"medium\":{\"url\":\"https://imgu.web.nhk/common/broadcastservice/bs/g1/g1-hero_1080x360.png\",\"width\":1080,\"height\":360}},\"badge9x4\":{\"url\":\"https://imgu.web.nhk/common/broadcastservice/bs/g1/g1-badge9x4.svg\",\"main\":{\"url\":\"https://imgu.web.nhk/common/broadcastservice/bs/g1/g1-badge9x4_360x160.png\",\"width\":360,\"height\":160},\"small\":{\"url\":\"https://imgu.web.nhk/common/broadcastservice/bs/g1/g1-badge9x4_180x80.png\",\"width\":180,\"height\":80}}}},\"eyecatch\":{\"large\":{\"url\":\"https://imgu.web.nhk/static/assets/images/tvepisode/te/5R6KN8839V/5R6KN8839V-eyecatch_4919f9835d46f5bd49dc1417bf05a5ef.jpg\",\"width\":3840,\"height\":2160},\"main\":{\"url\":\"https://imgu.web.nhk/static/assets/images/tvepisode/te/5R6KN8839V/5R6KN8839V-eyecatch_6a17f1748fb27be468a5707a435f0ce3.jpg\",\"width\":1920,\"height\":1080},\"medium\":{\"url\":\"https://imgu.web.nhk/static/assets/images/tvepisode/te/5R6KN8839V/5R6KN8839V-eyecatch_cfe68a30adb0edf673fd634c05d4e54e.jpg\",\"width\":1280,\"height\":720},\"small\":{\"url\":\"https://imgu.web.nhk/static/assets/images/tvepisode/te/5R6KN8839V/5R6KN8839V-eyecatch_7fe4adba8374bf4acd1e6772c59f0337.jpg\",\"width\":640,\"height\":360}},\"eyecatchList\":[{\"large\":{\"url\":\"https://imgu.web.nhk/static/assets/images/tvepisode/te/5R6KN8839V/5R6KN8839V-eyecatches_19015114e879a0510f8485f034591597.jpg\",\"width\":3840,\"height\":2160},\"main\":{\"url\":\"https://imgu.web.nhk/static/assets/images/tvepisode/te/5R6KN8839V/5R6KN8839V-eyecatches_813090cad6c5f5d6c6c5c42566ce7514.jpg\",\"width\":1920,\"height\":1080},\"medium\":{\"url\":\"https://imgu.web.nhk/static/assets/images/tvepisode/te/5R6KN8839V/5R6KN8839V-eyecatches_f4afcf2db92fab4c102fd03dc7b3f3c1.jpg\",\"width\":1280,\"height\":720},\"small\":{\"url\":\"https://imgu.web.nhk/static/assets/images/tvepisode/te/5R6KN8839V/5R6KN8839V-eyecatches_ca9140ebf709604576b851cd6519e5b4.jpg\",\"width\":640,\"height\":360}},{\"large\":{\"url\":\"https://imgu.web.nhk/static/assets/images/tvepisode/te/5R6KN8839V/5R6KN8839V-eyecatches_2f031c4b4e8f9a14048c1e444bd2981c.jpg\",\"width\":3840,\"height\":2160},\"main\":{\"url\":\"https://imgu.web.nhk/static/assets/images/tvepisode/te/5R6KN8839V/5R6KN8839V-eyecatches_c0f513552e4ec1b5a78bc82f7e54147a.jpg\",\"width\":1920,\"height\":1080},\"medium\":{\"url\":\"https://imgu.web.nhk/static/assets/images/tvepisode/te/5R6KN8839V/5R6KN8839V-eyecatches_347635d12a1edddd726471d16698ca43.jpg\",\"width\":1280,\"height\":720},\"small\":{\"url\":\"https://imgu.web.nhk/static/assets/images/tvepisode/te/5R6KN8839V/5R6KN8839V-eyecatches_c26607468c4b089050e0fb33426089c1.jpg\",\"width\":640,\"height\":360}},{\"large\":{\"url\":\"https://imgu.web.nhk/static/assets/images/tvepisode/te/5R6KN8839V/5R6KN8839V-eyecatches_febbf0d0745b0d82ebaa9ecdd2aa3bff.jpg\",\"width\":3840,\"height\":2160},\"main\":{\"url\":\"https://imgu.web.nhk/static/assets/images/tvepisode/te/5R6KN8839V/5R6KN8839V-eyecatches_5461a294bbb380e382ad8fecf2c4b668.jpg\",\"width\":1920,\"height\":1080},\"medium\":{\"url\":\"https://imgu.web.nhk/static/assets/images/tvepisode/te/5R6KN8839V/5R6KN8839V-eyecatches_1cf67abd84edfa1abdff9b97d57ee109.jpg\",\"width\":1280,\"height\":720},\"small\":{\"url\":\"https://imgu.web.nhk/static/assets/images/tvepisode/te/5R6KN8839V/5R6KN8839V-eyecatches_d2927566b6f0bbc8b08952e7ab3cf6e1.jpg\",\"width\":640,\"height\":360}},{\"large\":{\"url\":\"https://imgu.web.nhk/static/assets/images/tvepisode/te/5R6KN8839V/5R6KN8839V-eyecatches_e61d863c130980e0583a4d9c215c3eb6.jpg\",\"width\":3840,\"height\":2160},\"main\":{\"url\":\"https://imgu.web.nhk/static/assets/images/tvepisode/te/5R6KN8839V/5R6KN8839V-eyecatches_c34d67cc64f0d39c5f96b9c9b03174ae.jpg\",\"width\":1920,\"height\":1080},\"medium\":{\"url\":\"https://imgu.web.nhk/static/assets/images/tvepisode/te/5R6KN8839V/5R6KN8839V-eyecatches_614c9251845c7987e7b94eaeead43f55.jpg\",\"width\":1280,\"height\":720},\"small\":{\"url\":\"https://imgu.web.nhk/static/assets/images/tvepisode/te/5R6KN8839V/5R6KN8839V-eyecatches_dfd7acc7fffee0f0380edde43a852c55.jpg\",\"width\":640,\"height\":360}}],\"video\":[],\"citation\":[],\"detailedPinnedCitation\":[{\"name\":\"🐒第1回・第2回の相関図・登場人物はこちら\",\"url\":\"https://www.nhk.jp/g/ts/P52L88MYXY/blog/bl/pwWYoeNnb2/bp/ppGJxWWORK/\"},{\"name\":\"🐒第1回「二匹の猿」まとめ\",\"url\":\"https://www.nhk.jp/g/ts/P52L88MYXY/blog/bl/pdRPMxDlrQ/bp/p9JEg11BjG/\"},{\"name\":\"📺関連番組はこちら（NHK ONE 「豊臣兄弟！」 プレイリスト）\",\"url\":\"https://www.web.nhk/tv/pl/editorial-tep-4MBMYEIJTX\"},{\"name\":\"📺NHKオンデマンド（1）配信中！\",\"url\":\"https://www.nhk-ondemand.jp/goods/G2025153585SA000/?spg=P202500491700000\"}],\"sameAs\":[],\"correction\":[],\"url\":\"https://api-local.ss.org.nhk/r8/t/tvepisode/te/5R6KN8839V.json\",\"canonical\":\"https://www.web.nhk/tv/an/toyotomi-kyodai/pl/series-tep-P52L88MYXY/ep/5R6KN8839V\",\"associatedMedia\":[],\"hasPart\":[],\"additionalProperty\":{\"episodeMergeStatus\":\"notMerged\"}},\"link\":{\"href\":\"https://www.web.nhk/tv/an/toyotomi-kyodai/pl/series-tep-P52L88MYXY/ep/5R6KN8839V\"}}]\n"])</script><script>self.__next_f.push([1,"4c:[\"$\",\"$L2a\",\"M7KV55MNXY\",{\"content\":{\"type\":\"TVEpisode\",\"id\":\"M7KV55MNXY\",\"name\":\"(115)第23週「ゴブサタ、ニシコオリサン。」\",\"detailedEpisodeNameRuby\":\"\",\"identifierGroup\":{\"tvEpisodeId\":\"M7KV55MNXY\",\"tvSeriesId\":\"662ZX5J3WG\",\"tvEpisodeName\":\"(115)第23週「ゴブサタ、ニシコオリサン。」\",\"tvSeriesName\":\"ばけばけ\",\"hashtag\":[],\"siteId\":\"0006\",\"serviceId\":[\"g1\",\"g2\",\"s1\",\"s2\",\"s5\"],\"aliasId\":\"bakebake\",\"formatGenreTag\":[{\"id\":\"03\",\"name\":\"ドラマ\"}],\"themeGenreTag\":[{\"id\":\"031\",\"name\":\"国内ドラマ\"},{\"id\":\"030\",\"name\":\"ドラマ全般\"}]},\"keyword\":[],\"description\":\"久しぶりに松江の朝を迎えたヘブン（トミー・バストウ）。しかし、かつて感じたはずの感情が、音を聞いても、風景を見ても、なにも感じられない。自分の変化に動揺するヘブンに声をかけたのは、錦織（吉沢亮）だった。声をかけられたヘブンは、自分は八雲だ、日本人だと告げる。そんなヘブンに、錦織は日本人になる意味、錦織が反対する理由、ヘブンの現実を淡々と突き付ける。そんな二人の様子をトキ（髙石あかり）は目撃する。\",\"dateCreated\":\"2025-12-20T18:23:00+09:00\",\"dateModified\":\"2026-03-06T07:30:16+09:00\",\"actor\":[],\"contributor\":[],\"partOfSeries\":{\"id\":\"662ZX5J3WG\",\"name\":\"ばけばけ\",\"detailedSeriesNameRuby\":\"ばけばけ\",\"identifierGroup\":{\"tvSeriesId\":\"662ZX5J3WG\",\"tvSeriesPlaylistId\":\"series-tep-662ZX5J3WG\",\"tvSeriesUId\":\"p97f04323-5f03-5c6a-ae95-69101ff72127\",\"tvSeriesName\":\"ばけばけ\",\"hashtag\":[],\"siteId\":\"0006\",\"serviceId\":[\"g1\",\"g2\",\"s1\",\"s2\",\"s5\"],\"aliasId\":\"bakebake\",\"formatGenre\":[{\"id\":\"03\",\"name\":\"ドラマ\"}]},\"keyword\":[],\"detailedSynonym\":[],\"sameAs\":[],\"canonical\":\"https://www.web.nhk/tv/an/bakebake/pl/series-tep-662ZX5J3WG\",\"description\":\"【ＮＨＫ朝ドラ公式】連続テレビ小説「ばけばけ」。主演は髙石あかり。\\nキャスト相関図・見逃し配信・あらすじ・放送予定など。\\n小泉セツ\u0026八雲（ラフカディオ・ハーン）夫妻がモデルの物語。明治の松江。怪談を愛する夫婦の何気ない日常を描きます。\\n\\n【作】ふじきみつ彦\\n【音楽】牛尾憲輔\\n【主題歌】ハンバート ハンバート「笑ったり転んだり」\\n【キャスト】髙石あかり、トミー・バストウ / 吉沢亮　ほか\\n【放送予定】2025年9月29日（月）放送開始 （全25週125回）\",\"detailedCatch\":\"「この世はうらめしい。けど、すばらしい。」\",\"logo\":{\"main\":{\"url\":\"https://imgu.web.nhk/static/assets/images/tvseries/ts/662ZX5J3WG/662ZX5J3WG-logo_c082378e129bdef8d8cc9b0b32d2349c.png\",\"width\":1080,\"height\":1080},\"medium\":{\"url\":\"https://imgu.web.nhk/static/assets/images/tvseries/ts/662ZX5J3WG/662ZX5J3WG-logo_9638d94a4c0f54c68db3481308026a2d.png\",\"width\":640,\"height\":640},\"small\":{\"url\":\"https://imgu.web.nhk/static/assets/images/tvseries/ts/662ZX5J3WG/662ZX5J3WG-logo_907c885a543694caf6cec07746e00fd9.png\",\"width\":200,\"height\":200}},\"eyecatch\":{\"large\":{\"url\":\"https://imgu.web.nhk/static/assets/images/tvseries/ts/662ZX5J3WG/662ZX5J3WG-eyecatch_f921ca54baff6aaf68b140ce9c59d273.png\",\"width\":3840,\"height\":2160},\"main\":{\"url\":\"https://imgu.web.nhk/static/assets/images/tvseries/ts/662ZX5J3WG/662ZX5J3WG-eyecatch_ebc0fbef1eef505881258e06e093ee97.png\",\"width\":1920,\"height\":1080},\"medium\":{\"url\":\"https://imgu.web.nhk/static/assets/images/tvseries/ts/662ZX5J3WG/662ZX5J3WG-eyecatch_b045d0c555a786b3a438b87bb5de7473.png\",\"width\":1280,\"height\":720},\"small\":{\"url\":\"https://imgu.web.nhk/static/assets/images/tvseries/ts/662ZX5J3WG/662ZX5J3WG-eyecatch_0959e71c25448d316c13b769bc79186d.png\",\"width\":640,\"height\":360}},\"hero\":{\"main\":{\"url\":\"https://imgu.web.nhk/static/assets/images/tvseries/ts/662ZX5J3WG/662ZX5J3WG-hero_880e6c4fdacadf3094ba9d4a5e3134b0.png\",\"width\":1920,\"height\":640},\"medium\":{\"url\":\"https://imgu.web.nhk/static/assets/images/tvseries/ts/662ZX5J3WG/662ZX5J3WG-hero_192d043cd8197adb42ddd46fdd996333.png\",\"width\":1080,\"height\":360}},\"style\":{\"textLight\":\"#000000\",\"textDark\":\"#FFFFFF\",\"linkLight\":\"#7E7A00\",\"linkDark\":\"#FAF100\",\"primaryLight\":\"#9E9900\",\"primaryDark\":\"#FAF100\"},\"additionalProperty\":{\"publishLevel\":\"full\",\"layoutPattern\":\"summary\",\"episodeOrderBy\":\"releasedEvent\",\"availableOnPlus\":false,\"enableVariablePlayBackSpeedControl\":false,\"optional\":[],\"seriesPackStatus\":\"notPacked\",\"supportMedia\":[\"@screen\"],\"supportMusicList\":true,\"supportPlusEmbed\":true,\"enableWebContent\":false},\"url\":\"https://api-local.ss.org.nhk/r8/t/nplaylist/pl/series-tep-662ZX5J3WG.json\",\"itemUrl\":\"https://api-local.ss.org.nhk/r8/l/tvepisode/pl/series-tep-662ZX5J3WG.json\"},\"releasedEvent\":{\"id\":\"g1-130-2026031313346\",\"startDate\":\"2026-03-13T08:00:00+09:00\",\"displayStartDate\":\"2026-03-13T08:00:00+09:00\",\"endDate\":\"2026-03-13T08:15:00+09:00\",\"publishedOn\":{\"type\":\"BroadcastService\",\"id\":\"bs-g1-130\",\"name\":\"NHK総合テレビジョン\",\"url\":\"https://api-local.ss.org.nhk/r8/t/broadcastservice/bs/g1-130.json\",\"broadcastDisplayName\":\"NHK総合・東京\",\"videoFormat\":[\"2K\"],\"encodingFormat\":[\"video/X-arib-mpeg2\",\"audio/X-arib-mpeg2-aac\"],\"identifierGroup\":{\"serviceId\":\"g1\",\"serviceName\":\"NHK総合1\",\"areaId\":\"130\",\"areaName\":\"東京\",\"channelId\":\"011\",\"channelKey\":\"1\",\"channelAreaName\":\"東京\",\"channelStationName\":\"首都圏\",\"shortenedName\":\"NHK総合1\",\"shortenedDisplayName\":\"総合\",\"multiChannelDisplayName\":\"総合\"},\"logo\":{\"url\":\"https://imgu.web.nhk/common/broadcastservice/bs/g1/g1-logo.svg\",\"main\":{\"url\":\"https://imgu.web.nhk/common/broadcastservice/bs/g1/g1-logo_1080x1080.png\",\"width\":1080,\"height\":1080},\"medium\":{\"url\":\"https://imgu.web.nhk/common/broadcastservice/bs/g1/g1-logo_640x640.png\",\"width\":640,\"height\":640},\"small\":{\"url\":\"https://imgu.web.nhk/common/broadcastservice/bs/g1/g1-logo_200x200.png\",\"width\":200,\"height\":200}},\"eyecatch\":{\"url\":\"https://imgu.web.nhk/common/broadcastservice/bs/g1/g1-eyecatch.svg\",\"large\":{\"url\":\"https://imgu.web.nhk/common/broadcastservice/bs/g1/g1-eyecatch_3840x2160.png\",\"width\":3840,\"height\":2160},\"main\":{\"url\":\"https://imgu.web.nhk/common/broadcastservice/bs/g1/g1-eyecatch_1920x1080.png\",\"width\":1920,\"height\":1080},\"medium\":{\"url\":\"https://imgu.web.nhk/common/broadcastservice/bs/g1/g1-eyecatch_1280x720.png\",\"width\":1280,\"height\":720},\"small\":{\"url\":\"https://imgu.web.nhk/common/broadcastservice/bs/g1/g1-eyecatch_640x360.png\",\"width\":640,\"height\":360}},\"hero\":{\"url\":\"https://imgu.web.nhk/common/broadcastservice/bs/g1/g1-hero.svg\",\"main\":{\"url\":\"https://imgu.web.nhk/common/broadcastservice/bs/g1/g1-hero_1920x640.png\",\"width\":1920,\"height\":640},\"medium\":{\"url\":\"https://imgu.web.nhk/common/broadcastservice/bs/g1/g1-hero_1080x360.png\",\"width\":1080,\"height\":360}},\"badge9x4\":{\"url\":\"https://imgu.web.nhk/common/broadcastservice/bs/g1/g1-badge9x4.svg\",\"main\":{\"url\":\"https://imgu.web.nhk/common/broadcastservice/bs/g1/g1-badge9x4_360x160.png\",\"width\":360,\"height\":160},\"small\":{\"url\":\"https://imgu.web.nhk/common/broadcastservice/bs/g1/g1-badge9x4_180x80.png\",\"width\":180,\"height\":80}}}},\"detailedRecentEvent\":{\"id\":\"g1-130-2026031313346\",\"startDate\":\"2026-03-13T08:00:00+09:00\",\"endDate\":\"2026-03-13T08:15:00+09:00\",\"identifierGroup\":{\"broadcastEventId\":\"g1-130-2026031313346\",\"serviceId\":\"g1\",\"areaId\":\"130\",\"stationId\":\"001\",\"date\":\"2026-03-13\",\"eventId\":\"13346\",\"genre\":[{\"id\":\"0300\",\"name1\":\"ドラマ\",\"name2\":\"国内ドラマ\"},{\"id\":\"0315\",\"name1\":\"ドラマ\",\"name2\":\"その他\"}],\"onid\":\"7fe0\",\"sid\":\"0400\",\"tsid\":\"7fe0\"},\"misc\":{\"displayVideoMode\":\"none\",\"displayVideoRange\":\"sdr\",\"displayAudioMode\":[\"kaisetsu\"],\"audioMode\":[\"stereoKaisetsu\"],\"supportCaption\":true,\"supportSign\":false,\"supportHybridcast\":false,\"supportDataBroadcast\":false,\"isInteractive\":false,\"isChangeable\":false,\"releaseLevel\":\"prime\",\"programType\":\"program\",\"coverage\":\"nationwide\",\"actList\":[{\"role\":\"作\",\"name\":\"ふじきみつ彦\",\"nameRuby\":\"ﾌｼﾞｷﾐﾂﾋｺ\"},{\"role\":\"出演\",\"name\":\"髙石あかり\",\"nameRuby\":\"ﾀｶｲｼｱｶﾘ\"},{\"role\":\"出演\",\"name\":\"トミー・バストウ\",\"nameRuby\":\"ﾄﾐｰ･ﾊﾞｽﾄｳ\"},{\"role\":\"出演\",\"name\":\"吉沢亮\",\"nameRuby\":\"ﾖｼｻﾞﾜﾘｮｳ\"},{\"role\":\"出演\",\"name\":\"池脇千鶴\",\"nameRuby\":\"ｲｹﾜｷﾁﾂﾞﾙ\"},{\"role\":\"出演\",\"name\":\"岡部たかし\",\"nameRuby\":\"ｵｶﾍﾞﾀｶｼ\"},{\"role\":\"出演\",\"name\":\"渡辺江里子\",\"nameRuby\":\"ﾜﾀﾅﾍﾞｴﾘｺ\"},{\"role\":\"出演\",\"name\":\"片桐善埜\",\"nameRuby\":\"ｶﾀｷﾞﾘｾﾞﾉ\"},{\"role\":\"出演\",\"name\":\"土井嶺\",\"nameRuby\":\"ﾄﾞｲﾘｮｳ\"},{\"role\":\"音楽\",\"name\":\"牛尾憲輔\",\"nameRuby\":\"ｳｼｵｹﾝｽｹ\"}],\"musicList\":[]},\"publishedOn\":{\"type\":\"BroadcastService\",\"id\":\"bs-g1-130\",\"name\":\"NHK総合テレビジョン\",\"url\":\"https://api-local.ss.org.nhk/r8/t/broadcastservice/bs/g1-130.json\",\"broadcastDisplayName\":\"NHK総合・東京\",\"videoFormat\":[\"2K\"],\"encodingFormat\":[\"video/X-arib-mpeg2\",\"audio/X-arib-mpeg2-aac\"],\"identifierGroup\":{\"serviceId\":\"g1\",\"serviceName\":\"NHK総合1\",\"areaId\":\"130\",\"areaName\":\"東京\",\"channelId\":\"011\",\"channelKey\":\"1\",\"channelAreaName\":\"東京\",\"channelStationName\":\"首都圏\",\"shortenedName\":\"NHK総合1\",\"shortenedDisplayName\":\"総合\",\"multiChannelDisplayName\":\"総合\"},\"logo\":{\"url\":\"https://imgu.web.nhk/common/broadcastservice/bs/g1/g1-logo.svg\",\"main\":{\"url\":\"https://imgu.web.nhk/common/broadcastservice/bs/g1/g1-logo_1080x1080.png\",\"width\":1080,\"height\":1080},\"medium\":{\"url\":\"https://imgu.web.nhk/common/broadcastservice/bs/g1/g1-logo_640x640.png\",\"width\":640,\"height\":640},\"small\":{\"url\":\"https://imgu.web.nhk/common/broadcastservice/bs/g1/g1-logo_200x200.png\",\"width\":200,\"height\":200}},\"eyecatch\":{\"url\":\"https://imgu.web.nhk/common/broadcastservice/bs/g1/g1-eyecatch.svg\",\"large\":{\"url\":\"https://imgu.web.nhk/common/broadcastservice/bs/g1/g1-eyecatch_3840x2160.png\",\"width\":3840,\"height\":2160},\"main\":{\"url\":\"https://imgu.web.nhk/common/broadcastservice/bs/g1/g1-eyecatch_1920x1080.png\",\"width\":1920,\"height\":1080},\"medium\":{\"url\":\"https://imgu.web.nhk/common/broadcastservice/bs/g1/g1-eyecatch_1280x720.png\",\"width\":1280,\"height\":720},\"small\":{\"url\":\"https://imgu.web.nhk/common/broadcastservice/bs/g1/g1-eyecatch_640x360.png\",\"width\":640,\"height\":360}},\"hero\":{\"url\":\"https://imgu.web.nhk/common/broadcastservice/bs/g1/g1-hero.svg\",\"main\":{\"url\":\"https://imgu.web.nhk/common/broadcastservice/bs/g1/g1-hero_1920x640.png\",\"width\":1920,\"height\":640},\"medium\":{\"url\":\"https://imgu.web.nhk/common/broadcastservice/bs/g1/g1-hero_1080x360.png\",\"width\":1080,\"height\":360}},\"badge9x4\":{\"url\":\"https://imgu.web.nhk/common/broadcastservice/bs/g1/g1-badge9x4.svg\",\"main\":{\"url\":\"https://imgu.web.nhk/common/broadcastservice/bs/g1/g1-badge9x4_360x160.png\",\"width\":360,\"height\":160},\"small\":{\"url\":\"https://imgu.web.nhk/common/broadcastservice/bs/g1/g1-badge9x4_180x80.png\",\"width\":180,\"height\":80}}}},\"detailedComingEvent\":{\"id\":\"s1-130-2026031313274\",\"startDate\":\"2026-03-13T07:30:00+09:00\",\"endDate\":\"2026-03-13T07:45:00+09:00\",\"identifierGroup\":{\"broadcastEventId\":\"s1-130-2026031313274\",\"serviceId\":\"s1\",\"areaId\":\"130\",\"stationId\":\"001\",\"date\":\"2026-03-13\",\"eventId\":\"13274\",\"genre\":[{\"id\":\"0300\",\"name1\":\"ドラマ\",\"name2\":\"国内ドラマ\"},{\"id\":\"0315\",\"name1\":\"ドラマ\",\"name2\":\"その他\"}],\"onid\":\"0004\",\"sid\":\"0065\",\"tsid\":\"40f1\"},\"misc\":{\"displayVideoMode\":\"none\",\"displayVideoRange\":\"sdr\",\"displayAudioMode\":[\"kaisetsu\"],\"audioMode\":[\"stereoKaisetsu\"],\"supportCaption\":true,\"supportSign\":false,\"supportHybridcast\":false,\"supportDataBroadcast\":false,\"isInteractive\":false,\"isChangeable\":false,\"releaseLevel\":\"original\",\"programType\":\"program\",\"coverage\":\"nationwide\",\"actList\":[{\"role\":\"作\",\"name\":\"ふじきみつ彦\",\"nameRuby\":\"ﾌｼﾞｷﾐﾂﾋｺ\"},{\"role\":\"出演\",\"name\":\"髙石あかり\",\"nameRuby\":\"ﾀｶｲｼｱｶﾘ\"},{\"role\":\"出演\",\"name\":\"トミー・バストウ\",\"nameRuby\":\"ﾄﾐｰ･ﾊﾞｽﾄｳ\"},{\"role\":\"出演\",\"name\":\"吉沢亮\",\"nameRuby\":\"ﾖｼｻﾞﾜﾘｮｳ\"},{\"role\":\"出演\",\"name\":\"池脇千鶴\",\"nameRuby\":\"ｲｹﾜｷﾁﾂﾞﾙ\"},{\"role\":\"出演\",\"name\":\"岡部たかし\",\"nameRuby\":\"ｵｶﾍﾞﾀｶｼ\"},{\"role\":\"出演\",\"name\":\"渡辺江里子\",\"nameRuby\":\"ﾜﾀﾅﾍﾞｴﾘｺ\"},{\"role\":\"出演\",\"name\":\"片桐善埜\",\"nameRuby\":\"ｶﾀｷﾞﾘｾﾞﾉ\"},{\"role\":\"出演\",\"name\":\"土井嶺\",\"nameRuby\":\"ﾄﾞｲﾘｮｳ\"},{\"role\":\"音楽\",\"name\":\"牛尾憲輔\",\"nameRuby\":\"ｳｼｵｹﾝｽｹ\"}],\"musicList\":[]},\"publishedOn\":{\"type\":\"BroadcastService\",\"id\":\"bs-s1-130\",\"name\":\"NHK BS\",\"url\":\"https://api-local.ss.org.nhk/r8/t/broadcastservice/bs/s1-130.json\",\"broadcastDisplayName\":\"NHK BS\",\"videoFormat\":[\"2K\"],\"encodingFormat\":[\"video/X-arib-mpeg2\",\"audio/X-arib-mpeg2-aac\"],\"identifierGroup\":{\"serviceId\":\"s1\",\"serviceName\":\"NHK BS\",\"areaId\":\"130\",\"areaName\":\"東京\",\"channelId\":\"101\",\"channelKey\":\"1\",\"channelAreaName\":\"東京\",\"channelStationName\":\"首都圏\",\"shortenedName\":\"NHK BS\",\"shortenedDisplayName\":\"NHK BS\",\"multiChannelDisplayName\":\"BS\"},\"logo\":{\"url\":\"https://imgu.web.nhk/common/broadcastservice/bs/s1/s1-logo.svg\",\"main\":{\"url\":\"https://imgu.web.nhk/common/broadcastservice/bs/s1/s1-logo_1080x1080.png\",\"width\":1080,\"height\":1080},\"medium\":{\"url\":\"https://imgu.web.nhk/common/broadcastservice/bs/s1/s1-logo_640x640.png\",\"width\":640,\"height\":640},\"small\":{\"url\":\"https://imgu.web.nhk/common/broadcastservice/bs/s1/s1-logo_200x200.png\",\"width\":200,\"height\":200}},\"eyecatch\":{\"url\":\"https://imgu.web.nhk/common/broadcastservice/bs/s1/s1-eyecatch.svg\",\"large\":{\"url\":\"https://imgu.web.nhk/common/broadcastservice/bs/s1/s1-eyecatch_3840x2160.png\",\"width\":3840,\"height\":2160},\"main\":{\"url\":\"https://imgu.web.nhk/common/broadcastservice/bs/s1/s1-eyecatch_1920x1080.png\",\"width\":1920,\"height\":1080},\"medium\":{\"url\":\"https://imgu.web.nhk/common/broadcastservice/bs/s1/s1-eyecatch_1280x720.png\",\"width\":1280,\"height\":720},\"small\":{\"url\":\"https://imgu.web.nhk/common/broadcastservice/bs/s1/s1-eyecatch_640x360.png\",\"width\":640,\"height\":360}},\"hero\":{\"url\":\"https://imgu.web.nhk/common/broadcastservice/bs/s1/s1-hero.svg\",\"main\":{\"url\":\"https://imgu.web.nhk/common/broadcastservice/bs/s1/s1-hero_1920x640.png\",\"width\":1920,\"height\":640},\"medium\":{\"url\":\"https://imgu.web.nhk/common/broadcastservice/bs/s1/s1-hero_1080x360.png\",\"width\":1080,\"height\":360}},\"badge9x4\":{\"url\":\"https://imgu.web.nhk/common/broadcastservice/bs/s1/s1-badge9x4.svg\",\"main\":{\"url\":\"https://imgu.web.nhk/common/broadcastservice/bs/s1/s1-badge9x4_360x160.png\",\"width\":360,\"height\":160},\"small\":{\"url\":\"https://imgu.web.nhk/common/broadcastservice/bs/s1/s1-badge9x4_180x80.png\",\"width\":180,\"height\":80}}}},\"eyecatch\":{\"large\":{\"url\":\"https://imgu.web.nhk/static/assets/images/tvepisode/te/M7KV55MNXY/M7KV55MNXY-eyecatch_b1886790a6186d0a33ec9006c11279ba.jpg\",\"width\":3840,\"height\":2160},\"main\":{\"url\":\"https://imgu.web.nhk/static/assets/images/tvepisode/te/M7KV55MNXY/M7KV55MNXY-eyecatch_e4fafaf35c5b525c4868e2dbc08ab3b9.jpg\",\"width\":1920,\"height\":1080},\"medium\":{\"url\":\"https://imgu.web.nhk/static/assets/images/tvepisode/te/M7KV55MNXY/M7KV55MNXY-eyecatch_a0415050e0b7b3fd325b6dee553580c3.jpg\",\"width\":1280,\"height\":720},\"small\":{\"url\":\"https://imgu.web.nhk/static/assets/images/tvepisode/te/M7KV55MNXY/M7KV55MNXY-eyecatch_17d9915216b2d12c2ab4ddafd6f845fd.jpg\",\"width\":640,\"height\":360}},\"eyecatchList\":[{\"large\":{\"url\":\"https://imgu.web.nhk/static/assets/images/tvepisode/te/M7KV55MNXY/M7KV55MNXY-eyecatches_59bae6772eb13b3797dee5bc071cad2e.jpg\",\"width\":3840,\"height\":2160},\"main\":{\"url\":\"https://imgu.web.nhk/static/assets/images/tvepisode/te/M7KV55MNXY/M7KV55MNXY-eyecatches_bc21dcc99dd0eb1637fde5bb04de5020.jpg\",\"width\":1920,\"height\":1080},\"medium\":{\"url\":\"https://imgu.web.nhk/static/assets/images/tvepisode/te/M7KV55MNXY/M7KV55MNXY-eyecatches_5379b7b7134ed560fcdd1b8c5896002b.jpg\",\"width\":1280,\"height\":720},\"small\":{\"url\":\"https://imgu.web.nhk/static/assets/images/tvepisode/te/M7KV55MNXY/M7KV55MNXY-eyecatches_1a586d7c44fd137d691bb6ec3e205ac3.jpg\",\"width\":640,\"height\":360}},{\"large\":{\"url\":\"https://imgu.web.nhk/static/assets/images/tvepisode/te/M7KV55MNXY/M7KV55MNXY-eyecatches_e9bd5a43f0efbad3e931ab2582cfd68c.jpg\",\"width\":3840,\"height\":2160},\"main\":{\"url\":\"https://imgu.web.nhk/static/assets/images/tvepisode/te/M7KV55MNXY/M7KV55MNXY-eyecatches_f2dcba19c0348acab016eeaedb2f4f51.jpg\",\"width\":1920,\"height\":1080},\"medium\":{\"url\":\"https://imgu.web.nhk/static/assets/images/tvepisode/te/M7KV55MNXY/M7KV55MNXY-eyecatches_2b2e1aca974b39cc60202862b62dd621.jpg\",\"width\":1280,\"height\":720},\"small\":{\"url\":\"https://imgu.web.nhk/static/assets/images/tvepisode/te/M7KV55MNXY/M7KV55MNXY-eyecatches_abd68479aa0f11eabcb64e8df14a38b7.jpg\",\"width\":640,\"height\":360}},{\"large\":{\"url\":\"https://imgu.web.nhk/static/assets/images/tvepisode/te/M7KV55MNXY/M7KV55MNXY-eyecatches_0f810c89bd1d67b18713bed6de2c3d77.jpg\",\"width\":3840,\"height\":2160},\"main\":{\"url\":\"https://imgu.web.nhk/static/assets/images/tvepisode/te/M7KV55MNXY/M7KV55MNXY-eyecatches_216dd5013ffe8182a785a7be1e3e3999.jpg\",\"width\":1920,\"height\":1080},\"medium\":{\"url\":\"https://imgu.web.nhk/static/assets/images/tvepisode/te/M7KV55MNXY/M7KV55MNXY-eyecatches_8659fa88988851c9ca6eb8c4a4f6365a.jpg\",\"width\":1280,\"height\":720},\"small\":{\"url\":\"https://imgu.web.nhk/static/assets/images/tvepisode/te/M7KV55MNXY/M7KV55MNXY-eyecatches_c4d01f99c8a7ff9ef9aa14f506ed0c75.jpg\",\"width\":640,\"height\":360}},{\"large\":{\"url\":\"https://imgu.web.nhk/static/assets/images/tvepisode/te/M7KV55MNXY/M7KV55MNXY-eyecatches_aae10f4fe889b3641288940c8b42e15a.jpg\",\"width\":3840,\"height\":2160},\"main\":{\"url\":\"https://imgu.web.nhk/static/assets/images/tvepisode/te/M7KV55MNXY/M7KV55MNXY-eyecatches_03370c2812bebbdb57325bc0b907319a.jpg\",\"width\":1920,\"height\":1080},\"medium\":{\"url\":\"https://imgu.web.nhk/static/assets/images/tvepisode/te/M7KV55MNXY/M7KV55MNXY-eyecatches_49d858a1ca43b81f811de8ff459b5ba8.jpg\",\"width\":1280,\"height\":720},\"small\":{\"url\":\"https://imgu.web.nhk/static/assets/images/tvepisode/te/M7KV55MNXY/M7KV55MNXY-eyecatches_bac9b80cad75ff456f1a3537ef496f69.jpg\",\"width\":640,\"height\":360}}],\"video\":[{\"id\":\"hskOriginal-g1-130-2026031313346\",\"name\":\"【連続テレビ小説】ばけばけ（１１５）第２３週「ゴブサタ、ニシコオリサン。」\",\"description\":\"久しぶりに松江の朝を迎えたヘブン（トミー・バストウ）。しかし、かつて感じたはずの感情が、音を聞いても、風景を見ても、なにも感じられない。自分の変化に動揺するヘブンに声をかけたのは、錦織（吉沢亮）だった。声をかけられたヘブンは、自分は八雲だ、日本人だと告げる。そんなヘブンに、錦織は日本人になる意味、錦織が反対する理由、ヘブンの現実を淡々と突き付ける。そんな二人の様子をトキ（髙石あかり）は目撃する。\",\"url\":\"https://www.web.nhk/tv/an/bakebake/pl/series-tep-662ZX5J3WG/ep/M7KV55MNXY\",\"identifierGroup\":{\"environmentId\":\"hskOriginal\",\"broadcastEventId\":\"g1-130-2026031313346\",\"serviceId\":\"g1\",\"streamType\":\"vod\"},\"detailedContentStatus\":{\"environmentId\":\"hskOriginal\",\"streamType\":\"vod\",\"contentStatus\":\"notyet\"},\"detailedVideoDescriptor\":\"https://simul.hsk.st.nhk/npd3/7fe0-0400/20260313/3422-1-1-333c7802c8de10f66393a245660ef175/videoinfo-07aa8692938475fb84f49fb921ac3732.json\",\"expires\":\"2026-03-20T08:15:00+09:00\",\"duration\":\"PT15M\",\"startDate\":\"2026-03-13T08:00:00+09:00\",\"endDate\":\"2026-03-13T08:15:00+09:00\",\"isDivided\":false,\"publication\":[{\"id\":\"g1-130-2026031313346\",\"url\":\"https://api-local.ss.org.nhk/r8/t/broadcastevent/be/g1-130-2026031313346.json\",\"isLiveBroadcast\":true}],\"uploadDate\":\"2026-03-13T08:15:00+09:00\"}],\"citation\":[],\"detailedPinnedCitation\":[{\"name\":\"✨登場人物・キャスト\",\"url\":\"https://www.nhk.jp/g/ts/662ZX5J3WG/blog/bl/p63MOdwNjk/bp/pnyMroAvAn/\"},{\"name\":\"📺関連番組・インタビューはこちらから\",\"url\":\"https://www.nhk.jp/g/ts/662ZX5J3WG/blog/bl/p7xRqmNdbW/\"},{\"name\":\"📢ＮＨＫオンデマンドでは第1回から配信中\",\"url\":\"https://www.nhk-ondemand.jp/program/P202500475400000/\"}],\"sameAs\":[],\"correction\":[],\"url\":\"https://api-local.ss.org.nhk/r8/t/tvepisode/te/M7KV55MNXY.json\",\"canonical\":\"https://www.web.nhk/tv/an/bakebake/pl/series-tep-662ZX5J3WG/ep/M7KV55MNXY\",\"associatedMedia\":[],\"hasPart\":[],\"additionalProperty\":{\"episodeMergeStatus\":\"notMerged\"}},\"link\":{\"href\":\"https://www.web.nhk/tv/an/bakebake/pl/series-tep-662ZX5J3WG/ep/M7KV55MNXY\"}}]\n"])</script><script>self.__next_f.push([1,"4d:[\"$\",\"$L2a\",\"RKWMR8L56W\",{\"content\":{\"type\":\"TVEpisode\",\"id\":\"RKWMR8L56W\",\"name\":\"(114)第23週「ゴブサタ、ニシコオリサン。」\",\"detailedEpisodeNameRuby\":\"\",\"identifierGroup\":{\"tvEpisodeId\":\"RKWMR8L56W\",\"tvSeriesId\":\"662ZX5J3WG\",\"tvEpisodeName\":\"(114)第23週「ゴブサタ、ニシコオリサン。」\",\"tvSeriesName\":\"ばけばけ\",\"hashtag\":[],\"siteId\":\"0006\",\"serviceId\":[\"g1\",\"g2\",\"s1\",\"s2\",\"s5\"],\"aliasId\":\"bakebake\",\"formatGenreTag\":[{\"id\":\"03\",\"name\":\"ドラマ\"}],\"themeGenreTag\":[{\"id\":\"031\",\"name\":\"国内ドラマ\"},{\"id\":\"030\",\"name\":\"ドラマ全般\"}]},\"keyword\":[],\"description\":\"知事（佐野史郎）に、ヘブン（トミー・バストウ）が日本人になる許可をもらいに訪れたトキ（髙石あかり）とヘブン。しかし、取り付く島もなく一蹴されてしまう。錦織（吉沢亮）に協力を頼もうと中学校を訪れたトキは、そこでサワ（円井わん）と再会する。やはり、錦織に断られてしまうトキ。失意の中、トキとヘブンの元に勘右衛門（小日向文世）が訪ねてくる。日本人になるヘブンに、勘右衛門は名前を考えてきたと告げる。\",\"dateCreated\":\"2025-12-19T18:20:41+09:00\",\"dateModified\":\"2026-03-05T07:30:15+09:00\",\"actor\":[],\"contributor\":[],\"partOfSeries\":{\"id\":\"662ZX5J3WG\",\"name\":\"ばけばけ\",\"detailedSeriesNameRuby\":\"ばけばけ\",\"identifierGroup\":{\"tvSeriesId\":\"662ZX5J3WG\",\"tvSeriesPlaylistId\":\"series-tep-662ZX5J3WG\",\"tvSeriesUId\":\"p97f04323-5f03-5c6a-ae95-69101ff72127\",\"tvSeriesName\":\"ばけばけ\",\"hashtag\":[],\"siteId\":\"0006\",\"serviceId\":[\"g1\",\"g2\",\"s1\",\"s2\",\"s5\"],\"aliasId\":\"bakebake\",\"formatGenre\":[{\"id\":\"03\",\"name\":\"ドラマ\"}]},\"keyword\":[],\"detailedSynonym\":[],\"sameAs\":[],\"canonical\":\"https://www.web.nhk/tv/an/bakebake/pl/series-tep-662ZX5J3WG\",\"description\":\"【ＮＨＫ朝ドラ公式】連続テレビ小説「ばけばけ」。主演は髙石あかり。\\nキャスト相関図・見逃し配信・あらすじ・放送予定など。\\n小泉セツ\u0026八雲（ラフカディオ・ハーン）夫妻がモデルの物語。明治の松江。怪談を愛する夫婦の何気ない日常を描きます。\\n\\n【作】ふじきみつ彦\\n【音楽】牛尾憲輔\\n【主題歌】ハンバート ハンバート「笑ったり転んだり」\\n【キャスト】髙石あかり、トミー・バストウ / 吉沢亮　ほか\\n【放送予定】2025年9月29日（月）放送開始 （全25週125回）\",\"detailedCatch\":\"「この世はうらめしい。けど、すばらしい。」\",\"logo\":{\"main\":{\"url\":\"https://imgu.web.nhk/static/assets/images/tvseries/ts/662ZX5J3WG/662ZX5J3WG-logo_c082378e129bdef8d8cc9b0b32d2349c.png\",\"width\":1080,\"height\":1080},\"medium\":{\"url\":\"https://imgu.web.nhk/static/assets/images/tvseries/ts/662ZX5J3WG/662ZX5J3WG-logo_9638d94a4c0f54c68db3481308026a2d.png\",\"width\":640,\"height\":640},\"small\":{\"url\":\"https://imgu.web.nhk/static/assets/images/tvseries/ts/662ZX5J3WG/662ZX5J3WG-logo_907c885a543694caf6cec07746e00fd9.png\",\"width\":200,\"height\":200}},\"eyecatch\":{\"large\":{\"url\":\"https://imgu.web.nhk/static/assets/images/tvseries/ts/662ZX5J3WG/662ZX5J3WG-eyecatch_f921ca54baff6aaf68b140ce9c59d273.png\",\"width\":3840,\"height\":2160},\"main\":{\"url\":\"https://imgu.web.nhk/static/assets/images/tvseries/ts/662ZX5J3WG/662ZX5J3WG-eyecatch_ebc0fbef1eef505881258e06e093ee97.png\",\"width\":1920,\"height\":1080},\"medium\":{\"url\":\"https://imgu.web.nhk/static/assets/images/tvseries/ts/662ZX5J3WG/662ZX5J3WG-eyecatch_b045d0c555a786b3a438b87bb5de7473.png\",\"width\":1280,\"height\":720},\"small\":{\"url\":\"https://imgu.web.nhk/static/assets/images/tvseries/ts/662ZX5J3WG/662ZX5J3WG-eyecatch_0959e71c25448d316c13b769bc79186d.png\",\"width\":640,\"height\":360}},\"hero\":{\"main\":{\"url\":\"https://imgu.web.nhk/static/assets/images/tvseries/ts/662ZX5J3WG/662ZX5J3WG-hero_880e6c4fdacadf3094ba9d4a5e3134b0.png\",\"width\":1920,\"height\":640},\"medium\":{\"url\":\"https://imgu.web.nhk/static/assets/images/tvseries/ts/662ZX5J3WG/662ZX5J3WG-hero_192d043cd8197adb42ddd46fdd996333.png\",\"width\":1080,\"height\":360}},\"style\":{\"textLight\":\"#000000\",\"textDark\":\"#FFFFFF\",\"linkLight\":\"#7E7A00\",\"linkDark\":\"#FAF100\",\"primaryLight\":\"#9E9900\",\"primaryDark\":\"#FAF100\"},\"additionalProperty\":{\"publishLevel\":\"full\",\"layoutPattern\":\"summary\",\"episodeOrderBy\":\"releasedEvent\",\"availableOnPlus\":false,\"enableVariablePlayBackSpeedControl\":false,\"optional\":[],\"seriesPackStatus\":\"notPacked\",\"supportMedia\":[\"@screen\"],\"supportMusicList\":true,\"supportPlusEmbed\":true,\"enableWebContent\":false},\"url\":\"https://api-local.ss.org.nhk/r8/t/nplaylist/pl/series-tep-662ZX5J3WG.json\",\"itemUrl\":\"https://api-local.ss.org.nhk/r8/l/tvepisode/pl/series-tep-662ZX5J3WG.json\"},\"releasedEvent\":{\"id\":\"g1-130-2026031212802\",\"startDate\":\"2026-03-12T08:00:00+09:00\",\"displayStartDate\":\"2026-03-12T08:00:00+09:00\",\"endDate\":\"2026-03-12T08:15:00+09:00\",\"publishedOn\":{\"type\":\"BroadcastService\",\"id\":\"bs-g1-130\",\"name\":\"NHK総合テレビジョン\",\"url\":\"https://api-local.ss.org.nhk/r8/t/broadcastservice/bs/g1-130.json\",\"broadcastDisplayName\":\"NHK総合・東京\",\"videoFormat\":[\"2K\"],\"encodingFormat\":[\"video/X-arib-mpeg2\",\"audio/X-arib-mpeg2-aac\"],\"identifierGroup\":{\"serviceId\":\"g1\",\"serviceName\":\"NHK総合1\",\"areaId\":\"130\",\"areaName\":\"東京\",\"channelId\":\"011\",\"channelKey\":\"1\",\"channelAreaName\":\"東京\",\"channelStationName\":\"首都圏\",\"shortenedName\":\"NHK総合1\",\"shortenedDisplayName\":\"総合\",\"multiChannelDisplayName\":\"総合\"},\"logo\":{\"url\":\"https://imgu.web.nhk/common/broadcastservice/bs/g1/g1-logo.svg\",\"main\":{\"url\":\"https://imgu.web.nhk/common/broadcastservice/bs/g1/g1-logo_1080x1080.png\",\"width\":1080,\"height\":1080},\"medium\":{\"url\":\"https://imgu.web.nhk/common/broadcastservice/bs/g1/g1-logo_640x640.png\",\"width\":640,\"height\":640},\"small\":{\"url\":\"https://imgu.web.nhk/common/broadcastservice/bs/g1/g1-logo_200x200.png\",\"width\":200,\"height\":200}},\"eyecatch\":{\"url\":\"https://imgu.web.nhk/common/broadcastservice/bs/g1/g1-eyecatch.svg\",\"large\":{\"url\":\"https://imgu.web.nhk/common/broadcastservice/bs/g1/g1-eyecatch_3840x2160.png\",\"width\":3840,\"height\":2160},\"main\":{\"url\":\"https://imgu.web.nhk/common/broadcastservice/bs/g1/g1-eyecatch_1920x1080.png\",\"width\":1920,\"height\":1080},\"medium\":{\"url\":\"https://imgu.web.nhk/common/broadcastservice/bs/g1/g1-eyecatch_1280x720.png\",\"width\":1280,\"height\":720},\"small\":{\"url\":\"https://imgu.web.nhk/common/broadcastservice/bs/g1/g1-eyecatch_640x360.png\",\"width\":640,\"height\":360}},\"hero\":{\"url\":\"https://imgu.web.nhk/common/broadcastservice/bs/g1/g1-hero.svg\",\"main\":{\"url\":\"https://imgu.web.nhk/common/broadcastservice/bs/g1/g1-hero_1920x640.png\",\"width\":1920,\"height\":640},\"medium\":{\"url\":\"https://imgu.web.nhk/common/broadcastservice/bs/g1/g1-hero_1080x360.png\",\"width\":1080,\"height\":360}},\"badge9x4\":{\"url\":\"https://imgu.web.nhk/common/broadcastservice/bs/g1/g1-badge9x4.svg\",\"main\":{\"url\":\"https://imgu.web.nhk/common/broadcastservice/bs/g1/g1-badge9x4_360x160.png\",\"width\":360,\"height\":160},\"small\":{\"url\":\"https://imgu.web.nhk/common/broadcastservice/bs/g1/g1-badge9x4_180x80.png\",\"width\":180,\"height\":80}}}},\"detailedRecentEvent\":{\"id\":\"g1-130-2026031212802\",\"startDate\":\"2026-03-12T08:00:00+09:00\",\"endDate\":\"2026-03-12T08:15:00+09:00\",\"identifierGroup\":{\"broadcastEventId\":\"g1-130-2026031212802\",\"serviceId\":\"g1\",\"areaId\":\"130\",\"stationId\":\"001\",\"date\":\"2026-03-12\",\"eventId\":\"12802\",\"genre\":[{\"id\":\"0300\",\"name1\":\"ドラマ\",\"name2\":\"国内ドラマ\"},{\"id\":\"0315\",\"name1\":\"ドラマ\",\"name2\":\"その他\"}],\"onid\":\"7fe0\",\"sid\":\"0400\",\"tsid\":\"7fe0\"},\"misc\":{\"displayVideoMode\":\"none\",\"displayVideoRange\":\"sdr\",\"displayAudioMode\":[\"kaisetsu\"],\"audioMode\":[\"stereoKaisetsu\"],\"supportCaption\":true,\"supportSign\":false,\"supportHybridcast\":false,\"supportDataBroadcast\":false,\"isInteractive\":false,\"isChangeable\":false,\"releaseLevel\":\"prime\",\"programType\":\"program\",\"coverage\":\"nationwide\",\"actList\":[{\"role\":\"作\",\"name\":\"ふじきみつ彦\",\"nameRuby\":\"ﾌｼﾞｷﾐﾂﾋｺ\"},{\"role\":\"出演\",\"name\":\"髙石あかり\",\"nameRuby\":\"ﾀｶｲｼｱｶﾘ\"},{\"role\":\"出演\",\"name\":\"トミー・バストウ\",\"nameRuby\":\"ﾄﾐｰ･ﾊﾞｽﾄｳ\"},{\"role\":\"出演\",\"name\":\"吉沢亮\",\"nameRuby\":\"ﾖｼｻﾞﾜﾘｮｳ\"},{\"role\":\"出演\",\"name\":\"小日向文世\",\"nameRuby\":\"ｺﾋﾅﾀﾌﾐﾖ\"},{\"role\":\"出演\",\"name\":\"佐野史郎\",\"nameRuby\":\"ｻﾉｼﾛｳ\"},{\"role\":\"出演\",\"name\":\"朝加真由美\",\"nameRuby\":\"ｱｻｶﾏﾕﾐ\"},{\"role\":\"出演\",\"name\":\"池脇千鶴\",\"nameRuby\":\"ｲｹﾜｷﾁﾂﾞﾙ\"},{\"role\":\"出演\",\"name\":\"岡部たかし\",\"nameRuby\":\"ｵｶﾍﾞﾀｶｼ\"},{\"role\":\"出演\",\"name\":\"濱正悟\",\"nameRuby\":\"ﾊﾏｼｮｳｺﾞ\"},{\"role\":\"出演\",\"name\":\"松木賢三\",\"nameRuby\":\"ﾏﾂｷｹﾝｿﾞｳ\"},{\"role\":\"出演\",\"name\":\"片桐善埜\",\"nameRuby\":\"ｶﾀｷﾞﾘｾﾞﾉ\"},{\"role\":\"出演\",\"name\":\"土井嶺\",\"nameRuby\":\"ﾄﾞｲﾘｮｳ\"},{\"role\":\"音楽\",\"name\":\"牛尾憲輔\",\"nameRuby\":\"ｳｼｵｹﾝｽｹ\"}],\"musicList\":[]},\"publishedOn\":{\"type\":\"BroadcastService\",\"id\":\"bs-g1-130\",\"name\":\"NHK総合テレビジョン\",\"url\":\"https://api-local.ss.org.nhk/r8/t/broadcastservice/bs/g1-130.json\",\"broadcastDisplayName\":\"NHK総合・東京\",\"videoFormat\":[\"2K\"],\"encodingFormat\":[\"video/X-arib-mpeg2\",\"audio/X-arib-mpeg2-aac\"],\"identifierGroup\":{\"serviceId\":\"g1\",\"serviceName\":\"NHK総合1\",\"areaId\":\"130\",\"areaName\":\"東京\",\"channelId\":\"011\",\"channelKey\":\"1\",\"channelAreaName\":\"東京\",\"channelStationName\":\"首都圏\",\"shortenedName\":\"NHK総合1\",\"shortenedDisplayName\":\"総合\",\"multiChannelDisplayName\":\"総合\"},\"logo\":{\"url\":\"https://imgu.web.nhk/common/broadcastservice/bs/g1/g1-logo.svg\",\"main\":{\"url\":\"https://imgu.web.nhk/common/broadcastservice/bs/g1/g1-logo_1080x1080.png\",\"width\":1080,\"height\":1080},\"medium\":{\"url\":\"https://imgu.web.nhk/common/broadcastservice/bs/g1/g1-logo_640x640.png\",\"width\":640,\"height\":640},\"small\":{\"url\":\"https://imgu.web.nhk/common/broadcastservice/bs/g1/g1-logo_200x200.png\",\"width\":200,\"height\":200}},\"eyecatch\":{\"url\":\"https://imgu.web.nhk/common/broadcastservice/bs/g1/g1-eyecatch.svg\",\"large\":{\"url\":\"https://imgu.web.nhk/common/broadcastservice/bs/g1/g1-eyecatch_3840x2160.png\",\"width\":3840,\"height\":2160},\"main\":{\"url\":\"https://imgu.web.nhk/common/broadcastservice/bs/g1/g1-eyecatch_1920x1080.png\",\"width\":1920,\"height\":1080},\"medium\":{\"url\":\"https://imgu.web.nhk/common/broadcastservice/bs/g1/g1-eyecatch_1280x720.png\",\"width\":1280,\"height\":720},\"small\":{\"url\":\"https://imgu.web.nhk/common/broadcastservice/bs/g1/g1-eyecatch_640x360.png\",\"width\":640,\"height\":360}},\"hero\":{\"url\":\"https://imgu.web.nhk/common/broadcastservice/bs/g1/g1-hero.svg\",\"main\":{\"url\":\"https://imgu.web.nhk/common/broadcastservice/bs/g1/g1-hero_1920x640.png\",\"width\":1920,\"height\":640},\"medium\":{\"url\":\"https://imgu.web.nhk/common/broadcastservice/bs/g1/g1-hero_1080x360.png\",\"width\":1080,\"height\":360}},\"badge9x4\":{\"url\":\"https://imgu.web.nhk/common/broadcastservice/bs/g1/g1-badge9x4.svg\",\"main\":{\"url\":\"https://imgu.web.nhk/common/broadcastservice/bs/g1/g1-badge9x4_360x160.png\",\"width\":360,\"height\":160},\"small\":{\"url\":\"https://imgu.web.nhk/common/broadcastservice/bs/g1/g1-badge9x4_180x80.png\",\"width\":180,\"height\":80}}}},\"detailedComingEvent\":{\"id\":\"s1-130-2026031212729\",\"startDate\":\"2026-03-12T07:30:00+09:00\",\"endDate\":\"2026-03-12T07:45:00+09:00\",\"identifierGroup\":{\"broadcastEventId\":\"s1-130-2026031212729\",\"serviceId\":\"s1\",\"areaId\":\"130\",\"stationId\":\"001\",\"date\":\"2026-03-12\",\"eventId\":\"12729\",\"genre\":[{\"id\":\"0300\",\"name1\":\"ドラマ\",\"name2\":\"国内ドラマ\"},{\"id\":\"0315\",\"name1\":\"ドラマ\",\"name2\":\"その他\"}],\"onid\":\"0004\",\"sid\":\"0065\",\"tsid\":\"40f1\"},\"misc\":{\"displayVideoMode\":\"none\",\"displayVideoRange\":\"sdr\",\"displayAudioMode\":[\"kaisetsu\"],\"audioMode\":[\"stereoKaisetsu\"],\"supportCaption\":true,\"supportSign\":false,\"supportHybridcast\":false,\"supportDataBroadcast\":false,\"isInteractive\":false,\"isChangeable\":false,\"releaseLevel\":\"original\",\"programType\":\"program\",\"coverage\":\"nationwide\",\"actList\":[{\"role\":\"作\",\"name\":\"ふじきみつ彦\",\"nameRuby\":\"ﾌｼﾞｷﾐﾂﾋｺ\"},{\"role\":\"出演\",\"name\":\"髙石あかり\",\"nameRuby\":\"ﾀｶｲｼｱｶﾘ\"},{\"role\":\"出演\",\"name\":\"トミー・バストウ\",\"nameRuby\":\"ﾄﾐｰ･ﾊﾞｽﾄｳ\"},{\"role\":\"出演\",\"name\":\"吉沢亮\",\"nameRuby\":\"ﾖｼｻﾞﾜﾘｮｳ\"},{\"role\":\"出演\",\"name\":\"小日向文世\",\"nameRuby\":\"ｺﾋﾅﾀﾌﾐﾖ\"},{\"role\":\"出演\",\"name\":\"佐野史郎\",\"nameRuby\":\"ｻﾉｼﾛｳ\"},{\"role\":\"出演\",\"name\":\"朝加真由美\",\"nameRuby\":\"ｱｻｶﾏﾕﾐ\"},{\"role\":\"出演\",\"name\":\"池脇千鶴\",\"nameRuby\":\"ｲｹﾜｷﾁﾂﾞﾙ\"},{\"role\":\"出演\",\"name\":\"岡部たかし\",\"nameRuby\":\"ｵｶﾍﾞﾀｶｼ\"},{\"role\":\"出演\",\"name\":\"濱正悟\",\"nameRuby\":\"ﾊﾏｼｮｳｺﾞ\"},{\"role\":\"出演\",\"name\":\"松木賢三\",\"nameRuby\":\"ﾏﾂｷｹﾝｿﾞｳ\"},{\"role\":\"出演\",\"name\":\"片桐善埜\",\"nameRuby\":\"ｶﾀｷﾞﾘｾﾞﾉ\"},{\"role\":\"出演\",\"name\":\"土井嶺\",\"nameRuby\":\"ﾄﾞｲﾘｮｳ\"},{\"role\":\"音楽\",\"name\":\"牛尾憲輔\",\"nameRuby\":\"ｳｼｵｹﾝｽｹ\"}],\"musicList\":[]},\"publishedOn\":{\"type\":\"BroadcastService\",\"id\":\"bs-s1-130\",\"name\":\"NHK BS\",\"url\":\"https://api-local.ss.org.nhk/r8/t/broadcastservice/bs/s1-130.json\",\"broadcastDisplayName\":\"NHK BS\",\"videoFormat\":[\"2K\"],\"encodingFormat\":[\"video/X-arib-mpeg2\",\"audio/X-arib-mpeg2-aac\"],\"identifierGroup\":{\"serviceId\":\"s1\",\"serviceName\":\"NHK BS\",\"areaId\":\"130\",\"areaName\":\"東京\",\"channelId\":\"101\",\"channelKey\":\"1\",\"channelAreaName\":\"東京\",\"channelStationName\":\"首都圏\",\"shortenedName\":\"NHK BS\",\"shortenedDisplayName\":\"NHK BS\",\"multiChannelDisplayName\":\"BS\"},\"logo\":{\"url\":\"https://imgu.web.nhk/common/broadcastservice/bs/s1/s1-logo.svg\",\"main\":{\"url\":\"https://imgu.web.nhk/common/broadcastservice/bs/s1/s1-logo_1080x1080.png\",\"width\":1080,\"height\":1080},\"medium\":{\"url\":\"https://imgu.web.nhk/common/broadcastservice/bs/s1/s1-logo_640x640.png\",\"width\":640,\"height\":640},\"small\":{\"url\":\"https://imgu.web.nhk/common/broadcastservice/bs/s1/s1-logo_200x200.png\",\"width\":200,\"height\":200}},\"eyecatch\":{\"url\":\"https://imgu.web.nhk/common/broadcastservice/bs/s1/s1-eyecatch.svg\",\"large\":{\"url\":\"https://imgu.web.nhk/common/broadcastservice/bs/s1/s1-eyecatch_3840x2160.png\",\"width\":3840,\"height\":2160},\"main\":{\"url\":\"https://imgu.web.nhk/common/broadcastservice/bs/s1/s1-eyecatch_1920x1080.png\",\"width\":1920,\"height\":1080},\"medium\":{\"url\":\"https://imgu.web.nhk/common/broadcastservice/bs/s1/s1-eyecatch_1280x720.png\",\"width\":1280,\"height\":720},\"small\":{\"url\":\"https://imgu.web.nhk/common/broadcastservice/bs/s1/s1-eyecatch_640x360.png\",\"width\":640,\"height\":360}},\"hero\":{\"url\":\"https://imgu.web.nhk/common/broadcastservice/bs/s1/s1-hero.svg\",\"main\":{\"url\":\"https://imgu.web.nhk/common/broadcastservice/bs/s1/s1-hero_1920x640.png\",\"width\":1920,\"height\":640},\"medium\":{\"url\":\"https://imgu.web.nhk/common/broadcastservice/bs/s1/s1-hero_1080x360.png\",\"width\":1080,\"height\":360}},\"badge9x4\":{\"url\":\"https://imgu.web.nhk/common/broadcastservice/bs/s1/s1-badge9x4.svg\",\"main\":{\"url\":\"https://imgu.web.nhk/common/broadcastservice/bs/s1/s1-badge9x4_360x160.png\",\"width\":360,\"height\":160},\"small\":{\"url\":\"https://imgu.web.nhk/common/broadcastservice/bs/s1/s1-badge9x4_180x80.png\",\"width\":180,\"height\":80}}}},\"eyecatch\":{\"large\":{\"url\":\"https://imgu.web.nhk/static/assets/images/tvepisode/te/RKWMR8L56W/RKWMR8L56W-eyecatch_830310860b58bc770f368d5e9d33693d.jpg\",\"width\":3840,\"height\":2160},\"main\":{\"url\":\"https://imgu.web.nhk/static/assets/images/tvepisode/te/RKWMR8L56W/RKWMR8L56W-eyecatch_f07e99c749658c573c436a97f9f7330f.jpg\",\"width\":1920,\"height\":1080},\"medium\":{\"url\":\"https://imgu.web.nhk/static/assets/images/tvepisode/te/RKWMR8L56W/RKWMR8L56W-eyecatch_a0061e4b4569f7a731fee53efb67fe1a.jpg\",\"width\":1280,\"height\":720},\"small\":{\"url\":\"https://imgu.web.nhk/static/assets/images/tvepisode/te/RKWMR8L56W/RKWMR8L56W-eyecatch_cebb464191ff3a2a189aab36c9d3ec04.jpg\",\"width\":640,\"height\":360}},\"eyecatchList\":[{\"large\":{\"url\":\"https://imgu.web.nhk/static/assets/images/tvepisode/te/RKWMR8L56W/RKWMR8L56W-eyecatches_84567182402d5244efe36fbb69f5d9f1.jpg\",\"width\":3840,\"height\":2160},\"main\":{\"url\":\"https://imgu.web.nhk/static/assets/images/tvepisode/te/RKWMR8L56W/RKWMR8L56W-eyecatches_4b5c01f1d07654c38b2add20d820f96c.jpg\",\"width\":1920,\"height\":1080},\"medium\":{\"url\":\"https://imgu.web.nhk/static/assets/images/tvepisode/te/RKWMR8L56W/RKWMR8L56W-eyecatches_551016bcbe6edcf84ff45428175889af.jpg\",\"width\":1280,\"height\":720},\"small\":{\"url\":\"https://imgu.web.nhk/static/assets/images/tvepisode/te/RKWMR8L56W/RKWMR8L56W-eyecatches_256e006550fbd4083b38118fa72b8e54.jpg\",\"width\":640,\"height\":360}},{\"large\":{\"url\":\"https://imgu.web.nhk/static/assets/images/tvepisode/te/RKWMR8L56W/RKWMR8L56W-eyecatches_e32f0c51a469bc7e68ff565f0b792abc.jpg\",\"width\":3840,\"height\":2160},\"main\":{\"url\":\"https://imgu.web.nhk/static/assets/images/tvepisode/te/RKWMR8L56W/RKWMR8L56W-eyecatches_e6cfc0ea782160bb3f335f1606ae6ac2.jpg\",\"width\":1920,\"height\":1080},\"medium\":{\"url\":\"https://imgu.web.nhk/static/assets/images/tvepisode/te/RKWMR8L56W/RKWMR8L56W-eyecatches_a9248cf8ad55fbf61ca34ae229bf208e.jpg\",\"width\":1280,\"height\":720},\"small\":{\"url\":\"https://imgu.web.nhk/static/assets/images/tvepisode/te/RKWMR8L56W/RKWMR8L56W-eyecatches_f70163302d5db4efab42c9b1b254b9e9.jpg\",\"width\":640,\"height\":360}},{\"large\":{\"url\":\"https://imgu.web.nhk/static/assets/images/tvepisode/te/RKWMR8L56W/RKWMR8L56W-eyecatches_199177d98e3b9d1ebab4e70b0dfb92e4.jpg\",\"width\":3840,\"height\":2160},\"main\":{\"url\":\"https://imgu.web.nhk/static/assets/images/tvepisode/te/RKWMR8L56W/RKWMR8L56W-eyecatches_e4ab5904161f61a027f0d63ab6f6742d.jpg\",\"width\":1920,\"height\":1080},\"medium\":{\"url\":\"https://imgu.web.nhk/static/assets/images/tvepisode/te/RKWMR8L56W/RKWMR8L56W-eyecatches_a55a6e0b9786110fd44cca0df8223dbe.jpg\",\"width\":1280,\"height\":720},\"small\":{\"url\":\"https://imgu.web.nhk/static/assets/images/tvepisode/te/RKWMR8L56W/RKWMR8L56W-eyecatches_6e9f338a40e04289b0ff8cb5af80cb5c.jpg\",\"width\":640,\"height\":360}},{\"large\":{\"url\":\"https://imgu.web.nhk/static/assets/images/tvepisode/te/RKWMR8L56W/RKWMR8L56W-eyecatches_7df6a7ffe3cb44f109fb6dea28989eef.jpg\",\"width\":3840,\"height\":2160},\"main\":{\"url\":\"https://imgu.web.nhk/static/assets/images/tvepisode/te/RKWMR8L56W/RKWMR8L56W-eyecatches_18cbb15a8c606e6575951d9616b0a040.jpg\",\"width\":1920,\"height\":1080},\"medium\":{\"url\":\"https://imgu.web.nhk/static/assets/images/tvepisode/te/RKWMR8L56W/RKWMR8L56W-eyecatches_e72617ad511b136abef7ce275e581a4a.jpg\",\"width\":1280,\"height\":720},\"small\":{\"url\":\"https://imgu.web.nhk/static/assets/images/tvepisode/te/RKWMR8L56W/RKWMR8L56W-eyecatches_1d212d4e7ae7be86bff8014030f6ab8c.jpg\",\"width\":640,\"height\":360}}],\"video\":[{\"id\":\"hskOriginal-g1-130-2026031212802\",\"name\":\"【連続テレビ小説】ばけばけ（１１４）第２３週「ゴブサタ、ニシコオリサン。」\",\"description\":\"知事（佐野史郎）に、ヘブン（トミー・バストウ）が日本人になる許可をもらいに訪れたトキ（髙石あかり）とヘブン。しかし、取り付く島もなく一蹴されてしまう。錦織（吉沢亮）に協力を頼もうと中学校を訪れたトキは、そこでサワ（円井わん）と再会する。やはり、錦織に断られてしまうトキ。失意の中、トキとヘブンの元に勘右衛門（小日向文世）が訪ねてくる。日本人になるヘブンに、勘右衛門は名前を考えてきたと告げる。\",\"url\":\"https://www.web.nhk/tv/an/bakebake/pl/series-tep-662ZX5J3WG/ep/RKWMR8L56W\",\"identifierGroup\":{\"environmentId\":\"hskOriginal\",\"broadcastEventId\":\"g1-130-2026031212802\",\"serviceId\":\"g1\",\"streamType\":\"vod\"},\"detailedContentStatus\":{\"environmentId\":\"hskOriginal\",\"streamType\":\"vod\",\"contentStatus\":\"notyet\"},\"detailedVideoDescriptor\":\"https://simul.hsk.st.nhk/npd3/7fe0-0400/20260312/3202-1-1-0ba3c091aefa6ff315a813a096dd88a6/videoinfo-2992dc3d5c4b1be79e35954b371c5438.json\",\"expires\":\"2026-03-19T08:15:00+09:00\",\"duration\":\"PT15M\",\"startDate\":\"2026-03-12T08:00:00+09:00\",\"endDate\":\"2026-03-12T08:15:00+09:00\",\"isDivided\":false,\"publication\":[{\"id\":\"g1-130-2026031212802\",\"url\":\"https://api-local.ss.org.nhk/r8/t/broadcastevent/be/g1-130-2026031212802.json\",\"isLiveBroadcast\":true}],\"uploadDate\":\"2026-03-12T08:15:00+09:00\"}],\"citation\":[],\"detailedPinnedCitation\":[{\"name\":\"✨登場人物・キャスト\",\"url\":\"https://www.nhk.jp/g/ts/662ZX5J3WG/blog/bl/p63MOdwNjk/bp/pnyMroAvAn/\"},{\"name\":\"📺関連番組・インタビューはこちらから\",\"url\":\"https://www.nhk.jp/g/ts/662ZX5J3WG/blog/bl/p7xRqmNdbW/\"},{\"name\":\"📢ＮＨＫオンデマンドでは第1回から配信中\",\"url\":\"https://www.nhk-ondemand.jp/program/P202500475400000/\"}],\"sameAs\":[],\"correction\":[],\"url\":\"https://api-local.ss.org.nhk/r8/t/tvepisode/te/RKWMR8L56W.json\",\"canonical\":\"https://www.web.nhk/tv/an/bakebake/pl/series-tep-662ZX5J3WG/ep/RKWMR8L56W\",\"associatedMedia\":[],\"hasPart\":[],\"additionalProperty\":{\"episodeMergeStatus\":\"notMerged\"}},\"link\":{\"href\":\"https://www.web.nhk/tv/an/bakebake/pl/series-tep-662ZX5J3WG/ep/RKWMR8L56W\"}}]\n"])</script><script>self.__next_f.push([1,"4e:[\"$\",\"$L2a\",\"5ZWYL8RQVV\",{\"content\":{\"type\":\"TVEpisode\",\"id\":\"5ZWYL8RQVV\",\"name\":\"(113)第23週「ゴブサタ、ニシコオリサン。」\",\"detailedEpisodeNameRuby\":\"\",\"identifierGroup\":{\"tvEpisodeId\":\"5ZWYL8RQVV\",\"tvSeriesId\":\"662ZX5J3WG\",\"tvEpisodeName\":\"(113)第23週「ゴブサタ、ニシコオリサン。」\",\"tvSeriesName\":\"ばけばけ\",\"hashtag\":[],\"siteId\":\"0006\",\"serviceId\":[\"g1\",\"g2\",\"s1\",\"s2\",\"s5\"],\"aliasId\":\"bakebake\",\"formatGenreTag\":[{\"id\":\"03\",\"name\":\"ドラマ\"}],\"themeGenreTag\":[{\"id\":\"031\",\"name\":\"国内ドラマ\"},{\"id\":\"030\",\"name\":\"ドラマ全般\"}]},\"keyword\":[],\"description\":\"ヘブン（トミー・バストウ）が日本人になるためには、知事（佐野史郎）に認めてもらわなければならない。知事を説得するために、錦織（吉沢亮）の助力を得ようと訪ねたヘブンは、錦織と再会するが、協力を断られてしまう。失意の中、錦織の真意もわからず困惑するトキとヘブン。そんな中、司之介（岡部たかし）とフミ（池脇千鶴）からタエ（北川景子）に会ってきたと知らされる。\",\"dateCreated\":\"2025-12-18T18:14:09+09:00\",\"dateModified\":\"2026-03-04T07:30:17+09:00\",\"actor\":[],\"contributor\":[],\"partOfSeries\":{\"id\":\"662ZX5J3WG\",\"name\":\"ばけばけ\",\"detailedSeriesNameRuby\":\"ばけばけ\",\"identifierGroup\":{\"tvSeriesId\":\"662ZX5J3WG\",\"tvSeriesPlaylistId\":\"series-tep-662ZX5J3WG\",\"tvSeriesUId\":\"p97f04323-5f03-5c6a-ae95-69101ff72127\",\"tvSeriesName\":\"ばけばけ\",\"hashtag\":[],\"siteId\":\"0006\",\"serviceId\":[\"g1\",\"g2\",\"s1\",\"s2\",\"s5\"],\"aliasId\":\"bakebake\",\"formatGenre\":[{\"id\":\"03\",\"name\":\"ドラマ\"}]},\"keyword\":[],\"detailedSynonym\":[],\"sameAs\":[],\"canonical\":\"https://www.web.nhk/tv/an/bakebake/pl/series-tep-662ZX5J3WG\",\"description\":\"【ＮＨＫ朝ドラ公式】連続テレビ小説「ばけばけ」。主演は髙石あかり。\\nキャスト相関図・見逃し配信・あらすじ・放送予定など。\\n小泉セツ\u0026八雲（ラフカディオ・ハーン）夫妻がモデルの物語。明治の松江。怪談を愛する夫婦の何気ない日常を描きます。\\n\\n【作】ふじきみつ彦\\n【音楽】牛尾憲輔\\n【主題歌】ハンバート ハンバート「笑ったり転んだり」\\n【キャスト】髙石あかり、トミー・バストウ / 吉沢亮　ほか\\n【放送予定】2025年9月29日（月）放送開始 （全25週125回）\",\"detailedCatch\":\"「この世はうらめしい。けど、すばらしい。」\",\"logo\":{\"main\":{\"url\":\"https://imgu.web.nhk/static/assets/images/tvseries/ts/662ZX5J3WG/662ZX5J3WG-logo_c082378e129bdef8d8cc9b0b32d2349c.png\",\"width\":1080,\"height\":1080},\"medium\":{\"url\":\"https://imgu.web.nhk/static/assets/images/tvseries/ts/662ZX5J3WG/662ZX5J3WG-logo_9638d94a4c0f54c68db3481308026a2d.png\",\"width\":640,\"height\":640},\"small\":{\"url\":\"https://imgu.web.nhk/static/assets/images/tvseries/ts/662ZX5J3WG/662ZX5J3WG-logo_907c885a543694caf6cec07746e00fd9.png\",\"width\":200,\"height\":200}},\"eyecatch\":{\"large\":{\"url\":\"https://imgu.web.nhk/static/assets/images/tvseries/ts/662ZX5J3WG/662ZX5J3WG-eyecatch_f921ca54baff6aaf68b140ce9c59d273.png\",\"width\":3840,\"height\":2160},\"main\":{\"url\":\"https://imgu.web.nhk/static/assets/images/tvseries/ts/662ZX5J3WG/662ZX5J3WG-eyecatch_ebc0fbef1eef505881258e06e093ee97.png\",\"width\":1920,\"height\":1080},\"medium\":{\"url\":\"https://imgu.web.nhk/static/assets/images/tvseries/ts/662ZX5J3WG/662ZX5J3WG-eyecatch_b045d0c555a786b3a438b87bb5de7473.png\",\"width\":1280,\"height\":720},\"small\":{\"url\":\"https://imgu.web.nhk/static/assets/images/tvseries/ts/662ZX5J3WG/662ZX5J3WG-eyecatch_0959e71c25448d316c13b769bc79186d.png\",\"width\":640,\"height\":360}},\"hero\":{\"main\":{\"url\":\"https://imgu.web.nhk/static/assets/images/tvseries/ts/662ZX5J3WG/662ZX5J3WG-hero_880e6c4fdacadf3094ba9d4a5e3134b0.png\",\"width\":1920,\"height\":640},\"medium\":{\"url\":\"https://imgu.web.nhk/static/assets/images/tvseries/ts/662ZX5J3WG/662ZX5J3WG-hero_192d043cd8197adb42ddd46fdd996333.png\",\"width\":1080,\"height\":360}},\"style\":{\"textLight\":\"#000000\",\"textDark\":\"#FFFFFF\",\"linkLight\":\"#7E7A00\",\"linkDark\":\"#FAF100\",\"primaryLight\":\"#9E9900\",\"primaryDark\":\"#FAF100\"},\"additionalProperty\":{\"publishLevel\":\"full\",\"layoutPattern\":\"summary\",\"episodeOrderBy\":\"releasedEvent\",\"availableOnPlus\":false,\"enableVariablePlayBackSpeedControl\":false,\"optional\":[],\"seriesPackStatus\":\"notPacked\",\"supportMedia\":[\"@screen\"],\"supportMusicList\":true,\"supportPlusEmbed\":true,\"enableWebContent\":false},\"url\":\"https://api-local.ss.org.nhk/r8/t/nplaylist/pl/series-tep-662ZX5J3WG.json\",\"itemUrl\":\"https://api-local.ss.org.nhk/r8/l/tvepisode/pl/series-tep-662ZX5J3WG.json\"},\"releasedEvent\":{\"id\":\"g1-130-2026031112440\",\"startDate\":\"2026-03-11T08:00:00+09:00\",\"displayStartDate\":\"2026-03-11T08:00:00+09:00\",\"endDate\":\"2026-03-11T08:15:00+09:00\",\"publishedOn\":{\"type\":\"BroadcastService\",\"id\":\"bs-g1-130\",\"name\":\"NHK総合テレビジョン\",\"url\":\"https://api-local.ss.org.nhk/r8/t/broadcastservice/bs/g1-130.json\",\"broadcastDisplayName\":\"NHK総合・東京\",\"videoFormat\":[\"2K\"],\"encodingFormat\":[\"video/X-arib-mpeg2\",\"audio/X-arib-mpeg2-aac\"],\"identifierGroup\":{\"serviceId\":\"g1\",\"serviceName\":\"NHK総合1\",\"areaId\":\"130\",\"areaName\":\"東京\",\"channelId\":\"011\",\"channelKey\":\"1\",\"channelAreaName\":\"東京\",\"channelStationName\":\"首都圏\",\"shortenedName\":\"NHK総合1\",\"shortenedDisplayName\":\"総合\",\"multiChannelDisplayName\":\"総合\"},\"logo\":{\"url\":\"https://imgu.web.nhk/common/broadcastservice/bs/g1/g1-logo.svg\",\"main\":{\"url\":\"https://imgu.web.nhk/common/broadcastservice/bs/g1/g1-logo_1080x1080.png\",\"width\":1080,\"height\":1080},\"medium\":{\"url\":\"https://imgu.web.nhk/common/broadcastservice/bs/g1/g1-logo_640x640.png\",\"width\":640,\"height\":640},\"small\":{\"url\":\"https://imgu.web.nhk/common/broadcastservice/bs/g1/g1-logo_200x200.png\",\"width\":200,\"height\":200}},\"eyecatch\":{\"url\":\"https://imgu.web.nhk/common/broadcastservice/bs/g1/g1-eyecatch.svg\",\"large\":{\"url\":\"https://imgu.web.nhk/common/broadcastservice/bs/g1/g1-eyecatch_3840x2160.png\",\"width\":3840,\"height\":2160},\"main\":{\"url\":\"https://imgu.web.nhk/common/broadcastservice/bs/g1/g1-eyecatch_1920x1080.png\",\"width\":1920,\"height\":1080},\"medium\":{\"url\":\"https://imgu.web.nhk/common/broadcastservice/bs/g1/g1-eyecatch_1280x720.png\",\"width\":1280,\"height\":720},\"small\":{\"url\":\"https://imgu.web.nhk/common/broadcastservice/bs/g1/g1-eyecatch_640x360.png\",\"width\":640,\"height\":360}},\"hero\":{\"url\":\"https://imgu.web.nhk/common/broadcastservice/bs/g1/g1-hero.svg\",\"main\":{\"url\":\"https://imgu.web.nhk/common/broadcastservice/bs/g1/g1-hero_1920x640.png\",\"width\":1920,\"height\":640},\"medium\":{\"url\":\"https://imgu.web.nhk/common/broadcastservice/bs/g1/g1-hero_1080x360.png\",\"width\":1080,\"height\":360}},\"badge9x4\":{\"url\":\"https://imgu.web.nhk/common/broadcastservice/bs/g1/g1-badge9x4.svg\",\"main\":{\"url\":\"https://imgu.web.nhk/common/broadcastservice/bs/g1/g1-badge9x4_360x160.png\",\"width\":360,\"height\":160},\"small\":{\"url\":\"https://imgu.web.nhk/common/broadcastservice/bs/g1/g1-badge9x4_180x80.png\",\"width\":180,\"height\":80}}}},\"detailedRecentEvent\":{\"id\":\"g1-130-2026031112440\",\"startDate\":\"2026-03-11T08:00:00+09:00\",\"endDate\":\"2026-03-11T08:15:00+09:00\",\"identifierGroup\":{\"broadcastEventId\":\"g1-130-2026031112440\",\"serviceId\":\"g1\",\"areaId\":\"130\",\"stationId\":\"001\",\"date\":\"2026-03-11\",\"eventId\":\"12440\",\"genre\":[{\"id\":\"0300\",\"name1\":\"ドラマ\",\"name2\":\"国内ドラマ\"},{\"id\":\"0315\",\"name1\":\"ドラマ\",\"name2\":\"その他\"}],\"onid\":\"7fe0\",\"sid\":\"0400\",\"tsid\":\"7fe0\"},\"misc\":{\"displayVideoMode\":\"none\",\"displayVideoRange\":\"sdr\",\"displayAudioMode\":[\"kaisetsu\"],\"audioMode\":[\"stereoKaisetsu\"],\"supportCaption\":true,\"supportSign\":false,\"supportHybridcast\":false,\"supportDataBroadcast\":false,\"isInteractive\":false,\"isChangeable\":false,\"releaseLevel\":\"prime\",\"programType\":\"program\",\"coverage\":\"nationwide\",\"actList\":[{\"role\":\"作\",\"name\":\"ふじきみつ彦\",\"nameRuby\":\"ﾌｼﾞｷﾐﾂﾋｺ\"},{\"role\":\"出演\",\"name\":\"髙石あかり\",\"nameRuby\":\"ﾀｶｲｼｱｶﾘ\"},{\"role\":\"出演\",\"name\":\"トミー・バストウ\",\"nameRuby\":\"ﾄﾐｰ･ﾊﾞｽﾄｳ\"},{\"role\":\"出演\",\"name\":\"吉沢亮\",\"nameRuby\":\"ﾖｼｻﾞﾜﾘｮｳ\"},{\"role\":\"出演\",\"name\":\"北川景子\",\"nameRuby\":\"ｷﾀｶﾞﾜｹｲｺ\"},{\"role\":\"出演\",\"name\":\"池脇千鶴\",\"nameRuby\":\"ｲｹﾜｷﾁﾂﾞﾙ\"},{\"role\":\"出演\",\"name\":\"岡部たかし\",\"nameRuby\":\"ｵｶﾍﾞﾀｶｼ\"},{\"role\":\"出演\",\"name\":\"堤真一\",\"nameRuby\":\"ﾂﾂﾐｼﾝｲﾁ\"},{\"role\":\"出演\",\"name\":\"板垣李光人\",\"nameRuby\":\"ｲﾀｶﾞｷﾘﾋﾄ\"},{\"role\":\"出演\",\"name\":\"濱正悟\",\"nameRuby\":\"ﾊﾏｼｮｳｺﾞ\"},{\"role\":\"出演\",\"name\":\"片桐善埜\",\"nameRuby\":\"ｶﾀｷﾞﾘｾﾞﾉ\"},{\"role\":\"出演\",\"name\":\"土井嶺\",\"nameRuby\":\"ﾄﾞｲﾘｮｳ\"},{\"role\":\"音楽\",\"name\":\"牛尾憲輔\",\"nameRuby\":\"ｳｼｵｹﾝｽｹ\"}],\"musicList\":[]},\"publishedOn\":{\"type\":\"BroadcastService\",\"id\":\"bs-g1-130\",\"name\":\"NHK総合テレビジョン\",\"url\":\"https://api-local.ss.org.nhk/r8/t/broadcastservice/bs/g1-130.json\",\"broadcastDisplayName\":\"NHK総合・東京\",\"videoFormat\":[\"2K\"],\"encodingFormat\":[\"video/X-arib-mpeg2\",\"audio/X-arib-mpeg2-aac\"],\"identifierGroup\":{\"serviceId\":\"g1\",\"serviceName\":\"NHK総合1\",\"areaId\":\"130\",\"areaName\":\"東京\",\"channelId\":\"011\",\"channelKey\":\"1\",\"channelAreaName\":\"東京\",\"channelStationName\":\"首都圏\",\"shortenedName\":\"NHK総合1\",\"shortenedDisplayName\":\"総合\",\"multiChannelDisplayName\":\"総合\"},\"logo\":{\"url\":\"https://imgu.web.nhk/common/broadcastservice/bs/g1/g1-logo.svg\",\"main\":{\"url\":\"https://imgu.web.nhk/common/broadcastservice/bs/g1/g1-logo_1080x1080.png\",\"width\":1080,\"height\":1080},\"medium\":{\"url\":\"https://imgu.web.nhk/common/broadcastservice/bs/g1/g1-logo_640x640.png\",\"width\":640,\"height\":640},\"small\":{\"url\":\"https://imgu.web.nhk/common/broadcastservice/bs/g1/g1-logo_200x200.png\",\"width\":200,\"height\":200}},\"eyecatch\":{\"url\":\"https://imgu.web.nhk/common/broadcastservice/bs/g1/g1-eyecatch.svg\",\"large\":{\"url\":\"https://imgu.web.nhk/common/broadcastservice/bs/g1/g1-eyecatch_3840x2160.png\",\"width\":3840,\"height\":2160},\"main\":{\"url\":\"https://imgu.web.nhk/common/broadcastservice/bs/g1/g1-eyecatch_1920x1080.png\",\"width\":1920,\"height\":1080},\"medium\":{\"url\":\"https://imgu.web.nhk/common/broadcastservice/bs/g1/g1-eyecatch_1280x720.png\",\"width\":1280,\"height\":720},\"small\":{\"url\":\"https://imgu.web.nhk/common/broadcastservice/bs/g1/g1-eyecatch_640x360.png\",\"width\":640,\"height\":360}},\"hero\":{\"url\":\"https://imgu.web.nhk/common/broadcastservice/bs/g1/g1-hero.svg\",\"main\":{\"url\":\"https://imgu.web.nhk/common/broadcastservice/bs/g1/g1-hero_1920x640.png\",\"width\":1920,\"height\":640},\"medium\":{\"url\":\"https://imgu.web.nhk/common/broadcastservice/bs/g1/g1-hero_1080x360.png\",\"width\":1080,\"height\":360}},\"badge9x4\":{\"url\":\"https://imgu.web.nhk/common/broadcastservice/bs/g1/g1-badge9x4.svg\",\"main\":{\"url\":\"https://imgu.web.nhk/common/broadcastservice/bs/g1/g1-badge9x4_360x160.png\",\"width\":360,\"height\":160},\"small\":{\"url\":\"https://imgu.web.nhk/common/broadcastservice/bs/g1/g1-badge9x4_180x80.png\",\"width\":180,\"height\":80}}}},\"detailedComingEvent\":{\"id\":\"s1-130-2026031112356\",\"startDate\":\"2026-03-11T07:30:00+09:00\",\"endDate\":\"2026-03-11T07:45:00+09:00\",\"identifierGroup\":{\"broadcastEventId\":\"s1-130-2026031112356\",\"serviceId\":\"s1\",\"areaId\":\"130\",\"stationId\":\"001\",\"date\":\"2026-03-11\",\"eventId\":\"12356\",\"genre\":[{\"id\":\"0300\",\"name1\":\"ドラマ\",\"name2\":\"国内ドラマ\"},{\"id\":\"0315\",\"name1\":\"ドラマ\",\"name2\":\"その他\"}],\"onid\":\"0004\",\"sid\":\"0065\",\"tsid\":\"40f1\"},\"misc\":{\"displayVideoMode\":\"none\",\"displayVideoRange\":\"sdr\",\"displayAudioMode\":[\"kaisetsu\"],\"audioMode\":[\"stereoKaisetsu\"],\"supportCaption\":true,\"supportSign\":false,\"supportHybridcast\":false,\"supportDataBroadcast\":false,\"isInteractive\":false,\"isChangeable\":false,\"releaseLevel\":\"original\",\"programType\":\"program\",\"coverage\":\"nationwide\",\"actList\":[{\"role\":\"作\",\"name\":\"ふじきみつ彦\",\"nameRuby\":\"ﾌｼﾞｷﾐﾂﾋｺ\"},{\"role\":\"出演\",\"name\":\"髙石あかり\",\"nameRuby\":\"ﾀｶｲｼｱｶﾘ\"},{\"role\":\"出演\",\"name\":\"トミー・バストウ\",\"nameRuby\":\"ﾄﾐｰ･ﾊﾞｽﾄｳ\"},{\"role\":\"出演\",\"name\":\"吉沢亮\",\"nameRuby\":\"ﾖｼｻﾞﾜﾘｮｳ\"},{\"role\":\"出演\",\"name\":\"北川景子\",\"nameRuby\":\"ｷﾀｶﾞﾜｹｲｺ\"},{\"role\":\"出演\",\"name\":\"池脇千鶴\",\"nameRuby\":\"ｲｹﾜｷﾁﾂﾞﾙ\"},{\"role\":\"出演\",\"name\":\"岡部たかし\",\"nameRuby\":\"ｵｶﾍﾞﾀｶｼ\"},{\"role\":\"出演\",\"name\":\"堤真一\",\"nameRuby\":\"ﾂﾂﾐｼﾝｲﾁ\"},{\"role\":\"出演\",\"name\":\"板垣李光人\",\"nameRuby\":\"ｲﾀｶﾞｷﾘﾋﾄ\"},{\"role\":\"出演\",\"name\":\"濱正悟\",\"nameRuby\":\"ﾊﾏｼｮｳｺﾞ\"},{\"role\":\"出演\",\"name\":\"片桐善埜\",\"nameRuby\":\"ｶﾀｷﾞﾘｾﾞﾉ\"},{\"role\":\"出演\",\"name\":\"土井嶺\",\"nameRuby\":\"ﾄﾞｲﾘｮｳ\"},{\"role\":\"音楽\",\"name\":\"牛尾憲輔\",\"nameRuby\":\"ｳｼｵｹﾝｽｹ\"}],\"musicList\":[]},\"publishedOn\":{\"type\":\"BroadcastService\",\"id\":\"bs-s1-130\",\"name\":\"NHK BS\",\"url\":\"https://api-local.ss.org.nhk/r8/t/broadcastservice/bs/s1-130.json\",\"broadcastDisplayName\":\"NHK BS\",\"videoFormat\":[\"2K\"],\"encodingFormat\":[\"video/X-arib-mpeg2\",\"audio/X-arib-mpeg2-aac\"],\"identifierGroup\":{\"serviceId\":\"s1\",\"serviceName\":\"NHK BS\",\"areaId\":\"130\",\"areaName\":\"東京\",\"channelId\":\"101\",\"channelKey\":\"1\",\"channelAreaName\":\"東京\",\"channelStationName\":\"首都圏\",\"shortenedName\":\"NHK BS\",\"shortenedDisplayName\":\"NHK BS\",\"multiChannelDisplayName\":\"BS\"},\"logo\":{\"url\":\"https://imgu.web.nhk/common/broadcastservice/bs/s1/s1-logo.svg\",\"main\":{\"url\":\"https://imgu.web.nhk/common/broadcastservice/bs/s1/s1-logo_1080x1080.png\",\"width\":1080,\"height\":1080},\"medium\":{\"url\":\"https://imgu.web.nhk/common/broadcastservice/bs/s1/s1-logo_640x640.png\",\"width\":640,\"height\":640},\"small\":{\"url\":\"https://imgu.web.nhk/common/broadcastservice/bs/s1/s1-logo_200x200.png\",\"width\":200,\"height\":200}},\"eyecatch\":{\"url\":\"https://imgu.web.nhk/common/broadcastservice/bs/s1/s1-eyecatch.svg\",\"large\":{\"url\":\"https://imgu.web.nhk/common/broadcastservice/bs/s1/s1-eyecatch_3840x2160.png\",\"width\":3840,\"height\":2160},\"main\":{\"url\":\"https://imgu.web.nhk/common/broadcastservice/bs/s1/s1-eyecatch_1920x1080.png\",\"width\":1920,\"height\":1080},\"medium\":{\"url\":\"https://imgu.web.nhk/common/broadcastservice/bs/s1/s1-eyecatch_1280x720.png\",\"width\":1280,\"height\":720},\"small\":{\"url\":\"https://imgu.web.nhk/common/broadcastservice/bs/s1/s1-eyecatch_640x360.png\",\"width\":640,\"height\":360}},\"hero\":{\"url\":\"https://imgu.web.nhk/common/broadcastservice/bs/s1/s1-hero.svg\",\"main\":{\"url\":\"https://imgu.web.nhk/common/broadcastservice/bs/s1/s1-hero_1920x640.png\",\"width\":1920,\"height\":640},\"medium\":{\"url\":\"https://imgu.web.nhk/common/broadcastservice/bs/s1/s1-hero_1080x360.png\",\"width\":1080,\"height\":360}},\"badge9x4\":{\"url\":\"https://imgu.web.nhk/common/broadcastservice/bs/s1/s1-badge9x4.svg\",\"main\":{\"url\":\"https://imgu.web.nhk/common/broadcastservice/bs/s1/s1-badge9x4_360x160.png\",\"width\":360,\"height\":160},\"small\":{\"url\":\"https://imgu.web.nhk/common/broadcastservice/bs/s1/s1-badge9x4_180x80.png\",\"width\":180,\"height\":80}}}},\"eyecatch\":{\"large\":{\"url\":\"https://imgu.web.nhk/static/assets/images/tvepisode/te/5ZWYL8RQVV/5ZWYL8RQVV-eyecatch_9a7473aacad744fb56d7016c6fc6302c.jpg\",\"width\":3840,\"height\":2160},\"main\":{\"url\":\"https://imgu.web.nhk/static/assets/images/tvepisode/te/5ZWYL8RQVV/5ZWYL8RQVV-eyecatch_65ec318992b45d799a65f7a49b6527a9.jpg\",\"width\":1920,\"height\":1080},\"medium\":{\"url\":\"https://imgu.web.nhk/static/assets/images/tvepisode/te/5ZWYL8RQVV/5ZWYL8RQVV-eyecatch_e4ae10b638b28b08ffcc194711636a98.jpg\",\"width\":1280,\"height\":720},\"small\":{\"url\":\"https://imgu.web.nhk/static/assets/images/tvepisode/te/5ZWYL8RQVV/5ZWYL8RQVV-eyecatch_0171deda379b145e5448cb675b38cc1d.jpg\",\"width\":640,\"height\":360}},\"eyecatchList\":[{\"large\":{\"url\":\"https://imgu.web.nhk/static/assets/images/tvepisode/te/5ZWYL8RQVV/5ZWYL8RQVV-eyecatches_a016df1ad08c3455598202e903172a46.jpg\",\"width\":3840,\"height\":2160},\"main\":{\"url\":\"https://imgu.web.nhk/static/assets/images/tvepisode/te/5ZWYL8RQVV/5ZWYL8RQVV-eyecatches_4904a475ed3d913aaf8434c3adec7ee2.jpg\",\"width\":1920,\"height\":1080},\"medium\":{\"url\":\"https://imgu.web.nhk/static/assets/images/tvepisode/te/5ZWYL8RQVV/5ZWYL8RQVV-eyecatches_ed6bec036979ca393cc47351f4344e57.jpg\",\"width\":1280,\"height\":720},\"small\":{\"url\":\"https://imgu.web.nhk/static/assets/images/tvepisode/te/5ZWYL8RQVV/5ZWYL8RQVV-eyecatches_f0f94d2660d6060324b71f51b0a6e3d3.jpg\",\"width\":640,\"height\":360}},{\"large\":{\"url\":\"https://imgu.web.nhk/static/assets/images/tvepisode/te/5ZWYL8RQVV/5ZWYL8RQVV-eyecatches_bcc31c232b6ca6192686ea96e7af9e0c.jpg\",\"width\":3840,\"height\":2160},\"main\":{\"url\":\"https://imgu.web.nhk/static/assets/images/tvepisode/te/5ZWYL8RQVV/5ZWYL8RQVV-eyecatches_6da7674c3846dd32e0bed8c587e93aae.jpg\",\"width\":1920,\"height\":1080},\"medium\":{\"url\":\"https://imgu.web.nhk/static/assets/images/tvepisode/te/5ZWYL8RQVV/5ZWYL8RQVV-eyecatches_788568bb594b2d0dffc4e93a85ae0193.jpg\",\"width\":1280,\"height\":720},\"small\":{\"url\":\"https://imgu.web.nhk/static/assets/images/tvepisode/te/5ZWYL8RQVV/5ZWYL8RQVV-eyecatches_e0ef2ea616b5ed179d39784f73357be1.jpg\",\"width\":640,\"height\":360}},{\"large\":{\"url\":\"https://imgu.web.nhk/static/assets/images/tvepisode/te/5ZWYL8RQVV/5ZWYL8RQVV-eyecatches_92f287a97801ac90bb6db4529c51dcbc.jpg\",\"width\":3840,\"height\":2160},\"main\":{\"url\":\"https://imgu.web.nhk/static/assets/images/tvepisode/te/5ZWYL8RQVV/5ZWYL8RQVV-eyecatches_2eca786fd7fe73ac35e8125787497d4c.jpg\",\"width\":1920,\"height\":1080},\"medium\":{\"url\":\"https://imgu.web.nhk/static/assets/images/tvepisode/te/5ZWYL8RQVV/5ZWYL8RQVV-eyecatches_a6e50101bdb9130883c19ef32ed870e3.jpg\",\"width\":1280,\"height\":720},\"small\":{\"url\":\"https://imgu.web.nhk/static/assets/images/tvepisode/te/5ZWYL8RQVV/5ZWYL8RQVV-eyecatches_f909eaf21c20271744c7393427f59e7a.jpg\",\"width\":640,\"height\":360}},{\"large\":{\"url\":\"https://imgu.web.nhk/static/assets/images/tvepisode/te/5ZWYL8RQVV/5ZWYL8RQVV-eyecatches_5d3219686bd2adbd949a2f45d0ff07b3.jpg\",\"width\":3840,\"height\":2160},\"main\":{\"url\":\"https://imgu.web.nhk/static/assets/images/tvepisode/te/5ZWYL8RQVV/5ZWYL8RQVV-eyecatches_499b5bb5a4779b170cc16585b4b0f46f.jpg\",\"width\":1920,\"height\":1080},\"medium\":{\"url\":\"https://imgu.web.nhk/static/assets/images/tvepisode/te/5ZWYL8RQVV/5ZWYL8RQVV-eyecatches_28a7325211f62e924209b9cb7ba87d16.jpg\",\"width\":1280,\"height\":720},\"small\":{\"url\":\"https://imgu.web.nhk/static/assets/images/tvepisode/te/5ZWYL8RQVV/5ZWYL8RQVV-eyecatches_0dbe03c3a26ceb36eb45d99624d7ea1a.jpg\",\"width\":640,\"height\":360}}],\"video\":[{\"id\":\"hskOriginal-g1-130-2026031112440\",\"name\":\"【連続テレビ小説】ばけばけ（１１３）第２３週「ゴブサタ、ニシコオリサン。」\",\"description\":\"ヘブン（トミー・バストウ）が日本人になるためには、知事（佐野史郎）に認めてもらわなければならない。知事を説得するために、錦織（吉沢亮）の助力を得ようと訪ねたヘブンは、錦織と再会するが、協力を断られてしまう。失意の中、錦織の真意もわからず困惑するトキとヘブン。そんな中、司之介（岡部たかし）とフミ（池脇千鶴）からタエ（北川景子）に会ってきたと知らされる。\",\"url\":\"https://www.web.nhk/tv/an/bakebake/pl/series-tep-662ZX5J3WG/ep/5ZWYL8RQVV\",\"identifierGroup\":{\"environmentId\":\"hskOriginal\",\"broadcastEventId\":\"g1-130-2026031112440\",\"serviceId\":\"g1\",\"streamType\":\"vod\"},\"detailedContentStatus\":{\"environmentId\":\"hskOriginal\",\"streamType\":\"vod\",\"contentStatus\":\"notyet\"},\"detailedVideoDescriptor\":\"https://simul.hsk.st.nhk/npd3/7fe0-0400/20260311/3098-1-1-c536254d665b7b64ae496abeb72ec63d/videoinfo-f50656b76c42d07cbc69ba5cd7913a66.json\",\"expires\":\"2026-03-18T08:15:00+09:00\",\"duration\":\"PT15M\",\"startDate\":\"2026-03-11T08:00:00+09:00\",\"endDate\":\"2026-03-11T08:15:00+09:00\",\"isDivided\":false,\"publication\":[{\"id\":\"g1-130-2026031112440\",\"url\":\"https://api-local.ss.org.nhk/r8/t/broadcastevent/be/g1-130-2026031112440.json\",\"isLiveBroadcast\":true}],\"uploadDate\":\"2026-03-11T08:15:00+09:00\"}],\"citation\":[],\"detailedPinnedCitation\":[{\"name\":\"✨登場人物・キャスト\",\"url\":\"https://www.nhk.jp/g/ts/662ZX5J3WG/blog/bl/p63MOdwNjk/bp/pnyMroAvAn/\"},{\"name\":\"📺関連番組・インタビューはこちらから\",\"url\":\"https://www.nhk.jp/g/ts/662ZX5J3WG/blog/bl/p7xRqmNdbW/\"},{\"name\":\"📢ＮＨＫオンデマンドでは第1回から配信中\",\"url\":\"https://www.nhk-ondemand.jp/program/P202500475400000/\"}],\"sameAs\":[],\"correction\":[],\"url\":\"https://api-local.ss.org.nhk/r8/t/tvepisode/te/5ZWYL8RQVV.json\",\"canonical\":\"https://www.web.nhk/tv/an/bakebake/pl/series-tep-662ZX5J3WG/ep/5ZWYL8RQVV\",\"associatedMedia\":[],\"hasPart\":[],\"additionalProperty\":{\"episodeMergeStatus\":\"notMerged\"}},\"link\":{\"href\":\"https://www.web.nhk/tv/an/bakebake/pl/series-tep-662ZX5J3WG/ep/5ZWYL8RQVV\"}}]\n"])</script><script>self.__next_f.push([1,"4f:[\"$\",\"$L2a\",\"EXJ35L6GLQ\",{\"content\":{\"type\":\"TVEpisode\",\"id\":\"EXJ35L6GLQ\",\"name\":\"(112)第23週「ゴブサタ、ニシコオリサン。」\",\"detailedEpisodeNameRuby\":\"\",\"identifierGroup\":{\"tvEpisodeId\":\"EXJ35L6GLQ\",\"tvSeriesId\":\"662ZX5J3WG\",\"tvEpisodeName\":\"(112)第23週「ゴブサタ、ニシコオリサン。」\",\"tvSeriesName\":\"ばけばけ\",\"hashtag\":[],\"siteId\":\"0006\",\"serviceId\":[\"g1\",\"g2\",\"s1\",\"s2\",\"s5\"],\"aliasId\":\"bakebake\",\"formatGenreTag\":[{\"id\":\"03\",\"name\":\"ドラマ\"}],\"themeGenreTag\":[{\"id\":\"031\",\"name\":\"国内ドラマ\"},{\"id\":\"030\",\"name\":\"ドラマ全般\"}]},\"keyword\":[],\"description\":\"トキ（髙石あかり）と勘太と家族になるために、ヘブン（トミー・バストウ）は日本人になることを決める。２人が籍を入れるためには松江市役所での手続きが必要。トキとヘブンは、司之介（岡部たかし）、フミ（池脇千鶴）を連れ久しぶりに松江を訪れる。それは、錦織（吉沢亮）との再会を意味していた。松江を訪れた一行は、まずは宿をとりに懐かしの花田旅館を訪れる。\",\"dateCreated\":\"2025-12-17T18:17:08+09:00\",\"dateModified\":\"2026-03-03T07:30:13+09:00\",\"actor\":[],\"contributor\":[],\"partOfSeries\":{\"id\":\"662ZX5J3WG\",\"name\":\"ばけばけ\",\"detailedSeriesNameRuby\":\"ばけばけ\",\"identifierGroup\":{\"tvSeriesId\":\"662ZX5J3WG\",\"tvSeriesPlaylistId\":\"series-tep-662ZX5J3WG\",\"tvSeriesUId\":\"p97f04323-5f03-5c6a-ae95-69101ff72127\",\"tvSeriesName\":\"ばけばけ\",\"hashtag\":[],\"siteId\":\"0006\",\"serviceId\":[\"g1\",\"g2\",\"s1\",\"s2\",\"s5\"],\"aliasId\":\"bakebake\",\"formatGenre\":[{\"id\":\"03\",\"name\":\"ドラマ\"}]},\"keyword\":[],\"detailedSynonym\":[],\"sameAs\":[],\"canonical\":\"https://www.web.nhk/tv/an/bakebake/pl/series-tep-662ZX5J3WG\",\"description\":\"【ＮＨＫ朝ドラ公式】連続テレビ小説「ばけばけ」。主演は髙石あかり。\\nキャスト相関図・見逃し配信・あらすじ・放送予定など。\\n小泉セツ\u0026八雲（ラフカディオ・ハーン）夫妻がモデルの物語。明治の松江。怪談を愛する夫婦の何気ない日常を描きます。\\n\\n【作】ふじきみつ彦\\n【音楽】牛尾憲輔\\n【主題歌】ハンバート ハンバート「笑ったり転んだり」\\n【キャスト】髙石あかり、トミー・バストウ / 吉沢亮　ほか\\n【放送予定】2025年9月29日（月）放送開始 （全25週125回）\",\"detailedCatch\":\"「この世はうらめしい。けど、すばらしい。」\",\"logo\":{\"main\":{\"url\":\"https://imgu.web.nhk/static/assets/images/tvseries/ts/662ZX5J3WG/662ZX5J3WG-logo_c082378e129bdef8d8cc9b0b32d2349c.png\",\"width\":1080,\"height\":1080},\"medium\":{\"url\":\"https://imgu.web.nhk/static/assets/images/tvseries/ts/662ZX5J3WG/662ZX5J3WG-logo_9638d94a4c0f54c68db3481308026a2d.png\",\"width\":640,\"height\":640},\"small\":{\"url\":\"https://imgu.web.nhk/static/assets/images/tvseries/ts/662ZX5J3WG/662ZX5J3WG-logo_907c885a543694caf6cec07746e00fd9.png\",\"width\":200,\"height\":200}},\"eyecatch\":{\"large\":{\"url\":\"https://imgu.web.nhk/static/assets/images/tvseries/ts/662ZX5J3WG/662ZX5J3WG-eyecatch_f921ca54baff6aaf68b140ce9c59d273.png\",\"width\":3840,\"height\":2160},\"main\":{\"url\":\"https://imgu.web.nhk/static/assets/images/tvseries/ts/662ZX5J3WG/662ZX5J3WG-eyecatch_ebc0fbef1eef505881258e06e093ee97.png\",\"width\":1920,\"height\":1080},\"medium\":{\"url\":\"https://imgu.web.nhk/static/assets/images/tvseries/ts/662ZX5J3WG/662ZX5J3WG-eyecatch_b045d0c555a786b3a438b87bb5de7473.png\",\"width\":1280,\"height\":720},\"small\":{\"url\":\"https://imgu.web.nhk/static/assets/images/tvseries/ts/662ZX5J3WG/662ZX5J3WG-eyecatch_0959e71c25448d316c13b769bc79186d.png\",\"width\":640,\"height\":360}},\"hero\":{\"main\":{\"url\":\"https://imgu.web.nhk/static/assets/images/tvseries/ts/662ZX5J3WG/662ZX5J3WG-hero_880e6c4fdacadf3094ba9d4a5e3134b0.png\",\"width\":1920,\"height\":640},\"medium\":{\"url\":\"https://imgu.web.nhk/static/assets/images/tvseries/ts/662ZX5J3WG/662ZX5J3WG-hero_192d043cd8197adb42ddd46fdd996333.png\",\"width\":1080,\"height\":360}},\"style\":{\"textLight\":\"#000000\",\"textDark\":\"#FFFFFF\",\"linkLight\":\"#7E7A00\",\"linkDark\":\"#FAF100\",\"primaryLight\":\"#9E9900\",\"primaryDark\":\"#FAF100\"},\"additionalProperty\":{\"publishLevel\":\"full\",\"layoutPattern\":\"summary\",\"episodeOrderBy\":\"releasedEvent\",\"availableOnPlus\":false,\"enableVariablePlayBackSpeedControl\":false,\"optional\":[],\"seriesPackStatus\":\"notPacked\",\"supportMedia\":[\"@screen\"],\"supportMusicList\":true,\"supportPlusEmbed\":true,\"enableWebContent\":false},\"url\":\"https://api-local.ss.org.nhk/r8/t/nplaylist/pl/series-tep-662ZX5J3WG.json\",\"itemUrl\":\"https://api-local.ss.org.nhk/r8/l/tvepisode/pl/series-tep-662ZX5J3WG.json\"},\"releasedEvent\":{\"id\":\"g1-130-2026031012099\",\"startDate\":\"2026-03-10T08:00:00+09:00\",\"displayStartDate\":\"2026-03-10T08:00:00+09:00\",\"endDate\":\"2026-03-10T08:15:00+09:00\",\"publishedOn\":{\"type\":\"BroadcastService\",\"id\":\"bs-g1-130\",\"name\":\"NHK総合テレビジョン\",\"url\":\"https://api-local.ss.org.nhk/r8/t/broadcastservice/bs/g1-130.json\",\"broadcastDisplayName\":\"NHK総合・東京\",\"videoFormat\":[\"2K\"],\"encodingFormat\":[\"video/X-arib-mpeg2\",\"audio/X-arib-mpeg2-aac\"],\"identifierGroup\":{\"serviceId\":\"g1\",\"serviceName\":\"NHK総合1\",\"areaId\":\"130\",\"areaName\":\"東京\",\"channelId\":\"011\",\"channelKey\":\"1\",\"channelAreaName\":\"東京\",\"channelStationName\":\"首都圏\",\"shortenedName\":\"NHK総合1\",\"shortenedDisplayName\":\"総合\",\"multiChannelDisplayName\":\"総合\"},\"logo\":{\"url\":\"https://imgu.web.nhk/common/broadcastservice/bs/g1/g1-logo.svg\",\"main\":{\"url\":\"https://imgu.web.nhk/common/broadcastservice/bs/g1/g1-logo_1080x1080.png\",\"width\":1080,\"height\":1080},\"medium\":{\"url\":\"https://imgu.web.nhk/common/broadcastservice/bs/g1/g1-logo_640x640.png\",\"width\":640,\"height\":640},\"small\":{\"url\":\"https://imgu.web.nhk/common/broadcastservice/bs/g1/g1-logo_200x200.png\",\"width\":200,\"height\":200}},\"eyecatch\":{\"url\":\"https://imgu.web.nhk/common/broadcastservice/bs/g1/g1-eyecatch.svg\",\"large\":{\"url\":\"https://imgu.web.nhk/common/broadcastservice/bs/g1/g1-eyecatch_3840x2160.png\",\"width\":3840,\"height\":2160},\"main\":{\"url\":\"https://imgu.web.nhk/common/broadcastservice/bs/g1/g1-eyecatch_1920x1080.png\",\"width\":1920,\"height\":1080},\"medium\":{\"url\":\"https://imgu.web.nhk/common/broadcastservice/bs/g1/g1-eyecatch_1280x720.png\",\"width\":1280,\"height\":720},\"small\":{\"url\":\"https://imgu.web.nhk/common/broadcastservice/bs/g1/g1-eyecatch_640x360.png\",\"width\":640,\"height\":360}},\"hero\":{\"url\":\"https://imgu.web.nhk/common/broadcastservice/bs/g1/g1-hero.svg\",\"main\":{\"url\":\"https://imgu.web.nhk/common/broadcastservice/bs/g1/g1-hero_1920x640.png\",\"width\":1920,\"height\":640},\"medium\":{\"url\":\"https://imgu.web.nhk/common/broadcastservice/bs/g1/g1-hero_1080x360.png\",\"width\":1080,\"height\":360}},\"badge9x4\":{\"url\":\"https://imgu.web.nhk/common/broadcastservice/bs/g1/g1-badge9x4.svg\",\"main\":{\"url\":\"https://imgu.web.nhk/common/broadcastservice/bs/g1/g1-badge9x4_360x160.png\",\"width\":360,\"height\":160},\"small\":{\"url\":\"https://imgu.web.nhk/common/broadcastservice/bs/g1/g1-badge9x4_180x80.png\",\"width\":180,\"height\":80}}}},\"detailedRecentEvent\":{\"id\":\"g1-130-2026031012099\",\"startDate\":\"2026-03-10T08:00:00+09:00\",\"endDate\":\"2026-03-10T08:15:00+09:00\",\"identifierGroup\":{\"broadcastEventId\":\"g1-130-2026031012099\",\"serviceId\":\"g1\",\"areaId\":\"130\",\"stationId\":\"001\",\"date\":\"2026-03-10\",\"eventId\":\"12099\",\"genre\":[{\"id\":\"0300\",\"name1\":\"ドラマ\",\"name2\":\"国内ドラマ\"},{\"id\":\"0315\",\"name1\":\"ドラマ\",\"name2\":\"その他\"}],\"onid\":\"7fe0\",\"sid\":\"0400\",\"tsid\":\"7fe0\"},\"misc\":{\"displayVideoMode\":\"none\",\"displayVideoRange\":\"sdr\",\"displayAudioMode\":[\"kaisetsu\"],\"audioMode\":[\"stereoKaisetsu\"],\"supportCaption\":true,\"supportSign\":false,\"supportHybridcast\":false,\"supportDataBroadcast\":false,\"isInteractive\":false,\"isChangeable\":false,\"releaseLevel\":\"prime\",\"programType\":\"program\",\"coverage\":\"nationwide\",\"actList\":[{\"role\":\"作\",\"name\":\"ふじきみつ彦\",\"nameRuby\":\"ﾌｼﾞｷﾐﾂﾋｺ\"},{\"role\":\"出演\",\"name\":\"髙石あかり\",\"nameRuby\":\"ﾀｶｲｼｱｶﾘ\"},{\"role\":\"出演\",\"name\":\"トミー・バストウ\",\"nameRuby\":\"ﾄﾐｰ･ﾊﾞｽﾄｳ\"},{\"role\":\"出演\",\"name\":\"吉沢亮\",\"nameRuby\":\"ﾖｼｻﾞﾜﾘｮｳ\"},{\"role\":\"出演\",\"name\":\"生瀬勝久\",\"nameRuby\":\"ﾅﾏｾｶﾂﾋｻ\"},{\"role\":\"出演\",\"name\":\"佐野史郎\",\"nameRuby\":\"ｻﾉｼﾛｳ\"},{\"role\":\"出演\",\"name\":\"池脇千鶴\",\"nameRuby\":\"ｲｹﾜｷﾁﾂﾞﾙ\"},{\"role\":\"出演\",\"name\":\"池谷のぶえ\",\"nameRuby\":\"ｲｹﾀﾆﾉﾌﾞｴ\"},{\"role\":\"出演\",\"name\":\"岡部たかし\",\"nameRuby\":\"ｵｶﾍﾞﾀｶｼ\"},{\"role\":\"出演\",\"name\":\"円井わん\",\"nameRuby\":\"ﾏﾙｲﾜﾝ\"},{\"role\":\"出演\",\"name\":\"濱正悟\",\"nameRuby\":\"ﾊﾏｼｮｳｺﾞ\"},{\"role\":\"出演\",\"name\":\"岩崎う大\",\"nameRuby\":\"ｲﾜｻｷｳﾀﾞｲ\"},{\"role\":\"出演\",\"name\":\"野内まる\",\"nameRuby\":\"ﾉｳﾁﾏﾙ\"},{\"role\":\"出演\",\"name\":\"杉田雷麟\",\"nameRuby\":\"ｽｷﾞﾀﾗｲﾙ\"},{\"role\":\"出演\",\"name\":\"吉田正幸\",\"nameRuby\":\"ﾖｼﾀﾞﾏｻﾕｷ\"},{\"role\":\"出演\",\"name\":\"片桐善埜\",\"nameRuby\":\"ｶﾀｷﾞﾘｾﾞﾉ\"},{\"role\":\"出演\",\"name\":\"土井嶺\",\"nameRuby\":\"ﾄﾞｲﾘｮｳ\"},{\"role\":\"音楽\",\"name\":\"牛尾憲輔\",\"nameRuby\":\"ｳｼｵｹﾝｽｹ\"}],\"musicList\":[]},\"publishedOn\":{\"type\":\"BroadcastService\",\"id\":\"bs-g1-130\",\"name\":\"NHK総合テレビジョン\",\"url\":\"https://api-local.ss.org.nhk/r8/t/broadcastservice/bs/g1-130.json\",\"broadcastDisplayName\":\"NHK総合・東京\",\"videoFormat\":[\"2K\"],\"encodingFormat\":[\"video/X-arib-mpeg2\",\"audio/X-arib-mpeg2-aac\"],\"identifierGroup\":{\"serviceId\":\"g1\",\"serviceName\":\"NHK総合1\",\"areaId\":\"130\",\"areaName\":\"東京\",\"channelId\":\"011\",\"channelKey\":\"1\",\"channelAreaName\":\"東京\",\"channelStationName\":\"首都圏\",\"shortenedName\":\"NHK総合1\",\"shortenedDisplayName\":\"総合\",\"multiChannelDisplayName\":\"総合\"},\"logo\":{\"url\":\"https://imgu.web.nhk/common/broadcastservice/bs/g1/g1-logo.svg\",\"main\":{\"url\":\"https://imgu.web.nhk/common/broadcastservice/bs/g1/g1-logo_1080x1080.png\",\"width\":1080,\"height\":1080},\"medium\":{\"url\":\"https://imgu.web.nhk/common/broadcastservice/bs/g1/g1-logo_640x640.png\",\"width\":640,\"height\":640},\"small\":{\"url\":\"https://imgu.web.nhk/common/broadcastservice/bs/g1/g1-logo_200x200.png\",\"width\":200,\"height\":200}},\"eyecatch\":{\"url\":\"https://imgu.web.nhk/common/broadcastservice/bs/g1/g1-eyecatch.svg\",\"large\":{\"url\":\"https://imgu.web.nhk/common/broadcastservice/bs/g1/g1-eyecatch_3840x2160.png\",\"width\":3840,\"height\":2160},\"main\":{\"url\":\"https://imgu.web.nhk/common/broadcastservice/bs/g1/g1-eyecatch_1920x1080.png\",\"width\":1920,\"height\":1080},\"medium\":{\"url\":\"https://imgu.web.nhk/common/broadcastservice/bs/g1/g1-eyecatch_1280x720.png\",\"width\":1280,\"height\":720},\"small\":{\"url\":\"https://imgu.web.nhk/common/broadcastservice/bs/g1/g1-eyecatch_640x360.png\",\"width\":640,\"height\":360}},\"hero\":{\"url\":\"https://imgu.web.nhk/common/broadcastservice/bs/g1/g1-hero.svg\",\"main\":{\"url\":\"https://imgu.web.nhk/common/broadcastservice/bs/g1/g1-hero_1920x640.png\",\"width\":1920,\"height\":640},\"medium\":{\"url\":\"https://imgu.web.nhk/common/broadcastservice/bs/g1/g1-hero_1080x360.png\",\"width\":1080,\"height\":360}},\"badge9x4\":{\"url\":\"https://imgu.web.nhk/common/broadcastservice/bs/g1/g1-badge9x4.svg\",\"main\":{\"url\":\"https://imgu.web.nhk/common/broadcastservice/bs/g1/g1-badge9x4_360x160.png\",\"width\":360,\"height\":160},\"small\":{\"url\":\"https://imgu.web.nhk/common/broadcastservice/bs/g1/g1-badge9x4_180x80.png\",\"width\":180,\"height\":80}}}},\"detailedComingEvent\":{\"id\":\"s1-130-2026031012012\",\"startDate\":\"2026-03-10T07:30:00+09:00\",\"endDate\":\"2026-03-10T07:45:00+09:00\",\"identifierGroup\":{\"broadcastEventId\":\"s1-130-2026031012012\",\"serviceId\":\"s1\",\"areaId\":\"130\",\"stationId\":\"001\",\"date\":\"2026-03-10\",\"eventId\":\"12012\",\"genre\":[{\"id\":\"0300\",\"name1\":\"ドラマ\",\"name2\":\"国内ドラマ\"},{\"id\":\"0315\",\"name1\":\"ドラマ\",\"name2\":\"その他\"}],\"onid\":\"0004\",\"sid\":\"0065\",\"tsid\":\"40f1\"},\"misc\":{\"displayVideoMode\":\"none\",\"displayVideoRange\":\"sdr\",\"displayAudioMode\":[\"kaisetsu\"],\"audioMode\":[\"stereoKaisetsu\"],\"supportCaption\":true,\"supportSign\":false,\"supportHybridcast\":false,\"supportDataBroadcast\":false,\"isInteractive\":false,\"isChangeable\":false,\"releaseLevel\":\"original\",\"programType\":\"program\",\"coverage\":\"nationwide\",\"actList\":[{\"role\":\"作\",\"name\":\"ふじきみつ彦\",\"nameRuby\":\"ﾌｼﾞｷﾐﾂﾋｺ\"},{\"role\":\"出演\",\"name\":\"髙石あかり\",\"nameRuby\":\"ﾀｶｲｼｱｶﾘ\"},{\"role\":\"出演\",\"name\":\"トミー・バストウ\",\"nameRuby\":\"ﾄﾐｰ･ﾊﾞｽﾄｳ\"},{\"role\":\"出演\",\"name\":\"吉沢亮\",\"nameRuby\":\"ﾖｼｻﾞﾜﾘｮｳ\"},{\"role\":\"出演\",\"name\":\"生瀬勝久\",\"nameRuby\":\"ﾅﾏｾｶﾂﾋｻ\"},{\"role\":\"出演\",\"name\":\"佐野史郎\",\"nameRuby\":\"ｻﾉｼﾛｳ\"},{\"role\":\"出演\",\"name\":\"池脇千鶴\",\"nameRuby\":\"ｲｹﾜｷﾁﾂﾞﾙ\"},{\"role\":\"出演\",\"name\":\"池谷のぶえ\",\"nameRuby\":\"ｲｹﾀﾆﾉﾌﾞｴ\"},{\"role\":\"出演\",\"name\":\"岡部たかし\",\"nameRuby\":\"ｵｶﾍﾞﾀｶｼ\"},{\"role\":\"出演\",\"name\":\"円井わん\",\"nameRuby\":\"ﾏﾙｲﾜﾝ\"},{\"role\":\"出演\",\"name\":\"濱正悟\",\"nameRuby\":\"ﾊﾏｼｮｳｺﾞ\"},{\"role\":\"出演\",\"name\":\"岩崎う大\",\"nameRuby\":\"ｲﾜｻｷｳﾀﾞｲ\"},{\"role\":\"出演\",\"name\":\"野内まる\",\"nameRuby\":\"ﾉｳﾁﾏﾙ\"},{\"role\":\"出演\",\"name\":\"杉田雷麟\",\"nameRuby\":\"ｽｷﾞﾀﾗｲﾙ\"},{\"role\":\"出演\",\"name\":\"吉田正幸\",\"nameRuby\":\"ﾖｼﾀﾞﾏｻﾕｷ\"},{\"role\":\"出演\",\"name\":\"片桐善埜\",\"nameRuby\":\"ｶﾀｷﾞﾘｾﾞﾉ\"},{\"role\":\"出演\",\"name\":\"土井嶺\",\"nameRuby\":\"ﾄﾞｲﾘｮｳ\"},{\"role\":\"音楽\",\"name\":\"牛尾憲輔\",\"nameRuby\":\"ｳｼｵｹﾝｽｹ\"}],\"musicList\":[]},\"publishedOn\":{\"type\":\"BroadcastService\",\"id\":\"bs-s1-130\",\"name\":\"NHK BS\",\"url\":\"https://api-local.ss.org.nhk/r8/t/broadcastservice/bs/s1-130.json\",\"broadcastDisplayName\":\"NHK BS\",\"videoFormat\":[\"2K\"],\"encodingFormat\":[\"video/X-arib-mpeg2\",\"audio/X-arib-mpeg2-aac\"],\"identifierGroup\":{\"serviceId\":\"s1\",\"serviceName\":\"NHK BS\",\"areaId\":\"130\",\"areaName\":\"東京\",\"channelId\":\"101\",\"channelKey\":\"1\",\"channelAreaName\":\"東京\",\"channelStationName\":\"首都圏\",\"shortenedName\":\"NHK BS\",\"shortenedDisplayName\":\"NHK BS\",\"multiChannelDisplayName\":\"BS\"},\"logo\":{\"url\":\"https://imgu.web.nhk/common/broadcastservice/bs/s1/s1-logo.svg\",\"main\":{\"url\":\"https://imgu.web.nhk/common/broadcastservice/bs/s1/s1-logo_1080x1080.png\",\"width\":1080,\"height\":1080},\"medium\":{\"url\":\"https://imgu.web.nhk/common/broadcastservice/bs/s1/s1-logo_640x640.png\",\"width\":640,\"height\":640},\"small\":{\"url\":\"https://imgu.web.nhk/common/broadcastservice/bs/s1/s1-logo_200x200.png\",\"width\":200,\"height\":200}},\"eyecatch\":{\"url\":\"https://imgu.web.nhk/common/broadcastservice/bs/s1/s1-eyecatch.svg\",\"large\":{\"url\":\"https://imgu.web.nhk/common/broadcastservice/bs/s1/s1-eyecatch_3840x2160.png\",\"width\":3840,\"height\":2160},\"main\":{\"url\":\"https://imgu.web.nhk/common/broadcastservice/bs/s1/s1-eyecatch_1920x1080.png\",\"width\":1920,\"height\":1080},\"medium\":{\"url\":\"https://imgu.web.nhk/common/broadcastservice/bs/s1/s1-eyecatch_1280x720.png\",\"width\":1280,\"height\":720},\"small\":{\"url\":\"https://imgu.web.nhk/common/broadcastservice/bs/s1/s1-eyecatch_640x360.png\",\"width\":640,\"height\":360}},\"hero\":{\"url\":\"https://imgu.web.nhk/common/broadcastservice/bs/s1/s1-hero.svg\",\"main\":{\"url\":\"https://imgu.web.nhk/common/broadcastservice/bs/s1/s1-hero_1920x640.png\",\"width\":1920,\"height\":640},\"medium\":{\"url\":\"https://imgu.web.nhk/common/broadcastservice/bs/s1/s1-hero_1080x360.png\",\"width\":1080,\"height\":360}},\"badge9x4\":{\"url\":\"https://imgu.web.nhk/common/broadcastservice/bs/s1/s1-badge9x4.svg\",\"main\":{\"url\":\"https://imgu.web.nhk/common/broadcastservice/bs/s1/s1-badge9x4_360x160.png\",\"width\":360,\"height\":160},\"small\":{\"url\":\"https://imgu.web.nhk/common/broadcastservice/bs/s1/s1-badge9x4_180x80.png\",\"width\":180,\"height\":80}}}},\"eyecatch\":{\"large\":{\"url\":\"https://imgu.web.nhk/static/assets/images/tvepisode/te/EXJ35L6GLQ/EXJ35L6GLQ-eyecatch_5f634528492d697caa8213e9520e7619.jpg\",\"width\":3840,\"height\":2160},\"main\":{\"url\":\"https://imgu.web.nhk/static/assets/images/tvepisode/te/EXJ35L6GLQ/EXJ35L6GLQ-eyecatch_b8f742d077c8b24add21593fbc6fc125.jpg\",\"width\":1920,\"height\":1080},\"medium\":{\"url\":\"https://imgu.web.nhk/static/assets/images/tvepisode/te/EXJ35L6GLQ/EXJ35L6GLQ-eyecatch_ee5b586f6595b8b071590d1c0d37ca68.jpg\",\"width\":1280,\"height\":720},\"small\":{\"url\":\"https://imgu.web.nhk/static/assets/images/tvepisode/te/EXJ35L6GLQ/EXJ35L6GLQ-eyecatch_5b2ea3d8e32065ee491338c1d8bcd7f9.jpg\",\"width\":640,\"height\":360}},\"eyecatchList\":[{\"large\":{\"url\":\"https://imgu.web.nhk/static/assets/images/tvepisode/te/EXJ35L6GLQ/EXJ35L6GLQ-eyecatches_2dddb5e3bb0d1809a94c840697a0c85a.jpg\",\"width\":3840,\"height\":2160},\"main\":{\"url\":\"https://imgu.web.nhk/static/assets/images/tvepisode/te/EXJ35L6GLQ/EXJ35L6GLQ-eyecatches_60bcc6dd719a3c62968389971a2ebe23.jpg\",\"width\":1920,\"height\":1080},\"medium\":{\"url\":\"https://imgu.web.nhk/static/assets/images/tvepisode/te/EXJ35L6GLQ/EXJ35L6GLQ-eyecatches_95ebaa484078562b731b923b5be5b906.jpg\",\"width\":1280,\"height\":720},\"small\":{\"url\":\"https://imgu.web.nhk/static/assets/images/tvepisode/te/EXJ35L6GLQ/EXJ35L6GLQ-eyecatches_32c3c912b42232b022b7b353df8dff9e.jpg\",\"width\":640,\"height\":360}},{\"large\":{\"url\":\"https://imgu.web.nhk/static/assets/images/tvepisode/te/EXJ35L6GLQ/EXJ35L6GLQ-eyecatches_ae137afee79b87b525a850f8714615bb.jpg\",\"width\":3840,\"height\":2160},\"main\":{\"url\":\"https://imgu.web.nhk/static/assets/images/tvepisode/te/EXJ35L6GLQ/EXJ35L6GLQ-eyecatches_27e87ca78f519a82d2332b450f9bb09a.jpg\",\"width\":1920,\"height\":1080},\"medium\":{\"url\":\"https://imgu.web.nhk/static/assets/images/tvepisode/te/EXJ35L6GLQ/EXJ35L6GLQ-eyecatches_a5810e66b7821957d0130aee6815d2cb.jpg\",\"width\":1280,\"height\":720},\"small\":{\"url\":\"https://imgu.web.nhk/static/assets/images/tvepisode/te/EXJ35L6GLQ/EXJ35L6GLQ-eyecatches_f142c9f0101aa8621f84aff76d766765.jpg\",\"width\":640,\"height\":360}},{\"large\":{\"url\":\"https://imgu.web.nhk/static/assets/images/tvepisode/te/EXJ35L6GLQ/EXJ35L6GLQ-eyecatches_e96bbeb8ceab69e5572daaec023d17cb.jpg\",\"width\":3840,\"height\":2160},\"main\":{\"url\":\"https://imgu.web.nhk/static/assets/images/tvepisode/te/EXJ35L6GLQ/EXJ35L6GLQ-eyecatches_6aa3febcfb655ecd04baafb371e3ff67.jpg\",\"width\":1920,\"height\":1080},\"medium\":{\"url\":\"https://imgu.web.nhk/static/assets/images/tvepisode/te/EXJ35L6GLQ/EXJ35L6GLQ-eyecatches_4f69170c9f9e6141ebcecbebcf4b9023.jpg\",\"width\":1280,\"height\":720},\"small\":{\"url\":\"https://imgu.web.nhk/static/assets/images/tvepisode/te/EXJ35L6GLQ/EXJ35L6GLQ-eyecatches_b4de38e2c4ee5ff8fb1c0580712054a2.jpg\",\"width\":640,\"height\":360}}],\"video\":[{\"id\":\"hskOriginal-g1-130-2026031012099\",\"name\":\"【連続テレビ小説】ばけばけ（１１２）第２３週「ゴブサタ、ニシコオリサン。」\",\"description\":\"トキ（髙石あかり）と勘太と家族になるために、ヘブン（トミー・バストウ）は日本人になることを決める。２人が籍を入れるためには松江市役所での手続きが必要。トキとヘブンは、司之介（岡部たかし）、フミ（池脇千鶴）を連れ久しぶりに松江を訪れる。それは、錦織（吉沢亮）との再会を意味していた。松江を訪れた一行は、まずは宿をとりに懐かしの花田旅館を訪れる。\",\"url\":\"https://www.web.nhk/tv/an/bakebake/pl/series-tep-662ZX5J3WG/ep/EXJ35L6GLQ\",\"identifierGroup\":{\"environmentId\":\"hskOriginal\",\"broadcastEventId\":\"g1-130-2026031012099\",\"serviceId\":\"g1\",\"streamType\":\"vod\"},\"detailedContentStatus\":{\"environmentId\":\"hskOriginal\",\"streamType\":\"vod\",\"contentStatus\":\"notyet\"},\"detailedVideoDescriptor\":\"https://simul.hsk.st.nhk/npd3/7fe0-0400/20260310/2f43-1-1-fa9acddc3f07d5edf3e74560cc64969f/videoinfo-8f5e0156e8aff8e6581e5cd2f523bbd1.json\",\"expires\":\"2026-03-17T08:15:00+09:00\",\"duration\":\"PT15M\",\"startDate\":\"2026-03-10T08:00:00+09:00\",\"endDate\":\"2026-03-10T08:15:00+09:00\",\"isDivided\":false,\"publication\":[{\"id\":\"g1-130-2026031012099\",\"url\":\"https://api-local.ss.org.nhk/r8/t/broadcastevent/be/g1-130-2026031012099.json\",\"isLiveBroadcast\":true}],\"uploadDate\":\"2026-03-10T08:15:00+09:00\"}],\"citation\":[],\"detailedPinnedCitation\":[{\"name\":\"✨登場人物・キャスト\",\"url\":\"https://www.nhk.jp/g/ts/662ZX5J3WG/blog/bl/p63MOdwNjk/bp/pnyMroAvAn/\"},{\"name\":\"📺関連番組・インタビューはこちらから\",\"url\":\"https://www.nhk.jp/g/ts/662ZX5J3WG/blog/bl/p7xRqmNdbW/\"},{\"name\":\"📢ＮＨＫオンデマンドでは第1回から配信中\",\"url\":\"https://www.nhk-ondemand.jp/program/P202500475400000/\"}],\"sameAs\":[],\"correction\":[],\"url\":\"https://api-local.ss.org.nhk/r8/t/tvepisode/te/EXJ35L6GLQ.json\",\"canonical\":\"https://www.web.nhk/tv/an/bakebake/pl/series-tep-662ZX5J3WG/ep/EXJ35L6GLQ\",\"associatedMedia\":[],\"hasPart\":[],\"additionalProperty\":{\"episodeMergeStatus\":\"notMerged\"}},\"link\":{\"href\":\"https://www.web.nhk/tv/an/bakebake/pl/series-tep-662ZX5J3WG/ep/EXJ35L6GLQ\"}}]\n"])</script><script>self.__next_f.push([1,"50:[\"$\",\"$L2a\",\"LGN2YRWN43\",{\"content\":{\"type\":\"TVEpisode\",\"id\":\"LGN2YRWN43\",\"name\":\"(111)第23週「ゴブサタ、ニシコオリサン。」\",\"detailedEpisodeNameRuby\":\"\",\"identifierGroup\":{\"tvEpisodeId\":\"LGN2YRWN43\",\"tvSeriesId\":\"662ZX5J3WG\",\"tvEpisodeName\":\"(111)第23週「ゴブサタ、ニシコオリサン。」\",\"tvSeriesName\":\"ばけばけ\",\"hashtag\":[],\"siteId\":\"0006\",\"serviceId\":[\"g1\",\"g2\",\"s1\",\"s2\",\"s5\"],\"aliasId\":\"bakebake\",\"formatGenreTag\":[{\"id\":\"03\",\"name\":\"ドラマ\"}],\"themeGenreTag\":[{\"id\":\"031\",\"name\":\"国内ドラマ\"},{\"id\":\"030\",\"name\":\"ドラマ全般\"}]},\"keyword\":[],\"description\":\"トキ（髙石あかり）とヘブン（トミー・バストウ）の息子の名前が、「勘太」に決まる。ヘブンの親バカっぷりはすさまじく、毎日、家族に勘太のかわいいところを聞くほど。そんな中、トキとヘブンは正式に結婚し、勘太と３人で家族になるため籍を入れることに。イギリス人と日本人、同じ籍に入れるにはどちらかが国籍を変えるしかない。トキがイギリス人？ヘブンが日本人に？２人はどちらの国籍を選ぶのか。\",\"dateCreated\":\"2025-12-16T18:13:48+09:00\",\"dateModified\":\"2026-03-02T07:30:14+09:00\",\"actor\":[],\"contributor\":[],\"partOfSeries\":{\"id\":\"662ZX5J3WG\",\"name\":\"ばけばけ\",\"detailedSeriesNameRuby\":\"ばけばけ\",\"identifierGroup\":{\"tvSeriesId\":\"662ZX5J3WG\",\"tvSeriesPlaylistId\":\"series-tep-662ZX5J3WG\",\"tvSeriesUId\":\"p97f04323-5f03-5c6a-ae95-69101ff72127\",\"tvSeriesName\":\"ばけばけ\",\"hashtag\":[],\"siteId\":\"0006\",\"serviceId\":[\"g1\",\"g2\",\"s1\",\"s2\",\"s5\"],\"aliasId\":\"bakebake\",\"formatGenre\":[{\"id\":\"03\",\"name\":\"ドラマ\"}]},\"keyword\":[],\"detailedSynonym\":[],\"sameAs\":[],\"canonical\":\"https://www.web.nhk/tv/an/bakebake/pl/series-tep-662ZX5J3WG\",\"description\":\"【ＮＨＫ朝ドラ公式】連続テレビ小説「ばけばけ」。主演は髙石あかり。\\nキャスト相関図・見逃し配信・あらすじ・放送予定など。\\n小泉セツ\u0026八雲（ラフカディオ・ハーン）夫妻がモデルの物語。明治の松江。怪談を愛する夫婦の何気ない日常を描きます。\\n\\n【作】ふじきみつ彦\\n【音楽】牛尾憲輔\\n【主題歌】ハンバート ハンバート「笑ったり転んだり」\\n【キャスト】髙石あかり、トミー・バストウ / 吉沢亮　ほか\\n【放送予定】2025年9月29日（月）放送開始 （全25週125回）\",\"detailedCatch\":\"「この世はうらめしい。けど、すばらしい。」\",\"logo\":{\"main\":{\"url\":\"https://imgu.web.nhk/static/assets/images/tvseries/ts/662ZX5J3WG/662ZX5J3WG-logo_c082378e129bdef8d8cc9b0b32d2349c.png\",\"width\":1080,\"height\":1080},\"medium\":{\"url\":\"https://imgu.web.nhk/static/assets/images/tvseries/ts/662ZX5J3WG/662ZX5J3WG-logo_9638d94a4c0f54c68db3481308026a2d.png\",\"width\":640,\"height\":640},\"small\":{\"url\":\"https://imgu.web.nhk/static/assets/images/tvseries/ts/662ZX5J3WG/662ZX5J3WG-logo_907c885a543694caf6cec07746e00fd9.png\",\"width\":200,\"height\":200}},\"eyecatch\":{\"large\":{\"url\":\"https://imgu.web.nhk/static/assets/images/tvseries/ts/662ZX5J3WG/662ZX5J3WG-eyecatch_f921ca54baff6aaf68b140ce9c59d273.png\",\"width\":3840,\"height\":2160},\"main\":{\"url\":\"https://imgu.web.nhk/static/assets/images/tvseries/ts/662ZX5J3WG/662ZX5J3WG-eyecatch_ebc0fbef1eef505881258e06e093ee97.png\",\"width\":1920,\"height\":1080},\"medium\":{\"url\":\"https://imgu.web.nhk/static/assets/images/tvseries/ts/662ZX5J3WG/662ZX5J3WG-eyecatch_b045d0c555a786b3a438b87bb5de7473.png\",\"width\":1280,\"height\":720},\"small\":{\"url\":\"https://imgu.web.nhk/static/assets/images/tvseries/ts/662ZX5J3WG/662ZX5J3WG-eyecatch_0959e71c25448d316c13b769bc79186d.png\",\"width\":640,\"height\":360}},\"hero\":{\"main\":{\"url\":\"https://imgu.web.nhk/static/assets/images/tvseries/ts/662ZX5J3WG/662ZX5J3WG-hero_880e6c4fdacadf3094ba9d4a5e3134b0.png\",\"width\":1920,\"height\":640},\"medium\":{\"url\":\"https://imgu.web.nhk/static/assets/images/tvseries/ts/662ZX5J3WG/662ZX5J3WG-hero_192d043cd8197adb42ddd46fdd996333.png\",\"width\":1080,\"height\":360}},\"style\":{\"textLight\":\"#000000\",\"textDark\":\"#FFFFFF\",\"linkLight\":\"#7E7A00\",\"linkDark\":\"#FAF100\",\"primaryLight\":\"#9E9900\",\"primaryDark\":\"#FAF100\"},\"additionalProperty\":{\"publishLevel\":\"full\",\"layoutPattern\":\"summary\",\"episodeOrderBy\":\"releasedEvent\",\"availableOnPlus\":false,\"enableVariablePlayBackSpeedControl\":false,\"optional\":[],\"seriesPackStatus\":\"notPacked\",\"supportMedia\":[\"@screen\"],\"supportMusicList\":true,\"supportPlusEmbed\":true,\"enableWebContent\":false},\"url\":\"https://api-local.ss.org.nhk/r8/t/nplaylist/pl/series-tep-662ZX5J3WG.json\",\"itemUrl\":\"https://api-local.ss.org.nhk/r8/l/tvepisode/pl/series-tep-662ZX5J3WG.json\"},\"releasedEvent\":{\"id\":\"g1-130-2026030911727\",\"startDate\":\"2026-03-09T08:00:00+09:00\",\"displayStartDate\":\"2026-03-09T08:00:00+09:00\",\"endDate\":\"2026-03-09T08:15:00+09:00\",\"publishedOn\":{\"type\":\"BroadcastService\",\"id\":\"bs-g1-130\",\"name\":\"NHK総合テレビジョン\",\"url\":\"https://api-local.ss.org.nhk/r8/t/broadcastservice/bs/g1-130.json\",\"broadcastDisplayName\":\"NHK総合・東京\",\"videoFormat\":[\"2K\"],\"encodingFormat\":[\"video/X-arib-mpeg2\",\"audio/X-arib-mpeg2-aac\"],\"identifierGroup\":{\"serviceId\":\"g1\",\"serviceName\":\"NHK総合1\",\"areaId\":\"130\",\"areaName\":\"東京\",\"channelId\":\"011\",\"channelKey\":\"1\",\"channelAreaName\":\"東京\",\"channelStationName\":\"首都圏\",\"shortenedName\":\"NHK総合1\",\"shortenedDisplayName\":\"総合\",\"multiChannelDisplayName\":\"総合\"},\"logo\":{\"url\":\"https://imgu.web.nhk/common/broadcastservice/bs/g1/g1-logo.svg\",\"main\":{\"url\":\"https://imgu.web.nhk/common/broadcastservice/bs/g1/g1-logo_1080x1080.png\",\"width\":1080,\"height\":1080},\"medium\":{\"url\":\"https://imgu.web.nhk/common/broadcastservice/bs/g1/g1-logo_640x640.png\",\"width\":640,\"height\":640},\"small\":{\"url\":\"https://imgu.web.nhk/common/broadcastservice/bs/g1/g1-logo_200x200.png\",\"width\":200,\"height\":200}},\"eyecatch\":{\"url\":\"https://imgu.web.nhk/common/broadcastservice/bs/g1/g1-eyecatch.svg\",\"large\":{\"url\":\"https://imgu.web.nhk/common/broadcastservice/bs/g1/g1-eyecatch_3840x2160.png\",\"width\":3840,\"height\":2160},\"main\":{\"url\":\"https://imgu.web.nhk/common/broadcastservice/bs/g1/g1-eyecatch_1920x1080.png\",\"width\":1920,\"height\":1080},\"medium\":{\"url\":\"https://imgu.web.nhk/common/broadcastservice/bs/g1/g1-eyecatch_1280x720.png\",\"width\":1280,\"height\":720},\"small\":{\"url\":\"https://imgu.web.nhk/common/broadcastservice/bs/g1/g1-eyecatch_640x360.png\",\"width\":640,\"height\":360}},\"hero\":{\"url\":\"https://imgu.web.nhk/common/broadcastservice/bs/g1/g1-hero.svg\",\"main\":{\"url\":\"https://imgu.web.nhk/common/broadcastservice/bs/g1/g1-hero_1920x640.png\",\"width\":1920,\"height\":640},\"medium\":{\"url\":\"https://imgu.web.nhk/common/broadcastservice/bs/g1/g1-hero_1080x360.png\",\"width\":1080,\"height\":360}},\"badge9x4\":{\"url\":\"https://imgu.web.nhk/common/broadcastservice/bs/g1/g1-badge9x4.svg\",\"main\":{\"url\":\"https://imgu.web.nhk/common/broadcastservice/bs/g1/g1-badge9x4_360x160.png\",\"width\":360,\"height\":160},\"small\":{\"url\":\"https://imgu.web.nhk/common/broadcastservice/bs/g1/g1-badge9x4_180x80.png\",\"width\":180,\"height\":80}}}},\"detailedRecentEvent\":{\"id\":\"g1-130-2026030911727\",\"startDate\":\"2026-03-09T08:00:00+09:00\",\"endDate\":\"2026-03-09T08:15:00+09:00\",\"identifierGroup\":{\"broadcastEventId\":\"g1-130-2026030911727\",\"serviceId\":\"g1\",\"areaId\":\"130\",\"stationId\":\"001\",\"date\":\"2026-03-09\",\"eventId\":\"11727\",\"genre\":[{\"id\":\"0300\",\"name1\":\"ドラマ\",\"name2\":\"国内ドラマ\"},{\"id\":\"0315\",\"name1\":\"ドラマ\",\"name2\":\"その他\"}],\"onid\":\"7fe0\",\"sid\":\"0400\",\"tsid\":\"7fe0\"},\"misc\":{\"displayVideoMode\":\"none\",\"displayVideoRange\":\"sdr\",\"displayAudioMode\":[\"kaisetsu\"],\"audioMode\":[\"stereoKaisetsu\"],\"supportCaption\":true,\"supportSign\":false,\"supportHybridcast\":false,\"supportDataBroadcast\":false,\"isInteractive\":false,\"isChangeable\":false,\"releaseLevel\":\"prime\",\"programType\":\"program\",\"coverage\":\"nationwide\",\"actList\":[{\"role\":\"作\",\"name\":\"ふじきみつ彦\",\"nameRuby\":\"ﾌｼﾞｷﾐﾂﾋｺ\"},{\"role\":\"出演\",\"name\":\"髙石あかり\",\"nameRuby\":\"ﾀｶｲｼｱｶﾘ\"},{\"role\":\"出演\",\"name\":\"トミー・バストウ\",\"nameRuby\":\"ﾄﾐｰ･ﾊﾞｽﾄｳ\"},{\"role\":\"出演\",\"name\":\"吉沢亮\",\"nameRuby\":\"ﾖｼｻﾞﾜﾘｮｳ\"},{\"role\":\"出演\",\"name\":\"蓮佛美沙子\",\"nameRuby\":\"ﾚﾝﾌﾞﾂﾐｻｺ\"},{\"role\":\"出演\",\"name\":\"池脇千鶴\",\"nameRuby\":\"ｲｹﾜｷﾁﾂﾞﾙ\"},{\"role\":\"出演\",\"name\":\"岡部たかし\",\"nameRuby\":\"ｵｶﾍﾞﾀｶｼ\"},{\"role\":\"出演\",\"name\":\"杉田雷麟\",\"nameRuby\":\"ｽｷﾞﾀﾗｲﾙ\"},{\"role\":\"出演\",\"name\":\"日高由起刀\",\"nameRuby\":\"ﾋﾀﾞｶﾕｷﾄ\"},{\"role\":\"出演\",\"name\":\"シャーロット・ケイト・フォックス\",\"nameRuby\":\"ｼｬｰﾛｯﾄ･ｹｲﾄ･ﾌｫｯｸｽ\"},{\"role\":\"出演\",\"name\":\"夏目透羽\",\"nameRuby\":\"ﾅﾂﾒﾄﾜ\"},{\"role\":\"出演\",\"name\":\"ジョー・トレメイン\",\"nameRuby\":\"ｼﾞｮｰ･ﾄﾚﾒｲﾝ\"},{\"role\":\"出演\",\"name\":\"渡辺江里子\",\"nameRuby\":\"ﾜﾀﾅﾍﾞｴﾘｺ\"},{\"role\":\"出演\",\"name\":\"木村美穂\",\"nameRuby\":\"ｷﾑﾗﾐﾎ\"},{\"role\":\"出演\",\"name\":\"神谷圭介\",\"nameRuby\":\"ｶﾐﾔｹｲｽｹ\"},{\"role\":\"出演\",\"name\":\"小出圭祐\",\"nameRuby\":\"ｺｲﾃﾞｹｲｽｹ\"},{\"role\":\"出演\",\"name\":\"マクレロイ澪\",\"nameRuby\":\"ﾏｸﾚﾛｲﾐｵ\"},{\"role\":\"出演\",\"name\":\"ミチャエブ・ミラ\",\"nameRuby\":\"ﾐﾁｬｴﾋﾞ･ﾐﾗ\"},{\"role\":\"出演\",\"name\":\"片桐善埜\",\"nameRuby\":\"ｶﾀｷﾞﾘｾﾞﾉ\"},{\"role\":\"出演\",\"name\":\"土井嶺\",\"nameRuby\":\"ﾄﾞｲﾘｮｳ\"},{\"role\":\"音楽\",\"name\":\"牛尾憲輔\",\"nameRuby\":\"ｳｼｵｹﾝｽｹ\"}],\"musicList\":[]},\"publishedOn\":{\"type\":\"BroadcastService\",\"id\":\"bs-g1-130\",\"name\":\"NHK総合テレビジョン\",\"url\":\"https://api-local.ss.org.nhk/r8/t/broadcastservice/bs/g1-130.json\",\"broadcastDisplayName\":\"NHK総合・東京\",\"videoFormat\":[\"2K\"],\"encodingFormat\":[\"video/X-arib-mpeg2\",\"audio/X-arib-mpeg2-aac\"],\"identifierGroup\":{\"serviceId\":\"g1\",\"serviceName\":\"NHK総合1\",\"areaId\":\"130\",\"areaName\":\"東京\",\"channelId\":\"011\",\"channelKey\":\"1\",\"channelAreaName\":\"東京\",\"channelStationName\":\"首都圏\",\"shortenedName\":\"NHK総合1\",\"shortenedDisplayName\":\"総合\",\"multiChannelDisplayName\":\"総合\"},\"logo\":{\"url\":\"https://imgu.web.nhk/common/broadcastservice/bs/g1/g1-logo.svg\",\"main\":{\"url\":\"https://imgu.web.nhk/common/broadcastservice/bs/g1/g1-logo_1080x1080.png\",\"width\":1080,\"height\":1080},\"medium\":{\"url\":\"https://imgu.web.nhk/common/broadcastservice/bs/g1/g1-logo_640x640.png\",\"width\":640,\"height\":640},\"small\":{\"url\":\"https://imgu.web.nhk/common/broadcastservice/bs/g1/g1-logo_200x200.png\",\"width\":200,\"height\":200}},\"eyecatch\":{\"url\":\"https://imgu.web.nhk/common/broadcastservice/bs/g1/g1-eyecatch.svg\",\"large\":{\"url\":\"https://imgu.web.nhk/common/broadcastservice/bs/g1/g1-eyecatch_3840x2160.png\",\"width\":3840,\"height\":2160},\"main\":{\"url\":\"https://imgu.web.nhk/common/broadcastservice/bs/g1/g1-eyecatch_1920x1080.png\",\"width\":1920,\"height\":1080},\"medium\":{\"url\":\"https://imgu.web.nhk/common/broadcastservice/bs/g1/g1-eyecatch_1280x720.png\",\"width\":1280,\"height\":720},\"small\":{\"url\":\"https://imgu.web.nhk/common/broadcastservice/bs/g1/g1-eyecatch_640x360.png\",\"width\":640,\"height\":360}},\"hero\":{\"url\":\"https://imgu.web.nhk/common/broadcastservice/bs/g1/g1-hero.svg\",\"main\":{\"url\":\"https://imgu.web.nhk/common/broadcastservice/bs/g1/g1-hero_1920x640.png\",\"width\":1920,\"height\":640},\"medium\":{\"url\":\"https://imgu.web.nhk/common/broadcastservice/bs/g1/g1-hero_1080x360.png\",\"width\":1080,\"height\":360}},\"badge9x4\":{\"url\":\"https://imgu.web.nhk/common/broadcastservice/bs/g1/g1-badge9x4.svg\",\"main\":{\"url\":\"https://imgu.web.nhk/common/broadcastservice/bs/g1/g1-badge9x4_360x160.png\",\"width\":360,\"height\":160},\"small\":{\"url\":\"https://imgu.web.nhk/common/broadcastservice/bs/g1/g1-badge9x4_180x80.png\",\"width\":180,\"height\":80}}}},\"detailedComingEvent\":{\"id\":\"s1-130-2026030911659\",\"startDate\":\"2026-03-09T07:30:00+09:00\",\"endDate\":\"2026-03-09T07:45:00+09:00\",\"identifierGroup\":{\"broadcastEventId\":\"s1-130-2026030911659\",\"serviceId\":\"s1\",\"areaId\":\"130\",\"stationId\":\"001\",\"date\":\"2026-03-09\",\"eventId\":\"11659\",\"genre\":[{\"id\":\"0300\",\"name1\":\"ドラマ\",\"name2\":\"国内ドラマ\"},{\"id\":\"0315\",\"name1\":\"ドラマ\",\"name2\":\"その他\"}],\"onid\":\"0004\",\"sid\":\"0065\",\"tsid\":\"40f1\"},\"misc\":{\"displayVideoMode\":\"none\",\"displayVideoRange\":\"sdr\",\"displayAudioMode\":[\"kaisetsu\"],\"audioMode\":[\"stereoKaisetsu\"],\"supportCaption\":true,\"supportSign\":false,\"supportHybridcast\":false,\"supportDataBroadcast\":false,\"isInteractive\":false,\"isChangeable\":false,\"releaseLevel\":\"original\",\"programType\":\"program\",\"coverage\":\"nationwide\",\"actList\":[{\"role\":\"作\",\"name\":\"ふじきみつ彦\",\"nameRuby\":\"ﾌｼﾞｷﾐﾂﾋｺ\"},{\"role\":\"出演\",\"name\":\"髙石あかり\",\"nameRuby\":\"ﾀｶｲｼｱｶﾘ\"},{\"role\":\"出演\",\"name\":\"トミー・バストウ\",\"nameRuby\":\"ﾄﾐｰ･ﾊﾞｽﾄｳ\"},{\"role\":\"出演\",\"name\":\"吉沢亮\",\"nameRuby\":\"ﾖｼｻﾞﾜﾘｮｳ\"},{\"role\":\"出演\",\"name\":\"蓮佛美沙子\",\"nameRuby\":\"ﾚﾝﾌﾞﾂﾐｻｺ\"},{\"role\":\"出演\",\"name\":\"池脇千鶴\",\"nameRuby\":\"ｲｹﾜｷﾁﾂﾞﾙ\"},{\"role\":\"出演\",\"name\":\"岡部たかし\",\"nameRuby\":\"ｵｶﾍﾞﾀｶｼ\"},{\"role\":\"出演\",\"name\":\"杉田雷麟\",\"nameRuby\":\"ｽｷﾞﾀﾗｲﾙ\"},{\"role\":\"出演\",\"name\":\"日高由起刀\",\"nameRuby\":\"ﾋﾀﾞｶﾕｷﾄ\"},{\"role\":\"出演\",\"name\":\"シャーロット・ケイト・フォックス\",\"nameRuby\":\"ｼｬｰﾛｯﾄ･ｹｲﾄ･ﾌｫｯｸｽ\"},{\"role\":\"出演\",\"name\":\"夏目透羽\",\"nameRuby\":\"ﾅﾂﾒﾄﾜ\"},{\"role\":\"出演\",\"name\":\"ジョー・トレメイン\",\"nameRuby\":\"ｼﾞｮｰ･ﾄﾚﾒｲﾝ\"},{\"role\":\"出演\",\"name\":\"渡辺江里子\",\"nameRuby\":\"ﾜﾀﾅﾍﾞｴﾘｺ\"},{\"role\":\"出演\",\"name\":\"木村美穂\",\"nameRuby\":\"ｷﾑﾗﾐﾎ\"},{\"role\":\"出演\",\"name\":\"神谷圭介\",\"nameRuby\":\"ｶﾐﾔｹｲｽｹ\"},{\"role\":\"出演\",\"name\":\"小出圭祐\",\"nameRuby\":\"ｺｲﾃﾞｹｲｽｹ\"},{\"role\":\"出演\",\"name\":\"マクレロイ澪\",\"nameRuby\":\"ﾏｸﾚﾛｲﾐｵ\"},{\"role\":\"出演\",\"name\":\"ミチャエブ・ミラ\",\"nameRuby\":\"ﾐﾁｬｴﾋﾞ･ﾐﾗ\"},{\"role\":\"出演\",\"name\":\"片桐善埜\",\"nameRuby\":\"ｶﾀｷﾞﾘｾﾞﾉ\"},{\"role\":\"出演\",\"name\":\"土井嶺\",\"nameRuby\":\"ﾄﾞｲﾘｮｳ\"},{\"role\":\"音楽\",\"name\":\"牛尾憲輔\",\"nameRuby\":\"ｳｼｵｹﾝｽｹ\"}],\"musicList\":[]},\"publishedOn\":{\"type\":\"BroadcastService\",\"id\":\"bs-s1-130\",\"name\":\"NHK BS\",\"url\":\"https://api-local.ss.org.nhk/r8/t/broadcastservice/bs/s1-130.json\",\"broadcastDisplayName\":\"NHK BS\",\"videoFormat\":[\"2K\"],\"encodingFormat\":[\"video/X-arib-mpeg2\",\"audio/X-arib-mpeg2-aac\"],\"identifierGroup\":{\"serviceId\":\"s1\",\"serviceName\":\"NHK BS\",\"areaId\":\"130\",\"areaName\":\"東京\",\"channelId\":\"101\",\"channelKey\":\"1\",\"channelAreaName\":\"東京\",\"channelStationName\":\"首都圏\",\"shortenedName\":\"NHK BS\",\"shortenedDisplayName\":\"NHK BS\",\"multiChannelDisplayName\":\"BS\"},\"logo\":{\"url\":\"https://imgu.web.nhk/common/broadcastservice/bs/s1/s1-logo.svg\",\"main\":{\"url\":\"https://imgu.web.nhk/common/broadcastservice/bs/s1/s1-logo_1080x1080.png\",\"width\":1080,\"height\":1080},\"medium\":{\"url\":\"https://imgu.web.nhk/common/broadcastservice/bs/s1/s1-logo_640x640.png\",\"width\":640,\"height\":640},\"small\":{\"url\":\"https://imgu.web.nhk/common/broadcastservice/bs/s1/s1-logo_200x200.png\",\"width\":200,\"height\":200}},\"eyecatch\":{\"url\":\"https://imgu.web.nhk/common/broadcastservice/bs/s1/s1-eyecatch.svg\",\"large\":{\"url\":\"https://imgu.web.nhk/common/broadcastservice/bs/s1/s1-eyecatch_3840x2160.png\",\"width\":3840,\"height\":2160},\"main\":{\"url\":\"https://imgu.web.nhk/common/broadcastservice/bs/s1/s1-eyecatch_1920x1080.png\",\"width\":1920,\"height\":1080},\"medium\":{\"url\":\"https://imgu.web.nhk/common/broadcastservice/bs/s1/s1-eyecatch_1280x720.png\",\"width\":1280,\"height\":720},\"small\":{\"url\":\"https://imgu.web.nhk/common/broadcastservice/bs/s1/s1-eyecatch_640x360.png\",\"width\":640,\"height\":360}},\"hero\":{\"url\":\"https://imgu.web.nhk/common/broadcastservice/bs/s1/s1-hero.svg\",\"main\":{\"url\":\"https://imgu.web.nhk/common/broadcastservice/bs/s1/s1-hero_1920x640.png\",\"width\":1920,\"height\":640},\"medium\":{\"url\":\"https://imgu.web.nhk/common/broadcastservice/bs/s1/s1-hero_1080x360.png\",\"width\":1080,\"height\":360}},\"badge9x4\":{\"url\":\"https://imgu.web.nhk/common/broadcastservice/bs/s1/s1-badge9x4.svg\",\"main\":{\"url\":\"https://imgu.web.nhk/common/broadcastservice/bs/s1/s1-badge9x4_360x160.png\",\"width\":360,\"height\":160},\"small\":{\"url\":\"https://imgu.web.nhk/common/broadcastservice/bs/s1/s1-badge9x4_180x80.png\",\"width\":180,\"height\":80}}}},\"eyecatch\":{\"large\":{\"url\":\"https://imgu.web.nhk/static/assets/images/tvepisode/te/LGN2YRWN43/LGN2YRWN43-eyecatch_43b1339d19ed3c8dd3603b0a44224640.jpg\",\"width\":3840,\"height\":2160},\"main\":{\"url\":\"https://imgu.web.nhk/static/assets/images/tvepisode/te/LGN2YRWN43/LGN2YRWN43-eyecatch_ff3e831884ee35b8ed4de8ea83425475.jpg\",\"width\":1920,\"height\":1080},\"medium\":{\"url\":\"https://imgu.web.nhk/static/assets/images/tvepisode/te/LGN2YRWN43/LGN2YRWN43-eyecatch_1b29032f52203403daceb86b367fe4c8.jpg\",\"width\":1280,\"height\":720},\"small\":{\"url\":\"https://imgu.web.nhk/static/assets/images/tvepisode/te/LGN2YRWN43/LGN2YRWN43-eyecatch_0d08a9b992e1277c468939a99d0769ef.jpg\",\"width\":640,\"height\":360}},\"eyecatchList\":[{\"large\":{\"url\":\"https://imgu.web.nhk/static/assets/images/tvepisode/te/LGN2YRWN43/LGN2YRWN43-eyecatches_af428bf8ba03972b0ce3273e835caa97.jpg\",\"width\":3840,\"height\":2160},\"main\":{\"url\":\"https://imgu.web.nhk/static/assets/images/tvepisode/te/LGN2YRWN43/LGN2YRWN43-eyecatches_c4238c0ae05a17c6187ab01a9f66bbf9.jpg\",\"width\":1920,\"height\":1080},\"medium\":{\"url\":\"https://imgu.web.nhk/static/assets/images/tvepisode/te/LGN2YRWN43/LGN2YRWN43-eyecatches_95e1481e6635839ab559d7d5de8b4d90.jpg\",\"width\":1280,\"height\":720},\"small\":{\"url\":\"https://imgu.web.nhk/static/assets/images/tvepisode/te/LGN2YRWN43/LGN2YRWN43-eyecatches_d15b1a1e0104d9276815d3e47415a920.jpg\",\"width\":640,\"height\":360}},{\"large\":{\"url\":\"https://imgu.web.nhk/static/assets/images/tvepisode/te/LGN2YRWN43/LGN2YRWN43-eyecatches_0404db5c0c4168c933d67fb75db10872.jpg\",\"width\":3840,\"height\":2160},\"main\":{\"url\":\"https://imgu.web.nhk/static/assets/images/tvepisode/te/LGN2YRWN43/LGN2YRWN43-eyecatches_6761a1a3c18977eb2539006701389461.jpg\",\"width\":1920,\"height\":1080},\"medium\":{\"url\":\"https://imgu.web.nhk/static/assets/images/tvepisode/te/LGN2YRWN43/LGN2YRWN43-eyecatches_3428c6a03bb9963d548cd60f0466a86f.jpg\",\"width\":1280,\"height\":720},\"small\":{\"url\":\"https://imgu.web.nhk/static/assets/images/tvepisode/te/LGN2YRWN43/LGN2YRWN43-eyecatches_f91b09d240a01032e5d983df24f9ba0f.jpg\",\"width\":640,\"height\":360}},{\"large\":{\"url\":\"https://imgu.web.nhk/static/assets/images/tvepisode/te/LGN2YRWN43/LGN2YRWN43-eyecatches_1da46557667768bdc29c28f544156452.jpg\",\"width\":3840,\"height\":2160},\"main\":{\"url\":\"https://imgu.web.nhk/static/assets/images/tvepisode/te/LGN2YRWN43/LGN2YRWN43-eyecatches_9f73d499cfec5fba05ef10788bd65a0e.jpg\",\"width\":1920,\"height\":1080},\"medium\":{\"url\":\"https://imgu.web.nhk/static/assets/images/tvepisode/te/LGN2YRWN43/LGN2YRWN43-eyecatches_fbe8a89bec7ef6bc507b5727a3884bde.jpg\",\"width\":1280,\"height\":720},\"small\":{\"url\":\"https://imgu.web.nhk/static/assets/images/tvepisode/te/LGN2YRWN43/LGN2YRWN43-eyecatches_c25afd1823821bf3cd959acd153835ef.jpg\",\"width\":640,\"height\":360}},{\"large\":{\"url\":\"https://imgu.web.nhk/static/assets/images/tvepisode/te/LGN2YRWN43/LGN2YRWN43-eyecatches_e9f6f53f8ea4697670911d92a8bd7a78.jpg\",\"width\":3840,\"height\":2160},\"main\":{\"url\":\"https://imgu.web.nhk/static/assets/images/tvepisode/te/LGN2YRWN43/LGN2YRWN43-eyecatches_2acc60b76a0a8283323342fb33ad59ec.jpg\",\"width\":1920,\"height\":1080},\"medium\":{\"url\":\"https://imgu.web.nhk/static/assets/images/tvepisode/te/LGN2YRWN43/LGN2YRWN43-eyecatches_7d111b2a85e0387ecebabdc6d34e2c7e.jpg\",\"width\":1280,\"height\":720},\"small\":{\"url\":\"https://imgu.web.nhk/static/assets/images/tvepisode/te/LGN2YRWN43/LGN2YRWN43-eyecatches_c77fe4093aec4b364a05245595c66abf.jpg\",\"width\":640,\"height\":360}}],\"video\":[{\"id\":\"hskOriginal-g1-130-2026030911727\",\"name\":\"【連続テレビ小説】ばけばけ（１１１）第２３週「ゴブサタ、ニシコオリサン。」\",\"description\":\"トキ（髙石あかり）とヘブン（トミー・バストウ）の息子の名前が、「勘太」に決まる。ヘブンの親バカっぷりはすさまじく、毎日、家族に勘太のかわいいところを聞くほど。そんな中、トキとヘブンは正式に結婚し、勘太と３人で家族になるため籍を入れることに。イギリス人と日本人、同じ籍に入れるにはどちらかが国籍を変えるしかない。トキがイギリス人？ヘブンが日本人に？２人はどちらの国籍を選ぶのか。\",\"url\":\"https://www.web.nhk/tv/an/bakebake/pl/series-tep-662ZX5J3WG/ep/LGN2YRWN43\",\"identifierGroup\":{\"environmentId\":\"hskOriginal\",\"broadcastEventId\":\"g1-130-2026030911727\",\"serviceId\":\"g1\",\"streamType\":\"vod\"},\"detailedContentStatus\":{\"environmentId\":\"hskOriginal\",\"streamType\":\"vod\",\"contentStatus\":\"notyet\"},\"detailedVideoDescriptor\":\"https://simul.hsk.st.nhk/npd3/7fe0-0400/20260309/2dcf-1-1-179a5650e04281b8a2a5370dca434f97/videoinfo-d19023dfb641f7dc9a913ba41681085b.json\",\"expires\":\"2026-03-16T08:15:00+09:00\",\"duration\":\"PT15M\",\"startDate\":\"2026-03-09T08:00:00+09:00\",\"endDate\":\"2026-03-09T08:15:00+09:00\",\"isDivided\":false,\"publication\":[{\"id\":\"g1-130-2026030911727\",\"url\":\"https://api-local.ss.org.nhk/r8/t/broadcastevent/be/g1-130-2026030911727.json\",\"isLiveBroadcast\":true}],\"uploadDate\":\"2026-03-09T08:15:00+09:00\"}],\"citation\":[],\"detailedPinnedCitation\":[{\"name\":\"✨登場人物・キャスト\",\"url\":\"https://www.nhk.jp/g/ts/662ZX5J3WG/blog/bl/p63MOdwNjk/bp/pnyMroAvAn/\"},{\"name\":\"📺関連番組・インタビューはこちらから\",\"url\":\"https://www.nhk.jp/g/ts/662ZX5J3WG/blog/bl/p7xRqmNdbW/\"},{\"name\":\"📢ＮＨＫオンデマンドでは第1回から配信中\",\"url\":\"https://www.nhk-ondemand.jp/program/P202500475400000/\"}],\"sameAs\":[],\"correction\":[],\"url\":\"https://api-local.ss.org.nhk/r8/t/tvepisode/te/LGN2YRWN43.json\",\"canonical\":\"https://www.web.nhk/tv/an/bakebake/pl/series-tep-662ZX5J3WG/ep/LGN2YRWN43\",\"associatedMedia\":[],\"hasPart\":[],\"additionalProperty\":{\"episodeMergeStatus\":\"notMerged\"}},\"link\":{\"href\":\"https://www.web.nhk/tv/an/bakebake/pl/series-tep-662ZX5J3WG/ep/LGN2YRWN43\"}}]\n"])</script><script>self.__next_f.push([1,"51:[\"$\",\"$L2a\",\"V2XXZ3GRL7\",{\"content\":{\"type\":\"TVEpisode\",\"id\":\"V2XXZ3GRL7\",\"name\":\"第22週「アタラシ、ノ、ジンセイ。」\",\"detailedEpisodeNameRuby\":\"\",\"identifierGroup\":{\"tvEpisodeId\":\"V2XXZ3GRL7\",\"tvSeriesId\":\"662ZX5J3WG\",\"tvEpisodeName\":\"第22週「アタラシ、ノ、ジンセイ。」\",\"tvSeriesName\":\"ばけばけ\",\"hashtag\":[],\"siteId\":\"0006\",\"serviceId\":[\"g1\",\"g2\"],\"aliasId\":\"bakebake\",\"formatGenreTag\":[{\"id\":\"03\",\"name\":\"ドラマ\"}],\"themeGenreTag\":[{\"id\":\"031\",\"name\":\"国内ドラマ\"},{\"id\":\"030\",\"name\":\"ドラマ全般\"}]},\"keyword\":[],\"description\":\"トキ（髙石あかり）は熊本でラン（蓮佛美沙子）と出会い、交流を深める。ヘブン（トミー・バストウ）と同じく西洋人の夫ロバート（ジョー・トレメイン）をもつラン。英語もできるランをトキは慕っていく。そんなある日、ヘブンの元に一通の手紙がアメリカから届く。その差出人はイライザ（シャーロット・ケイト・フォックス）だった。日本を離れ、世界を巡って各地の滞在記を書いてほしいという依頼に、ヘブンは魅力を感じる。\",\"dateCreated\":\"2025-12-14T18:21:23+09:00\",\"dateModified\":\"2026-03-06T10:26:29+09:00\",\"actor\":[],\"contributor\":[],\"partOfSeries\":{\"id\":\"662ZX5J3WG\",\"name\":\"ばけばけ\",\"detailedSeriesNameRuby\":\"ばけばけ\",\"identifierGroup\":{\"tvSeriesId\":\"662ZX5J3WG\",\"tvSeriesPlaylistId\":\"series-tep-662ZX5J3WG\",\"tvSeriesUId\":\"p97f04323-5f03-5c6a-ae95-69101ff72127\",\"tvSeriesName\":\"ばけばけ\",\"hashtag\":[],\"siteId\":\"0006\",\"serviceId\":[\"g1\",\"g2\",\"s1\",\"s2\",\"s5\"],\"aliasId\":\"bakebake\",\"formatGenre\":[{\"id\":\"03\",\"name\":\"ドラマ\"}]},\"keyword\":[],\"detailedSynonym\":[],\"sameAs\":[],\"canonical\":\"https://www.web.nhk/tv/an/bakebake/pl/series-tep-662ZX5J3WG\",\"description\":\"【ＮＨＫ朝ドラ公式】連続テレビ小説「ばけばけ」。主演は髙石あかり。\\nキャスト相関図・見逃し配信・あらすじ・放送予定など。\\n小泉セツ\u0026八雲（ラフカディオ・ハーン）夫妻がモデルの物語。明治の松江。怪談を愛する夫婦の何気ない日常を描きます。\\n\\n【作】ふじきみつ彦\\n【音楽】牛尾憲輔\\n【主題歌】ハンバート ハンバート「笑ったり転んだり」\\n【キャスト】髙石あかり、トミー・バストウ / 吉沢亮　ほか\\n【放送予定】2025年9月29日（月）放送開始 （全25週125回）\",\"detailedCatch\":\"「この世はうらめしい。けど、すばらしい。」\",\"logo\":{\"main\":{\"url\":\"https://imgu.web.nhk/static/assets/images/tvseries/ts/662ZX5J3WG/662ZX5J3WG-logo_c082378e129bdef8d8cc9b0b32d2349c.png\",\"width\":1080,\"height\":1080},\"medium\":{\"url\":\"https://imgu.web.nhk/static/assets/images/tvseries/ts/662ZX5J3WG/662ZX5J3WG-logo_9638d94a4c0f54c68db3481308026a2d.png\",\"width\":640,\"height\":640},\"small\":{\"url\":\"https://imgu.web.nhk/static/assets/images/tvseries/ts/662ZX5J3WG/662ZX5J3WG-logo_907c885a543694caf6cec07746e00fd9.png\",\"width\":200,\"height\":200}},\"eyecatch\":{\"large\":{\"url\":\"https://imgu.web.nhk/static/assets/images/tvseries/ts/662ZX5J3WG/662ZX5J3WG-eyecatch_f921ca54baff6aaf68b140ce9c59d273.png\",\"width\":3840,\"height\":2160},\"main\":{\"url\":\"https://imgu.web.nhk/static/assets/images/tvseries/ts/662ZX5J3WG/662ZX5J3WG-eyecatch_ebc0fbef1eef505881258e06e093ee97.png\",\"width\":1920,\"height\":1080},\"medium\":{\"url\":\"https://imgu.web.nhk/static/assets/images/tvseries/ts/662ZX5J3WG/662ZX5J3WG-eyecatch_b045d0c555a786b3a438b87bb5de7473.png\",\"width\":1280,\"height\":720},\"small\":{\"url\":\"https://imgu.web.nhk/static/assets/images/tvseries/ts/662ZX5J3WG/662ZX5J3WG-eyecatch_0959e71c25448d316c13b769bc79186d.png\",\"width\":640,\"height\":360}},\"hero\":{\"main\":{\"url\":\"https://imgu.web.nhk/static/assets/images/tvseries/ts/662ZX5J3WG/662ZX5J3WG-hero_880e6c4fdacadf3094ba9d4a5e3134b0.png\",\"width\":1920,\"height\":640},\"medium\":{\"url\":\"https://imgu.web.nhk/static/assets/images/tvseries/ts/662ZX5J3WG/662ZX5J3WG-hero_192d043cd8197adb42ddd46fdd996333.png\",\"width\":1080,\"height\":360}},\"style\":{\"textLight\":\"#000000\",\"textDark\":\"#FFFFFF\",\"linkLight\":\"#7E7A00\",\"linkDark\":\"#FAF100\",\"primaryLight\":\"#9E9900\",\"primaryDark\":\"#FAF100\"},\"additionalProperty\":{\"publishLevel\":\"full\",\"layoutPattern\":\"summary\",\"episodeOrderBy\":\"releasedEvent\",\"availableOnPlus\":false,\"enableVariablePlayBackSpeedControl\":false,\"optional\":[],\"seriesPackStatus\":\"notPacked\",\"supportMedia\":[\"@screen\"],\"supportMusicList\":true,\"supportPlusEmbed\":true,\"enableWebContent\":false},\"url\":\"https://api-local.ss.org.nhk/r8/t/nplaylist/pl/series-tep-662ZX5J3WG.json\",\"itemUrl\":\"https://api-local.ss.org.nhk/r8/l/tvepisode/pl/series-tep-662ZX5J3WG.json\"},\"releasedEvent\":{\"id\":\"g1-130-2026030710092\",\"startDate\":\"2026-03-07T08:00:00+09:00\",\"displayStartDate\":\"2026-03-07T08:00:00+09:00\",\"endDate\":\"2026-03-07T08:15:00+09:00\",\"publishedOn\":{\"type\":\"BroadcastService\",\"id\":\"bs-g1-130\",\"name\":\"NHK総合テレビジョン\",\"url\":\"https://api-local.ss.org.nhk/r8/t/broadcastservice/bs/g1-130.json\",\"broadcastDisplayName\":\"NHK総合・東京\",\"videoFormat\":[\"2K\"],\"encodingFormat\":[\"video/X-arib-mpeg2\",\"audio/X-arib-mpeg2-aac\"],\"identifierGroup\":{\"serviceId\":\"g1\",\"serviceName\":\"NHK総合1\",\"areaId\":\"130\",\"areaName\":\"東京\",\"channelId\":\"011\",\"channelKey\":\"1\",\"channelAreaName\":\"東京\",\"channelStationName\":\"首都圏\",\"shortenedName\":\"NHK総合1\",\"shortenedDisplayName\":\"総合\",\"multiChannelDisplayName\":\"総合\"},\"logo\":{\"url\":\"https://imgu.web.nhk/common/broadcastservice/bs/g1/g1-logo.svg\",\"main\":{\"url\":\"https://imgu.web.nhk/common/broadcastservice/bs/g1/g1-logo_1080x1080.png\",\"width\":1080,\"height\":1080},\"medium\":{\"url\":\"https://imgu.web.nhk/common/broadcastservice/bs/g1/g1-logo_640x640.png\",\"width\":640,\"height\":640},\"small\":{\"url\":\"https://imgu.web.nhk/common/broadcastservice/bs/g1/g1-logo_200x200.png\",\"width\":200,\"height\":200}},\"eyecatch\":{\"url\":\"https://imgu.web.nhk/common/broadcastservice/bs/g1/g1-eyecatch.svg\",\"large\":{\"url\":\"https://imgu.web.nhk/common/broadcastservice/bs/g1/g1-eyecatch_3840x2160.png\",\"width\":3840,\"height\":2160},\"main\":{\"url\":\"https://imgu.web.nhk/common/broadcastservice/bs/g1/g1-eyecatch_1920x1080.png\",\"width\":1920,\"height\":1080},\"medium\":{\"url\":\"https://imgu.web.nhk/common/broadcastservice/bs/g1/g1-eyecatch_1280x720.png\",\"width\":1280,\"height\":720},\"small\":{\"url\":\"https://imgu.web.nhk/common/broadcastservice/bs/g1/g1-eyecatch_640x360.png\",\"width\":640,\"height\":360}},\"hero\":{\"url\":\"https://imgu.web.nhk/common/broadcastservice/bs/g1/g1-hero.svg\",\"main\":{\"url\":\"https://imgu.web.nhk/common/broadcastservice/bs/g1/g1-hero_1920x640.png\",\"width\":1920,\"height\":640},\"medium\":{\"url\":\"https://imgu.web.nhk/common/broadcastservice/bs/g1/g1-hero_1080x360.png\",\"width\":1080,\"height\":360}},\"badge9x4\":{\"url\":\"https://imgu.web.nhk/common/broadcastservice/bs/g1/g1-badge9x4.svg\",\"main\":{\"url\":\"https://imgu.web.nhk/common/broadcastservice/bs/g1/g1-badge9x4_360x160.png\",\"width\":360,\"height\":160},\"small\":{\"url\":\"https://imgu.web.nhk/common/broadcastservice/bs/g1/g1-badge9x4_180x80.png\",\"width\":180,\"height\":80}}}},\"detailedRecentEvent\":{\"id\":\"g1-130-2026030710092\",\"startDate\":\"2026-03-07T08:00:00+09:00\",\"endDate\":\"2026-03-07T08:15:00+09:00\",\"identifierGroup\":{\"broadcastEventId\":\"g1-130-2026030710092\",\"serviceId\":\"g1\",\"areaId\":\"130\",\"stationId\":\"001\",\"date\":\"2026-03-07\",\"eventId\":\"10092\",\"genre\":[{\"id\":\"0300\",\"name1\":\"ドラマ\",\"name2\":\"国内ドラマ\"},{\"id\":\"0315\",\"name1\":\"ドラマ\",\"name2\":\"その他\"}],\"onid\":\"7fe0\",\"sid\":\"0400\",\"tsid\":\"7fe0\"},\"misc\":{\"displayVideoMode\":\"none\",\"displayVideoRange\":\"sdr\",\"displayAudioMode\":[],\"audioMode\":[],\"supportCaption\":true,\"supportSign\":false,\"supportHybridcast\":false,\"supportDataBroadcast\":false,\"isInteractive\":false,\"isChangeable\":false,\"releaseLevel\":\"original\",\"programType\":\"program\",\"coverage\":\"nationwide\",\"actList\":[{\"role\":\"出演\",\"name\":\"髙石あかり\",\"nameRuby\":\"ﾀｶｲｼｱｶﾘ\"},{\"role\":\"出演\",\"name\":\"トミー・バストウ\",\"nameRuby\":\"ﾄﾐｰ･ﾊﾞｽﾄｳ\"},{\"role\":\"出演\",\"name\":\"蓮佛美沙子\",\"nameRuby\":\"ﾚﾝﾌﾞﾂﾐｻｺ\"},{\"role\":\"出演\",\"name\":\"池脇千鶴\",\"nameRuby\":\"ｲｹﾜｷﾁﾂﾞﾙ\"},{\"role\":\"出演\",\"name\":\"岡部たかし\",\"nameRuby\":\"ｵｶﾍﾞﾀｶｼ\"},{\"role\":\"出演\",\"name\":\"杉田雷麟\",\"nameRuby\":\"ｽｷﾞﾀﾗｲﾙ\"},{\"role\":\"出演\",\"name\":\"日高由起刀\",\"nameRuby\":\"ﾋﾀﾞｶﾕｷﾄ\"},{\"role\":\"出演\",\"name\":\"シャーロット・ケイト・フォックス\",\"nameRuby\":\"ｼｬｰﾛｯﾄ･ｹｲﾄ･ﾌｫｯｸｽ\"},{\"role\":\"出演\",\"name\":\"夏目透羽\",\"nameRuby\":\"ﾅﾂﾒﾄﾜ\"},{\"role\":\"出演\",\"name\":\"ジョー・トレメイン\",\"nameRuby\":\"ｼﾞｮｰ･ﾄﾚﾒｲﾝ\"},{\"role\":\"出演\",\"name\":\"村岡希美\",\"nameRuby\":\"ﾑﾗｵｶﾉｿﾞﾐ\"},{\"role\":\"語り\",\"name\":\"北郷三穂子\",\"nameRuby\":\"ｷﾀｺﾞｳﾐﾎｺ\"},{\"role\":\"作\",\"name\":\"ふじきみつ彦\",\"nameRuby\":\"ﾌｼﾞｷﾐﾂﾋｺ\"},{\"role\":\"音楽\",\"name\":\"牛尾憲輔\",\"nameRuby\":\"ｳｼｵｹﾝｽｹ\"}],\"musicList\":[]},\"publishedOn\":{\"type\":\"BroadcastService\",\"id\":\"bs-g1-130\",\"name\":\"NHK総合テレビジョン\",\"url\":\"https://api-local.ss.org.nhk/r8/t/broadcastservice/bs/g1-130.json\",\"broadcastDisplayName\":\"NHK総合・東京\",\"videoFormat\":[\"2K\"],\"encodingFormat\":[\"video/X-arib-mpeg2\",\"audio/X-arib-mpeg2-aac\"],\"identifierGroup\":{\"serviceId\":\"g1\",\"serviceName\":\"NHK総合1\",\"areaId\":\"130\",\"areaName\":\"東京\",\"channelId\":\"011\",\"channelKey\":\"1\",\"channelAreaName\":\"東京\",\"channelStationName\":\"首都圏\",\"shortenedName\":\"NHK総合1\",\"shortenedDisplayName\":\"総合\",\"multiChannelDisplayName\":\"総合\"},\"logo\":{\"url\":\"https://imgu.web.nhk/common/broadcastservice/bs/g1/g1-logo.svg\",\"main\":{\"url\":\"https://imgu.web.nhk/common/broadcastservice/bs/g1/g1-logo_1080x1080.png\",\"width\":1080,\"height\":1080},\"medium\":{\"url\":\"https://imgu.web.nhk/common/broadcastservice/bs/g1/g1-logo_640x640.png\",\"width\":640,\"height\":640},\"small\":{\"url\":\"https://imgu.web.nhk/common/broadcastservice/bs/g1/g1-logo_200x200.png\",\"width\":200,\"height\":200}},\"eyecatch\":{\"url\":\"https://imgu.web.nhk/common/broadcastservice/bs/g1/g1-eyecatch.svg\",\"large\":{\"url\":\"https://imgu.web.nhk/common/broadcastservice/bs/g1/g1-eyecatch_3840x2160.png\",\"width\":3840,\"height\":2160},\"main\":{\"url\":\"https://imgu.web.nhk/common/broadcastservice/bs/g1/g1-eyecatch_1920x1080.png\",\"width\":1920,\"height\":1080},\"medium\":{\"url\":\"https://imgu.web.nhk/common/broadcastservice/bs/g1/g1-eyecatch_1280x720.png\",\"width\":1280,\"height\":720},\"small\":{\"url\":\"https://imgu.web.nhk/common/broadcastservice/bs/g1/g1-eyecatch_640x360.png\",\"width\":640,\"height\":360}},\"hero\":{\"url\":\"https://imgu.web.nhk/common/broadcastservice/bs/g1/g1-hero.svg\",\"main\":{\"url\":\"https://imgu.web.nhk/common/broadcastservice/bs/g1/g1-hero_1920x640.png\",\"width\":1920,\"height\":640},\"medium\":{\"url\":\"https://imgu.web.nhk/common/broadcastservice/bs/g1/g1-hero_1080x360.png\",\"width\":1080,\"height\":360}},\"badge9x4\":{\"url\":\"https://imgu.web.nhk/common/broadcastservice/bs/g1/g1-badge9x4.svg\",\"main\":{\"url\":\"https://imgu.web.nhk/common/broadcastservice/bs/g1/g1-badge9x4_360x160.png\",\"width\":360,\"height\":160},\"small\":{\"url\":\"https://imgu.web.nhk/common/broadcastservice/bs/g1/g1-badge9x4_180x80.png\",\"width\":180,\"height\":80}}}},\"detailedComingEvent\":{\"id\":\"g1-130-2026030911710\",\"startDate\":\"2026-03-09T04:45:00+09:00\",\"endDate\":\"2026-03-09T05:00:00+09:00\",\"identifierGroup\":{\"broadcastEventId\":\"g1-130-2026030911710\",\"serviceId\":\"g1\",\"areaId\":\"130\",\"stationId\":\"001\",\"date\":\"2026-03-09\",\"eventId\":\"11710\",\"genre\":[{\"id\":\"0300\",\"name1\":\"ドラマ\",\"name2\":\"国内ドラマ\"},{\"id\":\"0315\",\"name1\":\"ドラマ\",\"name2\":\"その他\"}],\"onid\":\"7fe0\",\"sid\":\"0400\",\"tsid\":\"7fe0\"},\"misc\":{\"displayVideoMode\":\"none\",\"displayVideoRange\":\"sdr\",\"displayAudioMode\":[],\"audioMode\":[],\"supportCaption\":true,\"supportSign\":false,\"supportHybridcast\":false,\"supportDataBroadcast\":false,\"isInteractive\":false,\"isChangeable\":false,\"releaseLevel\":\"repeat\",\"programType\":\"program\",\"coverage\":\"nationwide\",\"actList\":[{\"role\":\"出演\",\"name\":\"髙石あかり\",\"nameRuby\":\"ﾀｶｲｼｱｶﾘ\"},{\"role\":\"出演\",\"name\":\"トミー・バストウ\",\"nameRuby\":\"ﾄﾐｰ･ﾊﾞｽﾄｳ\"},{\"role\":\"出演\",\"name\":\"蓮佛美沙子\",\"nameRuby\":\"ﾚﾝﾌﾞﾂﾐｻｺ\"},{\"role\":\"出演\",\"name\":\"池脇千鶴\",\"nameRuby\":\"ｲｹﾜｷﾁﾂﾞﾙ\"},{\"role\":\"出演\",\"name\":\"岡部たかし\",\"nameRuby\":\"ｵｶﾍﾞﾀｶｼ\"},{\"role\":\"出演\",\"name\":\"杉田雷麟\",\"nameRuby\":\"ｽｷﾞﾀﾗｲﾙ\"},{\"role\":\"出演\",\"name\":\"日高由起刀\",\"nameRuby\":\"ﾋﾀﾞｶﾕｷﾄ\"},{\"role\":\"出演\",\"name\":\"シャーロット・ケイト・フォックス\",\"nameRuby\":\"ｼｬｰﾛｯﾄ･ｹｲﾄ･ﾌｫｯｸｽ\"},{\"role\":\"出演\",\"name\":\"夏目透羽\",\"nameRuby\":\"ﾅﾂﾒﾄﾜ\"},{\"role\":\"出演\",\"name\":\"ジョー・トレメイン\",\"nameRuby\":\"ｼﾞｮｰ･ﾄﾚﾒｲﾝ\"},{\"role\":\"出演\",\"name\":\"村岡希美\",\"nameRuby\":\"ﾑﾗｵｶﾉｿﾞﾐ\"},{\"role\":\"語り\",\"name\":\"北郷三穂子\",\"nameRuby\":\"ｷﾀｺﾞｳﾐﾎｺ\"},{\"role\":\"作\",\"name\":\"ふじきみつ彦\",\"nameRuby\":\"ﾌｼﾞｷﾐﾂﾋｺ\"},{\"role\":\"音楽\",\"name\":\"牛尾憲輔\",\"nameRuby\":\"ｳｼｵｹﾝｽｹ\"}],\"musicList\":[]},\"publishedOn\":{\"type\":\"BroadcastService\",\"id\":\"bs-g1-130\",\"name\":\"NHK総合テレビジョン\",\"url\":\"https://api-local.ss.org.nhk/r8/t/broadcastservice/bs/g1-130.json\",\"broadcastDisplayName\":\"NHK総合・東京\",\"videoFormat\":[\"2K\"],\"encodingFormat\":[\"video/X-arib-mpeg2\",\"audio/X-arib-mpeg2-aac\"],\"identifierGroup\":{\"serviceId\":\"g1\",\"serviceName\":\"NHK総合1\",\"areaId\":\"130\",\"areaName\":\"東京\",\"channelId\":\"011\",\"channelKey\":\"1\",\"channelAreaName\":\"東京\",\"channelStationName\":\"首都圏\",\"shortenedName\":\"NHK総合1\",\"shortenedDisplayName\":\"総合\",\"multiChannelDisplayName\":\"総合\"},\"logo\":{\"url\":\"https://imgu.web.nhk/common/broadcastservice/bs/g1/g1-logo.svg\",\"main\":{\"url\":\"https://imgu.web.nhk/common/broadcastservice/bs/g1/g1-logo_1080x1080.png\",\"width\":1080,\"height\":1080},\"medium\":{\"url\":\"https://imgu.web.nhk/common/broadcastservice/bs/g1/g1-logo_640x640.png\",\"width\":640,\"height\":640},\"small\":{\"url\":\"https://imgu.web.nhk/common/broadcastservice/bs/g1/g1-logo_200x200.png\",\"width\":200,\"height\":200}},\"eyecatch\":{\"url\":\"https://imgu.web.nhk/common/broadcastservice/bs/g1/g1-eyecatch.svg\",\"large\":{\"url\":\"https://imgu.web.nhk/common/broadcastservice/bs/g1/g1-eyecatch_3840x2160.png\",\"width\":3840,\"height\":2160},\"main\":{\"url\":\"https://imgu.web.nhk/common/broadcastservice/bs/g1/g1-eyecatch_1920x1080.png\",\"width\":1920,\"height\":1080},\"medium\":{\"url\":\"https://imgu.web.nhk/common/broadcastservice/bs/g1/g1-eyecatch_1280x720.png\",\"width\":1280,\"height\":720},\"small\":{\"url\":\"https://imgu.web.nhk/common/broadcastservice/bs/g1/g1-eyecatch_640x360.png\",\"width\":640,\"height\":360}},\"hero\":{\"url\":\"https://imgu.web.nhk/common/broadcastservice/bs/g1/g1-hero.svg\",\"main\":{\"url\":\"https://imgu.web.nhk/common/broadcastservice/bs/g1/g1-hero_1920x640.png\",\"width\":1920,\"height\":640},\"medium\":{\"url\":\"https://imgu.web.nhk/common/broadcastservice/bs/g1/g1-hero_1080x360.png\",\"width\":1080,\"height\":360}},\"badge9x4\":{\"url\":\"https://imgu.web.nhk/common/broadcastservice/bs/g1/g1-badge9x4.svg\",\"main\":{\"url\":\"https://imgu.web.nhk/common/broadcastservice/bs/g1/g1-badge9x4_360x160.png\",\"width\":360,\"height\":160},\"small\":{\"url\":\"https://imgu.web.nhk/common/broadcastservice/bs/g1/g1-badge9x4_180x80.png\",\"width\":180,\"height\":80}}}},\"eyecatch\":{\"large\":{\"url\":\"https://imgu.web.nhk/static/assets/images/tvepisode/te/V2XXZ3GRL7/V2XXZ3GRL7-eyecatch_db7dfaa48e69d9e95621531dcde03b10.jpg\",\"width\":3840,\"height\":2160},\"main\":{\"url\":\"https://imgu.web.nhk/static/assets/images/tvepisode/te/V2XXZ3GRL7/V2XXZ3GRL7-eyecatch_029be4c64b589951fcb5ded32de1e5cd.jpg\",\"width\":1920,\"height\":1080},\"medium\":{\"url\":\"https://imgu.web.nhk/static/assets/images/tvepisode/te/V2XXZ3GRL7/V2XXZ3GRL7-eyecatch_b3ad8a9d94a0e7632aff8b7e77a5d150.jpg\",\"width\":1280,\"height\":720},\"small\":{\"url\":\"https://imgu.web.nhk/static/assets/images/tvepisode/te/V2XXZ3GRL7/V2XXZ3GRL7-eyecatch_f4706803b5c9723b42bd71602907cc7c.jpg\",\"width\":640,\"height\":360}},\"eyecatchList\":[],\"video\":[{\"id\":\"hskOriginal-g1-130-2026030710092\",\"name\":\"【連続テレビ小説】ばけばけ　第２２週「アタラシ、ノ、ジンセイ。」\",\"description\":\"トキ（髙石あかり）は熊本でラン（蓮佛美沙子）と出会い、交流を深める。ヘブン（トミー・バストウ）と同じく西洋人の夫ロバート（ジョー・トレメイン）をもつラン。英語もできるランをトキは慕っていく。そんなある日、ヘブンの元に一通の手紙がアメリカから届く。その差出人はイライザ（シャーロット・ケイト・フォックス）だった。日本を離れ、世界を巡って各地の滞在記を書いてほしいという依頼に、ヘブンは魅力を感じる。\",\"url\":\"https://www.web.nhk/tv/an/bakebake/pl/series-tep-662ZX5J3WG/ep/V2XXZ3GRL7\",\"identifierGroup\":{\"environmentId\":\"hskOriginal\",\"broadcastEventId\":\"g1-130-2026030710092\",\"serviceId\":\"g1\",\"streamType\":\"vod\"},\"detailedContentStatus\":{\"environmentId\":\"hskOriginal\",\"streamType\":\"vod\",\"contentStatus\":\"ready\"},\"detailedVideoDescriptor\":\"https://archive.hsk.st.nhk/npd3/7fe0-0400/20260307/276c-1-3-64483cde07e66e01c168b0f59a1c0230/videoinfo-0ddc614940f0fddad9b83f4a7380490d.json\",\"expires\":\"2026-03-14T08:15:00+09:00\",\"duration\":\"PT14M59S\",\"startDate\":\"2026-03-07T08:00:00+09:00\",\"endDate\":\"2026-03-07T08:15:00+09:00\",\"isDivided\":false,\"publication\":[{\"id\":\"g1-130-2026030710092\",\"url\":\"https://api-local.ss.org.nhk/r8/t/broadcastevent/be/g1-130-2026030710092.json\",\"isLiveBroadcast\":true}],\"hasPart\":[],\"uploadDate\":\"2026-03-07T08:15:00+09:00\"}],\"citation\":[],\"detailedPinnedCitation\":[{\"name\":\"✨登場人物・キャスト\",\"url\":\"https://www.nhk.jp/g/ts/662ZX5J3WG/blog/bl/p63MOdwNjk/bp/pnyMroAvAn/\"},{\"name\":\"📺関連番組・インタビューはこちらから\",\"url\":\"https://www.nhk.jp/g/ts/662ZX5J3WG/blog/bl/p7xRqmNdbW/\"},{\"name\":\"📢ＮＨＫオンデマンドでは第1回から配信中\",\"url\":\"https://www.nhk-ondemand.jp/program/P202500475400000/\"}],\"sameAs\":[],\"correction\":[],\"url\":\"https://api-local.ss.org.nhk/r8/t/tvepisode/te/V2XXZ3GRL7.json\",\"canonical\":\"https://www.web.nhk/tv/an/bakebake/pl/series-tep-662ZX5J3WG/ep/V2XXZ3GRL7\",\"associatedMedia\":[],\"hasPart\":[],\"additionalProperty\":{\"episodeMergeStatus\":\"notMerged\"}},\"link\":{\"href\":\"https://www.web.nhk/tv/an/bakebake/pl/series-tep-662ZX5J3WG/ep/V2XXZ3GRL7\"}}]\n"])</script><script>self.__next_f.push([1,"52:[\"$\",\"$L2a\",\"PM8G32LN9N\",{\"content\":{\"type\":\"TVEpisode\",\"id\":\"PM8G32LN9N\",\"name\":\"(110)第22週「アタラシ、ノ、ジンセイ。」\",\"detailedEpisodeNameRuby\":\"\",\"identifierGroup\":{\"tvEpisodeId\":\"PM8G32LN9N\",\"tvSeriesId\":\"662ZX5J3WG\",\"tvEpisodeName\":\"(110)第22週「アタラシ、ノ、ジンセイ。」\",\"tvSeriesName\":\"ばけばけ\",\"hashtag\":[],\"siteId\":\"0006\",\"serviceId\":[\"g1\",\"g2\",\"s1\",\"s2\",\"s5\"],\"aliasId\":\"bakebake\",\"formatGenreTag\":[{\"id\":\"03\",\"name\":\"ドラマ\"}],\"themeGenreTag\":[{\"id\":\"031\",\"name\":\"国内ドラマ\"},{\"id\":\"030\",\"name\":\"ドラマ全般\"}]},\"keyword\":[],\"description\":\"あっという間に半年が過ぎ、トキ（髙石あかり）は出産の日を迎える。ヘブン（トミー・バストウ）や司之介（岡部たかし）、丈（杉田雷麟）、正木（日高由起刀）は、無事の出産を祈り家の柱に向かう。フミ（池脇千鶴）、クマ（夏目透羽）、産婆（原ふき子）が見守る中、ついに、トキとヘブンの子供が産まれる！可愛らしい二人の子供に、デレデレになる松野家一同。そんな中、正木があることに気づく。\",\"dateCreated\":\"2025-12-13T18:17:33+09:00\",\"dateModified\":\"2026-02-27T07:30:12+09:00\",\"actor\":[],\"contributor\":[],\"partOfSeries\":{\"id\":\"662ZX5J3WG\",\"name\":\"ばけばけ\",\"detailedSeriesNameRuby\":\"ばけばけ\",\"identifierGroup\":{\"tvSeriesId\":\"662ZX5J3WG\",\"tvSeriesPlaylistId\":\"series-tep-662ZX5J3WG\",\"tvSeriesUId\":\"p97f04323-5f03-5c6a-ae95-69101ff72127\",\"tvSeriesName\":\"ばけばけ\",\"hashtag\":[],\"siteId\":\"0006\",\"serviceId\":[\"g1\",\"g2\",\"s1\",\"s2\",\"s5\"],\"aliasId\":\"bakebake\",\"formatGenre\":[{\"id\":\"03\",\"name\":\"ドラマ\"}]},\"keyword\":[],\"detailedSynonym\":[],\"sameAs\":[],\"canonical\":\"https://www.web.nhk/tv/an/bakebake/pl/series-tep-662ZX5J3WG\",\"description\":\"【ＮＨＫ朝ドラ公式】連続テレビ小説「ばけばけ」。主演は髙石あかり。\\nキャスト相関図・見逃し配信・あらすじ・放送予定など。\\n小泉セツ\u0026八雲（ラフカディオ・ハーン）夫妻がモデルの物語。明治の松江。怪談を愛する夫婦の何気ない日常を描きます。\\n\\n【作】ふじきみつ彦\\n【音楽】牛尾憲輔\\n【主題歌】ハンバート ハンバート「笑ったり転んだり」\\n【キャスト】髙石あかり、トミー・バストウ / 吉沢亮　ほか\\n【放送予定】2025年9月29日（月）放送開始 （全25週125回）\",\"detailedCatch\":\"「この世はうらめしい。けど、すばらしい。」\",\"logo\":{\"main\":{\"url\":\"https://imgu.web.nhk/static/assets/images/tvseries/ts/662ZX5J3WG/662ZX5J3WG-logo_c082378e129bdef8d8cc9b0b32d2349c.png\",\"width\":1080,\"height\":1080},\"medium\":{\"url\":\"https://imgu.web.nhk/static/assets/images/tvseries/ts/662ZX5J3WG/662ZX5J3WG-logo_9638d94a4c0f54c68db3481308026a2d.png\",\"width\":640,\"height\":640},\"small\":{\"url\":\"https://imgu.web.nhk/static/assets/images/tvseries/ts/662ZX5J3WG/662ZX5J3WG-logo_907c885a543694caf6cec07746e00fd9.png\",\"width\":200,\"height\":200}},\"eyecatch\":{\"large\":{\"url\":\"https://imgu.web.nhk/static/assets/images/tvseries/ts/662ZX5J3WG/662ZX5J3WG-eyecatch_f921ca54baff6aaf68b140ce9c59d273.png\",\"width\":3840,\"height\":2160},\"main\":{\"url\":\"https://imgu.web.nhk/static/assets/images/tvseries/ts/662ZX5J3WG/662ZX5J3WG-eyecatch_ebc0fbef1eef505881258e06e093ee97.png\",\"width\":1920,\"height\":1080},\"medium\":{\"url\":\"https://imgu.web.nhk/static/assets/images/tvseries/ts/662ZX5J3WG/662ZX5J3WG-eyecatch_b045d0c555a786b3a438b87bb5de7473.png\",\"width\":1280,\"height\":720},\"small\":{\"url\":\"https://imgu.web.nhk/static/assets/images/tvseries/ts/662ZX5J3WG/662ZX5J3WG-eyecatch_0959e71c25448d316c13b769bc79186d.png\",\"width\":640,\"height\":360}},\"hero\":{\"main\":{\"url\":\"https://imgu.web.nhk/static/assets/images/tvseries/ts/662ZX5J3WG/662ZX5J3WG-hero_880e6c4fdacadf3094ba9d4a5e3134b0.png\",\"width\":1920,\"height\":640},\"medium\":{\"url\":\"https://imgu.web.nhk/static/assets/images/tvseries/ts/662ZX5J3WG/662ZX5J3WG-hero_192d043cd8197adb42ddd46fdd996333.png\",\"width\":1080,\"height\":360}},\"style\":{\"textLight\":\"#000000\",\"textDark\":\"#FFFFFF\",\"linkLight\":\"#7E7A00\",\"linkDark\":\"#FAF100\",\"primaryLight\":\"#9E9900\",\"primaryDark\":\"#FAF100\"},\"additionalProperty\":{\"publishLevel\":\"full\",\"layoutPattern\":\"summary\",\"episodeOrderBy\":\"releasedEvent\",\"availableOnPlus\":false,\"enableVariablePlayBackSpeedControl\":false,\"optional\":[],\"seriesPackStatus\":\"notPacked\",\"supportMedia\":[\"@screen\"],\"supportMusicList\":true,\"supportPlusEmbed\":true,\"enableWebContent\":false},\"url\":\"https://api-local.ss.org.nhk/r8/t/nplaylist/pl/series-tep-662ZX5J3WG.json\",\"itemUrl\":\"https://api-local.ss.org.nhk/r8/l/tvepisode/pl/series-tep-662ZX5J3WG.json\"},\"releasedEvent\":{\"id\":\"g1-130-2026030609560\",\"startDate\":\"2026-03-06T08:00:00+09:00\",\"displayStartDate\":\"2026-03-06T08:00:00+09:00\",\"endDate\":\"2026-03-06T08:15:00+09:00\",\"publishedOn\":{\"type\":\"BroadcastService\",\"id\":\"bs-g1-130\",\"name\":\"NHK総合テレビジョン\",\"url\":\"https://api-local.ss.org.nhk/r8/t/broadcastservice/bs/g1-130.json\",\"broadcastDisplayName\":\"NHK総合・東京\",\"videoFormat\":[\"2K\"],\"encodingFormat\":[\"video/X-arib-mpeg2\",\"audio/X-arib-mpeg2-aac\"],\"identifierGroup\":{\"serviceId\":\"g1\",\"serviceName\":\"NHK総合1\",\"areaId\":\"130\",\"areaName\":\"東京\",\"channelId\":\"011\",\"channelKey\":\"1\",\"channelAreaName\":\"東京\",\"channelStationName\":\"首都圏\",\"shortenedName\":\"NHK総合1\",\"shortenedDisplayName\":\"総合\",\"multiChannelDisplayName\":\"総合\"},\"logo\":{\"url\":\"https://imgu.web.nhk/common/broadcastservice/bs/g1/g1-logo.svg\",\"main\":{\"url\":\"https://imgu.web.nhk/common/broadcastservice/bs/g1/g1-logo_1080x1080.png\",\"width\":1080,\"height\":1080},\"medium\":{\"url\":\"https://imgu.web.nhk/common/broadcastservice/bs/g1/g1-logo_640x640.png\",\"width\":640,\"height\":640},\"small\":{\"url\":\"https://imgu.web.nhk/common/broadcastservice/bs/g1/g1-logo_200x200.png\",\"width\":200,\"height\":200}},\"eyecatch\":{\"url\":\"https://imgu.web.nhk/common/broadcastservice/bs/g1/g1-eyecatch.svg\",\"large\":{\"url\":\"https://imgu.web.nhk/common/broadcastservice/bs/g1/g1-eyecatch_3840x2160.png\",\"width\":3840,\"height\":2160},\"main\":{\"url\":\"https://imgu.web.nhk/common/broadcastservice/bs/g1/g1-eyecatch_1920x1080.png\",\"width\":1920,\"height\":1080},\"medium\":{\"url\":\"https://imgu.web.nhk/common/broadcastservice/bs/g1/g1-eyecatch_1280x720.png\",\"width\":1280,\"height\":720},\"small\":{\"url\":\"https://imgu.web.nhk/common/broadcastservice/bs/g1/g1-eyecatch_640x360.png\",\"width\":640,\"height\":360}},\"hero\":{\"url\":\"https://imgu.web.nhk/common/broadcastservice/bs/g1/g1-hero.svg\",\"main\":{\"url\":\"https://imgu.web.nhk/common/broadcastservice/bs/g1/g1-hero_1920x640.png\",\"width\":1920,\"height\":640},\"medium\":{\"url\":\"https://imgu.web.nhk/common/broadcastservice/bs/g1/g1-hero_1080x360.png\",\"width\":1080,\"height\":360}},\"badge9x4\":{\"url\":\"https://imgu.web.nhk/common/broadcastservice/bs/g1/g1-badge9x4.svg\",\"main\":{\"url\":\"https://imgu.web.nhk/common/broadcastservice/bs/g1/g1-badge9x4_360x160.png\",\"width\":360,\"height\":160},\"small\":{\"url\":\"https://imgu.web.nhk/common/broadcastservice/bs/g1/g1-badge9x4_180x80.png\",\"width\":180,\"height\":80}}}},\"detailedRecentEvent\":{\"id\":\"g1-130-2026030609560\",\"startDate\":\"2026-03-06T08:00:00+09:00\",\"endDate\":\"2026-03-06T08:15:00+09:00\",\"identifierGroup\":{\"broadcastEventId\":\"g1-130-2026030609560\",\"serviceId\":\"g1\",\"areaId\":\"130\",\"stationId\":\"001\",\"date\":\"2026-03-06\",\"eventId\":\"09560\",\"genre\":[{\"id\":\"0300\",\"name1\":\"ドラマ\",\"name2\":\"国内ドラマ\"},{\"id\":\"0315\",\"name1\":\"ドラマ\",\"name2\":\"その他\"}],\"onid\":\"7fe0\",\"sid\":\"0400\",\"tsid\":\"7fe0\"},\"misc\":{\"displayVideoMode\":\"none\",\"displayVideoRange\":\"sdr\",\"displayAudioMode\":[\"kaisetsu\"],\"audioMode\":[\"stereoKaisetsu\"],\"supportCaption\":true,\"supportSign\":false,\"supportHybridcast\":false,\"supportDataBroadcast\":false,\"isInteractive\":false,\"isChangeable\":false,\"releaseLevel\":\"prime\",\"programType\":\"program\",\"coverage\":\"nationwide\",\"actList\":[{\"role\":\"作\",\"name\":\"ふじきみつ彦\",\"nameRuby\":\"ﾌｼﾞｷﾐﾂﾋｺ\"},{\"role\":\"出演\",\"name\":\"髙石あかり\",\"nameRuby\":\"ﾀｶｲｼｱｶﾘ\"},{\"role\":\"出演\",\"name\":\"トミー・バストウ\",\"nameRuby\":\"ﾄﾐｰ･ﾊﾞｽﾄｳ\"},{\"role\":\"出演\",\"name\":\"蓮佛美沙子\",\"nameRuby\":\"ﾚﾝﾌﾞﾂﾐｻｺ\"},{\"role\":\"出演\",\"name\":\"池脇千鶴\",\"nameRuby\":\"ｲｹﾜｷﾁﾂﾞﾙ\"},{\"role\":\"出演\",\"name\":\"岡部たかし\",\"nameRuby\":\"ｵｶﾍﾞﾀｶｼ\"},{\"role\":\"出演\",\"name\":\"大西信満\",\"nameRuby\":\"ｵｵﾆｼｼﾏ\"},{\"role\":\"出演\",\"name\":\"杉田雷麟\",\"nameRuby\":\"ｽｷﾞﾀﾗｲﾙ\"},{\"role\":\"出演\",\"name\":\"日高由起刀\",\"nameRuby\":\"ﾋﾀﾞｶﾕｷﾄ\"},{\"role\":\"出演\",\"name\":\"シャーロット・ケイト・フォックス\",\"nameRuby\":\"ｼｬｰﾛｯﾄ･ｹｲﾄ･ﾌｫｯｸｽ\"},{\"role\":\"出演\",\"name\":\"夏目透羽\",\"nameRuby\":\"ﾅﾂﾒﾄﾜ\"},{\"role\":\"出演\",\"name\":\"ジョー・トレメイン\",\"nameRuby\":\"ｼﾞｮｰ･ﾄﾚﾒｲﾝ\"},{\"role\":\"出演\",\"name\":\"橋本淳\",\"nameRuby\":\"ﾊｼﾓﾄｱﾂｼ\"},{\"role\":\"出演\",\"name\":\"渡辺江里子\",\"nameRuby\":\"ﾜﾀﾅﾍﾞｴﾘｺ\"},{\"role\":\"出演\",\"name\":\"木村美穂\",\"nameRuby\":\"ｷﾑﾗﾐﾎ\"},{\"role\":\"出演\",\"name\":\"八田浩司\",\"nameRuby\":\"ﾊｯﾀｺｳｼﾞ\"},{\"role\":\"出演\",\"name\":\"村岡希美\",\"nameRuby\":\"ﾑﾗｵｶﾉｿﾞﾐ\"},{\"role\":\"音楽\",\"name\":\"牛尾憲輔\",\"nameRuby\":\"ｳｼｵｹﾝｽｹ\"}],\"musicList\":[]},\"publishedOn\":{\"type\":\"BroadcastService\",\"id\":\"bs-g1-130\",\"name\":\"NHK総合テレビジョン\",\"url\":\"https://api-local.ss.org.nhk/r8/t/broadcastservice/bs/g1-130.json\",\"broadcastDisplayName\":\"NHK総合・東京\",\"videoFormat\":[\"2K\"],\"encodingFormat\":[\"video/X-arib-mpeg2\",\"audio/X-arib-mpeg2-aac\"],\"identifierGroup\":{\"serviceId\":\"g1\",\"serviceName\":\"NHK総合1\",\"areaId\":\"130\",\"areaName\":\"東京\",\"channelId\":\"011\",\"channelKey\":\"1\",\"channelAreaName\":\"東京\",\"channelStationName\":\"首都圏\",\"shortenedName\":\"NHK総合1\",\"shortenedDisplayName\":\"総合\",\"multiChannelDisplayName\":\"総合\"},\"logo\":{\"url\":\"https://imgu.web.nhk/common/broadcastservice/bs/g1/g1-logo.svg\",\"main\":{\"url\":\"https://imgu.web.nhk/common/broadcastservice/bs/g1/g1-logo_1080x1080.png\",\"width\":1080,\"height\":1080},\"medium\":{\"url\":\"https://imgu.web.nhk/common/broadcastservice/bs/g1/g1-logo_640x640.png\",\"width\":640,\"height\":640},\"small\":{\"url\":\"https://imgu.web.nhk/common/broadcastservice/bs/g1/g1-logo_200x200.png\",\"width\":200,\"height\":200}},\"eyecatch\":{\"url\":\"https://imgu.web.nhk/common/broadcastservice/bs/g1/g1-eyecatch.svg\",\"large\":{\"url\":\"https://imgu.web.nhk/common/broadcastservice/bs/g1/g1-eyecatch_3840x2160.png\",\"width\":3840,\"height\":2160},\"main\":{\"url\":\"https://imgu.web.nhk/common/broadcastservice/bs/g1/g1-eyecatch_1920x1080.png\",\"width\":1920,\"height\":1080},\"medium\":{\"url\":\"https://imgu.web.nhk/common/broadcastservice/bs/g1/g1-eyecatch_1280x720.png\",\"width\":1280,\"height\":720},\"small\":{\"url\":\"https://imgu.web.nhk/common/broadcastservice/bs/g1/g1-eyecatch_640x360.png\",\"width\":640,\"height\":360}},\"hero\":{\"url\":\"https://imgu.web.nhk/common/broadcastservice/bs/g1/g1-hero.svg\",\"main\":{\"url\":\"https://imgu.web.nhk/common/broadcastservice/bs/g1/g1-hero_1920x640.png\",\"width\":1920,\"height\":640},\"medium\":{\"url\":\"https://imgu.web.nhk/common/broadcastservice/bs/g1/g1-hero_1080x360.png\",\"width\":1080,\"height\":360}},\"badge9x4\":{\"url\":\"https://imgu.web.nhk/common/broadcastservice/bs/g1/g1-badge9x4.svg\",\"main\":{\"url\":\"https://imgu.web.nhk/common/broadcastservice/bs/g1/g1-badge9x4_360x160.png\",\"width\":360,\"height\":160},\"small\":{\"url\":\"https://imgu.web.nhk/common/broadcastservice/bs/g1/g1-badge9x4_180x80.png\",\"width\":180,\"height\":80}}}},\"detailedComingEvent\":{\"id\":\"s5-130-2026030710292\",\"startDate\":\"2026-03-07T11:15:00+09:00\",\"endDate\":\"2026-03-07T11:30:00+09:00\",\"identifierGroup\":{\"broadcastEventId\":\"s5-130-2026030710292\",\"serviceId\":\"s5\",\"areaId\":\"130\",\"stationId\":\"001\",\"date\":\"2026-03-07\",\"eventId\":\"10292\",\"genre\":[{\"id\":\"0300\",\"name1\":\"ドラマ\",\"name2\":\"国内ドラマ\"},{\"id\":\"0315\",\"name1\":\"ドラマ\",\"name2\":\"その他\"}],\"onid\":\"000b\",\"sid\":\"0065\",\"tsid\":\"b110\"},\"misc\":{\"displayVideoMode\":\"none\",\"displayVideoRange\":\"sdr\",\"displayAudioMode\":[\"kaisetsu\"],\"audioMode\":[\"stereoKaisetsu\"],\"supportCaption\":true,\"supportSign\":false,\"supportHybridcast\":false,\"supportDataBroadcast\":false,\"isInteractive\":false,\"isChangeable\":false,\"releaseLevel\":\"repeat\",\"programType\":\"program\",\"coverage\":\"nationwide\",\"actList\":[{\"role\":\"作\",\"name\":\"ふじきみつ彦\",\"nameRuby\":\"ﾌｼﾞｷﾐﾂﾋｺ\"},{\"role\":\"出演\",\"name\":\"髙石あかり\",\"nameRuby\":\"ﾀｶｲｼｱｶﾘ\"},{\"role\":\"出演\",\"name\":\"トミー・バストウ\",\"nameRuby\":\"ﾄﾐｰ･ﾊﾞｽﾄｳ\"},{\"role\":\"出演\",\"name\":\"蓮佛美沙子\",\"nameRuby\":\"ﾚﾝﾌﾞﾂﾐｻｺ\"},{\"role\":\"出演\",\"name\":\"池脇千鶴\",\"nameRuby\":\"ｲｹﾜｷﾁﾂﾞﾙ\"},{\"role\":\"出演\",\"name\":\"岡部たかし\",\"nameRuby\":\"ｵｶﾍﾞﾀｶｼ\"},{\"role\":\"出演\",\"name\":\"大西信満\",\"nameRuby\":\"ｵｵﾆｼｼﾏ\"},{\"role\":\"出演\",\"name\":\"杉田雷麟\",\"nameRuby\":\"ｽｷﾞﾀﾗｲﾙ\"},{\"role\":\"出演\",\"name\":\"日高由起刀\",\"nameRuby\":\"ﾋﾀﾞｶﾕｷﾄ\"},{\"role\":\"出演\",\"name\":\"シャーロット・ケイト・フォックス\",\"nameRuby\":\"ｼｬｰﾛｯﾄ･ｹｲﾄ･ﾌｫｯｸｽ\"},{\"role\":\"出演\",\"name\":\"夏目透羽\",\"nameRuby\":\"ﾅﾂﾒﾄﾜ\"},{\"role\":\"出演\",\"name\":\"ジョー・トレメイン\",\"nameRuby\":\"ｼﾞｮｰ･ﾄﾚﾒｲﾝ\"},{\"role\":\"出演\",\"name\":\"橋本淳\",\"nameRuby\":\"ﾊｼﾓﾄｱﾂｼ\"},{\"role\":\"出演\",\"name\":\"渡辺江里子\",\"nameRuby\":\"ﾜﾀﾅﾍﾞｴﾘｺ\"},{\"role\":\"出演\",\"name\":\"木村美穂\",\"nameRuby\":\"ｷﾑﾗﾐﾎ\"},{\"role\":\"出演\",\"name\":\"八田浩司\",\"nameRuby\":\"ﾊｯﾀｺｳｼﾞ\"},{\"role\":\"出演\",\"name\":\"村岡希美\",\"nameRuby\":\"ﾑﾗｵｶﾉｿﾞﾐ\"},{\"role\":\"音楽\",\"name\":\"牛尾憲輔\",\"nameRuby\":\"ｳｼｵｹﾝｽｹ\"}],\"musicList\":[]},\"publishedOn\":{\"type\":\"BroadcastService\",\"id\":\"bs-s5-130\",\"name\":\"NHK BSプレミアム4K\",\"url\":\"https://api-local.ss.org.nhk/r8/t/broadcastservice/bs/s5-130.json\",\"broadcastDisplayName\":\"NHK BSP4K\",\"videoFormat\":[\"4K\"],\"encodingFormat\":[\"video/X-arib2-broadcast\"],\"identifierGroup\":{\"serviceId\":\"s5\",\"serviceName\":\"NHK BSプレミアム4K\",\"areaId\":\"130\",\"areaName\":\"東京\",\"channelId\":\"101\",\"channelKey\":\"1\",\"channelAreaName\":\"東京\",\"channelStationName\":\"首都圏\",\"shortenedName\":\"NHK BSプレミアム4K\",\"shortenedDisplayName\":\"プレミアム4K\"},\"logo\":{\"url\":\"https://imgu.web.nhk/common/broadcastservice/bs/s5/s5-logo.svg\",\"main\":{\"url\":\"https://imgu.web.nhk/common/broadcastservice/bs/s5/s5-logo_1080x1080.png\",\"width\":1080,\"height\":1080},\"medium\":{\"url\":\"https://imgu.web.nhk/common/broadcastservice/bs/s5/s5-logo_640x640.png\",\"width\":640,\"height\":640},\"small\":{\"url\":\"https://imgu.web.nhk/common/broadcastservice/bs/s5/s5-logo_200x200.png\",\"width\":200,\"height\":200}},\"eyecatch\":{\"url\":\"https://imgu.web.nhk/common/broadcastservice/bs/s5/s5-eyecatch.svg\",\"large\":{\"url\":\"https://imgu.web.nhk/common/broadcastservice/bs/s5/s5-eyecatch_3840x2160.png\",\"width\":3840,\"height\":2160},\"main\":{\"url\":\"https://imgu.web.nhk/common/broadcastservice/bs/s5/s5-eyecatch_1920x1080.png\",\"width\":1920,\"height\":1080},\"medium\":{\"url\":\"https://imgu.web.nhk/common/broadcastservice/bs/s5/s5-eyecatch_1280x720.png\",\"width\":1280,\"height\":720},\"small\":{\"url\":\"https://imgu.web.nhk/common/broadcastservice/bs/s5/s5-eyecatch_640x360.png\",\"width\":640,\"height\":360}},\"hero\":{\"url\":\"https://imgu.web.nhk/common/broadcastservice/bs/s5/s5-hero.svg\",\"main\":{\"url\":\"https://imgu.web.nhk/common/broadcastservice/bs/s5/s5-hero_1920x640.png\",\"width\":1920,\"height\":640},\"medium\":{\"url\":\"https://imgu.web.nhk/common/broadcastservice/bs/s5/s5-hero_1080x360.png\",\"width\":1080,\"height\":360}},\"badge9x4\":{\"url\":\"https://imgu.web.nhk/common/broadcastservice/bs/s5/s5-badge9x4.svg\",\"main\":{\"url\":\"https://imgu.web.nhk/common/broadcastservice/bs/s5/s5-badge9x4_360x160.png\",\"width\":360,\"height\":160},\"small\":{\"url\":\"https://imgu.web.nhk/common/broadcastservice/bs/s5/s5-badge9x4_180x80.png\",\"width\":180,\"height\":80}}}},\"eyecatch\":{\"large\":{\"url\":\"https://imgu.web.nhk/static/assets/images/tvepisode/te/PM8G32LN9N/PM8G32LN9N-eyecatch_ca2dd52fc7ede98f741692d5d9dbe670.jpg\",\"width\":3840,\"height\":2160},\"main\":{\"url\":\"https://imgu.web.nhk/static/assets/images/tvepisode/te/PM8G32LN9N/PM8G32LN9N-eyecatch_831c77ef05d6f76da2535b595bdc1a02.jpg\",\"width\":1920,\"height\":1080},\"medium\":{\"url\":\"https://imgu.web.nhk/static/assets/images/tvepisode/te/PM8G32LN9N/PM8G32LN9N-eyecatch_49212e824ebe4cd535143fef524e2502.jpg\",\"width\":1280,\"height\":720},\"small\":{\"url\":\"https://imgu.web.nhk/static/assets/images/tvepisode/te/PM8G32LN9N/PM8G32LN9N-eyecatch_787c891f6481448d6fd882c91b25efad.jpg\",\"width\":640,\"height\":360}},\"eyecatchList\":[{\"large\":{\"url\":\"https://imgu.web.nhk/static/assets/images/tvepisode/te/PM8G32LN9N/PM8G32LN9N-eyecatches_ff6900938b3634adf0c310337994d059.jpg\",\"width\":3840,\"height\":2160},\"main\":{\"url\":\"https://imgu.web.nhk/static/assets/images/tvepisode/te/PM8G32LN9N/PM8G32LN9N-eyecatches_0d83a905f2e6ba08534e19f792f076fe.jpg\",\"width\":1920,\"height\":1080},\"medium\":{\"url\":\"https://imgu.web.nhk/static/assets/images/tvepisode/te/PM8G32LN9N/PM8G32LN9N-eyecatches_4585836c3dfb23f336a1da338f639e75.jpg\",\"width\":1280,\"height\":720},\"small\":{\"url\":\"https://imgu.web.nhk/static/assets/images/tvepisode/te/PM8G32LN9N/PM8G32LN9N-eyecatches_8b3ad706c91e14937353e82c3f9bb587.jpg\",\"width\":640,\"height\":360}},{\"large\":{\"url\":\"https://imgu.web.nhk/static/assets/images/tvepisode/te/PM8G32LN9N/PM8G32LN9N-eyecatches_e4dad51b371c7aacbcc83c94b679c976.jpg\",\"width\":3840,\"height\":2160},\"main\":{\"url\":\"https://imgu.web.nhk/static/assets/images/tvepisode/te/PM8G32LN9N/PM8G32LN9N-eyecatches_d72b60e756e549cfc3dc277c9f12be9e.jpg\",\"width\":1920,\"height\":1080},\"medium\":{\"url\":\"https://imgu.web.nhk/static/assets/images/tvepisode/te/PM8G32LN9N/PM8G32LN9N-eyecatches_74e4454a0f4425a4d27dbfe3865dd9e3.jpg\",\"width\":1280,\"height\":720},\"small\":{\"url\":\"https://imgu.web.nhk/static/assets/images/tvepisode/te/PM8G32LN9N/PM8G32LN9N-eyecatches_32f7fc6d29ff78d45c9ee42098114e65.jpg\",\"width\":640,\"height\":360}},{\"large\":{\"url\":\"https://imgu.web.nhk/static/assets/images/tvepisode/te/PM8G32LN9N/PM8G32LN9N-eyecatches_71a3a603f77dbee452efb1d8a39d202d.jpg\",\"width\":3840,\"height\":2160},\"main\":{\"url\":\"https://imgu.web.nhk/static/assets/images/tvepisode/te/PM8G32LN9N/PM8G32LN9N-eyecatches_9f649bf3dc1ce335d2fbbb811f7381ff.jpg\",\"width\":1920,\"height\":1080},\"medium\":{\"url\":\"https://imgu.web.nhk/static/assets/images/tvepisode/te/PM8G32LN9N/PM8G32LN9N-eyecatches_5e90ebe06a277c7dbe8c0c5369a34c80.jpg\",\"width\":1280,\"height\":720},\"small\":{\"url\":\"https://imgu.web.nhk/static/assets/images/tvepisode/te/PM8G32LN9N/PM8G32LN9N-eyecatches_d12bcf6a6b044930a317c235867f61a8.jpg\",\"width\":640,\"height\":360}},{\"large\":{\"url\":\"https://imgu.web.nhk/static/assets/images/tvepisode/te/PM8G32LN9N/PM8G32LN9N-eyecatches_fab38216713a94a6940ee9a0f17f454f.jpg\",\"width\":3840,\"height\":2160},\"main\":{\"url\":\"https://imgu.web.nhk/static/assets/images/tvepisode/te/PM8G32LN9N/PM8G32LN9N-eyecatches_f80ba5f8c8a4a84c40752822253b5978.jpg\",\"width\":1920,\"height\":1080},\"medium\":{\"url\":\"https://imgu.web.nhk/static/assets/images/tvepisode/te/PM8G32LN9N/PM8G32LN9N-eyecatches_5a06714853370127a63c5b36a28fc45a.jpg\",\"width\":1280,\"height\":720},\"small\":{\"url\":\"https://imgu.web.nhk/static/assets/images/tvepisode/te/PM8G32LN9N/PM8G32LN9N-eyecatches_ac50df42a847591acd41059211e119f4.jpg\",\"width\":640,\"height\":360}}],\"video\":[{\"id\":\"hskOriginal-g1-130-2026030609560\",\"name\":\"【連続テレビ小説】ばけばけ（１１０）第２２週「アタラシ、ノ、ジンセイ。」\",\"description\":\"あっという間に半年が過ぎ、トキ（髙石あかり）は出産の日を迎える。ヘブン（トミー・バストウ）や司之介（岡部たかし）、丈（杉田雷麟）、正木（日高由起刀）は、無事の出産を祈り家の柱に向かう。フミ（池脇千鶴）、クマ（夏目透羽）、産婆（原ふき子）が見守る中、ついに、トキとヘブンの子供が産まれる！可愛らしい二人の子供に、デレデレになる松野家一同。そんな中、正木があることに気づく。\",\"url\":\"https://www.web.nhk/tv/an/bakebake/pl/series-tep-662ZX5J3WG/ep/PM8G32LN9N\",\"identifierGroup\":{\"environmentId\":\"hskOriginal\",\"broadcastEventId\":\"g1-130-2026030609560\",\"serviceId\":\"g1\",\"streamType\":\"vod\"},\"detailedContentStatus\":{\"environmentId\":\"hskOriginal\",\"streamType\":\"vod\",\"contentStatus\":\"ready\"},\"detailedVideoDescriptor\":\"https://archive.hsk.st.nhk/npd3/7fe0-0400/20260306/2558-1-3-0c0fdd97e90a63f3bd2821ba84324849/videoinfo-27f13bdebc198a3f72b4bc484a9a7bdf.json\",\"expires\":\"2026-03-13T08:15:00+09:00\",\"duration\":\"PT14M59S\",\"startDate\":\"2026-03-06T08:00:00+09:00\",\"endDate\":\"2026-03-06T08:15:00+09:00\",\"isDivided\":false,\"publication\":[{\"id\":\"g1-130-2026030609560\",\"url\":\"https://api-local.ss.org.nhk/r8/t/broadcastevent/be/g1-130-2026030609560.json\",\"isLiveBroadcast\":true}],\"hasPart\":[],\"uploadDate\":\"2026-03-06T08:15:00+09:00\"}],\"citation\":[],\"detailedPinnedCitation\":[{\"name\":\"✨登場人物・キャスト\",\"url\":\"https://www.nhk.jp/g/ts/662ZX5J3WG/blog/bl/p63MOdwNjk/bp/pnyMroAvAn/\"},{\"name\":\"📺関連番組・インタビューはこちらから\",\"url\":\"https://www.nhk.jp/g/ts/662ZX5J3WG/blog/bl/p7xRqmNdbW/\"},{\"name\":\"📢ＮＨＫオンデマンドでは第1回から配信中\",\"url\":\"https://www.nhk-ondemand.jp/program/P202500475400000/\"}],\"sameAs\":[],\"correction\":[],\"url\":\"https://api-local.ss.org.nhk/r8/t/tvepisode/te/PM8G32LN9N.json\",\"canonical\":\"https://www.web.nhk/tv/an/bakebake/pl/series-tep-662ZX5J3WG/ep/PM8G32LN9N\",\"associatedMedia\":[],\"hasPart\":[],\"additionalProperty\":{\"episodeMergeStatus\":\"notMerged\"}},\"link\":{\"href\":\"https://www.web.nhk/tv/an/bakebake/pl/series-tep-662ZX5J3WG/ep/PM8G32LN9N\"}}]\n"])</script><script>self.__next_f.push([1,"53:[\"$\",\"$L2a\",\"M74M5M66JN\",{\"content\":{\"type\":\"TVEpisode\",\"id\":\"M74M5M66JN\",\"name\":\"(109)第22週「アタラシ、ノ、ジンセイ。」\",\"detailedEpisodeNameRuby\":\"\",\"identifierGroup\":{\"tvEpisodeId\":\"M74M5M66JN\",\"tvSeriesId\":\"662ZX5J3WG\",\"tvEpisodeName\":\"(109)第22週「アタラシ、ノ、ジンセイ。」\",\"tvSeriesName\":\"ばけばけ\",\"hashtag\":[],\"siteId\":\"0006\",\"serviceId\":[\"g1\",\"g2\",\"s1\",\"s2\",\"s5\"],\"aliasId\":\"bakebake\",\"formatGenreTag\":[{\"id\":\"03\",\"name\":\"ドラマ\"}],\"themeGenreTag\":[{\"id\":\"031\",\"name\":\"国内ドラマ\"},{\"id\":\"030\",\"name\":\"ドラマ全般\"}]},\"keyword\":[],\"description\":\"ラン（蓮佛美沙子）から、トキ（髙石あかり）がフィリピンの話を全て知っていると聞かされたヘブン（トミー・バストウ）。ランにも背中を押され、ヘブンはトキを日本に残しフィリピンに旅立つことを決意する。一方、トキもまた生まれる子供と家族たちと日本に残り、ヘブンの作家活動を応援することを決意する。互いに決意を告げるため、トキとヘブンは散歩に出かける。\",\"dateCreated\":\"2025-12-12T18:16:12+09:00\",\"dateModified\":\"2026-02-26T07:30:17+09:00\",\"actor\":[],\"contributor\":[],\"partOfSeries\":{\"id\":\"662ZX5J3WG\",\"name\":\"ばけばけ\",\"detailedSeriesNameRuby\":\"ばけばけ\",\"identifierGroup\":{\"tvSeriesId\":\"662ZX5J3WG\",\"tvSeriesPlaylistId\":\"series-tep-662ZX5J3WG\",\"tvSeriesUId\":\"p97f04323-5f03-5c6a-ae95-69101ff72127\",\"tvSeriesName\":\"ばけばけ\",\"hashtag\":[],\"siteId\":\"0006\",\"serviceId\":[\"g1\",\"g2\",\"s1\",\"s2\",\"s5\"],\"aliasId\":\"bakebake\",\"formatGenre\":[{\"id\":\"03\",\"name\":\"ドラマ\"}]},\"keyword\":[],\"detailedSynonym\":[],\"sameAs\":[],\"canonical\":\"https://www.web.nhk/tv/an/bakebake/pl/series-tep-662ZX5J3WG\",\"description\":\"【ＮＨＫ朝ドラ公式】連続テレビ小説「ばけばけ」。主演は髙石あかり。\\nキャスト相関図・見逃し配信・あらすじ・放送予定など。\\n小泉セツ\u0026八雲（ラフカディオ・ハーン）夫妻がモデルの物語。明治の松江。怪談を愛する夫婦の何気ない日常を描きます。\\n\\n【作】ふじきみつ彦\\n【音楽】牛尾憲輔\\n【主題歌】ハンバート ハンバート「笑ったり転んだり」\\n【キャスト】髙石あかり、トミー・バストウ / 吉沢亮　ほか\\n【放送予定】2025年9月29日（月）放送開始 （全25週125回）\",\"detailedCatch\":\"「この世はうらめしい。けど、すばらしい。」\",\"logo\":{\"main\":{\"url\":\"https://imgu.web.nhk/static/assets/images/tvseries/ts/662ZX5J3WG/662ZX5J3WG-logo_c082378e129bdef8d8cc9b0b32d2349c.png\",\"width\":1080,\"height\":1080},\"medium\":{\"url\":\"https://imgu.web.nhk/static/assets/images/tvseries/ts/662ZX5J3WG/662ZX5J3WG-logo_9638d94a4c0f54c68db3481308026a2d.png\",\"width\":640,\"height\":640},\"small\":{\"url\":\"https://imgu.web.nhk/static/assets/images/tvseries/ts/662ZX5J3WG/662ZX5J3WG-logo_907c885a543694caf6cec07746e00fd9.png\",\"width\":200,\"height\":200}},\"eyecatch\":{\"large\":{\"url\":\"https://imgu.web.nhk/static/assets/images/tvseries/ts/662ZX5J3WG/662ZX5J3WG-eyecatch_f921ca54baff6aaf68b140ce9c59d273.png\",\"width\":3840,\"height\":2160},\"main\":{\"url\":\"https://imgu.web.nhk/static/assets/images/tvseries/ts/662ZX5J3WG/662ZX5J3WG-eyecatch_ebc0fbef1eef505881258e06e093ee97.png\",\"width\":1920,\"height\":1080},\"medium\":{\"url\":\"https://imgu.web.nhk/static/assets/images/tvseries/ts/662ZX5J3WG/662ZX5J3WG-eyecatch_b045d0c555a786b3a438b87bb5de7473.png\",\"width\":1280,\"height\":720},\"small\":{\"url\":\"https://imgu.web.nhk/static/assets/images/tvseries/ts/662ZX5J3WG/662ZX5J3WG-eyecatch_0959e71c25448d316c13b769bc79186d.png\",\"width\":640,\"height\":360}},\"hero\":{\"main\":{\"url\":\"https://imgu.web.nhk/static/assets/images/tvseries/ts/662ZX5J3WG/662ZX5J3WG-hero_880e6c4fdacadf3094ba9d4a5e3134b0.png\",\"width\":1920,\"height\":640},\"medium\":{\"url\":\"https://imgu.web.nhk/static/assets/images/tvseries/ts/662ZX5J3WG/662ZX5J3WG-hero_192d043cd8197adb42ddd46fdd996333.png\",\"width\":1080,\"height\":360}},\"style\":{\"textLight\":\"#000000\",\"textDark\":\"#FFFFFF\",\"linkLight\":\"#7E7A00\",\"linkDark\":\"#FAF100\",\"primaryLight\":\"#9E9900\",\"primaryDark\":\"#FAF100\"},\"additionalProperty\":{\"publishLevel\":\"full\",\"layoutPattern\":\"summary\",\"episodeOrderBy\":\"releasedEvent\",\"availableOnPlus\":false,\"enableVariablePlayBackSpeedControl\":false,\"optional\":[],\"seriesPackStatus\":\"notPacked\",\"supportMedia\":[\"@screen\"],\"supportMusicList\":true,\"supportPlusEmbed\":true,\"enableWebContent\":false},\"url\":\"https://api-local.ss.org.nhk/r8/t/nplaylist/pl/series-tep-662ZX5J3WG.json\",\"itemUrl\":\"https://api-local.ss.org.nhk/r8/l/tvepisode/pl/series-tep-662ZX5J3WG.json\"},\"releasedEvent\":{\"id\":\"g1-130-2026030508923\",\"startDate\":\"2026-03-05T08:00:00+09:00\",\"displayStartDate\":\"2026-03-05T08:00:00+09:00\",\"endDate\":\"2026-03-05T08:15:00+09:00\",\"publishedOn\":{\"type\":\"BroadcastService\",\"id\":\"bs-g1-130\",\"name\":\"NHK総合テレビジョン\",\"url\":\"https://api-local.ss.org.nhk/r8/t/broadcastservice/bs/g1-130.json\",\"broadcastDisplayName\":\"NHK総合・東京\",\"videoFormat\":[\"2K\"],\"encodingFormat\":[\"video/X-arib-mpeg2\",\"audio/X-arib-mpeg2-aac\"],\"identifierGroup\":{\"serviceId\":\"g1\",\"serviceName\":\"NHK総合1\",\"areaId\":\"130\",\"areaName\":\"東京\",\"channelId\":\"011\",\"channelKey\":\"1\",\"channelAreaName\":\"東京\",\"channelStationName\":\"首都圏\",\"shortenedName\":\"NHK総合1\",\"shortenedDisplayName\":\"総合\",\"multiChannelDisplayName\":\"総合\"},\"logo\":{\"url\":\"https://imgu.web.nhk/common/broadcastservice/bs/g1/g1-logo.svg\",\"main\":{\"url\":\"https://imgu.web.nhk/common/broadcastservice/bs/g1/g1-logo_1080x1080.png\",\"width\":1080,\"height\":1080},\"medium\":{\"url\":\"https://imgu.web.nhk/common/broadcastservice/bs/g1/g1-logo_640x640.png\",\"width\":640,\"height\":640},\"small\":{\"url\":\"https://imgu.web.nhk/common/broadcastservice/bs/g1/g1-logo_200x200.png\",\"width\":200,\"height\":200}},\"eyecatch\":{\"url\":\"https://imgu.web.nhk/common/broadcastservice/bs/g1/g1-eyecatch.svg\",\"large\":{\"url\":\"https://imgu.web.nhk/common/broadcastservice/bs/g1/g1-eyecatch_3840x2160.png\",\"width\":3840,\"height\":2160},\"main\":{\"url\":\"https://imgu.web.nhk/common/broadcastservice/bs/g1/g1-eyecatch_1920x1080.png\",\"width\":1920,\"height\":1080},\"medium\":{\"url\":\"https://imgu.web.nhk/common/broadcastservice/bs/g1/g1-eyecatch_1280x720.png\",\"width\":1280,\"height\":720},\"small\":{\"url\":\"https://imgu.web.nhk/common/broadcastservice/bs/g1/g1-eyecatch_640x360.png\",\"width\":640,\"height\":360}},\"hero\":{\"url\":\"https://imgu.web.nhk/common/broadcastservice/bs/g1/g1-hero.svg\",\"main\":{\"url\":\"https://imgu.web.nhk/common/broadcastservice/bs/g1/g1-hero_1920x640.png\",\"width\":1920,\"height\":640},\"medium\":{\"url\":\"https://imgu.web.nhk/common/broadcastservice/bs/g1/g1-hero_1080x360.png\",\"width\":1080,\"height\":360}},\"badge9x4\":{\"url\":\"https://imgu.web.nhk/common/broadcastservice/bs/g1/g1-badge9x4.svg\",\"main\":{\"url\":\"https://imgu.web.nhk/common/broadcastservice/bs/g1/g1-badge9x4_360x160.png\",\"width\":360,\"height\":160},\"small\":{\"url\":\"https://imgu.web.nhk/common/broadcastservice/bs/g1/g1-badge9x4_180x80.png\",\"width\":180,\"height\":80}}}},\"detailedRecentEvent\":{\"id\":\"g1-130-2026030508923\",\"startDate\":\"2026-03-05T08:00:00+09:00\",\"endDate\":\"2026-03-05T08:15:00+09:00\",\"identifierGroup\":{\"broadcastEventId\":\"g1-130-2026030508923\",\"serviceId\":\"g1\",\"areaId\":\"130\",\"stationId\":\"001\",\"date\":\"2026-03-05\",\"eventId\":\"08923\",\"genre\":[{\"id\":\"0300\",\"name1\":\"ドラマ\",\"name2\":\"国内ドラマ\"},{\"id\":\"0315\",\"name1\":\"ドラマ\",\"name2\":\"その他\"}],\"onid\":\"7fe0\",\"sid\":\"0400\",\"tsid\":\"7fe0\"},\"misc\":{\"displayVideoMode\":\"none\",\"displayVideoRange\":\"sdr\",\"displayAudioMode\":[\"kaisetsu\"],\"audioMode\":[\"stereoKaisetsu\"],\"supportCaption\":true,\"supportSign\":false,\"supportHybridcast\":false,\"supportDataBroadcast\":false,\"isInteractive\":false,\"isChangeable\":false,\"releaseLevel\":\"prime\",\"programType\":\"program\",\"coverage\":\"nationwide\",\"actList\":[{\"role\":\"作\",\"name\":\"ふじきみつ彦\",\"nameRuby\":\"ﾌｼﾞｷﾐﾂﾋｺ\"},{\"role\":\"出演\",\"name\":\"髙石あかり\",\"nameRuby\":\"ﾀｶｲｼｱｶﾘ\"},{\"role\":\"出演\",\"name\":\"トミー・バストウ\",\"nameRuby\":\"ﾄﾐｰ･ﾊﾞｽﾄｳ\"},{\"role\":\"出演\",\"name\":\"蓮佛美沙子\",\"nameRuby\":\"ﾚﾝﾌﾞﾂﾐｻｺ\"},{\"role\":\"出演\",\"name\":\"池脇千鶴\",\"nameRuby\":\"ｲｹﾜｷﾁﾂﾞﾙ\"},{\"role\":\"出演\",\"name\":\"夏目透羽\",\"nameRuby\":\"ﾅﾂﾒﾄﾜ\"},{\"role\":\"音楽\",\"name\":\"牛尾憲輔\",\"nameRuby\":\"ｳｼｵｹﾝｽｹ\"}],\"musicList\":[]},\"publishedOn\":{\"type\":\"BroadcastService\",\"id\":\"bs-g1-130\",\"name\":\"NHK総合テレビジョン\",\"url\":\"https://api-local.ss.org.nhk/r8/t/broadcastservice/bs/g1-130.json\",\"broadcastDisplayName\":\"NHK総合・東京\",\"videoFormat\":[\"2K\"],\"encodingFormat\":[\"video/X-arib-mpeg2\",\"audio/X-arib-mpeg2-aac\"],\"identifierGroup\":{\"serviceId\":\"g1\",\"serviceName\":\"NHK総合1\",\"areaId\":\"130\",\"areaName\":\"東京\",\"channelId\":\"011\",\"channelKey\":\"1\",\"channelAreaName\":\"東京\",\"channelStationName\":\"首都圏\",\"shortenedName\":\"NHK総合1\",\"shortenedDisplayName\":\"総合\",\"multiChannelDisplayName\":\"総合\"},\"logo\":{\"url\":\"https://imgu.web.nhk/common/broadcastservice/bs/g1/g1-logo.svg\",\"main\":{\"url\":\"https://imgu.web.nhk/common/broadcastservice/bs/g1/g1-logo_1080x1080.png\",\"width\":1080,\"height\":1080},\"medium\":{\"url\":\"https://imgu.web.nhk/common/broadcastservice/bs/g1/g1-logo_640x640.png\",\"width\":640,\"height\":640},\"small\":{\"url\":\"https://imgu.web.nhk/common/broadcastservice/bs/g1/g1-logo_200x200.png\",\"width\":200,\"height\":200}},\"eyecatch\":{\"url\":\"https://imgu.web.nhk/common/broadcastservice/bs/g1/g1-eyecatch.svg\",\"large\":{\"url\":\"https://imgu.web.nhk/common/broadcastservice/bs/g1/g1-eyecatch_3840x2160.png\",\"width\":3840,\"height\":2160},\"main\":{\"url\":\"https://imgu.web.nhk/common/broadcastservice/bs/g1/g1-eyecatch_1920x1080.png\",\"width\":1920,\"height\":1080},\"medium\":{\"url\":\"https://imgu.web.nhk/common/broadcastservice/bs/g1/g1-eyecatch_1280x720.png\",\"width\":1280,\"height\":720},\"small\":{\"url\":\"https://imgu.web.nhk/common/broadcastservice/bs/g1/g1-eyecatch_640x360.png\",\"width\":640,\"height\":360}},\"hero\":{\"url\":\"https://imgu.web.nhk/common/broadcastservice/bs/g1/g1-hero.svg\",\"main\":{\"url\":\"https://imgu.web.nhk/common/broadcastservice/bs/g1/g1-hero_1920x640.png\",\"width\":1920,\"height\":640},\"medium\":{\"url\":\"https://imgu.web.nhk/common/broadcastservice/bs/g1/g1-hero_1080x360.png\",\"width\":1080,\"height\":360}},\"badge9x4\":{\"url\":\"https://imgu.web.nhk/common/broadcastservice/bs/g1/g1-badge9x4.svg\",\"main\":{\"url\":\"https://imgu.web.nhk/common/broadcastservice/bs/g1/g1-badge9x4_360x160.png\",\"width\":360,\"height\":160},\"small\":{\"url\":\"https://imgu.web.nhk/common/broadcastservice/bs/g1/g1-badge9x4_180x80.png\",\"width\":180,\"height\":80}}}},\"detailedComingEvent\":{\"id\":\"s5-130-2026030710291\",\"startDate\":\"2026-03-07T11:00:00+09:00\",\"endDate\":\"2026-03-07T11:15:00+09:00\",\"identifierGroup\":{\"broadcastEventId\":\"s5-130-2026030710291\",\"serviceId\":\"s5\",\"areaId\":\"130\",\"stationId\":\"001\",\"date\":\"2026-03-07\",\"eventId\":\"10291\",\"genre\":[{\"id\":\"0300\",\"name1\":\"ドラマ\",\"name2\":\"国内ドラマ\"},{\"id\":\"0315\",\"name1\":\"ドラマ\",\"name2\":\"その他\"}],\"onid\":\"000b\",\"sid\":\"0065\",\"tsid\":\"b110\"},\"misc\":{\"displayVideoMode\":\"none\",\"displayVideoRange\":\"sdr\",\"displayAudioMode\":[\"kaisetsu\"],\"audioMode\":[\"stereoKaisetsu\"],\"supportCaption\":true,\"supportSign\":false,\"supportHybridcast\":false,\"supportDataBroadcast\":false,\"isInteractive\":false,\"isChangeable\":false,\"releaseLevel\":\"repeat\",\"programType\":\"program\",\"coverage\":\"nationwide\",\"actList\":[{\"role\":\"作\",\"name\":\"ふじきみつ彦\",\"nameRuby\":\"ﾌｼﾞｷﾐﾂﾋｺ\"},{\"role\":\"出演\",\"name\":\"髙石あかり\",\"nameRuby\":\"ﾀｶｲｼｱｶﾘ\"},{\"role\":\"出演\",\"name\":\"トミー・バストウ\",\"nameRuby\":\"ﾄﾐｰ･ﾊﾞｽﾄｳ\"},{\"role\":\"出演\",\"name\":\"蓮佛美沙子\",\"nameRuby\":\"ﾚﾝﾌﾞﾂﾐｻｺ\"},{\"role\":\"出演\",\"name\":\"池脇千鶴\",\"nameRuby\":\"ｲｹﾜｷﾁﾂﾞﾙ\"},{\"role\":\"出演\",\"name\":\"夏目透羽\",\"nameRuby\":\"ﾅﾂﾒﾄﾜ\"},{\"role\":\"音楽\",\"name\":\"牛尾憲輔\",\"nameRuby\":\"ｳｼｵｹﾝｽｹ\"}],\"musicList\":[]},\"publishedOn\":{\"type\":\"BroadcastService\",\"id\":\"bs-s5-130\",\"name\":\"NHK BSプレミアム4K\",\"url\":\"https://api-local.ss.org.nhk/r8/t/broadcastservice/bs/s5-130.json\",\"broadcastDisplayName\":\"NHK BSP4K\",\"videoFormat\":[\"4K\"],\"encodingFormat\":[\"video/X-arib2-broadcast\"],\"identifierGroup\":{\"serviceId\":\"s5\",\"serviceName\":\"NHK BSプレミアム4K\",\"areaId\":\"130\",\"areaName\":\"東京\",\"channelId\":\"101\",\"channelKey\":\"1\",\"channelAreaName\":\"東京\",\"channelStationName\":\"首都圏\",\"shortenedName\":\"NHK BSプレミアム4K\",\"shortenedDisplayName\":\"プレミアム4K\"},\"logo\":{\"url\":\"https://imgu.web.nhk/common/broadcastservice/bs/s5/s5-logo.svg\",\"main\":{\"url\":\"https://imgu.web.nhk/common/broadcastservice/bs/s5/s5-logo_1080x1080.png\",\"width\":1080,\"height\":1080},\"medium\":{\"url\":\"https://imgu.web.nhk/common/broadcastservice/bs/s5/s5-logo_640x640.png\",\"width\":640,\"height\":640},\"small\":{\"url\":\"https://imgu.web.nhk/common/broadcastservice/bs/s5/s5-logo_200x200.png\",\"width\":200,\"height\":200}},\"eyecatch\":{\"url\":\"https://imgu.web.nhk/common/broadcastservice/bs/s5/s5-eyecatch.svg\",\"large\":{\"url\":\"https://imgu.web.nhk/common/broadcastservice/bs/s5/s5-eyecatch_3840x2160.png\",\"width\":3840,\"height\":2160},\"main\":{\"url\":\"https://imgu.web.nhk/common/broadcastservice/bs/s5/s5-eyecatch_1920x1080.png\",\"width\":1920,\"height\":1080},\"medium\":{\"url\":\"https://imgu.web.nhk/common/broadcastservice/bs/s5/s5-eyecatch_1280x720.png\",\"width\":1280,\"height\":720},\"small\":{\"url\":\"https://imgu.web.nhk/common/broadcastservice/bs/s5/s5-eyecatch_640x360.png\",\"width\":640,\"height\":360}},\"hero\":{\"url\":\"https://imgu.web.nhk/common/broadcastservice/bs/s5/s5-hero.svg\",\"main\":{\"url\":\"https://imgu.web.nhk/common/broadcastservice/bs/s5/s5-hero_1920x640.png\",\"width\":1920,\"height\":640},\"medium\":{\"url\":\"https://imgu.web.nhk/common/broadcastservice/bs/s5/s5-hero_1080x360.png\",\"width\":1080,\"height\":360}},\"badge9x4\":{\"url\":\"https://imgu.web.nhk/common/broadcastservice/bs/s5/s5-badge9x4.svg\",\"main\":{\"url\":\"https://imgu.web.nhk/common/broadcastservice/bs/s5/s5-badge9x4_360x160.png\",\"width\":360,\"height\":160},\"small\":{\"url\":\"https://imgu.web.nhk/common/broadcastservice/bs/s5/s5-badge9x4_180x80.png\",\"width\":180,\"height\":80}}}},\"eyecatch\":{\"large\":{\"url\":\"https://imgu.web.nhk/static/assets/images/tvepisode/te/M74M5M66JN/M74M5M66JN-eyecatch_2319902c9bc2efb4be0bda60c2067d15.jpg\",\"width\":3840,\"height\":2160},\"main\":{\"url\":\"https://imgu.web.nhk/static/assets/images/tvepisode/te/M74M5M66JN/M74M5M66JN-eyecatch_f4a903ea3d684c1ff242f7d0b2a733e0.jpg\",\"width\":1920,\"height\":1080},\"medium\":{\"url\":\"https://imgu.web.nhk/static/assets/images/tvepisode/te/M74M5M66JN/M74M5M66JN-eyecatch_06f8f431fa219266fdae7d922cb44fe0.jpg\",\"width\":1280,\"height\":720},\"small\":{\"url\":\"https://imgu.web.nhk/static/assets/images/tvepisode/te/M74M5M66JN/M74M5M66JN-eyecatch_dbe878259c3a744b87dbea20fdfd4765.jpg\",\"width\":640,\"height\":360}},\"eyecatchList\":[{\"large\":{\"url\":\"https://imgu.web.nhk/static/assets/images/tvepisode/te/M74M5M66JN/M74M5M66JN-eyecatches_2161eccf3e3b08404b96fb7c3a07c972.jpg\",\"width\":3840,\"height\":2160},\"main\":{\"url\":\"https://imgu.web.nhk/static/assets/images/tvepisode/te/M74M5M66JN/M74M5M66JN-eyecatches_0f6ab09bf2fbb0b2a050790a3447b891.jpg\",\"width\":1920,\"height\":1080},\"medium\":{\"url\":\"https://imgu.web.nhk/static/assets/images/tvepisode/te/M74M5M66JN/M74M5M66JN-eyecatches_aa3c70a27597e2d48ddfe1ab77347c99.jpg\",\"width\":1280,\"height\":720},\"small\":{\"url\":\"https://imgu.web.nhk/static/assets/images/tvepisode/te/M74M5M66JN/M74M5M66JN-eyecatches_f5b1d3700ec9617a1081f4e894687a2c.jpg\",\"width\":640,\"height\":360}},{\"large\":{\"url\":\"https://imgu.web.nhk/static/assets/images/tvepisode/te/M74M5M66JN/M74M5M66JN-eyecatches_fe4c43ee94557a372b8869f1accd3d68.jpg\",\"width\":3840,\"height\":2160},\"main\":{\"url\":\"https://imgu.web.nhk/static/assets/images/tvepisode/te/M74M5M66JN/M74M5M66JN-eyecatches_c4fdc4611a17cbdd88719b46603c608a.jpg\",\"width\":1920,\"height\":1080},\"medium\":{\"url\":\"https://imgu.web.nhk/static/assets/images/tvepisode/te/M74M5M66JN/M74M5M66JN-eyecatches_8abf5b4b9e17fbf23661ff2452210bfb.jpg\",\"width\":1280,\"height\":720},\"small\":{\"url\":\"https://imgu.web.nhk/static/assets/images/tvepisode/te/M74M5M66JN/M74M5M66JN-eyecatches_736c24bab9a16ed9178e4f747eeb2812.jpg\",\"width\":640,\"height\":360}},{\"large\":{\"url\":\"https://imgu.web.nhk/static/assets/images/tvepisode/te/M74M5M66JN/M74M5M66JN-eyecatches_5f6152d7263697c8736cc873b8273379.jpg\",\"width\":3840,\"height\":2160},\"main\":{\"url\":\"https://imgu.web.nhk/static/assets/images/tvepisode/te/M74M5M66JN/M74M5M66JN-eyecatches_75f042c871735d6d7b7fdb77fe9fdeca.jpg\",\"width\":1920,\"height\":1080},\"medium\":{\"url\":\"https://imgu.web.nhk/static/assets/images/tvepisode/te/M74M5M66JN/M74M5M66JN-eyecatches_16aee084967174d0f5541e4fb46bf5ec.jpg\",\"width\":1280,\"height\":720},\"small\":{\"url\":\"https://imgu.web.nhk/static/assets/images/tvepisode/te/M74M5M66JN/M74M5M66JN-eyecatches_c0b25b09be90fa206750ee6afdc79855.jpg\",\"width\":640,\"height\":360}},{\"large\":{\"url\":\"https://imgu.web.nhk/static/assets/images/tvepisode/te/M74M5M66JN/M74M5M66JN-eyecatches_f1d756925ecb251114283429dd44d602.jpg\",\"width\":3840,\"height\":2160},\"main\":{\"url\":\"https://imgu.web.nhk/static/assets/images/tvepisode/te/M74M5M66JN/M74M5M66JN-eyecatches_ebd6fc7a4b73d277d916c0c7bba9a0d8.jpg\",\"width\":1920,\"height\":1080},\"medium\":{\"url\":\"https://imgu.web.nhk/static/assets/images/tvepisode/te/M74M5M66JN/M74M5M66JN-eyecatches_5c87f67931f4f6df73c124154802c2e9.jpg\",\"width\":1280,\"height\":720},\"small\":{\"url\":\"https://imgu.web.nhk/static/assets/images/tvepisode/te/M74M5M66JN/M74M5M66JN-eyecatches_be05804b35deb7a560cc583b42ea2c60.jpg\",\"width\":640,\"height\":360}}],\"video\":[{\"id\":\"hskOriginal-g1-130-2026030508923\",\"name\":\"【連続テレビ小説】ばけばけ（１０９）第２２週「アタラシ、ノ、ジンセイ。」\",\"description\":\"ラン（蓮佛美沙子）から、トキ（髙石あかり）がフィリピンの話を全て知っていると聞かされたヘブン（トミー・バストウ）。ランにも背中を押され、ヘブンはトキを日本に残しフィリピンに旅立つことを決意する。一方、トキもまた生まれる子供と家族たちと日本に残り、ヘブンの作家活動を応援することを決意する。互いに決意を告げるため、トキとヘブンは散歩に出かける。\",\"url\":\"https://www.web.nhk/tv/an/bakebake/pl/series-tep-662ZX5J3WG/ep/M74M5M66JN\",\"identifierGroup\":{\"environmentId\":\"hskOriginal\",\"broadcastEventId\":\"g1-130-2026030508923\",\"serviceId\":\"g1\",\"streamType\":\"vod\"},\"detailedContentStatus\":{\"environmentId\":\"hskOriginal\",\"streamType\":\"vod\",\"contentStatus\":\"ready\"},\"detailedVideoDescriptor\":\"https://archive.hsk.st.nhk/npd3/7fe0-0400/20260305/22db-1-3-a9ac1ab7f8f443a38c52509700682f17/videoinfo-0da157b92c9f01bcaefca2f337c68b8c.json\",\"expires\":\"2026-03-12T08:15:00+09:00\",\"duration\":\"PT14M59S\",\"startDate\":\"2026-03-05T08:00:00+09:00\",\"endDate\":\"2026-03-05T08:15:00+09:00\",\"isDivided\":false,\"publication\":[{\"id\":\"g1-130-2026030508923\",\"url\":\"https://api-local.ss.org.nhk/r8/t/broadcastevent/be/g1-130-2026030508923.json\",\"isLiveBroadcast\":true}],\"hasPart\":[],\"uploadDate\":\"2026-03-05T08:15:00+09:00\"}],\"citation\":[],\"detailedPinnedCitation\":[{\"name\":\"✨登場人物・キャスト\",\"url\":\"https://www.nhk.jp/g/ts/662ZX5J3WG/blog/bl/p63MOdwNjk/bp/pnyMroAvAn/\"},{\"name\":\"📺関連番組・インタビューはこちらから\",\"url\":\"https://www.nhk.jp/g/ts/662ZX5J3WG/blog/bl/p7xRqmNdbW/\"},{\"name\":\"📢ＮＨＫオンデマンドでは第1回から配信中\",\"url\":\"https://www.nhk-ondemand.jp/program/P202500475400000/\"}],\"sameAs\":[],\"correction\":[],\"url\":\"https://api-local.ss.org.nhk/r8/t/tvepisode/te/M74M5M66JN.json\",\"canonical\":\"https://www.web.nhk/tv/an/bakebake/pl/series-tep-662ZX5J3WG/ep/M74M5M66JN\",\"associatedMedia\":[],\"hasPart\":[],\"additionalProperty\":{\"episodeMergeStatus\":\"notMerged\"}},\"link\":{\"href\":\"https://www.web.nhk/tv/an/bakebake/pl/series-tep-662ZX5J3WG/ep/M74M5M66JN\"}}]\n"])</script><script>self.__next_f.push([1,"54:[\"$\",\"$L2a\",\"Y6WYN5Z4VY\",{\"content\":{\"type\":\"TVEpisode\",\"id\":\"Y6WYN5Z4VY\",\"name\":\"(108)第22週「アタラシ、ノ、ジンセイ。」\",\"detailedEpisodeNameRuby\":\"\",\"identifierGroup\":{\"tvEpisodeId\":\"Y6WYN5Z4VY\",\"tvSeriesId\":\"662ZX5J3WG\",\"tvEpisodeName\":\"(108)第22週「アタラシ、ノ、ジンセイ。」\",\"tvSeriesName\":\"ばけばけ\",\"hashtag\":[],\"siteId\":\"0006\",\"serviceId\":[\"g1\",\"g2\",\"s1\",\"s2\",\"s5\"],\"aliasId\":\"bakebake\",\"formatGenreTag\":[{\"id\":\"03\",\"name\":\"ドラマ\"}],\"themeGenreTag\":[{\"id\":\"031\",\"name\":\"国内ドラマ\"},{\"id\":\"030\",\"name\":\"ドラマ全般\"}]},\"keyword\":[],\"description\":\"ラン（蓮佛美沙子）の家の帰り道に、動けなくなってしまったトキ（髙石あかり）。通りかかった丈（杉田雷麟）と正木（日高由起刀）に連れられ病院で診察を受ける。大きな病かと不安なトキだったが、診察の結果、新たな命を授かったことを知る。家に帰ったトキの報告に、フミ（池脇千鶴）と司之介（岡部たかし）は歓喜する。しかし、トキはヘブン（トミー・バストウ）に告げるのは待ってほしいと家族に伝える。\",\"dateCreated\":\"2025-12-11T18:19:49+09:00\",\"dateModified\":\"2026-02-25T12:33:24+09:00\",\"actor\":[],\"contributor\":[],\"partOfSeries\":{\"id\":\"662ZX5J3WG\",\"name\":\"ばけばけ\",\"detailedSeriesNameRuby\":\"ばけばけ\",\"identifierGroup\":{\"tvSeriesId\":\"662ZX5J3WG\",\"tvSeriesPlaylistId\":\"series-tep-662ZX5J3WG\",\"tvSeriesUId\":\"p97f04323-5f03-5c6a-ae95-69101ff72127\",\"tvSeriesName\":\"ばけばけ\",\"hashtag\":[],\"siteId\":\"0006\",\"serviceId\":[\"g1\",\"g2\",\"s1\",\"s2\",\"s5\"],\"aliasId\":\"bakebake\",\"formatGenre\":[{\"id\":\"03\",\"name\":\"ドラマ\"}]},\"keyword\":[],\"detailedSynonym\":[],\"sameAs\":[],\"canonical\":\"https://www.web.nhk/tv/an/bakebake/pl/series-tep-662ZX5J3WG\",\"description\":\"【ＮＨＫ朝ドラ公式】連続テレビ小説「ばけばけ」。主演は髙石あかり。\\nキャスト相関図・見逃し配信・あらすじ・放送予定など。\\n小泉セツ\u0026八雲（ラフカディオ・ハーン）夫妻がモデルの物語。明治の松江。怪談を愛する夫婦の何気ない日常を描きます。\\n\\n【作】ふじきみつ彦\\n【音楽】牛尾憲輔\\n【主題歌】ハンバート ハンバート「笑ったり転んだり」\\n【キャスト】髙石あかり、トミー・バストウ / 吉沢亮　ほか\\n【放送予定】2025年9月29日（月）放送開始 （全25週125回）\",\"detailedCatch\":\"「この世はうらめしい。けど、すばらしい。」\",\"logo\":{\"main\":{\"url\":\"https://imgu.web.nhk/static/assets/images/tvseries/ts/662ZX5J3WG/662ZX5J3WG-logo_c082378e129bdef8d8cc9b0b32d2349c.png\",\"width\":1080,\"height\":1080},\"medium\":{\"url\":\"https://imgu.web.nhk/static/assets/images/tvseries/ts/662ZX5J3WG/662ZX5J3WG-logo_9638d94a4c0f54c68db3481308026a2d.png\",\"width\":640,\"height\":640},\"small\":{\"url\":\"https://imgu.web.nhk/static/assets/images/tvseries/ts/662ZX5J3WG/662ZX5J3WG-logo_907c885a543694caf6cec07746e00fd9.png\",\"width\":200,\"height\":200}},\"eyecatch\":{\"large\":{\"url\":\"https://imgu.web.nhk/static/assets/images/tvseries/ts/662ZX5J3WG/662ZX5J3WG-eyecatch_f921ca54baff6aaf68b140ce9c59d273.png\",\"width\":3840,\"height\":2160},\"main\":{\"url\":\"https://imgu.web.nhk/static/assets/images/tvseries/ts/662ZX5J3WG/662ZX5J3WG-eyecatch_ebc0fbef1eef505881258e06e093ee97.png\",\"width\":1920,\"height\":1080},\"medium\":{\"url\":\"https://imgu.web.nhk/static/assets/images/tvseries/ts/662ZX5J3WG/662ZX5J3WG-eyecatch_b045d0c555a786b3a438b87bb5de7473.png\",\"width\":1280,\"height\":720},\"small\":{\"url\":\"https://imgu.web.nhk/static/assets/images/tvseries/ts/662ZX5J3WG/662ZX5J3WG-eyecatch_0959e71c25448d316c13b769bc79186d.png\",\"width\":640,\"height\":360}},\"hero\":{\"main\":{\"url\":\"https://imgu.web.nhk/static/assets/images/tvseries/ts/662ZX5J3WG/662ZX5J3WG-hero_880e6c4fdacadf3094ba9d4a5e3134b0.png\",\"width\":1920,\"height\":640},\"medium\":{\"url\":\"https://imgu.web.nhk/static/assets/images/tvseries/ts/662ZX5J3WG/662ZX5J3WG-hero_192d043cd8197adb42ddd46fdd996333.png\",\"width\":1080,\"height\":360}},\"style\":{\"textLight\":\"#000000\",\"textDark\":\"#FFFFFF\",\"linkLight\":\"#7E7A00\",\"linkDark\":\"#FAF100\",\"primaryLight\":\"#9E9900\",\"primaryDark\":\"#FAF100\"},\"additionalProperty\":{\"publishLevel\":\"full\",\"layoutPattern\":\"summary\",\"episodeOrderBy\":\"releasedEvent\",\"availableOnPlus\":false,\"enableVariablePlayBackSpeedControl\":false,\"optional\":[],\"seriesPackStatus\":\"notPacked\",\"supportMedia\":[\"@screen\"],\"supportMusicList\":true,\"supportPlusEmbed\":true,\"enableWebContent\":false},\"url\":\"https://api-local.ss.org.nhk/r8/t/nplaylist/pl/series-tep-662ZX5J3WG.json\",\"itemUrl\":\"https://api-local.ss.org.nhk/r8/l/tvepisode/pl/series-tep-662ZX5J3WG.json\"},\"releasedEvent\":{\"id\":\"g1-130-2026030408411\",\"startDate\":\"2026-03-04T08:00:00+09:00\",\"displayStartDate\":\"2026-03-04T08:00:00+09:00\",\"endDate\":\"2026-03-04T08:15:00+09:00\",\"publishedOn\":{\"type\":\"BroadcastService\",\"id\":\"bs-g1-130\",\"name\":\"NHK総合テレビジョン\",\"url\":\"https://api-local.ss.org.nhk/r8/t/broadcastservice/bs/g1-130.json\",\"broadcastDisplayName\":\"NHK総合・東京\",\"videoFormat\":[\"2K\"],\"encodingFormat\":[\"video/X-arib-mpeg2\",\"audio/X-arib-mpeg2-aac\"],\"identifierGroup\":{\"serviceId\":\"g1\",\"serviceName\":\"NHK総合1\",\"areaId\":\"130\",\"areaName\":\"東京\",\"channelId\":\"011\",\"channelKey\":\"1\",\"channelAreaName\":\"東京\",\"channelStationName\":\"首都圏\",\"shortenedName\":\"NHK総合1\",\"shortenedDisplayName\":\"総合\",\"multiChannelDisplayName\":\"総合\"},\"logo\":{\"url\":\"https://imgu.web.nhk/common/broadcastservice/bs/g1/g1-logo.svg\",\"main\":{\"url\":\"https://imgu.web.nhk/common/broadcastservice/bs/g1/g1-logo_1080x1080.png\",\"width\":1080,\"height\":1080},\"medium\":{\"url\":\"https://imgu.web.nhk/common/broadcastservice/bs/g1/g1-logo_640x640.png\",\"width\":640,\"height\":640},\"small\":{\"url\":\"https://imgu.web.nhk/common/broadcastservice/bs/g1/g1-logo_200x200.png\",\"width\":200,\"height\":200}},\"eyecatch\":{\"url\":\"https://imgu.web.nhk/common/broadcastservice/bs/g1/g1-eyecatch.svg\",\"large\":{\"url\":\"https://imgu.web.nhk/common/broadcastservice/bs/g1/g1-eyecatch_3840x2160.png\",\"width\":3840,\"height\":2160},\"main\":{\"url\":\"https://imgu.web.nhk/common/broadcastservice/bs/g1/g1-eyecatch_1920x1080.png\",\"width\":1920,\"height\":1080},\"medium\":{\"url\":\"https://imgu.web.nhk/common/broadcastservice/bs/g1/g1-eyecatch_1280x720.png\",\"width\":1280,\"height\":720},\"small\":{\"url\":\"https://imgu.web.nhk/common/broadcastservice/bs/g1/g1-eyecatch_640x360.png\",\"width\":640,\"height\":360}},\"hero\":{\"url\":\"https://imgu.web.nhk/common/broadcastservice/bs/g1/g1-hero.svg\",\"main\":{\"url\":\"https://imgu.web.nhk/common/broadcastservice/bs/g1/g1-hero_1920x640.png\",\"width\":1920,\"height\":640},\"medium\":{\"url\":\"https://imgu.web.nhk/common/broadcastservice/bs/g1/g1-hero_1080x360.png\",\"width\":1080,\"height\":360}},\"badge9x4\":{\"url\":\"https://imgu.web.nhk/common/broadcastservice/bs/g1/g1-badge9x4.svg\",\"main\":{\"url\":\"https://imgu.web.nhk/common/broadcastservice/bs/g1/g1-badge9x4_360x160.png\",\"width\":360,\"height\":160},\"small\":{\"url\":\"https://imgu.web.nhk/common/broadcastservice/bs/g1/g1-badge9x4_180x80.png\",\"width\":180,\"height\":80}}}},\"detailedRecentEvent\":{\"id\":\"g1-130-2026030408411\",\"startDate\":\"2026-03-04T08:00:00+09:00\",\"endDate\":\"2026-03-04T08:15:00+09:00\",\"identifierGroup\":{\"broadcastEventId\":\"g1-130-2026030408411\",\"serviceId\":\"g1\",\"areaId\":\"130\",\"stationId\":\"001\",\"date\":\"2026-03-04\",\"eventId\":\"08411\",\"genre\":[{\"id\":\"0300\",\"name1\":\"ドラマ\",\"name2\":\"国内ドラマ\"},{\"id\":\"0315\",\"name1\":\"ドラマ\",\"name2\":\"その他\"}],\"onid\":\"7fe0\",\"sid\":\"0400\",\"tsid\":\"7fe0\"},\"misc\":{\"displayVideoMode\":\"none\",\"displayVideoRange\":\"sdr\",\"displayAudioMode\":[\"kaisetsu\"],\"audioMode\":[\"stereoKaisetsu\"],\"supportCaption\":true,\"supportSign\":false,\"supportHybridcast\":false,\"supportDataBroadcast\":false,\"isInteractive\":false,\"isChangeable\":false,\"releaseLevel\":\"prime\",\"programType\":\"program\",\"coverage\":\"nationwide\",\"actList\":[{\"role\":\"作\",\"name\":\"ふじきみつ彦\",\"nameRuby\":\"ﾌｼﾞｷﾐﾂﾋｺ\"},{\"role\":\"出演\",\"name\":\"髙石あかり\",\"nameRuby\":\"ﾀｶｲｼｱｶﾘ\"},{\"role\":\"出演\",\"name\":\"トミー・バストウ\",\"nameRuby\":\"ﾄﾐｰ･ﾊﾞｽﾄｳ\"},{\"role\":\"出演\",\"name\":\"蓮佛美沙子\",\"nameRuby\":\"ﾚﾝﾌﾞﾂﾐｻｺ\"},{\"role\":\"出演\",\"name\":\"池脇千鶴\",\"nameRuby\":\"ｲｹﾜｷﾁﾂﾞﾙ\"},{\"role\":\"出演\",\"name\":\"岡部たかし\",\"nameRuby\":\"ｵｶﾍﾞﾀｶｼ\"},{\"role\":\"出演\",\"name\":\"杉田雷麟\",\"nameRuby\":\"ｽｷﾞﾀﾗｲﾙ\"},{\"role\":\"出演\",\"name\":\"日高由起刀\",\"nameRuby\":\"ﾋﾀﾞｶﾕｷﾄ\"},{\"role\":\"出演\",\"name\":\"夏目透羽\",\"nameRuby\":\"ﾅﾂﾒﾄﾜ\"},{\"role\":\"出演\",\"name\":\"ジョー・トレメイン\",\"nameRuby\":\"ｼﾞｮｰ･ﾄﾚﾒｲﾝ\"},{\"role\":\"出演\",\"name\":\"村岡希美\",\"nameRuby\":\"ﾑﾗｵｶﾉｿﾞﾐ\"},{\"role\":\"出演\",\"name\":\"奥田ワレタ\",\"nameRuby\":\"ｵｸﾀﾞﾜﾚﾀ\"},{\"role\":\"出演\",\"name\":\"いちえ\",\"nameRuby\":\"ｲﾁｴ\"},{\"role\":\"音楽\",\"name\":\"牛尾憲輔\",\"nameRuby\":\"ｳｼｵｹﾝｽｹ\"}],\"musicList\":[]},\"publishedOn\":{\"type\":\"BroadcastService\",\"id\":\"bs-g1-130\",\"name\":\"NHK総合テレビジョン\",\"url\":\"https://api-local.ss.org.nhk/r8/t/broadcastservice/bs/g1-130.json\",\"broadcastDisplayName\":\"NHK総合・東京\",\"videoFormat\":[\"2K\"],\"encodingFormat\":[\"video/X-arib-mpeg2\",\"audio/X-arib-mpeg2-aac\"],\"identifierGroup\":{\"serviceId\":\"g1\",\"serviceName\":\"NHK総合1\",\"areaId\":\"130\",\"areaName\":\"東京\",\"channelId\":\"011\",\"channelKey\":\"1\",\"channelAreaName\":\"東京\",\"channelStationName\":\"首都圏\",\"shortenedName\":\"NHK総合1\",\"shortenedDisplayName\":\"総合\",\"multiChannelDisplayName\":\"総合\"},\"logo\":{\"url\":\"https://imgu.web.nhk/common/broadcastservice/bs/g1/g1-logo.svg\",\"main\":{\"url\":\"https://imgu.web.nhk/common/broadcastservice/bs/g1/g1-logo_1080x1080.png\",\"width\":1080,\"height\":1080},\"medium\":{\"url\":\"https://imgu.web.nhk/common/broadcastservice/bs/g1/g1-logo_640x640.png\",\"width\":640,\"height\":640},\"small\":{\"url\":\"https://imgu.web.nhk/common/broadcastservice/bs/g1/g1-logo_200x200.png\",\"width\":200,\"height\":200}},\"eyecatch\":{\"url\":\"https://imgu.web.nhk/common/broadcastservice/bs/g1/g1-eyecatch.svg\",\"large\":{\"url\":\"https://imgu.web.nhk/common/broadcastservice/bs/g1/g1-eyecatch_3840x2160.png\",\"width\":3840,\"height\":2160},\"main\":{\"url\":\"https://imgu.web.nhk/common/broadcastservice/bs/g1/g1-eyecatch_1920x1080.png\",\"width\":1920,\"height\":1080},\"medium\":{\"url\":\"https://imgu.web.nhk/common/broadcastservice/bs/g1/g1-eyecatch_1280x720.png\",\"width\":1280,\"height\":720},\"small\":{\"url\":\"https://imgu.web.nhk/common/broadcastservice/bs/g1/g1-eyecatch_640x360.png\",\"width\":640,\"height\":360}},\"hero\":{\"url\":\"https://imgu.web.nhk/common/broadcastservice/bs/g1/g1-hero.svg\",\"main\":{\"url\":\"https://imgu.web.nhk/common/broadcastservice/bs/g1/g1-hero_1920x640.png\",\"width\":1920,\"height\":640},\"medium\":{\"url\":\"https://imgu.web.nhk/common/broadcastservice/bs/g1/g1-hero_1080x360.png\",\"width\":1080,\"height\":360}},\"badge9x4\":{\"url\":\"https://imgu.web.nhk/common/broadcastservice/bs/g1/g1-badge9x4.svg\",\"main\":{\"url\":\"https://imgu.web.nhk/common/broadcastservice/bs/g1/g1-badge9x4_360x160.png\",\"width\":360,\"height\":160},\"small\":{\"url\":\"https://imgu.web.nhk/common/broadcastservice/bs/g1/g1-badge9x4_180x80.png\",\"width\":180,\"height\":80}}}},\"detailedComingEvent\":{\"id\":\"s5-130-2026030710290\",\"startDate\":\"2026-03-07T10:45:00+09:00\",\"endDate\":\"2026-03-07T11:00:00+09:00\",\"identifierGroup\":{\"broadcastEventId\":\"s5-130-2026030710290\",\"serviceId\":\"s5\",\"areaId\":\"130\",\"stationId\":\"001\",\"date\":\"2026-03-07\",\"eventId\":\"10290\",\"genre\":[{\"id\":\"0300\",\"name1\":\"ドラマ\",\"name2\":\"国内ドラマ\"},{\"id\":\"0315\",\"name1\":\"ドラマ\",\"name2\":\"その他\"}],\"onid\":\"000b\",\"sid\":\"0065\",\"tsid\":\"b110\"},\"misc\":{\"displayVideoMode\":\"none\",\"displayVideoRange\":\"sdr\",\"displayAudioMode\":[\"kaisetsu\"],\"audioMode\":[\"stereoKaisetsu\"],\"supportCaption\":true,\"supportSign\":false,\"supportHybridcast\":false,\"supportDataBroadcast\":false,\"isInteractive\":false,\"isChangeable\":false,\"releaseLevel\":\"repeat\",\"programType\":\"program\",\"coverage\":\"nationwide\",\"actList\":[{\"role\":\"作\",\"name\":\"ふじきみつ彦\",\"nameRuby\":\"ﾌｼﾞｷﾐﾂﾋｺ\"},{\"role\":\"出演\",\"name\":\"髙石あかり\",\"nameRuby\":\"ﾀｶｲｼｱｶﾘ\"},{\"role\":\"出演\",\"name\":\"トミー・バストウ\",\"nameRuby\":\"ﾄﾐｰ･ﾊﾞｽﾄｳ\"},{\"role\":\"出演\",\"name\":\"蓮佛美沙子\",\"nameRuby\":\"ﾚﾝﾌﾞﾂﾐｻｺ\"},{\"role\":\"出演\",\"name\":\"池脇千鶴\",\"nameRuby\":\"ｲｹﾜｷﾁﾂﾞﾙ\"},{\"role\":\"出演\",\"name\":\"岡部たかし\",\"nameRuby\":\"ｵｶﾍﾞﾀｶｼ\"},{\"role\":\"出演\",\"name\":\"杉田雷麟\",\"nameRuby\":\"ｽｷﾞﾀﾗｲﾙ\"},{\"role\":\"出演\",\"name\":\"日高由起刀\",\"nameRuby\":\"ﾋﾀﾞｶﾕｷﾄ\"},{\"role\":\"出演\",\"name\":\"夏目透羽\",\"nameRuby\":\"ﾅﾂﾒﾄﾜ\"},{\"role\":\"出演\",\"name\":\"ジョー・トレメイン\",\"nameRuby\":\"ｼﾞｮｰ･ﾄﾚﾒｲﾝ\"},{\"role\":\"出演\",\"name\":\"村岡希美\",\"nameRuby\":\"ﾑﾗｵｶﾉｿﾞﾐ\"},{\"role\":\"出演\",\"name\":\"奥田ワレタ\",\"nameRuby\":\"ｵｸﾀﾞﾜﾚﾀ\"},{\"role\":\"出演\",\"name\":\"いちえ\",\"nameRuby\":\"ｲﾁｴ\"},{\"role\":\"音楽\",\"name\":\"牛尾憲輔\",\"nameRuby\":\"ｳｼｵｹﾝｽｹ\"}],\"musicList\":[]},\"publishedOn\":{\"type\":\"BroadcastService\",\"id\":\"bs-s5-130\",\"name\":\"NHK BSプレミアム4K\",\"url\":\"https://api-local.ss.org.nhk/r8/t/broadcastservice/bs/s5-130.json\",\"broadcastDisplayName\":\"NHK BSP4K\",\"videoFormat\":[\"4K\"],\"encodingFormat\":[\"video/X-arib2-broadcast\"],\"identifierGroup\":{\"serviceId\":\"s5\",\"serviceName\":\"NHK BSプレミアム4K\",\"areaId\":\"130\",\"areaName\":\"東京\",\"channelId\":\"101\",\"channelKey\":\"1\",\"channelAreaName\":\"東京\",\"channelStationName\":\"首都圏\",\"shortenedName\":\"NHK BSプレミアム4K\",\"shortenedDisplayName\":\"プレミアム4K\"},\"logo\":{\"url\":\"https://imgu.web.nhk/common/broadcastservice/bs/s5/s5-logo.svg\",\"main\":{\"url\":\"https://imgu.web.nhk/common/broadcastservice/bs/s5/s5-logo_1080x1080.png\",\"width\":1080,\"height\":1080},\"medium\":{\"url\":\"https://imgu.web.nhk/common/broadcastservice/bs/s5/s5-logo_640x640.png\",\"width\":640,\"height\":640},\"small\":{\"url\":\"https://imgu.web.nhk/common/broadcastservice/bs/s5/s5-logo_200x200.png\",\"width\":200,\"height\":200}},\"eyecatch\":{\"url\":\"https://imgu.web.nhk/common/broadcastservice/bs/s5/s5-eyecatch.svg\",\"large\":{\"url\":\"https://imgu.web.nhk/common/broadcastservice/bs/s5/s5-eyecatch_3840x2160.png\",\"width\":3840,\"height\":2160},\"main\":{\"url\":\"https://imgu.web.nhk/common/broadcastservice/bs/s5/s5-eyecatch_1920x1080.png\",\"width\":1920,\"height\":1080},\"medium\":{\"url\":\"https://imgu.web.nhk/common/broadcastservice/bs/s5/s5-eyecatch_1280x720.png\",\"width\":1280,\"height\":720},\"small\":{\"url\":\"https://imgu.web.nhk/common/broadcastservice/bs/s5/s5-eyecatch_640x360.png\",\"width\":640,\"height\":360}},\"hero\":{\"url\":\"https://imgu.web.nhk/common/broadcastservice/bs/s5/s5-hero.svg\",\"main\":{\"url\":\"https://imgu.web.nhk/common/broadcastservice/bs/s5/s5-hero_1920x640.png\",\"width\":1920,\"height\":640},\"medium\":{\"url\":\"https://imgu.web.nhk/common/broadcastservice/bs/s5/s5-hero_1080x360.png\",\"width\":1080,\"height\":360}},\"badge9x4\":{\"url\":\"https://imgu.web.nhk/common/broadcastservice/bs/s5/s5-badge9x4.svg\",\"main\":{\"url\":\"https://imgu.web.nhk/common/broadcastservice/bs/s5/s5-badge9x4_360x160.png\",\"width\":360,\"height\":160},\"small\":{\"url\":\"https://imgu.web.nhk/common/broadcastservice/bs/s5/s5-badge9x4_180x80.png\",\"width\":180,\"height\":80}}}},\"eyecatch\":{\"large\":{\"url\":\"https://imgu.web.nhk/static/assets/images/tvepisode/te/Y6WYN5Z4VY/Y6WYN5Z4VY-eyecatch_48ac9957d8b3ae0a11cda469e06e23ef.jpg\",\"width\":3840,\"height\":2160},\"main\":{\"url\":\"https://imgu.web.nhk/static/assets/images/tvepisode/te/Y6WYN5Z4VY/Y6WYN5Z4VY-eyecatch_0515947bd877ce166d3438c86055008f.jpg\",\"width\":1920,\"height\":1080},\"medium\":{\"url\":\"https://imgu.web.nhk/static/assets/images/tvepisode/te/Y6WYN5Z4VY/Y6WYN5Z4VY-eyecatch_8b9a0793431eb287674fa9dd7b2439c2.jpg\",\"width\":1280,\"height\":720},\"small\":{\"url\":\"https://imgu.web.nhk/static/assets/images/tvepisode/te/Y6WYN5Z4VY/Y6WYN5Z4VY-eyecatch_1711f726bf08c2482cfc00099fe21a70.jpg\",\"width\":640,\"height\":360}},\"eyecatchList\":[{\"large\":{\"url\":\"https://imgu.web.nhk/static/assets/images/tvepisode/te/Y6WYN5Z4VY/Y6WYN5Z4VY-eyecatches_a376fd22e409f3ad9b45c74243ed60c0.jpg\",\"width\":3840,\"height\":2160},\"main\":{\"url\":\"https://imgu.web.nhk/static/assets/images/tvepisode/te/Y6WYN5Z4VY/Y6WYN5Z4VY-eyecatches_ce8f63016bc029e9c6bdaa2c5c428aeb.jpg\",\"width\":1920,\"height\":1080},\"medium\":{\"url\":\"https://imgu.web.nhk/static/assets/images/tvepisode/te/Y6WYN5Z4VY/Y6WYN5Z4VY-eyecatches_d52359c68bc0e14b8f4ce90a88d6dbb1.jpg\",\"width\":1280,\"height\":720},\"small\":{\"url\":\"https://imgu.web.nhk/static/assets/images/tvepisode/te/Y6WYN5Z4VY/Y6WYN5Z4VY-eyecatches_d9d13886b3fff68e9f35b78e5f968ab3.jpg\",\"width\":640,\"height\":360}},{\"large\":{\"url\":\"https://imgu.web.nhk/static/assets/images/tvepisode/te/Y6WYN5Z4VY/Y6WYN5Z4VY-eyecatches_27689696c53843ebcf3a5c020d679ac7.jpg\",\"width\":3840,\"height\":2160},\"main\":{\"url\":\"https://imgu.web.nhk/static/assets/images/tvepisode/te/Y6WYN5Z4VY/Y6WYN5Z4VY-eyecatches_3f5f97434a100215e4b4b3d34d668fb5.jpg\",\"width\":1920,\"height\":1080},\"medium\":{\"url\":\"https://imgu.web.nhk/static/assets/images/tvepisode/te/Y6WYN5Z4VY/Y6WYN5Z4VY-eyecatches_ae7bea479ec2a88c9a0eabb25317eaf4.jpg\",\"width\":1280,\"height\":720},\"small\":{\"url\":\"https://imgu.web.nhk/static/assets/images/tvepisode/te/Y6WYN5Z4VY/Y6WYN5Z4VY-eyecatches_4b180ba29b188773078910f8d682bb1f.jpg\",\"width\":640,\"height\":360}},{\"large\":{\"url\":\"https://imgu.web.nhk/static/assets/images/tvepisode/te/Y6WYN5Z4VY/Y6WYN5Z4VY-eyecatches_27c0a3424bd029b0542befd085b75708.jpg\",\"width\":3840,\"height\":2160},\"main\":{\"url\":\"https://imgu.web.nhk/static/assets/images/tvepisode/te/Y6WYN5Z4VY/Y6WYN5Z4VY-eyecatches_b2587d147210b1a3cd3ef08a81687faa.jpg\",\"width\":1920,\"height\":1080},\"medium\":{\"url\":\"https://imgu.web.nhk/static/assets/images/tvepisode/te/Y6WYN5Z4VY/Y6WYN5Z4VY-eyecatches_3ccca47b1cefdc08318e659e38463352.jpg\",\"width\":1280,\"height\":720},\"small\":{\"url\":\"https://imgu.web.nhk/static/assets/images/tvepisode/te/Y6WYN5Z4VY/Y6WYN5Z4VY-eyecatches_e1390be9f65f79730dfe0500f8b9ae8b.jpg\",\"width\":640,\"height\":360}},{\"large\":{\"url\":\"https://imgu.web.nhk/static/assets/images/tvepisode/te/Y6WYN5Z4VY/Y6WYN5Z4VY-eyecatches_241de19b30e3fe392f2070c0396bf3bc.jpg\",\"width\":3840,\"height\":2160},\"main\":{\"url\":\"https://imgu.web.nhk/static/assets/images/tvepisode/te/Y6WYN5Z4VY/Y6WYN5Z4VY-eyecatches_17977d49f65ce3421b4da1c9b0f07951.jpg\",\"width\":1920,\"height\":1080},\"medium\":{\"url\":\"https://imgu.web.nhk/static/assets/images/tvepisode/te/Y6WYN5Z4VY/Y6WYN5Z4VY-eyecatches_d30fa1b0ab2a87a67febfc8db2c26580.jpg\",\"width\":1280,\"height\":720},\"small\":{\"url\":\"https://imgu.web.nhk/static/assets/images/tvepisode/te/Y6WYN5Z4VY/Y6WYN5Z4VY-eyecatches_1050806a95c412e255296c78b0912256.jpg\",\"width\":640,\"height\":360}}],\"video\":[{\"id\":\"hskOriginal-g1-130-2026030408411\",\"name\":\"【連続テレビ小説】ばけばけ（１０８）第２２週「アタラシ、ノ、ジンセイ。」\",\"description\":\"ラン（蓮佛美沙子）の家の帰り道に、動けなくなってしまったトキ（髙石あかり）。通りかかった丈（杉田雷麟）と正木（日高由起刀）に連れられ病院で診察を受ける。大きな病かと不安なトキだったが、診察の結果、新たな命を授かったことを知る。家に帰ったトキの報告に、フミ（池脇千鶴）と司之介（岡部たかし）は歓喜する。しかし、トキはヘブン（トミー・バストウ）に告げるのは待ってほしいと家族に伝える。\",\"url\":\"https://www.web.nhk/tv/an/bakebake/pl/series-tep-662ZX5J3WG/ep/Y6WYN5Z4VY\",\"identifierGroup\":{\"environmentId\":\"hskOriginal\",\"broadcastEventId\":\"g1-130-2026030408411\",\"serviceId\":\"g1\",\"streamType\":\"vod\"},\"detailedContentStatus\":{\"environmentId\":\"hskOriginal\",\"streamType\":\"vod\",\"contentStatus\":\"ready\"},\"detailedVideoDescriptor\":\"https://archive.hsk.st.nhk/npd3/7fe0-0400/20260304/20db-1-3-07b8d0032b0bd94d76b033726da086a8/videoinfo-1d7e19098b7c96754a293655bea1ac71.json\",\"expires\":\"2026-03-11T08:15:00+09:00\",\"duration\":\"PT14M59S\",\"startDate\":\"2026-03-04T08:00:00+09:00\",\"endDate\":\"2026-03-04T08:15:00+09:00\",\"isDivided\":false,\"publication\":[{\"id\":\"g1-130-2026030408411\",\"url\":\"https://api-local.ss.org.nhk/r8/t/broadcastevent/be/g1-130-2026030408411.json\",\"isLiveBroadcast\":true}],\"hasPart\":[],\"uploadDate\":\"2026-03-04T08:15:00+09:00\"}],\"citation\":[],\"detailedPinnedCitation\":[{\"name\":\"✨登場人物・キャスト\",\"url\":\"https://www.nhk.jp/g/ts/662ZX5J3WG/blog/bl/p63MOdwNjk/bp/pnyMroAvAn/\"},{\"name\":\"📺関連番組・インタビューはこちらから\",\"url\":\"https://www.nhk.jp/g/ts/662ZX5J3WG/blog/bl/p7xRqmNdbW/\"},{\"name\":\"📢ＮＨＫオンデマンドでは第1回から配信中\",\"url\":\"https://www.nhk-ondemand.jp/program/P202500475400000/\"}],\"sameAs\":[],\"correction\":[],\"url\":\"https://api-local.ss.org.nhk/r8/t/tvepisode/te/Y6WYN5Z4VY.json\",\"canonical\":\"https://www.web.nhk/tv/an/bakebake/pl/series-tep-662ZX5J3WG/ep/Y6WYN5Z4VY\",\"associatedMedia\":[],\"hasPart\":[],\"additionalProperty\":{\"episodeMergeStatus\":\"notMerged\"}},\"link\":{\"href\":\"https://www.web.nhk/tv/an/bakebake/pl/series-tep-662ZX5J3WG/ep/Y6WYN5Z4VY\"}}]\n"])</script><script>self.__next_f.push([1,"55:[\"$\",\"$L2a\",\"JR12XJ436Y\",{\"content\":{\"type\":\"TVEpisode\",\"id\":\"JR12XJ436Y\",\"name\":\"(54)「虎穴(こけつ)に入らずんば虎子を得ず」\",\"detailedEpisodeNameRuby\":\"\",\"identifierGroup\":{\"tvEpisodeId\":\"JR12XJ436Y\",\"tvSeriesId\":\"M6Q9QR18KJ\",\"tvEpisodeName\":\"(54)「虎穴(こけつ)に入らずんば虎子を得ず」\",\"tvSeriesName\":\"マッサン\",\"hashtag\":[],\"serviceId\":[\"g1\",\"g2\"],\"formatGenreTag\":[{\"id\":\"03\",\"name\":\"ドラマ\"}],\"themeGenreTag\":[{\"id\":\"031\",\"name\":\"国内ドラマ\"}]},\"keyword\":[],\"description\":\"鴨居とともに働くことを決意したマッサン（玉山鉄二）は、エリー（シャーロット）と一緒に報告のため広島の実家へと向かう。早苗（泉ピン子）はなぜか上機嫌。しかし、鴨居商店に就職し本格的にウイスキーづくりを始めると報告した途端、ついに夢と結婚を諦め酒蔵を継ぐ気になったと勘違いしていた早苗は不機嫌に。そして、早苗は「どうして外国人に生まれてきたんじゃ」と複雑な思いをエリーにぶつけるのだった。\",\"dateCreated\":\"2026-02-10T18:21:04+09:00\",\"dateModified\":\"2026-03-05T04:39:10+09:00\",\"actor\":[],\"contributor\":[],\"partOfSeries\":{\"id\":\"M6Q9QR18KJ\",\"name\":\"マッサン\",\"detailedSeriesNameRuby\":\"まっさん\",\"identifierGroup\":{\"tvSeriesId\":\"M6Q9QR18KJ\",\"tvSeriesPlaylistId\":\"series-tep-M6Q9QR18KJ\",\"tvSeriesUId\":\"pa6743cc6-ad8f-5002-822c-cb6b30d8a073\",\"tvSeriesName\":\"マッサン\",\"hashtag\":[],\"serviceId\":[\"g1\",\"g2\"],\"formatGenre\":[{\"id\":\"03\",\"name\":\"ドラマ\"}]},\"keyword\":[],\"detailedSynonym\":[],\"sameAs\":[{\"name\":\"NHKドラマ\",\"url\":\"https://www.nhk.jp/g/drama/\"},{\"name\":\"「マッサン」最新情報\",\"url\":\"https://www.nhk.jp/g/ts/M6Q9QR18KJ/\"},{\"name\":\"ドラマ情報　玉山鉄二さんからのコメント\",\"url\":\"https://www.nhk.jp/g/blog/fqgfs7y86/\"},{\"name\":\"ドラマ情報　シャーロット・ケイト・フォックスさんからのコメント\",\"url\":\"https://www.nhk.jp/g/blog/rrzhcyiht/\"},{\"name\":\"NHKオンデマンド\",\"url\":\"https://www.nhk-ondemand.jp/program/P201400118400000/\"},{\"name\":\"NHKアーカイブス\",\"url\":\"https://www2.nhk.or.jp/archives/movies/?id=D0009050252_00000\"},{\"name\":\"【ドラマセレクション】再放送番組情報\",\"url\":\"https://www.nhk.jp/g/blog/drama-selection/\"}],\"canonical\":\"https://www.web.nhk/tv/pl/series-tep-M6Q9QR18KJ\",\"description\":\"単身スコットランドに渡り、ウイスキー醸造技術を学ぶ政春は、エリーと出会い恋に落ちる。国産初のウイスキー誕生を夢見るマッサンと、母国を離れ初めて日本にやってきたエリーには、次々と試練が待ち受けていた。\\n激動の時代を夫婦の絆でまっすぐに生きるマッサンとエリーの愛と冒険の物語。\\n\\n【作】\\n羽原大介\\n\\n【音楽】\\n富貴晴美\\n\\n【主題歌】\\n中島みゆき\\n「麦の唄」\\n\\n【語り】\\n松岡洋子\\n\\n【初回放送】\\n2014年9月29日～2015年3月28日\\n総合テレビ　「連続テレビ小説」にて放送\",\"detailedCatch\":\"二人で、生きていくと　決めました\",\"logo\":{\"main\":{\"url\":\"https://imgu.web.nhk/static/assets/images/tvseries/ts/M6Q9QR18KJ/M6Q9QR18KJ-logo_8ed8218dcedc28acf1b6adf410691023.png\",\"width\":1080,\"height\":1080},\"medium\":{\"url\":\"https://imgu.web.nhk/static/assets/images/tvseries/ts/M6Q9QR18KJ/M6Q9QR18KJ-logo_68ab587945a461ec6fe4239efb1046e7.png\",\"width\":640,\"height\":640},\"small\":{\"url\":\"https://imgu.web.nhk/static/assets/images/tvseries/ts/M6Q9QR18KJ/M6Q9QR18KJ-logo_f946b2b1cddad1ef87204a57c18665f1.png\",\"width\":200,\"height\":200}},\"eyecatch\":{\"large\":{\"url\":\"https://imgu.web.nhk/static/assets/images/tvseries/ts/M6Q9QR18KJ/M6Q9QR18KJ-eyecatch_3d94806a47d903d3ede263021a9ba99f.png\",\"width\":3840,\"height\":2160},\"main\":{\"url\":\"https://imgu.web.nhk/static/assets/images/tvseries/ts/M6Q9QR18KJ/M6Q9QR18KJ-eyecatch_8b7ac0e1e8b04f61fb8f548c68f8ef29.png\",\"width\":1920,\"height\":1080},\"medium\":{\"url\":\"https://imgu.web.nhk/static/assets/images/tvseries/ts/M6Q9QR18KJ/M6Q9QR18KJ-eyecatch_697751101c554045386b9a594fb70f02.png\",\"width\":1280,\"height\":720},\"small\":{\"url\":\"https://imgu.web.nhk/static/assets/images/tvseries/ts/M6Q9QR18KJ/M6Q9QR18KJ-eyecatch_49fad15b7d619396d58ea34b5fdcf15f.png\",\"width\":640,\"height\":360}},\"hero\":{\"main\":{\"url\":\"https://imgu.web.nhk/static/assets/images/tvseries/ts/M6Q9QR18KJ/M6Q9QR18KJ-hero_42ae1565bf62d137e628cb3aa198bb25.png\",\"width\":1920,\"height\":640},\"medium\":{\"url\":\"https://imgu.web.nhk/static/assets/images/tvseries/ts/M6Q9QR18KJ/M6Q9QR18KJ-hero_5ca747184b97219204b980462f31f69b.png\",\"width\":1080,\"height\":360}},\"style\":{\"textLight\":\"#000000\",\"textDark\":\"#FFFFFF\",\"linkLight\":\"#E72400\",\"linkDark\":\"#FF4928\",\"primaryLight\":\"#FF2800\",\"primaryDark\":\"#FF2800\"},\"additionalProperty\":{\"publishLevel\":\"full\",\"layoutPattern\":\"summary\",\"episodeOrderBy\":\"releasedEvent\",\"availableOnPlus\":false,\"enableVariablePlayBackSpeedControl\":false,\"optional\":[\"releasedEvent\"],\"seriesPackStatus\":\"notPacked\",\"supportMedia\":[\"@screen\"],\"supportMusicList\":true,\"supportPlusEmbed\":true,\"enableWebContent\":false},\"url\":\"https://api-local.ss.org.nhk/r8/t/nplaylist/pl/series-tep-M6Q9QR18KJ.json\",\"itemUrl\":\"https://api-local.ss.org.nhk/r8/l/tvepisode/pl/series-tep-M6Q9QR18KJ.json\"},\"releasedEvent\":{\"id\":\"g1-130-2026031212834\",\"startDate\":\"2026-03-12T12:30:00+09:00\",\"displayStartDate\":\"2026-03-12T12:30:00+09:00\",\"endDate\":\"2026-03-12T12:45:00+09:00\",\"publishedOn\":{\"type\":\"BroadcastService\",\"id\":\"bs-g1-130\",\"name\":\"NHK総合テレビジョン\",\"url\":\"https://api-local.ss.org.nhk/r8/t/broadcastservice/bs/g1-130.json\",\"broadcastDisplayName\":\"NHK総合・東京\",\"videoFormat\":[\"2K\"],\"encodingFormat\":[\"video/X-arib-mpeg2\",\"audio/X-arib-mpeg2-aac\"],\"identifierGroup\":{\"serviceId\":\"g1\",\"serviceName\":\"NHK総合1\",\"areaId\":\"130\",\"areaName\":\"東京\",\"channelId\":\"011\",\"channelKey\":\"1\",\"channelAreaName\":\"東京\",\"channelStationName\":\"首都圏\",\"shortenedName\":\"NHK総合1\",\"shortenedDisplayName\":\"総合\",\"multiChannelDisplayName\":\"総合\"},\"logo\":{\"url\":\"https://imgu.web.nhk/common/broadcastservice/bs/g1/g1-logo.svg\",\"main\":{\"url\":\"https://imgu.web.nhk/common/broadcastservice/bs/g1/g1-logo_1080x1080.png\",\"width\":1080,\"height\":1080},\"medium\":{\"url\":\"https://imgu.web.nhk/common/broadcastservice/bs/g1/g1-logo_640x640.png\",\"width\":640,\"height\":640},\"small\":{\"url\":\"https://imgu.web.nhk/common/broadcastservice/bs/g1/g1-logo_200x200.png\",\"width\":200,\"height\":200}},\"eyecatch\":{\"url\":\"https://imgu.web.nhk/common/broadcastservice/bs/g1/g1-eyecatch.svg\",\"large\":{\"url\":\"https://imgu.web.nhk/common/broadcastservice/bs/g1/g1-eyecatch_3840x2160.png\",\"width\":3840,\"height\":2160},\"main\":{\"url\":\"https://imgu.web.nhk/common/broadcastservice/bs/g1/g1-eyecatch_1920x1080.png\",\"width\":1920,\"height\":1080},\"medium\":{\"url\":\"https://imgu.web.nhk/common/broadcastservice/bs/g1/g1-eyecatch_1280x720.png\",\"width\":1280,\"height\":720},\"small\":{\"url\":\"https://imgu.web.nhk/common/broadcastservice/bs/g1/g1-eyecatch_640x360.png\",\"width\":640,\"height\":360}},\"hero\":{\"url\":\"https://imgu.web.nhk/common/broadcastservice/bs/g1/g1-hero.svg\",\"main\":{\"url\":\"https://imgu.web.nhk/common/broadcastservice/bs/g1/g1-hero_1920x640.png\",\"width\":1920,\"height\":640},\"medium\":{\"url\":\"https://imgu.web.nhk/common/broadcastservice/bs/g1/g1-hero_1080x360.png\",\"width\":1080,\"height\":360}},\"badge9x4\":{\"url\":\"https://imgu.web.nhk/common/broadcastservice/bs/g1/g1-badge9x4.svg\",\"main\":{\"url\":\"https://imgu.web.nhk/common/broadcastservice/bs/g1/g1-badge9x4_360x160.png\",\"width\":360,\"height\":160},\"small\":{\"url\":\"https://imgu.web.nhk/common/broadcastservice/bs/g1/g1-badge9x4_180x80.png\",\"width\":180,\"height\":80}}}},\"detailedRecentEvent\":{\"id\":\"g1-130-2026031212834\",\"startDate\":\"2026-03-12T12:30:00+09:00\",\"endDate\":\"2026-03-12T12:45:00+09:00\",\"identifierGroup\":{\"broadcastEventId\":\"g1-130-2026031212834\",\"serviceId\":\"g1\",\"areaId\":\"130\",\"stationId\":\"001\",\"date\":\"2026-03-12\",\"eventId\":\"12834\",\"genre\":[{\"id\":\"0300\",\"name1\":\"ドラマ\",\"name2\":\"国内ドラマ\"}],\"onid\":\"7fe0\",\"sid\":\"0400\",\"tsid\":\"7fe0\"},\"misc\":{\"displayVideoMode\":\"none\",\"displayVideoRange\":\"sdr\",\"displayAudioMode\":[\"kaisetsu\"],\"audioMode\":[\"stereoKaisetsu\"],\"supportCaption\":true,\"supportSign\":false,\"supportHybridcast\":false,\"supportDataBroadcast\":false,\"isInteractive\":false,\"isChangeable\":false,\"releaseLevel\":\"original\",\"programType\":\"program\",\"coverage\":\"nationwide\",\"actList\":[{\"role\":\"作\",\"name\":\"羽原大介\",\"nameRuby\":\"ﾊﾊﾞﾗﾀﾞｲｽｹ\"},{\"role\":\"出演\",\"name\":\"玉山鉄二\",\"nameRuby\":\"ﾀﾏﾔﾏﾃﾂｼﾞ\"},{\"role\":\"出演\",\"name\":\"シャーロット・ケイト・フォックス\",\"nameRuby\":\"ｼｬｰﾛｯﾄ･ｹｲﾄ･ﾌｫｯｸｽ\"},{\"role\":\"出演\",\"name\":\"八嶋智人\",\"nameRuby\":\"ﾔｼﾏﾉﾘﾄ\"},{\"role\":\"出演\",\"name\":\"早見あかり\",\"nameRuby\":\"ﾊﾔﾐｱｶﾘ\"},{\"role\":\"出演\",\"name\":\"高橋元太郎\",\"nameRuby\":\"ﾀｶﾊｼｹﾞﾝﾀﾛｳ\"},{\"role\":\"出演\",\"name\":\"前田吟\",\"nameRuby\":\"ﾏｴﾀﾞｷﾞﾝ\"},{\"role\":\"出演\",\"name\":\"泉ピン子\",\"nameRuby\":\"ｲｽﾞﾐﾋﾟﾝｺ\"},{\"role\":\"語り\",\"name\":\"松岡洋子\",\"nameRuby\":\"ﾏﾂｵｶﾖｳｺ\"},{\"role\":\"音楽\",\"name\":\"富貴晴美\",\"nameRuby\":\"ﾌｳｷﾊﾙﾐ\"}],\"musicList\":[]},\"publishedOn\":{\"type\":\"BroadcastService\",\"id\":\"bs-g1-130\",\"name\":\"NHK総合テレビジョン\",\"url\":\"https://api-local.ss.org.nhk/r8/t/broadcastservice/bs/g1-130.json\",\"broadcastDisplayName\":\"NHK総合・東京\",\"videoFormat\":[\"2K\"],\"encodingFormat\":[\"video/X-arib-mpeg2\",\"audio/X-arib-mpeg2-aac\"],\"identifierGroup\":{\"serviceId\":\"g1\",\"serviceName\":\"NHK総合1\",\"areaId\":\"130\",\"areaName\":\"東京\",\"channelId\":\"011\",\"channelKey\":\"1\",\"channelAreaName\":\"東京\",\"channelStationName\":\"首都圏\",\"shortenedName\":\"NHK総合1\",\"shortenedDisplayName\":\"総合\",\"multiChannelDisplayName\":\"総合\"},\"logo\":{\"url\":\"https://imgu.web.nhk/common/broadcastservice/bs/g1/g1-logo.svg\",\"main\":{\"url\":\"https://imgu.web.nhk/common/broadcastservice/bs/g1/g1-logo_1080x1080.png\",\"width\":1080,\"height\":1080},\"medium\":{\"url\":\"https://imgu.web.nhk/common/broadcastservice/bs/g1/g1-logo_640x640.png\",\"width\":640,\"height\":640},\"small\":{\"url\":\"https://imgu.web.nhk/common/broadcastservice/bs/g1/g1-logo_200x200.png\",\"width\":200,\"height\":200}},\"eyecatch\":{\"url\":\"https://imgu.web.nhk/common/broadcastservice/bs/g1/g1-eyecatch.svg\",\"large\":{\"url\":\"https://imgu.web.nhk/common/broadcastservice/bs/g1/g1-eyecatch_3840x2160.png\",\"width\":3840,\"height\":2160},\"main\":{\"url\":\"https://imgu.web.nhk/common/broadcastservice/bs/g1/g1-eyecatch_1920x1080.png\",\"width\":1920,\"height\":1080},\"medium\":{\"url\":\"https://imgu.web.nhk/common/broadcastservice/bs/g1/g1-eyecatch_1280x720.png\",\"width\":1280,\"height\":720},\"small\":{\"url\":\"https://imgu.web.nhk/common/broadcastservice/bs/g1/g1-eyecatch_640x360.png\",\"width\":640,\"height\":360}},\"hero\":{\"url\":\"https://imgu.web.nhk/common/broadcastservice/bs/g1/g1-hero.svg\",\"main\":{\"url\":\"https://imgu.web.nhk/common/broadcastservice/bs/g1/g1-hero_1920x640.png\",\"width\":1920,\"height\":640},\"medium\":{\"url\":\"https://imgu.web.nhk/common/broadcastservice/bs/g1/g1-hero_1080x360.png\",\"width\":1080,\"height\":360}},\"badge9x4\":{\"url\":\"https://imgu.web.nhk/common/broadcastservice/bs/g1/g1-badge9x4.svg\",\"main\":{\"url\":\"https://imgu.web.nhk/common/broadcastservice/bs/g1/g1-badge9x4_360x160.png\",\"width\":360,\"height\":160},\"small\":{\"url\":\"https://imgu.web.nhk/common/broadcastservice/bs/g1/g1-badge9x4_180x80.png\",\"width\":180,\"height\":80}}}},\"detailedComingEvent\":{\"id\":\"g1-130-2026031212834\",\"startDate\":\"2026-03-12T12:30:00+09:00\",\"endDate\":\"2026-03-12T12:45:00+09:00\",\"identifierGroup\":{\"broadcastEventId\":\"g1-130-2026031212834\",\"serviceId\":\"g1\",\"areaId\":\"130\",\"stationId\":\"001\",\"date\":\"2026-03-12\",\"eventId\":\"12834\",\"genre\":[{\"id\":\"0300\",\"name1\":\"ドラマ\",\"name2\":\"国内ドラマ\"}],\"onid\":\"7fe0\",\"sid\":\"0400\",\"tsid\":\"7fe0\"},\"misc\":{\"displayVideoMode\":\"none\",\"displayVideoRange\":\"sdr\",\"displayAudioMode\":[\"kaisetsu\"],\"audioMode\":[\"stereoKaisetsu\"],\"supportCaption\":true,\"supportSign\":false,\"supportHybridcast\":false,\"supportDataBroadcast\":false,\"isInteractive\":false,\"isChangeable\":false,\"releaseLevel\":\"original\",\"programType\":\"program\",\"coverage\":\"nationwide\",\"actList\":[{\"role\":\"作\",\"name\":\"羽原大介\",\"nameRuby\":\"ﾊﾊﾞﾗﾀﾞｲｽｹ\"},{\"role\":\"出演\",\"name\":\"玉山鉄二\",\"nameRuby\":\"ﾀﾏﾔﾏﾃﾂｼﾞ\"},{\"role\":\"出演\",\"name\":\"シャーロット・ケイト・フォックス\",\"nameRuby\":\"ｼｬｰﾛｯﾄ･ｹｲﾄ･ﾌｫｯｸｽ\"},{\"role\":\"出演\",\"name\":\"八嶋智人\",\"nameRuby\":\"ﾔｼﾏﾉﾘﾄ\"},{\"role\":\"出演\",\"name\":\"早見あかり\",\"nameRuby\":\"ﾊﾔﾐｱｶﾘ\"},{\"role\":\"出演\",\"name\":\"高橋元太郎\",\"nameRuby\":\"ﾀｶﾊｼｹﾞﾝﾀﾛｳ\"},{\"role\":\"出演\",\"name\":\"前田吟\",\"nameRuby\":\"ﾏｴﾀﾞｷﾞﾝ\"},{\"role\":\"出演\",\"name\":\"泉ピン子\",\"nameRuby\":\"ｲｽﾞﾐﾋﾟﾝｺ\"},{\"role\":\"語り\",\"name\":\"松岡洋子\",\"nameRuby\":\"ﾏﾂｵｶﾖｳｺ\"},{\"role\":\"音楽\",\"name\":\"富貴晴美\",\"nameRuby\":\"ﾌｳｷﾊﾙﾐ\"}],\"musicList\":[]},\"publishedOn\":{\"type\":\"BroadcastService\",\"id\":\"bs-g1-130\",\"name\":\"NHK総合テレビジョン\",\"url\":\"https://api-local.ss.org.nhk/r8/t/broadcastservice/bs/g1-130.json\",\"broadcastDisplayName\":\"NHK総合・東京\",\"videoFormat\":[\"2K\"],\"encodingFormat\":[\"video/X-arib-mpeg2\",\"audio/X-arib-mpeg2-aac\"],\"identifierGroup\":{\"serviceId\":\"g1\",\"serviceName\":\"NHK総合1\",\"areaId\":\"130\",\"areaName\":\"東京\",\"channelId\":\"011\",\"channelKey\":\"1\",\"channelAreaName\":\"東京\",\"channelStationName\":\"首都圏\",\"shortenedName\":\"NHK総合1\",\"shortenedDisplayName\":\"総合\",\"multiChannelDisplayName\":\"総合\"},\"logo\":{\"url\":\"https://imgu.web.nhk/common/broadcastservice/bs/g1/g1-logo.svg\",\"main\":{\"url\":\"https://imgu.web.nhk/common/broadcastservice/bs/g1/g1-logo_1080x1080.png\",\"width\":1080,\"height\":1080},\"medium\":{\"url\":\"https://imgu.web.nhk/common/broadcastservice/bs/g1/g1-logo_640x640.png\",\"width\":640,\"height\":640},\"small\":{\"url\":\"https://imgu.web.nhk/common/broadcastservice/bs/g1/g1-logo_200x200.png\",\"width\":200,\"height\":200}},\"eyecatch\":{\"url\":\"https://imgu.web.nhk/common/broadcastservice/bs/g1/g1-eyecatch.svg\",\"large\":{\"url\":\"https://imgu.web.nhk/common/broadcastservice/bs/g1/g1-eyecatch_3840x2160.png\",\"width\":3840,\"height\":2160},\"main\":{\"url\":\"https://imgu.web.nhk/common/broadcastservice/bs/g1/g1-eyecatch_1920x1080.png\",\"width\":1920,\"height\":1080},\"medium\":{\"url\":\"https://imgu.web.nhk/common/broadcastservice/bs/g1/g1-eyecatch_1280x720.png\",\"width\":1280,\"height\":720},\"small\":{\"url\":\"https://imgu.web.nhk/common/broadcastservice/bs/g1/g1-eyecatch_640x360.png\",\"width\":640,\"height\":360}},\"hero\":{\"url\":\"https://imgu.web.nhk/common/broadcastservice/bs/g1/g1-hero.svg\",\"main\":{\"url\":\"https://imgu.web.nhk/common/broadcastservice/bs/g1/g1-hero_1920x640.png\",\"width\":1920,\"height\":640},\"medium\":{\"url\":\"https://imgu.web.nhk/common/broadcastservice/bs/g1/g1-hero_1080x360.png\",\"width\":1080,\"height\":360}},\"badge9x4\":{\"url\":\"https://imgu.web.nhk/common/broadcastservice/bs/g1/g1-badge9x4.svg\",\"main\":{\"url\":\"https://imgu.web.nhk/common/broadcastservice/bs/g1/g1-badge9x4_360x160.png\",\"width\":360,\"height\":160},\"small\":{\"url\":\"https://imgu.web.nhk/common/broadcastservice/bs/g1/g1-badge9x4_180x80.png\",\"width\":180,\"height\":80}}}},\"eyecatch\":{\"large\":{\"url\":\"https://imgu.web.nhk/static/assets/images/tvepisode/te/JR12XJ436Y/JR12XJ436Y-eyecatch_68c8d1d90229386a4d5b52da02fd5224.jpg\",\"width\":3840,\"height\":2160},\"main\":{\"url\":\"https://imgu.web.nhk/static/assets/images/tvepisode/te/JR12XJ436Y/JR12XJ436Y-eyecatch_1639b3b846b8e58f4418ab17a1b01382.jpg\",\"width\":1920,\"height\":1080},\"medium\":{\"url\":\"https://imgu.web.nhk/static/assets/images/tvepisode/te/JR12XJ436Y/JR12XJ436Y-eyecatch_770f2e6e8aad3d9eeff9ea8eb862d22d.jpg\",\"width\":1280,\"height\":720},\"small\":{\"url\":\"https://imgu.web.nhk/static/assets/images/tvepisode/te/JR12XJ436Y/JR12XJ436Y-eyecatch_573ad2e08c398b2c1bb64dd286285e48.jpg\",\"width\":640,\"height\":360}},\"eyecatchList\":[],\"video\":[{\"id\":\"hskOriginal-g1-130-2026031212834\",\"name\":\"【連続テレビ小説】マッサン（５４）「虎穴（こけつ）に入らずんば虎子を得ず」\",\"description\":\"鴨居とともに働くことを決意したマッサン（玉山鉄二）は、エリー（シャーロット）と一緒に報告のため広島の実家へと向かう。早苗（泉ピン子）はなぜか上機嫌。しかし、鴨居商店に就職し本格的にウイスキーづくりを始めると報告した途端、ついに夢と結婚を諦め酒蔵を継ぐ気になったと勘違いしていた早苗は不機嫌に。そして、早苗は「どうして外国人に生まれてきたんじゃ」と複雑な思いをエリーにぶつけるのだった。\",\"url\":\"https://www.web.nhk/tv/pl/series-tep-M6Q9QR18KJ/ep/JR12XJ436Y\",\"identifierGroup\":{\"environmentId\":\"hskOriginal\",\"broadcastEventId\":\"g1-130-2026031212834\",\"serviceId\":\"g1\",\"streamType\":\"vod\"},\"detailedContentStatus\":{\"environmentId\":\"hskOriginal\",\"streamType\":\"vod\",\"contentStatus\":\"notyet\"},\"detailedVideoDescriptor\":\"https://simul.hsk.st.nhk/npd3/7fe0-0400/20260312/3222-1-1-aafb66df3e4e4287b1b158c943976fca/videoinfo-4bddb65f039be81875c1c9105b74184d.json\",\"expires\":\"2026-03-19T12:45:00+09:00\",\"duration\":\"PT15M\",\"startDate\":\"2026-03-12T12:30:00+09:00\",\"endDate\":\"2026-03-12T12:45:00+09:00\",\"isDivided\":false,\"publication\":[{\"id\":\"g1-130-2026031212834\",\"url\":\"https://api-local.ss.org.nhk/r8/t/broadcastevent/be/g1-130-2026031212834.json\",\"isLiveBroadcast\":true}],\"uploadDate\":\"2026-03-12T12:45:00+09:00\"}],\"citation\":[],\"detailedPinnedCitation\":[],\"sameAs\":[],\"correction\":[],\"url\":\"https://api-local.ss.org.nhk/r8/t/tvepisode/te/JR12XJ436Y.json\",\"canonical\":\"https://www.web.nhk/tv/pl/series-tep-M6Q9QR18KJ/ep/JR12XJ436Y\",\"associatedMedia\":[],\"hasPart\":[],\"additionalProperty\":{\"episodeMergeStatus\":\"notMerged\"}},\"link\":{\"href\":\"https://www.web.nhk/tv/pl/series-tep-M6Q9QR18KJ/ep/JR12XJ436Y\"}}]\n"])</script><script>self.__next_f.push([1,"56:[\"$\",\"$L2a\",\"LJM3Z28JKP\",{\"content\":{\"type\":\"TVEpisode\",\"id\":\"LJM3Z28JKP\",\"name\":\"(53)「虎穴(こけつ)に入らずんば虎子を得ず」\",\"detailedEpisodeNameRuby\":\"\",\"identifierGroup\":{\"tvEpisodeId\":\"LJM3Z28JKP\",\"tvSeriesId\":\"M6Q9QR18KJ\",\"tvEpisodeName\":\"(53)「虎穴(こけつ)に入らずんば虎子を得ず」\",\"tvSeriesName\":\"マッサン\",\"hashtag\":[],\"serviceId\":[\"g1\",\"g2\"],\"formatGenreTag\":[{\"id\":\"03\",\"name\":\"ドラマ\"}],\"themeGenreTag\":[{\"id\":\"031\",\"name\":\"国内ドラマ\"}]},\"keyword\":[],\"description\":\"月給百円の化学教師の仕事をエリー（シャーロット）のためにも引き受けるべきと周囲に促され思い悩むマッサン（玉山鉄二）。お金がないと生きていけないと、キャサリン（濱田マリ）らも引き受けるべきと言うが、鴨居（堤真一）と一緒にウイスキーづくりをして欲しいエリーは複雑。一方、鴨居もまたウイスキー技術者を探す中で、本場で修行をした男・マッサンなら日本でもウイスキーがつくれるのではと助言され、思い悩むのだった。\",\"dateCreated\":\"2026-02-10T18:36:12+09:00\",\"dateModified\":\"2026-03-04T04:36:50+09:00\",\"actor\":[],\"contributor\":[],\"partOfSeries\":{\"id\":\"M6Q9QR18KJ\",\"name\":\"マッサン\",\"detailedSeriesNameRuby\":\"まっさん\",\"identifierGroup\":{\"tvSeriesId\":\"M6Q9QR18KJ\",\"tvSeriesPlaylistId\":\"series-tep-M6Q9QR18KJ\",\"tvSeriesUId\":\"pa6743cc6-ad8f-5002-822c-cb6b30d8a073\",\"tvSeriesName\":\"マッサン\",\"hashtag\":[],\"serviceId\":[\"g1\",\"g2\"],\"formatGenre\":[{\"id\":\"03\",\"name\":\"ドラマ\"}]},\"keyword\":[],\"detailedSynonym\":[],\"sameAs\":[{\"name\":\"NHKドラマ\",\"url\":\"https://www.nhk.jp/g/drama/\"},{\"name\":\"「マッサン」最新情報\",\"url\":\"https://www.nhk.jp/g/ts/M6Q9QR18KJ/\"},{\"name\":\"ドラマ情報　玉山鉄二さんからのコメント\",\"url\":\"https://www.nhk.jp/g/blog/fqgfs7y86/\"},{\"name\":\"ドラマ情報　シャーロット・ケイト・フォックスさんからのコメント\",\"url\":\"https://www.nhk.jp/g/blog/rrzhcyiht/\"},{\"name\":\"NHKオンデマンド\",\"url\":\"https://www.nhk-ondemand.jp/program/P201400118400000/\"},{\"name\":\"NHKアーカイブス\",\"url\":\"https://www2.nhk.or.jp/archives/movies/?id=D0009050252_00000\"},{\"name\":\"【ドラマセレクション】再放送番組情報\",\"url\":\"https://www.nhk.jp/g/blog/drama-selection/\"}],\"canonical\":\"https://www.web.nhk/tv/pl/series-tep-M6Q9QR18KJ\",\"description\":\"単身スコットランドに渡り、ウイスキー醸造技術を学ぶ政春は、エリーと出会い恋に落ちる。国産初のウイスキー誕生を夢見るマッサンと、母国を離れ初めて日本にやってきたエリーには、次々と試練が待ち受けていた。\\n激動の時代を夫婦の絆でまっすぐに生きるマッサンとエリーの愛と冒険の物語。\\n\\n【作】\\n羽原大介\\n\\n【音楽】\\n富貴晴美\\n\\n【主題歌】\\n中島みゆき\\n「麦の唄」\\n\\n【語り】\\n松岡洋子\\n\\n【初回放送】\\n2014年9月29日～2015年3月28日\\n総合テレビ　「連続テレビ小説」にて放送\",\"detailedCatch\":\"二人で、生きていくと　決めました\",\"logo\":{\"main\":{\"url\":\"https://imgu.web.nhk/static/assets/images/tvseries/ts/M6Q9QR18KJ/M6Q9QR18KJ-logo_8ed8218dcedc28acf1b6adf410691023.png\",\"width\":1080,\"height\":1080},\"medium\":{\"url\":\"https://imgu.web.nhk/static/assets/images/tvseries/ts/M6Q9QR18KJ/M6Q9QR18KJ-logo_68ab587945a461ec6fe4239efb1046e7.png\",\"width\":640,\"height\":640},\"small\":{\"url\":\"https://imgu.web.nhk/static/assets/images/tvseries/ts/M6Q9QR18KJ/M6Q9QR18KJ-logo_f946b2b1cddad1ef87204a57c18665f1.png\",\"width\":200,\"height\":200}},\"eyecatch\":{\"large\":{\"url\":\"https://imgu.web.nhk/static/assets/images/tvseries/ts/M6Q9QR18KJ/M6Q9QR18KJ-eyecatch_3d94806a47d903d3ede263021a9ba99f.png\",\"width\":3840,\"height\":2160},\"main\":{\"url\":\"https://imgu.web.nhk/static/assets/images/tvseries/ts/M6Q9QR18KJ/M6Q9QR18KJ-eyecatch_8b7ac0e1e8b04f61fb8f548c68f8ef29.png\",\"width\":1920,\"height\":1080},\"medium\":{\"url\":\"https://imgu.web.nhk/static/assets/images/tvseries/ts/M6Q9QR18KJ/M6Q9QR18KJ-eyecatch_697751101c554045386b9a594fb70f02.png\",\"width\":1280,\"height\":720},\"small\":{\"url\":\"https://imgu.web.nhk/static/assets/images/tvseries/ts/M6Q9QR18KJ/M6Q9QR18KJ-eyecatch_49fad15b7d619396d58ea34b5fdcf15f.png\",\"width\":640,\"height\":360}},\"hero\":{\"main\":{\"url\":\"https://imgu.web.nhk/static/assets/images/tvseries/ts/M6Q9QR18KJ/M6Q9QR18KJ-hero_42ae1565bf62d137e628cb3aa198bb25.png\",\"width\":1920,\"height\":640},\"medium\":{\"url\":\"https://imgu.web.nhk/static/assets/images/tvseries/ts/M6Q9QR18KJ/M6Q9QR18KJ-hero_5ca747184b97219204b980462f31f69b.png\",\"width\":1080,\"height\":360}},\"style\":{\"textLight\":\"#000000\",\"textDark\":\"#FFFFFF\",\"linkLight\":\"#E72400\",\"linkDark\":\"#FF4928\",\"primaryLight\":\"#FF2800\",\"primaryDark\":\"#FF2800\"},\"additionalProperty\":{\"publishLevel\":\"full\",\"layoutPattern\":\"summary\",\"episodeOrderBy\":\"releasedEvent\",\"availableOnPlus\":false,\"enableVariablePlayBackSpeedControl\":false,\"optional\":[\"releasedEvent\"],\"seriesPackStatus\":\"notPacked\",\"supportMedia\":[\"@screen\"],\"supportMusicList\":true,\"supportPlusEmbed\":true,\"enableWebContent\":false},\"url\":\"https://api-local.ss.org.nhk/r8/t/nplaylist/pl/series-tep-M6Q9QR18KJ.json\",\"itemUrl\":\"https://api-local.ss.org.nhk/r8/l/tvepisode/pl/series-tep-M6Q9QR18KJ.json\"},\"releasedEvent\":{\"id\":\"g1-130-2026031112475\",\"startDate\":\"2026-03-11T12:30:00+09:00\",\"displayStartDate\":\"2026-03-11T12:30:00+09:00\",\"endDate\":\"2026-03-11T12:45:00+09:00\",\"publishedOn\":{\"type\":\"BroadcastService\",\"id\":\"bs-g1-130\",\"name\":\"NHK総合テレビジョン\",\"url\":\"https://api-local.ss.org.nhk/r8/t/broadcastservice/bs/g1-130.json\",\"broadcastDisplayName\":\"NHK総合・東京\",\"videoFormat\":[\"2K\"],\"encodingFormat\":[\"video/X-arib-mpeg2\",\"audio/X-arib-mpeg2-aac\"],\"identifierGroup\":{\"serviceId\":\"g1\",\"serviceName\":\"NHK総合1\",\"areaId\":\"130\",\"areaName\":\"東京\",\"channelId\":\"011\",\"channelKey\":\"1\",\"channelAreaName\":\"東京\",\"channelStationName\":\"首都圏\",\"shortenedName\":\"NHK総合1\",\"shortenedDisplayName\":\"総合\",\"multiChannelDisplayName\":\"総合\"},\"logo\":{\"url\":\"https://imgu.web.nhk/common/broadcastservice/bs/g1/g1-logo.svg\",\"main\":{\"url\":\"https://imgu.web.nhk/common/broadcastservice/bs/g1/g1-logo_1080x1080.png\",\"width\":1080,\"height\":1080},\"medium\":{\"url\":\"https://imgu.web.nhk/common/broadcastservice/bs/g1/g1-logo_640x640.png\",\"width\":640,\"height\":640},\"small\":{\"url\":\"https://imgu.web.nhk/common/broadcastservice/bs/g1/g1-logo_200x200.png\",\"width\":200,\"height\":200}},\"eyecatch\":{\"url\":\"https://imgu.web.nhk/common/broadcastservice/bs/g1/g1-eyecatch.svg\",\"large\":{\"url\":\"https://imgu.web.nhk/common/broadcastservice/bs/g1/g1-eyecatch_3840x2160.png\",\"width\":3840,\"height\":2160},\"main\":{\"url\":\"https://imgu.web.nhk/common/broadcastservice/bs/g1/g1-eyecatch_1920x1080.png\",\"width\":1920,\"height\":1080},\"medium\":{\"url\":\"https://imgu.web.nhk/common/broadcastservice/bs/g1/g1-eyecatch_1280x720.png\",\"width\":1280,\"height\":720},\"small\":{\"url\":\"https://imgu.web.nhk/common/broadcastservice/bs/g1/g1-eyecatch_640x360.png\",\"width\":640,\"height\":360}},\"hero\":{\"url\":\"https://imgu.web.nhk/common/broadcastservice/bs/g1/g1-hero.svg\",\"main\":{\"url\":\"https://imgu.web.nhk/common/broadcastservice/bs/g1/g1-hero_1920x640.png\",\"width\":1920,\"height\":640},\"medium\":{\"url\":\"https://imgu.web.nhk/common/broadcastservice/bs/g1/g1-hero_1080x360.png\",\"width\":1080,\"height\":360}},\"badge9x4\":{\"url\":\"https://imgu.web.nhk/common/broadcastservice/bs/g1/g1-badge9x4.svg\",\"main\":{\"url\":\"https://imgu.web.nhk/common/broadcastservice/bs/g1/g1-badge9x4_360x160.png\",\"width\":360,\"height\":160},\"small\":{\"url\":\"https://imgu.web.nhk/common/broadcastservice/bs/g1/g1-badge9x4_180x80.png\",\"width\":180,\"height\":80}}}},\"detailedRecentEvent\":{\"id\":\"g1-130-2026031112475\",\"startDate\":\"2026-03-11T12:30:00+09:00\",\"endDate\":\"2026-03-11T12:45:00+09:00\",\"identifierGroup\":{\"broadcastEventId\":\"g1-130-2026031112475\",\"serviceId\":\"g1\",\"areaId\":\"130\",\"stationId\":\"001\",\"date\":\"2026-03-11\",\"eventId\":\"12475\",\"genre\":[{\"id\":\"0300\",\"name1\":\"ドラマ\",\"name2\":\"国内ドラマ\"}],\"onid\":\"7fe0\",\"sid\":\"0400\",\"tsid\":\"7fe0\"},\"misc\":{\"displayVideoMode\":\"none\",\"displayVideoRange\":\"sdr\",\"displayAudioMode\":[\"kaisetsu\"],\"audioMode\":[\"stereoKaisetsu\"],\"supportCaption\":true,\"supportSign\":false,\"supportHybridcast\":false,\"supportDataBroadcast\":false,\"isInteractive\":false,\"isChangeable\":false,\"releaseLevel\":\"original\",\"programType\":\"program\",\"coverage\":\"nationwide\",\"actList\":[{\"role\":\"作\",\"name\":\"羽原大介\",\"nameRuby\":\"ﾊﾊﾞﾗﾀﾞｲｽｹ\"},{\"role\":\"出演\",\"name\":\"玉山鉄二\",\"nameRuby\":\"ﾀﾏﾔﾏﾃﾂｼﾞ\"},{\"role\":\"出演\",\"name\":\"シャーロット・ケイト・フォックス\",\"nameRuby\":\"ｼｬｰﾛｯﾄ･ｹｲﾄ･ﾌｫｯｸｽ\"},{\"role\":\"出演\",\"name\":\"濱田マリ\",\"nameRuby\":\"ﾊﾏﾀﾞﾏﾘ\"},{\"role\":\"出演\",\"name\":\"智順\",\"nameRuby\":\"ﾁｽﾝ\"},{\"role\":\"出演\",\"name\":\"飯島順子\",\"nameRuby\":\"ｲｲｼﾞﾏｼﾞｭﾝｺ\"},{\"role\":\"出演\",\"name\":\"及川いぞう\",\"nameRuby\":\"ｵｲｶﾜｲｿﾞｳ\"},{\"role\":\"出演\",\"name\":\"しるさ\",\"nameRuby\":\"ｼﾙｻ\"},{\"role\":\"出演\",\"name\":\"南条好輝\",\"nameRuby\":\"ﾅﾝｼﾞｮｳｺｳｷ\"},{\"role\":\"出演\",\"name\":\"堤真一\",\"nameRuby\":\"ﾂﾂﾐｼﾝｲﾁ\"},{\"role\":\"音楽\",\"name\":\"富貴晴美\",\"nameRuby\":\"ﾌｳｷﾊﾙﾐ\"}],\"musicList\":[]},\"publishedOn\":{\"type\":\"BroadcastService\",\"id\":\"bs-g1-130\",\"name\":\"NHK総合テレビジョン\",\"url\":\"https://api-local.ss.org.nhk/r8/t/broadcastservice/bs/g1-130.json\",\"broadcastDisplayName\":\"NHK総合・東京\",\"videoFormat\":[\"2K\"],\"encodingFormat\":[\"video/X-arib-mpeg2\",\"audio/X-arib-mpeg2-aac\"],\"identifierGroup\":{\"serviceId\":\"g1\",\"serviceName\":\"NHK総合1\",\"areaId\":\"130\",\"areaName\":\"東京\",\"channelId\":\"011\",\"channelKey\":\"1\",\"channelAreaName\":\"東京\",\"channelStationName\":\"首都圏\",\"shortenedName\":\"NHK総合1\",\"shortenedDisplayName\":\"総合\",\"multiChannelDisplayName\":\"総合\"},\"logo\":{\"url\":\"https://imgu.web.nhk/common/broadcastservice/bs/g1/g1-logo.svg\",\"main\":{\"url\":\"https://imgu.web.nhk/common/broadcastservice/bs/g1/g1-logo_1080x1080.png\",\"width\":1080,\"height\":1080},\"medium\":{\"url\":\"https://imgu.web.nhk/common/broadcastservice/bs/g1/g1-logo_640x640.png\",\"width\":640,\"height\":640},\"small\":{\"url\":\"https://imgu.web.nhk/common/broadcastservice/bs/g1/g1-logo_200x200.png\",\"width\":200,\"height\":200}},\"eyecatch\":{\"url\":\"https://imgu.web.nhk/common/broadcastservice/bs/g1/g1-eyecatch.svg\",\"large\":{\"url\":\"https://imgu.web.nhk/common/broadcastservice/bs/g1/g1-eyecatch_3840x2160.png\",\"width\":3840,\"height\":2160},\"main\":{\"url\":\"https://imgu.web.nhk/common/broadcastservice/bs/g1/g1-eyecatch_1920x1080.png\",\"width\":1920,\"height\":1080},\"medium\":{\"url\":\"https://imgu.web.nhk/common/broadcastservice/bs/g1/g1-eyecatch_1280x720.png\",\"width\":1280,\"height\":720},\"small\":{\"url\":\"https://imgu.web.nhk/common/broadcastservice/bs/g1/g1-eyecatch_640x360.png\",\"width\":640,\"height\":360}},\"hero\":{\"url\":\"https://imgu.web.nhk/common/broadcastservice/bs/g1/g1-hero.svg\",\"main\":{\"url\":\"https://imgu.web.nhk/common/broadcastservice/bs/g1/g1-hero_1920x640.png\",\"width\":1920,\"height\":640},\"medium\":{\"url\":\"https://imgu.web.nhk/common/broadcastservice/bs/g1/g1-hero_1080x360.png\",\"width\":1080,\"height\":360}},\"badge9x4\":{\"url\":\"https://imgu.web.nhk/common/broadcastservice/bs/g1/g1-badge9x4.svg\",\"main\":{\"url\":\"https://imgu.web.nhk/common/broadcastservice/bs/g1/g1-badge9x4_360x160.png\",\"width\":360,\"height\":160},\"small\":{\"url\":\"https://imgu.web.nhk/common/broadcastservice/bs/g1/g1-badge9x4_180x80.png\",\"width\":180,\"height\":80}}}},\"detailedComingEvent\":{\"id\":\"g1-130-2026031112475\",\"startDate\":\"2026-03-11T12:30:00+09:00\",\"endDate\":\"2026-03-11T12:45:00+09:00\",\"identifierGroup\":{\"broadcastEventId\":\"g1-130-2026031112475\",\"serviceId\":\"g1\",\"areaId\":\"130\",\"stationId\":\"001\",\"date\":\"2026-03-11\",\"eventId\":\"12475\",\"genre\":[{\"id\":\"0300\",\"name1\":\"ドラマ\",\"name2\":\"国内ドラマ\"}],\"onid\":\"7fe0\",\"sid\":\"0400\",\"tsid\":\"7fe0\"},\"misc\":{\"displayVideoMode\":\"none\",\"displayVideoRange\":\"sdr\",\"displayAudioMode\":[\"kaisetsu\"],\"audioMode\":[\"stereoKaisetsu\"],\"supportCaption\":true,\"supportSign\":false,\"supportHybridcast\":false,\"supportDataBroadcast\":false,\"isInteractive\":false,\"isChangeable\":false,\"releaseLevel\":\"original\",\"programType\":\"program\",\"coverage\":\"nationwide\",\"actList\":[{\"role\":\"作\",\"name\":\"羽原大介\",\"nameRuby\":\"ﾊﾊﾞﾗﾀﾞｲｽｹ\"},{\"role\":\"出演\",\"name\":\"玉山鉄二\",\"nameRuby\":\"ﾀﾏﾔﾏﾃﾂｼﾞ\"},{\"role\":\"出演\",\"name\":\"シャーロット・ケイト・フォックス\",\"nameRuby\":\"ｼｬｰﾛｯﾄ･ｹｲﾄ･ﾌｫｯｸｽ\"},{\"role\":\"出演\",\"name\":\"濱田マリ\",\"nameRuby\":\"ﾊﾏﾀﾞﾏﾘ\"},{\"role\":\"出演\",\"name\":\"智順\",\"nameRuby\":\"ﾁｽﾝ\"},{\"role\":\"出演\",\"name\":\"飯島順子\",\"nameRuby\":\"ｲｲｼﾞﾏｼﾞｭﾝｺ\"},{\"role\":\"出演\",\"name\":\"及川いぞう\",\"nameRuby\":\"ｵｲｶﾜｲｿﾞｳ\"},{\"role\":\"出演\",\"name\":\"しるさ\",\"nameRuby\":\"ｼﾙｻ\"},{\"role\":\"出演\",\"name\":\"南条好輝\",\"nameRuby\":\"ﾅﾝｼﾞｮｳｺｳｷ\"},{\"role\":\"出演\",\"name\":\"堤真一\",\"nameRuby\":\"ﾂﾂﾐｼﾝｲﾁ\"},{\"role\":\"音楽\",\"name\":\"富貴晴美\",\"nameRuby\":\"ﾌｳｷﾊﾙﾐ\"}],\"musicList\":[]},\"publishedOn\":{\"type\":\"BroadcastService\",\"id\":\"bs-g1-130\",\"name\":\"NHK総合テレビジョン\",\"url\":\"https://api-local.ss.org.nhk/r8/t/broadcastservice/bs/g1-130.json\",\"broadcastDisplayName\":\"NHK総合・東京\",\"videoFormat\":[\"2K\"],\"encodingFormat\":[\"video/X-arib-mpeg2\",\"audio/X-arib-mpeg2-aac\"],\"identifierGroup\":{\"serviceId\":\"g1\",\"serviceName\":\"NHK総合1\",\"areaId\":\"130\",\"areaName\":\"東京\",\"channelId\":\"011\",\"channelKey\":\"1\",\"channelAreaName\":\"東京\",\"channelStationName\":\"首都圏\",\"shortenedName\":\"NHK総合1\",\"shortenedDisplayName\":\"総合\",\"multiChannelDisplayName\":\"総合\"},\"logo\":{\"url\":\"https://imgu.web.nhk/common/broadcastservice/bs/g1/g1-logo.svg\",\"main\":{\"url\":\"https://imgu.web.nhk/common/broadcastservice/bs/g1/g1-logo_1080x1080.png\",\"width\":1080,\"height\":1080},\"medium\":{\"url\":\"https://imgu.web.nhk/common/broadcastservice/bs/g1/g1-logo_640x640.png\",\"width\":640,\"height\":640},\"small\":{\"url\":\"https://imgu.web.nhk/common/broadcastservice/bs/g1/g1-logo_200x200.png\",\"width\":200,\"height\":200}},\"eyecatch\":{\"url\":\"https://imgu.web.nhk/common/broadcastservice/bs/g1/g1-eyecatch.svg\",\"large\":{\"url\":\"https://imgu.web.nhk/common/broadcastservice/bs/g1/g1-eyecatch_3840x2160.png\",\"width\":3840,\"height\":2160},\"main\":{\"url\":\"https://imgu.web.nhk/common/broadcastservice/bs/g1/g1-eyecatch_1920x1080.png\",\"width\":1920,\"height\":1080},\"medium\":{\"url\":\"https://imgu.web.nhk/common/broadcastservice/bs/g1/g1-eyecatch_1280x720.png\",\"width\":1280,\"height\":720},\"small\":{\"url\":\"https://imgu.web.nhk/common/broadcastservice/bs/g1/g1-eyecatch_640x360.png\",\"width\":640,\"height\":360}},\"hero\":{\"url\":\"https://imgu.web.nhk/common/broadcastservice/bs/g1/g1-hero.svg\",\"main\":{\"url\":\"https://imgu.web.nhk/common/broadcastservice/bs/g1/g1-hero_1920x640.png\",\"width\":1920,\"height\":640},\"medium\":{\"url\":\"https://imgu.web.nhk/common/broadcastservice/bs/g1/g1-hero_1080x360.png\",\"width\":1080,\"height\":360}},\"badge9x4\":{\"url\":\"https://imgu.web.nhk/common/broadcastservice/bs/g1/g1-badge9x4.svg\",\"main\":{\"url\":\"https://imgu.web.nhk/common/broadcastservice/bs/g1/g1-badge9x4_360x160.png\",\"width\":360,\"height\":160},\"small\":{\"url\":\"https://imgu.web.nhk/common/broadcastservice/bs/g1/g1-badge9x4_180x80.png\",\"width\":180,\"height\":80}}}},\"eyecatch\":{\"large\":{\"url\":\"https://imgu.web.nhk/static/assets/images/tvepisode/te/LJM3Z28JKP/LJM3Z28JKP-eyecatch_38138d172164816c575d803507ac00fc.jpg\",\"width\":3840,\"height\":2160},\"main\":{\"url\":\"https://imgu.web.nhk/static/assets/images/tvepisode/te/LJM3Z28JKP/LJM3Z28JKP-eyecatch_96008d0a7af610b99ebc40a858e85683.jpg\",\"width\":1920,\"height\":1080},\"medium\":{\"url\":\"https://imgu.web.nhk/static/assets/images/tvepisode/te/LJM3Z28JKP/LJM3Z28JKP-eyecatch_2347ea88bd8a12d7e689115473de75ba.jpg\",\"width\":1280,\"height\":720},\"small\":{\"url\":\"https://imgu.web.nhk/static/assets/images/tvepisode/te/LJM3Z28JKP/LJM3Z28JKP-eyecatch_bc0c1bd6bee9f5cf6cb5733fdb1ff1c5.jpg\",\"width\":640,\"height\":360}},\"eyecatchList\":[],\"video\":[{\"id\":\"hskOriginal-g1-130-2026031112475\",\"name\":\"【連続テレビ小説】マッサン（５３）「虎穴（こけつ）に入らずんば虎子を得ず」\",\"description\":\"月給百円の化学教師の仕事をエリー（シャーロット）のためにも引き受けるべきと周囲に促され思い悩むマッサン（玉山鉄二）。お金がないと生きていけないと、キャサリン（濱田マリ）らも引き受けるべきと言うが、鴨居（堤真一）と一緒にウイスキーづくりをして欲しいエリーは複雑。一方、鴨居もまたウイスキー技術者を探す中で、本場で修行をした男・マッサンなら日本でもウイスキーがつくれるのではと助言され、思い悩むのだった。\",\"url\":\"https://www.web.nhk/tv/pl/series-tep-M6Q9QR18KJ/ep/LJM3Z28JKP\",\"identifierGroup\":{\"environmentId\":\"hskOriginal\",\"broadcastEventId\":\"g1-130-2026031112475\",\"serviceId\":\"g1\",\"streamType\":\"vod\"},\"detailedContentStatus\":{\"environmentId\":\"hskOriginal\",\"streamType\":\"vod\",\"contentStatus\":\"notyet\"},\"detailedVideoDescriptor\":\"https://simul.hsk.st.nhk/npd3/7fe0-0400/20260311/30bb-1-1-f57329cbf5dcd289b0787c605751ce79/videoinfo-0e193d79aba37af1851d99279cb72a27.json\",\"expires\":\"2026-03-18T12:45:00+09:00\",\"duration\":\"PT15M\",\"startDate\":\"2026-03-11T12:30:00+09:00\",\"endDate\":\"2026-03-11T12:45:00+09:00\",\"isDivided\":false,\"publication\":[{\"id\":\"g1-130-2026031112475\",\"url\":\"https://api-local.ss.org.nhk/r8/t/broadcastevent/be/g1-130-2026031112475.json\",\"isLiveBroadcast\":true}],\"uploadDate\":\"2026-03-11T12:45:00+09:00\"}],\"citation\":[],\"detailedPinnedCitation\":[],\"sameAs\":[],\"correction\":[],\"url\":\"https://api-local.ss.org.nhk/r8/t/tvepisode/te/LJM3Z28JKP.json\",\"canonical\":\"https://www.web.nhk/tv/pl/series-tep-M6Q9QR18KJ/ep/LJM3Z28JKP\",\"associatedMedia\":[],\"hasPart\":[],\"additionalProperty\":{\"episodeMergeStatus\":\"notMerged\"}},\"link\":{\"href\":\"https://www.web.nhk/tv/pl/series-tep-M6Q9QR18KJ/ep/LJM3Z28JKP\"}}]\n"])</script><script>self.__next_f.push([1,"57:[\"$\",\"$L2a\",\"3PZQ5YG2KZ\",{\"content\":{\"type\":\"TVEpisode\",\"id\":\"3PZQ5YG2KZ\",\"name\":\"(52)「虎穴(こけつ)に入らずんば虎子を得ず」\",\"detailedEpisodeNameRuby\":\"\",\"identifierGroup\":{\"tvEpisodeId\":\"3PZQ5YG2KZ\",\"tvSeriesId\":\"M6Q9QR18KJ\",\"tvEpisodeName\":\"(52)「虎穴(こけつ)に入らずんば虎子を得ず」\",\"tvSeriesName\":\"マッサン\",\"hashtag\":[],\"serviceId\":[\"g1\",\"g2\"],\"formatGenreTag\":[{\"id\":\"03\",\"name\":\"ドラマ\"}],\"themeGenreTag\":[{\"id\":\"031\",\"name\":\"国内ドラマ\"}]},\"keyword\":[],\"description\":\"エリー（シャーロット）の努力が実りようやく迎えたマッサン（玉山鉄二）と鴨居（堤真一）との会談。鴨居は新商品を出した理由と、母親がかつて言ってくれた「やってみなはれ」という言葉を力の源にしてウイスキーづくりに取り組み、世界を驚かせたいと語る。その情熱に心打たれたマッサンは鴨居にウイスキー原酒を振る舞う。しかし、そこで鴨居はピート臭を押さえたウイスキーに改良するようマッサンに提案して…。\",\"dateCreated\":\"2026-02-10T18:36:11+09:00\",\"dateModified\":\"2026-03-03T04:47:51+09:00\",\"actor\":[],\"contributor\":[],\"partOfSeries\":{\"id\":\"M6Q9QR18KJ\",\"name\":\"マッサン\",\"detailedSeriesNameRuby\":\"まっさん\",\"identifierGroup\":{\"tvSeriesId\":\"M6Q9QR18KJ\",\"tvSeriesPlaylistId\":\"series-tep-M6Q9QR18KJ\",\"tvSeriesUId\":\"pa6743cc6-ad8f-5002-822c-cb6b30d8a073\",\"tvSeriesName\":\"マッサン\",\"hashtag\":[],\"serviceId\":[\"g1\",\"g2\"],\"formatGenre\":[{\"id\":\"03\",\"name\":\"ドラマ\"}]},\"keyword\":[],\"detailedSynonym\":[],\"sameAs\":[{\"name\":\"NHKドラマ\",\"url\":\"https://www.nhk.jp/g/drama/\"},{\"name\":\"「マッサン」最新情報\",\"url\":\"https://www.nhk.jp/g/ts/M6Q9QR18KJ/\"},{\"name\":\"ドラマ情報　玉山鉄二さんからのコメント\",\"url\":\"https://www.nhk.jp/g/blog/fqgfs7y86/\"},{\"name\":\"ドラマ情報　シャーロット・ケイト・フォックスさんからのコメント\",\"url\":\"https://www.nhk.jp/g/blog/rrzhcyiht/\"},{\"name\":\"NHKオンデマンド\",\"url\":\"https://www.nhk-ondemand.jp/program/P201400118400000/\"},{\"name\":\"NHKアーカイブス\",\"url\":\"https://www2.nhk.or.jp/archives/movies/?id=D0009050252_00000\"},{\"name\":\"【ドラマセレクション】再放送番組情報\",\"url\":\"https://www.nhk.jp/g/blog/drama-selection/\"}],\"canonical\":\"https://www.web.nhk/tv/pl/series-tep-M6Q9QR18KJ\",\"description\":\"単身スコットランドに渡り、ウイスキー醸造技術を学ぶ政春は、エリーと出会い恋に落ちる。国産初のウイスキー誕生を夢見るマッサンと、母国を離れ初めて日本にやってきたエリーには、次々と試練が待ち受けていた。\\n激動の時代を夫婦の絆でまっすぐに生きるマッサンとエリーの愛と冒険の物語。\\n\\n【作】\\n羽原大介\\n\\n【音楽】\\n富貴晴美\\n\\n【主題歌】\\n中島みゆき\\n「麦の唄」\\n\\n【語り】\\n松岡洋子\\n\\n【初回放送】\\n2014年9月29日～2015年3月28日\\n総合テレビ　「連続テレビ小説」にて放送\",\"detailedCatch\":\"二人で、生きていくと　決めました\",\"logo\":{\"main\":{\"url\":\"https://imgu.web.nhk/static/assets/images/tvseries/ts/M6Q9QR18KJ/M6Q9QR18KJ-logo_8ed8218dcedc28acf1b6adf410691023.png\",\"width\":1080,\"height\":1080},\"medium\":{\"url\":\"https://imgu.web.nhk/static/assets/images/tvseries/ts/M6Q9QR18KJ/M6Q9QR18KJ-logo_68ab587945a461ec6fe4239efb1046e7.png\",\"width\":640,\"height\":640},\"small\":{\"url\":\"https://imgu.web.nhk/static/assets/images/tvseries/ts/M6Q9QR18KJ/M6Q9QR18KJ-logo_f946b2b1cddad1ef87204a57c18665f1.png\",\"width\":200,\"height\":200}},\"eyecatch\":{\"large\":{\"url\":\"https://imgu.web.nhk/static/assets/images/tvseries/ts/M6Q9QR18KJ/M6Q9QR18KJ-eyecatch_3d94806a47d903d3ede263021a9ba99f.png\",\"width\":3840,\"height\":2160},\"main\":{\"url\":\"https://imgu.web.nhk/static/assets/images/tvseries/ts/M6Q9QR18KJ/M6Q9QR18KJ-eyecatch_8b7ac0e1e8b04f61fb8f548c68f8ef29.png\",\"width\":1920,\"height\":1080},\"medium\":{\"url\":\"https://imgu.web.nhk/static/assets/images/tvseries/ts/M6Q9QR18KJ/M6Q9QR18KJ-eyecatch_697751101c554045386b9a594fb70f02.png\",\"width\":1280,\"height\":720},\"small\":{\"url\":\"https://imgu.web.nhk/static/assets/images/tvseries/ts/M6Q9QR18KJ/M6Q9QR18KJ-eyecatch_49fad15b7d619396d58ea34b5fdcf15f.png\",\"width\":640,\"height\":360}},\"hero\":{\"main\":{\"url\":\"https://imgu.web.nhk/static/assets/images/tvseries/ts/M6Q9QR18KJ/M6Q9QR18KJ-hero_42ae1565bf62d137e628cb3aa198bb25.png\",\"width\":1920,\"height\":640},\"medium\":{\"url\":\"https://imgu.web.nhk/static/assets/images/tvseries/ts/M6Q9QR18KJ/M6Q9QR18KJ-hero_5ca747184b97219204b980462f31f69b.png\",\"width\":1080,\"height\":360}},\"style\":{\"textLight\":\"#000000\",\"textDark\":\"#FFFFFF\",\"linkLight\":\"#E72400\",\"linkDark\":\"#FF4928\",\"primaryLight\":\"#FF2800\",\"primaryDark\":\"#FF2800\"},\"additionalProperty\":{\"publishLevel\":\"full\",\"layoutPattern\":\"summary\",\"episodeOrderBy\":\"releasedEvent\",\"availableOnPlus\":false,\"enableVariablePlayBackSpeedControl\":false,\"optional\":[\"releasedEvent\"],\"seriesPackStatus\":\"notPacked\",\"supportMedia\":[\"@screen\"],\"supportMusicList\":true,\"supportPlusEmbed\":true,\"enableWebContent\":false},\"url\":\"https://api-local.ss.org.nhk/r8/t/nplaylist/pl/series-tep-M6Q9QR18KJ.json\",\"itemUrl\":\"https://api-local.ss.org.nhk/r8/l/tvepisode/pl/series-tep-M6Q9QR18KJ.json\"},\"releasedEvent\":{\"id\":\"g1-130-2026031012134\",\"startDate\":\"2026-03-10T12:30:00+09:00\",\"displayStartDate\":\"2026-03-10T12:30:00+09:00\",\"endDate\":\"2026-03-10T12:45:00+09:00\",\"publishedOn\":{\"type\":\"BroadcastService\",\"id\":\"bs-g1-130\",\"name\":\"NHK総合テレビジョン\",\"url\":\"https://api-local.ss.org.nhk/r8/t/broadcastservice/bs/g1-130.json\",\"broadcastDisplayName\":\"NHK総合・東京\",\"videoFormat\":[\"2K\"],\"encodingFormat\":[\"video/X-arib-mpeg2\",\"audio/X-arib-mpeg2-aac\"],\"identifierGroup\":{\"serviceId\":\"g1\",\"serviceName\":\"NHK総合1\",\"areaId\":\"130\",\"areaName\":\"東京\",\"channelId\":\"011\",\"channelKey\":\"1\",\"channelAreaName\":\"東京\",\"channelStationName\":\"首都圏\",\"shortenedName\":\"NHK総合1\",\"shortenedDisplayName\":\"総合\",\"multiChannelDisplayName\":\"総合\"},\"logo\":{\"url\":\"https://imgu.web.nhk/common/broadcastservice/bs/g1/g1-logo.svg\",\"main\":{\"url\":\"https://imgu.web.nhk/common/broadcastservice/bs/g1/g1-logo_1080x1080.png\",\"width\":1080,\"height\":1080},\"medium\":{\"url\":\"https://imgu.web.nhk/common/broadcastservice/bs/g1/g1-logo_640x640.png\",\"width\":640,\"height\":640},\"small\":{\"url\":\"https://imgu.web.nhk/common/broadcastservice/bs/g1/g1-logo_200x200.png\",\"width\":200,\"height\":200}},\"eyecatch\":{\"url\":\"https://imgu.web.nhk/common/broadcastservice/bs/g1/g1-eyecatch.svg\",\"large\":{\"url\":\"https://imgu.web.nhk/common/broadcastservice/bs/g1/g1-eyecatch_3840x2160.png\",\"width\":3840,\"height\":2160},\"main\":{\"url\":\"https://imgu.web.nhk/common/broadcastservice/bs/g1/g1-eyecatch_1920x1080.png\",\"width\":1920,\"height\":1080},\"medium\":{\"url\":\"https://imgu.web.nhk/common/broadcastservice/bs/g1/g1-eyecatch_1280x720.png\",\"width\":1280,\"height\":720},\"small\":{\"url\":\"https://imgu.web.nhk/common/broadcastservice/bs/g1/g1-eyecatch_640x360.png\",\"width\":640,\"height\":360}},\"hero\":{\"url\":\"https://imgu.web.nhk/common/broadcastservice/bs/g1/g1-hero.svg\",\"main\":{\"url\":\"https://imgu.web.nhk/common/broadcastservice/bs/g1/g1-hero_1920x640.png\",\"width\":1920,\"height\":640},\"medium\":{\"url\":\"https://imgu.web.nhk/common/broadcastservice/bs/g1/g1-hero_1080x360.png\",\"width\":1080,\"height\":360}},\"badge9x4\":{\"url\":\"https://imgu.web.nhk/common/broadcastservice/bs/g1/g1-badge9x4.svg\",\"main\":{\"url\":\"https://imgu.web.nhk/common/broadcastservice/bs/g1/g1-badge9x4_360x160.png\",\"width\":360,\"height\":160},\"small\":{\"url\":\"https://imgu.web.nhk/common/broadcastservice/bs/g1/g1-badge9x4_180x80.png\",\"width\":180,\"height\":80}}}},\"detailedRecentEvent\":{\"id\":\"g1-130-2026031012134\",\"startDate\":\"2026-03-10T12:30:00+09:00\",\"endDate\":\"2026-03-10T12:45:00+09:00\",\"identifierGroup\":{\"broadcastEventId\":\"g1-130-2026031012134\",\"serviceId\":\"g1\",\"areaId\":\"130\",\"stationId\":\"001\",\"date\":\"2026-03-10\",\"eventId\":\"12134\",\"genre\":[{\"id\":\"0300\",\"name1\":\"ドラマ\",\"name2\":\"国内ドラマ\"}],\"onid\":\"7fe0\",\"sid\":\"0400\",\"tsid\":\"7fe0\"},\"misc\":{\"displayVideoMode\":\"none\",\"displayVideoRange\":\"sdr\",\"displayAudioMode\":[\"kaisetsu\"],\"audioMode\":[\"stereoKaisetsu\"],\"supportCaption\":true,\"supportSign\":false,\"supportHybridcast\":false,\"supportDataBroadcast\":false,\"isInteractive\":false,\"isChangeable\":false,\"releaseLevel\":\"original\",\"programType\":\"program\",\"coverage\":\"nationwide\",\"actList\":[{\"role\":\"作\",\"name\":\"羽原大介\",\"nameRuby\":\"ﾊﾊﾞﾗﾀﾞｲｽｹ\"},{\"role\":\"出演\",\"name\":\"玉山鉄二\",\"nameRuby\":\"ﾀﾏﾔﾏﾃﾂｼﾞ\"},{\"role\":\"出演\",\"name\":\"シャーロット・ケイト・フォックス\",\"nameRuby\":\"ｼｬｰﾛｯﾄ･ｹｲﾄ･ﾌｫｯｸｽ\"},{\"role\":\"出演\",\"name\":\"濱田マリ\",\"nameRuby\":\"ﾊﾏﾀﾞﾏﾘ\"},{\"role\":\"出演\",\"name\":\"三島ゆり子\",\"nameRuby\":\"ﾐｼﾏﾕﾘｺ\"},{\"role\":\"出演\",\"name\":\"志賀廣太郎\",\"nameRuby\":\"ｼｶﾞｺｳﾀﾛｳ\"},{\"role\":\"出演\",\"name\":\"智順\",\"nameRuby\":\"ﾁｽﾝ\"},{\"role\":\"出演\",\"name\":\"飯島順子\",\"nameRuby\":\"ｲｲｼﾞﾏｼﾞｭﾝｺ\"},{\"role\":\"出演\",\"name\":\"神尾佑\",\"nameRuby\":\"ｶﾐｵﾕｳ\"},{\"role\":\"出演\",\"name\":\"愛原実花\",\"nameRuby\":\"ｱｲﾊﾗﾐｶ\"},{\"role\":\"出演\",\"name\":\"及川いぞう\",\"nameRuby\":\"ｵｲｶﾜｲｿﾞｳ\"},{\"role\":\"出演\",\"name\":\"しるさ\",\"nameRuby\":\"ｼﾙｻ\"},{\"role\":\"出演\",\"name\":\"バッファロー吾郎Ａ\",\"nameRuby\":\"ﾊﾞｯﾌｧﾛｰｺﾞﾛｳA\"},{\"role\":\"出演\",\"name\":\"柳ゆり菜\",\"nameRuby\":\"ﾔﾅｷﾞﾕﾘﾅ\"},{\"role\":\"出演\",\"name\":\"堺翔太\",\"nameRuby\":\"ｻｶｲｼｮｳﾀ\"},{\"role\":\"出演\",\"name\":\"西村亜矢子\",\"nameRuby\":\"ﾆｼﾑﾗｱﾔｺ\"},{\"role\":\"出演\",\"name\":\"堤真一\",\"nameRuby\":\"ﾂﾂﾐｼﾝｲﾁ\"},{\"role\":\"語り\",\"name\":\"松岡洋子\",\"nameRuby\":\"ﾏﾂｵｶﾖｳｺ\"},{\"role\":\"音楽\",\"name\":\"富貴晴美\",\"nameRuby\":\"ﾌｳｷﾊﾙﾐ\"}],\"musicList\":[]},\"publishedOn\":{\"type\":\"BroadcastService\",\"id\":\"bs-g1-130\",\"name\":\"NHK総合テレビジョン\",\"url\":\"https://api-local.ss.org.nhk/r8/t/broadcastservice/bs/g1-130.json\",\"broadcastDisplayName\":\"NHK総合・東京\",\"videoFormat\":[\"2K\"],\"encodingFormat\":[\"video/X-arib-mpeg2\",\"audio/X-arib-mpeg2-aac\"],\"identifierGroup\":{\"serviceId\":\"g1\",\"serviceName\":\"NHK総合1\",\"areaId\":\"130\",\"areaName\":\"東京\",\"channelId\":\"011\",\"channelKey\":\"1\",\"channelAreaName\":\"東京\",\"channelStationName\":\"首都圏\",\"shortenedName\":\"NHK総合1\",\"shortenedDisplayName\":\"総合\",\"multiChannelDisplayName\":\"総合\"},\"logo\":{\"url\":\"https://imgu.web.nhk/common/broadcastservice/bs/g1/g1-logo.svg\",\"main\":{\"url\":\"https://imgu.web.nhk/common/broadcastservice/bs/g1/g1-logo_1080x1080.png\",\"width\":1080,\"height\":1080},\"medium\":{\"url\":\"https://imgu.web.nhk/common/broadcastservice/bs/g1/g1-logo_640x640.png\",\"width\":640,\"height\":640},\"small\":{\"url\":\"https://imgu.web.nhk/common/broadcastservice/bs/g1/g1-logo_200x200.png\",\"width\":200,\"height\":200}},\"eyecatch\":{\"url\":\"https://imgu.web.nhk/common/broadcastservice/bs/g1/g1-eyecatch.svg\",\"large\":{\"url\":\"https://imgu.web.nhk/common/broadcastservice/bs/g1/g1-eyecatch_3840x2160.png\",\"width\":3840,\"height\":2160},\"main\":{\"url\":\"https://imgu.web.nhk/common/broadcastservice/bs/g1/g1-eyecatch_1920x1080.png\",\"width\":1920,\"height\":1080},\"medium\":{\"url\":\"https://imgu.web.nhk/common/broadcastservice/bs/g1/g1-eyecatch_1280x720.png\",\"width\":1280,\"height\":720},\"small\":{\"url\":\"https://imgu.web.nhk/common/broadcastservice/bs/g1/g1-eyecatch_640x360.png\",\"width\":640,\"height\":360}},\"hero\":{\"url\":\"https://imgu.web.nhk/common/broadcastservice/bs/g1/g1-hero.svg\",\"main\":{\"url\":\"https://imgu.web.nhk/common/broadcastservice/bs/g1/g1-hero_1920x640.png\",\"width\":1920,\"height\":640},\"medium\":{\"url\":\"https://imgu.web.nhk/common/broadcastservice/bs/g1/g1-hero_1080x360.png\",\"width\":1080,\"height\":360}},\"badge9x4\":{\"url\":\"https://imgu.web.nhk/common/broadcastservice/bs/g1/g1-badge9x4.svg\",\"main\":{\"url\":\"https://imgu.web.nhk/common/broadcastservice/bs/g1/g1-badge9x4_360x160.png\",\"width\":360,\"height\":160},\"small\":{\"url\":\"https://imgu.web.nhk/common/broadcastservice/bs/g1/g1-badge9x4_180x80.png\",\"width\":180,\"height\":80}}}},\"detailedComingEvent\":{\"id\":\"g1-130-2026031012134\",\"startDate\":\"2026-03-10T12:30:00+09:00\",\"endDate\":\"2026-03-10T12:45:00+09:00\",\"identifierGroup\":{\"broadcastEventId\":\"g1-130-2026031012134\",\"serviceId\":\"g1\",\"areaId\":\"130\",\"stationId\":\"001\",\"date\":\"2026-03-10\",\"eventId\":\"12134\",\"genre\":[{\"id\":\"0300\",\"name1\":\"ドラマ\",\"name2\":\"国内ドラマ\"}],\"onid\":\"7fe0\",\"sid\":\"0400\",\"tsid\":\"7fe0\"},\"misc\":{\"displayVideoMode\":\"none\",\"displayVideoRange\":\"sdr\",\"displayAudioMode\":[\"kaisetsu\"],\"audioMode\":[\"stereoKaisetsu\"],\"supportCaption\":true,\"supportSign\":false,\"supportHybridcast\":false,\"supportDataBroadcast\":false,\"isInteractive\":false,\"isChangeable\":false,\"releaseLevel\":\"original\",\"programType\":\"program\",\"coverage\":\"nationwide\",\"actList\":[{\"role\":\"作\",\"name\":\"羽原大介\",\"nameRuby\":\"ﾊﾊﾞﾗﾀﾞｲｽｹ\"},{\"role\":\"出演\",\"name\":\"玉山鉄二\",\"nameRuby\":\"ﾀﾏﾔﾏﾃﾂｼﾞ\"},{\"role\":\"出演\",\"name\":\"シャーロット・ケイト・フォックス\",\"nameRuby\":\"ｼｬｰﾛｯﾄ･ｹｲﾄ･ﾌｫｯｸｽ\"},{\"role\":\"出演\",\"name\":\"濱田マリ\",\"nameRuby\":\"ﾊﾏﾀﾞﾏﾘ\"},{\"role\":\"出演\",\"name\":\"三島ゆり子\",\"nameRuby\":\"ﾐｼﾏﾕﾘｺ\"},{\"role\":\"出演\",\"name\":\"志賀廣太郎\",\"nameRuby\":\"ｼｶﾞｺｳﾀﾛｳ\"},{\"role\":\"出演\",\"name\":\"智順\",\"nameRuby\":\"ﾁｽﾝ\"},{\"role\":\"出演\",\"name\":\"飯島順子\",\"nameRuby\":\"ｲｲｼﾞﾏｼﾞｭﾝｺ\"},{\"role\":\"出演\",\"name\":\"神尾佑\",\"nameRuby\":\"ｶﾐｵﾕｳ\"},{\"role\":\"出演\",\"name\":\"愛原実花\",\"nameRuby\":\"ｱｲﾊﾗﾐｶ\"},{\"role\":\"出演\",\"name\":\"及川いぞう\",\"nameRuby\":\"ｵｲｶﾜｲｿﾞｳ\"},{\"role\":\"出演\",\"name\":\"しるさ\",\"nameRuby\":\"ｼﾙｻ\"},{\"role\":\"出演\",\"name\":\"バッファロー吾郎Ａ\",\"nameRuby\":\"ﾊﾞｯﾌｧﾛｰｺﾞﾛｳA\"},{\"role\":\"出演\",\"name\":\"柳ゆり菜\",\"nameRuby\":\"ﾔﾅｷﾞﾕﾘﾅ\"},{\"role\":\"出演\",\"name\":\"堺翔太\",\"nameRuby\":\"ｻｶｲｼｮｳﾀ\"},{\"role\":\"出演\",\"name\":\"西村亜矢子\",\"nameRuby\":\"ﾆｼﾑﾗｱﾔｺ\"},{\"role\":\"出演\",\"name\":\"堤真一\",\"nameRuby\":\"ﾂﾂﾐｼﾝｲﾁ\"},{\"role\":\"語り\",\"name\":\"松岡洋子\",\"nameRuby\":\"ﾏﾂｵｶﾖｳｺ\"},{\"role\":\"音楽\",\"name\":\"富貴晴美\",\"nameRuby\":\"ﾌｳｷﾊﾙﾐ\"}],\"musicList\":[]},\"publishedOn\":{\"type\":\"BroadcastService\",\"id\":\"bs-g1-130\",\"name\":\"NHK総合テレビジョン\",\"url\":\"https://api-local.ss.org.nhk/r8/t/broadcastservice/bs/g1-130.json\",\"broadcastDisplayName\":\"NHK総合・東京\",\"videoFormat\":[\"2K\"],\"encodingFormat\":[\"video/X-arib-mpeg2\",\"audio/X-arib-mpeg2-aac\"],\"identifierGroup\":{\"serviceId\":\"g1\",\"serviceName\":\"NHK総合1\",\"areaId\":\"130\",\"areaName\":\"東京\",\"channelId\":\"011\",\"channelKey\":\"1\",\"channelAreaName\":\"東京\",\"channelStationName\":\"首都圏\",\"shortenedName\":\"NHK総合1\",\"shortenedDisplayName\":\"総合\",\"multiChannelDisplayName\":\"総合\"},\"logo\":{\"url\":\"https://imgu.web.nhk/common/broadcastservice/bs/g1/g1-logo.svg\",\"main\":{\"url\":\"https://imgu.web.nhk/common/broadcastservice/bs/g1/g1-logo_1080x1080.png\",\"width\":1080,\"height\":1080},\"medium\":{\"url\":\"https://imgu.web.nhk/common/broadcastservice/bs/g1/g1-logo_640x640.png\",\"width\":640,\"height\":640},\"small\":{\"url\":\"https://imgu.web.nhk/common/broadcastservice/bs/g1/g1-logo_200x200.png\",\"width\":200,\"height\":200}},\"eyecatch\":{\"url\":\"https://imgu.web.nhk/common/broadcastservice/bs/g1/g1-eyecatch.svg\",\"large\":{\"url\":\"https://imgu.web.nhk/common/broadcastservice/bs/g1/g1-eyecatch_3840x2160.png\",\"width\":3840,\"height\":2160},\"main\":{\"url\":\"https://imgu.web.nhk/common/broadcastservice/bs/g1/g1-eyecatch_1920x1080.png\",\"width\":1920,\"height\":1080},\"medium\":{\"url\":\"https://imgu.web.nhk/common/broadcastservice/bs/g1/g1-eyecatch_1280x720.png\",\"width\":1280,\"height\":720},\"small\":{\"url\":\"https://imgu.web.nhk/common/broadcastservice/bs/g1/g1-eyecatch_640x360.png\",\"width\":640,\"height\":360}},\"hero\":{\"url\":\"https://imgu.web.nhk/common/broadcastservice/bs/g1/g1-hero.svg\",\"main\":{\"url\":\"https://imgu.web.nhk/common/broadcastservice/bs/g1/g1-hero_1920x640.png\",\"width\":1920,\"height\":640},\"medium\":{\"url\":\"https://imgu.web.nhk/common/broadcastservice/bs/g1/g1-hero_1080x360.png\",\"width\":1080,\"height\":360}},\"badge9x4\":{\"url\":\"https://imgu.web.nhk/common/broadcastservice/bs/g1/g1-badge9x4.svg\",\"main\":{\"url\":\"https://imgu.web.nhk/common/broadcastservice/bs/g1/g1-badge9x4_360x160.png\",\"width\":360,\"height\":160},\"small\":{\"url\":\"https://imgu.web.nhk/common/broadcastservice/bs/g1/g1-badge9x4_180x80.png\",\"width\":180,\"height\":80}}}},\"eyecatch\":{\"large\":{\"url\":\"https://imgu.web.nhk/static/assets/images/tvepisode/te/3PZQ5YG2KZ/3PZQ5YG2KZ-eyecatch_092e3f12828c345663700afa8375237a.jpg\",\"width\":3840,\"height\":2160},\"main\":{\"url\":\"https://imgu.web.nhk/static/assets/images/tvepisode/te/3PZQ5YG2KZ/3PZQ5YG2KZ-eyecatch_ba669bf703eeb8ad59596e3024982157.jpg\",\"width\":1920,\"height\":1080},\"medium\":{\"url\":\"https://imgu.web.nhk/static/assets/images/tvepisode/te/3PZQ5YG2KZ/3PZQ5YG2KZ-eyecatch_bb9582f74ea07ce4bf98eadb9adefd38.jpg\",\"width\":1280,\"height\":720},\"small\":{\"url\":\"https://imgu.web.nhk/static/assets/images/tvepisode/te/3PZQ5YG2KZ/3PZQ5YG2KZ-eyecatch_fe3764c381419f87f1d5e5bbe17c0ad8.jpg\",\"width\":640,\"height\":360}},\"eyecatchList\":[],\"video\":[{\"id\":\"hskOriginal-g1-130-2026031012134\",\"name\":\"【連続テレビ小説】マッサン（５２）「虎穴（こけつ）に入らずんば虎子を得ず」\",\"description\":\"エリー（シャーロット）の努力が実りようやく迎えたマッサン（玉山鉄二）と鴨居（堤真一）との会談。鴨居は新商品を出した理由と、母親がかつて言ってくれた「やってみなはれ」という言葉を力の源にしてウイスキーづくりに取り組み、世界を驚かせたいと語る。その情熱に心打たれたマッサンは鴨居にウイスキー原酒を振る舞う。しかし、そこで鴨居はピート臭を押さえたウイスキーに改良するようマッサンに提案して…。\",\"url\":\"https://www.web.nhk/tv/pl/series-tep-M6Q9QR18KJ/ep/3PZQ5YG2KZ\",\"identifierGroup\":{\"environmentId\":\"hskOriginal\",\"broadcastEventId\":\"g1-130-2026031012134\",\"serviceId\":\"g1\",\"streamType\":\"vod\"},\"detailedContentStatus\":{\"environmentId\":\"hskOriginal\",\"streamType\":\"vod\",\"contentStatus\":\"notyet\"},\"detailedVideoDescriptor\":\"https://simul.hsk.st.nhk/npd3/7fe0-0400/20260310/2f66-1-1-7207c9bf98b7c3a87d96923a4475181e/videoinfo-b726c38308834794b11f33d6a0b46906.json\",\"expires\":\"2026-03-17T12:45:00+09:00\",\"duration\":\"PT15M\",\"startDate\":\"2026-03-10T12:30:00+09:00\",\"endDate\":\"2026-03-10T12:45:00+09:00\",\"isDivided\":false,\"publication\":[{\"id\":\"g1-130-2026031012134\",\"url\":\"https://api-local.ss.org.nhk/r8/t/broadcastevent/be/g1-130-2026031012134.json\",\"isLiveBroadcast\":true}],\"uploadDate\":\"2026-03-10T12:45:00+09:00\"}],\"citation\":[],\"detailedPinnedCitation\":[],\"sameAs\":[],\"correction\":[],\"url\":\"https://api-local.ss.org.nhk/r8/t/tvepisode/te/3PZQ5YG2KZ.json\",\"canonical\":\"https://www.web.nhk/tv/pl/series-tep-M6Q9QR18KJ/ep/3PZQ5YG2KZ\",\"associatedMedia\":[],\"hasPart\":[],\"additionalProperty\":{\"episodeMergeStatus\":\"notMerged\"}},\"link\":{\"href\":\"https://www.web.nhk/tv/pl/series-tep-M6Q9QR18KJ/ep/3PZQ5YG2KZ\"}}]\n"])</script><script>self.__next_f.push([1,"58:[\"$\",\"$L2a\",\"YX6ZXQ9G2P\",{\"content\":{\"type\":\"TVEpisode\",\"id\":\"YX6ZXQ9G2P\",\"name\":\"(51)「虎穴(こけつ)に入らずんば虎子を得ず」\",\"detailedEpisodeNameRuby\":\"\",\"identifierGroup\":{\"tvEpisodeId\":\"YX6ZXQ9G2P\",\"tvSeriesId\":\"M6Q9QR18KJ\",\"tvEpisodeName\":\"(51)「虎穴(こけつ)に入らずんば虎子を得ず」\",\"tvSeriesName\":\"マッサン\",\"hashtag\":[],\"serviceId\":[\"g1\",\"g2\"],\"formatGenreTag\":[{\"id\":\"03\",\"name\":\"ドラマ\"}],\"themeGenreTag\":[{\"id\":\"031\",\"name\":\"国内ドラマ\"}]},\"keyword\":[],\"description\":\"マッサン（玉山鉄二）と鴨居（堤真一）の会談を成功させるため、最高のおもてなしをしたいとエリー（シャーロット）はキャサリン（濱田マリ）らに相談、早苗からもらった給金を使い料亭を借りることに。一方、鴨居商店がこの不景気のなか本当にウイスキーづくりができるのかという周囲の声を聞いたマッサンは、鴨居との会談に消極的。そんなマッサンにエリーはしった激励し、いよいよ会談の日を迎えるのだが…。\",\"dateCreated\":\"2026-02-10T18:36:12+09:00\",\"dateModified\":\"2026-03-02T04:27:52+09:00\",\"actor\":[],\"contributor\":[],\"partOfSeries\":{\"id\":\"M6Q9QR18KJ\",\"name\":\"マッサン\",\"detailedSeriesNameRuby\":\"まっさん\",\"identifierGroup\":{\"tvSeriesId\":\"M6Q9QR18KJ\",\"tvSeriesPlaylistId\":\"series-tep-M6Q9QR18KJ\",\"tvSeriesUId\":\"pa6743cc6-ad8f-5002-822c-cb6b30d8a073\",\"tvSeriesName\":\"マッサン\",\"hashtag\":[],\"serviceId\":[\"g1\",\"g2\"],\"formatGenre\":[{\"id\":\"03\",\"name\":\"ドラマ\"}]},\"keyword\":[],\"detailedSynonym\":[],\"sameAs\":[{\"name\":\"NHKドラマ\",\"url\":\"https://www.nhk.jp/g/drama/\"},{\"name\":\"「マッサン」最新情報\",\"url\":\"https://www.nhk.jp/g/ts/M6Q9QR18KJ/\"},{\"name\":\"ドラマ情報　玉山鉄二さんからのコメント\",\"url\":\"https://www.nhk.jp/g/blog/fqgfs7y86/\"},{\"name\":\"ドラマ情報　シャーロット・ケイト・フォックスさんからのコメント\",\"url\":\"https://www.nhk.jp/g/blog/rrzhcyiht/\"},{\"name\":\"NHKオンデマンド\",\"url\":\"https://www.nhk-ondemand.jp/program/P201400118400000/\"},{\"name\":\"NHKアーカイブス\",\"url\":\"https://www2.nhk.or.jp/archives/movies/?id=D0009050252_00000\"},{\"name\":\"【ドラマセレクション】再放送番組情報\",\"url\":\"https://www.nhk.jp/g/blog/drama-selection/\"}],\"canonical\":\"https://www.web.nhk/tv/pl/series-tep-M6Q9QR18KJ\",\"description\":\"単身スコットランドに渡り、ウイスキー醸造技術を学ぶ政春は、エリーと出会い恋に落ちる。国産初のウイスキー誕生を夢見るマッサンと、母国を離れ初めて日本にやってきたエリーには、次々と試練が待ち受けていた。\\n激動の時代を夫婦の絆でまっすぐに生きるマッサンとエリーの愛と冒険の物語。\\n\\n【作】\\n羽原大介\\n\\n【音楽】\\n富貴晴美\\n\\n【主題歌】\\n中島みゆき\\n「麦の唄」\\n\\n【語り】\\n松岡洋子\\n\\n【初回放送】\\n2014年9月29日～2015年3月28日\\n総合テレビ　「連続テレビ小説」にて放送\",\"detailedCatch\":\"二人で、生きていくと　決めました\",\"logo\":{\"main\":{\"url\":\"https://imgu.web.nhk/static/assets/images/tvseries/ts/M6Q9QR18KJ/M6Q9QR18KJ-logo_8ed8218dcedc28acf1b6adf410691023.png\",\"width\":1080,\"height\":1080},\"medium\":{\"url\":\"https://imgu.web.nhk/static/assets/images/tvseries/ts/M6Q9QR18KJ/M6Q9QR18KJ-logo_68ab587945a461ec6fe4239efb1046e7.png\",\"width\":640,\"height\":640},\"small\":{\"url\":\"https://imgu.web.nhk/static/assets/images/tvseries/ts/M6Q9QR18KJ/M6Q9QR18KJ-logo_f946b2b1cddad1ef87204a57c18665f1.png\",\"width\":200,\"height\":200}},\"eyecatch\":{\"large\":{\"url\":\"https://imgu.web.nhk/static/assets/images/tvseries/ts/M6Q9QR18KJ/M6Q9QR18KJ-eyecatch_3d94806a47d903d3ede263021a9ba99f.png\",\"width\":3840,\"height\":2160},\"main\":{\"url\":\"https://imgu.web.nhk/static/assets/images/tvseries/ts/M6Q9QR18KJ/M6Q9QR18KJ-eyecatch_8b7ac0e1e8b04f61fb8f548c68f8ef29.png\",\"width\":1920,\"height\":1080},\"medium\":{\"url\":\"https://imgu.web.nhk/static/assets/images/tvseries/ts/M6Q9QR18KJ/M6Q9QR18KJ-eyecatch_697751101c554045386b9a594fb70f02.png\",\"width\":1280,\"height\":720},\"small\":{\"url\":\"https://imgu.web.nhk/static/assets/images/tvseries/ts/M6Q9QR18KJ/M6Q9QR18KJ-eyecatch_49fad15b7d619396d58ea34b5fdcf15f.png\",\"width\":640,\"height\":360}},\"hero\":{\"main\":{\"url\":\"https://imgu.web.nhk/static/assets/images/tvseries/ts/M6Q9QR18KJ/M6Q9QR18KJ-hero_42ae1565bf62d137e628cb3aa198bb25.png\",\"width\":1920,\"height\":640},\"medium\":{\"url\":\"https://imgu.web.nhk/static/assets/images/tvseries/ts/M6Q9QR18KJ/M6Q9QR18KJ-hero_5ca747184b97219204b980462f31f69b.png\",\"width\":1080,\"height\":360}},\"style\":{\"textLight\":\"#000000\",\"textDark\":\"#FFFFFF\",\"linkLight\":\"#E72400\",\"linkDark\":\"#FF4928\",\"primaryLight\":\"#FF2800\",\"primaryDark\":\"#FF2800\"},\"additionalProperty\":{\"publishLevel\":\"full\",\"layoutPattern\":\"summary\",\"episodeOrderBy\":\"releasedEvent\",\"availableOnPlus\":false,\"enableVariablePlayBackSpeedControl\":false,\"optional\":[\"releasedEvent\"],\"seriesPackStatus\":\"notPacked\",\"supportMedia\":[\"@screen\"],\"supportMusicList\":true,\"supportPlusEmbed\":true,\"enableWebContent\":false},\"url\":\"https://api-local.ss.org.nhk/r8/t/nplaylist/pl/series-tep-M6Q9QR18KJ.json\",\"itemUrl\":\"https://api-local.ss.org.nhk/r8/l/tvepisode/pl/series-tep-M6Q9QR18KJ.json\"},\"releasedEvent\":{\"id\":\"g1-130-2026030911762\",\"startDate\":\"2026-03-09T12:30:00+09:00\",\"displayStartDate\":\"2026-03-09T12:30:00+09:00\",\"endDate\":\"2026-03-09T12:45:00+09:00\",\"publishedOn\":{\"type\":\"BroadcastService\",\"id\":\"bs-g1-130\",\"name\":\"NHK総合テレビジョン\",\"url\":\"https://api-local.ss.org.nhk/r8/t/broadcastservice/bs/g1-130.json\",\"broadcastDisplayName\":\"NHK総合・東京\",\"videoFormat\":[\"2K\"],\"encodingFormat\":[\"video/X-arib-mpeg2\",\"audio/X-arib-mpeg2-aac\"],\"identifierGroup\":{\"serviceId\":\"g1\",\"serviceName\":\"NHK総合1\",\"areaId\":\"130\",\"areaName\":\"東京\",\"channelId\":\"011\",\"channelKey\":\"1\",\"channelAreaName\":\"東京\",\"channelStationName\":\"首都圏\",\"shortenedName\":\"NHK総合1\",\"shortenedDisplayName\":\"総合\",\"multiChannelDisplayName\":\"総合\"},\"logo\":{\"url\":\"https://imgu.web.nhk/common/broadcastservice/bs/g1/g1-logo.svg\",\"main\":{\"url\":\"https://imgu.web.nhk/common/broadcastservice/bs/g1/g1-logo_1080x1080.png\",\"width\":1080,\"height\":1080},\"medium\":{\"url\":\"https://imgu.web.nhk/common/broadcastservice/bs/g1/g1-logo_640x640.png\",\"width\":640,\"height\":640},\"small\":{\"url\":\"https://imgu.web.nhk/common/broadcastservice/bs/g1/g1-logo_200x200.png\",\"width\":200,\"height\":200}},\"eyecatch\":{\"url\":\"https://imgu.web.nhk/common/broadcastservice/bs/g1/g1-eyecatch.svg\",\"large\":{\"url\":\"https://imgu.web.nhk/common/broadcastservice/bs/g1/g1-eyecatch_3840x2160.png\",\"width\":3840,\"height\":2160},\"main\":{\"url\":\"https://imgu.web.nhk/common/broadcastservice/bs/g1/g1-eyecatch_1920x1080.png\",\"width\":1920,\"height\":1080},\"medium\":{\"url\":\"https://imgu.web.nhk/common/broadcastservice/bs/g1/g1-eyecatch_1280x720.png\",\"width\":1280,\"height\":720},\"small\":{\"url\":\"https://imgu.web.nhk/common/broadcastservice/bs/g1/g1-eyecatch_640x360.png\",\"width\":640,\"height\":360}},\"hero\":{\"url\":\"https://imgu.web.nhk/common/broadcastservice/bs/g1/g1-hero.svg\",\"main\":{\"url\":\"https://imgu.web.nhk/common/broadcastservice/bs/g1/g1-hero_1920x640.png\",\"width\":1920,\"height\":640},\"medium\":{\"url\":\"https://imgu.web.nhk/common/broadcastservice/bs/g1/g1-hero_1080x360.png\",\"width\":1080,\"height\":360}},\"badge9x4\":{\"url\":\"https://imgu.web.nhk/common/broadcastservice/bs/g1/g1-badge9x4.svg\",\"main\":{\"url\":\"https://imgu.web.nhk/common/broadcastservice/bs/g1/g1-badge9x4_360x160.png\",\"width\":360,\"height\":160},\"small\":{\"url\":\"https://imgu.web.nhk/common/broadcastservice/bs/g1/g1-badge9x4_180x80.png\",\"width\":180,\"height\":80}}}},\"detailedRecentEvent\":{\"id\":\"g1-130-2026030911762\",\"startDate\":\"2026-03-09T12:30:00+09:00\",\"endDate\":\"2026-03-09T12:45:00+09:00\",\"identifierGroup\":{\"broadcastEventId\":\"g1-130-2026030911762\",\"serviceId\":\"g1\",\"areaId\":\"130\",\"stationId\":\"001\",\"date\":\"2026-03-09\",\"eventId\":\"11762\",\"genre\":[{\"id\":\"0300\",\"name1\":\"ドラマ\",\"name2\":\"国内ドラマ\"}],\"onid\":\"7fe0\",\"sid\":\"0400\",\"tsid\":\"7fe0\"},\"misc\":{\"displayVideoMode\":\"none\",\"displayVideoRange\":\"sdr\",\"displayAudioMode\":[\"kaisetsu\"],\"audioMode\":[\"stereoKaisetsu\"],\"supportCaption\":true,\"supportSign\":false,\"supportHybridcast\":false,\"supportDataBroadcast\":false,\"isInteractive\":false,\"isChangeable\":false,\"releaseLevel\":\"original\",\"programType\":\"program\",\"coverage\":\"nationwide\",\"actList\":[{\"role\":\"作\",\"name\":\"羽原大介\",\"nameRuby\":\"ﾊﾊﾞﾗﾀﾞｲｽｹ\"},{\"role\":\"出演\",\"name\":\"玉山鉄二\",\"nameRuby\":\"ﾀﾏﾔﾏﾃﾂｼﾞ\"},{\"role\":\"出演\",\"name\":\"シャーロット・ケイト・フォックス\",\"nameRuby\":\"ｼｬｰﾛｯﾄ･ｹｲﾄ･ﾌｫｯｸｽ\"},{\"role\":\"出演\",\"name\":\"濱田マリ\",\"nameRuby\":\"ﾊﾏﾀﾞﾏﾘ\"},{\"role\":\"出演\",\"name\":\"志賀廣太郎\",\"nameRuby\":\"ｼｶﾞｺｳﾀﾛｳ\"},{\"role\":\"出演\",\"name\":\"及川いぞう\",\"nameRuby\":\"ｵｲｶﾜｲｿﾞｳ\"},{\"role\":\"出演\",\"name\":\"成河\",\"nameRuby\":\"ｿﾝﾊ\"},{\"role\":\"出演\",\"name\":\"乃木涼介\",\"nameRuby\":\"ﾉｷﾞﾘｮｳｽｹ\"},{\"role\":\"出演\",\"name\":\"田実陽子\",\"nameRuby\":\"ﾀｼﾞﾂﾖｳｺ\"},{\"role\":\"出演\",\"name\":\"智順\",\"nameRuby\":\"ﾁｽﾝ\"},{\"role\":\"出演\",\"name\":\"飯島順子\",\"nameRuby\":\"ｲｲｼﾞﾏｼﾞｭﾝｺ\"},{\"role\":\"出演\",\"name\":\"堤真一\",\"nameRuby\":\"ﾂﾂﾐｼﾝｲﾁ\"},{\"role\":\"語り\",\"name\":\"松岡洋子\",\"nameRuby\":\"ﾏﾂｵｶﾖｳｺ\"},{\"role\":\"音楽\",\"name\":\"富貴晴美\",\"nameRuby\":\"ﾌｳｷﾊﾙﾐ\"}],\"musicList\":[]},\"publishedOn\":{\"type\":\"BroadcastService\",\"id\":\"bs-g1-130\",\"name\":\"NHK総合テレビジョン\",\"url\":\"https://api-local.ss.org.nhk/r8/t/broadcastservice/bs/g1-130.json\",\"broadcastDisplayName\":\"NHK総合・東京\",\"videoFormat\":[\"2K\"],\"encodingFormat\":[\"video/X-arib-mpeg2\",\"audio/X-arib-mpeg2-aac\"],\"identifierGroup\":{\"serviceId\":\"g1\",\"serviceName\":\"NHK総合1\",\"areaId\":\"130\",\"areaName\":\"東京\",\"channelId\":\"011\",\"channelKey\":\"1\",\"channelAreaName\":\"東京\",\"channelStationName\":\"首都圏\",\"shortenedName\":\"NHK総合1\",\"shortenedDisplayName\":\"総合\",\"multiChannelDisplayName\":\"総合\"},\"logo\":{\"url\":\"https://imgu.web.nhk/common/broadcastservice/bs/g1/g1-logo.svg\",\"main\":{\"url\":\"https://imgu.web.nhk/common/broadcastservice/bs/g1/g1-logo_1080x1080.png\",\"width\":1080,\"height\":1080},\"medium\":{\"url\":\"https://imgu.web.nhk/common/broadcastservice/bs/g1/g1-logo_640x640.png\",\"width\":640,\"height\":640},\"small\":{\"url\":\"https://imgu.web.nhk/common/broadcastservice/bs/g1/g1-logo_200x200.png\",\"width\":200,\"height\":200}},\"eyecatch\":{\"url\":\"https://imgu.web.nhk/common/broadcastservice/bs/g1/g1-eyecatch.svg\",\"large\":{\"url\":\"https://imgu.web.nhk/common/broadcastservice/bs/g1/g1-eyecatch_3840x2160.png\",\"width\":3840,\"height\":2160},\"main\":{\"url\":\"https://imgu.web.nhk/common/broadcastservice/bs/g1/g1-eyecatch_1920x1080.png\",\"width\":1920,\"height\":1080},\"medium\":{\"url\":\"https://imgu.web.nhk/common/broadcastservice/bs/g1/g1-eyecatch_1280x720.png\",\"width\":1280,\"height\":720},\"small\":{\"url\":\"https://imgu.web.nhk/common/broadcastservice/bs/g1/g1-eyecatch_640x360.png\",\"width\":640,\"height\":360}},\"hero\":{\"url\":\"https://imgu.web.nhk/common/broadcastservice/bs/g1/g1-hero.svg\",\"main\":{\"url\":\"https://imgu.web.nhk/common/broadcastservice/bs/g1/g1-hero_1920x640.png\",\"width\":1920,\"height\":640},\"medium\":{\"url\":\"https://imgu.web.nhk/common/broadcastservice/bs/g1/g1-hero_1080x360.png\",\"width\":1080,\"height\":360}},\"badge9x4\":{\"url\":\"https://imgu.web.nhk/common/broadcastservice/bs/g1/g1-badge9x4.svg\",\"main\":{\"url\":\"https://imgu.web.nhk/common/broadcastservice/bs/g1/g1-badge9x4_360x160.png\",\"width\":360,\"height\":160},\"small\":{\"url\":\"https://imgu.web.nhk/common/broadcastservice/bs/g1/g1-badge9x4_180x80.png\",\"width\":180,\"height\":80}}}},\"detailedComingEvent\":{\"id\":\"g1-130-2026030911762\",\"startDate\":\"2026-03-09T12:30:00+09:00\",\"endDate\":\"2026-03-09T12:45:00+09:00\",\"identifierGroup\":{\"broadcastEventId\":\"g1-130-2026030911762\",\"serviceId\":\"g1\",\"areaId\":\"130\",\"stationId\":\"001\",\"date\":\"2026-03-09\",\"eventId\":\"11762\",\"genre\":[{\"id\":\"0300\",\"name1\":\"ドラマ\",\"name2\":\"国内ドラマ\"}],\"onid\":\"7fe0\",\"sid\":\"0400\",\"tsid\":\"7fe0\"},\"misc\":{\"displayVideoMode\":\"none\",\"displayVideoRange\":\"sdr\",\"displayAudioMode\":[\"kaisetsu\"],\"audioMode\":[\"stereoKaisetsu\"],\"supportCaption\":true,\"supportSign\":false,\"supportHybridcast\":false,\"supportDataBroadcast\":false,\"isInteractive\":false,\"isChangeable\":false,\"releaseLevel\":\"original\",\"programType\":\"program\",\"coverage\":\"nationwide\",\"actList\":[{\"role\":\"作\",\"name\":\"羽原大介\",\"nameRuby\":\"ﾊﾊﾞﾗﾀﾞｲｽｹ\"},{\"role\":\"出演\",\"name\":\"玉山鉄二\",\"nameRuby\":\"ﾀﾏﾔﾏﾃﾂｼﾞ\"},{\"role\":\"出演\",\"name\":\"シャーロット・ケイト・フォックス\",\"nameRuby\":\"ｼｬｰﾛｯﾄ･ｹｲﾄ･ﾌｫｯｸｽ\"},{\"role\":\"出演\",\"name\":\"濱田マリ\",\"nameRuby\":\"ﾊﾏﾀﾞﾏﾘ\"},{\"role\":\"出演\",\"name\":\"志賀廣太郎\",\"nameRuby\":\"ｼｶﾞｺｳﾀﾛｳ\"},{\"role\":\"出演\",\"name\":\"及川いぞう\",\"nameRuby\":\"ｵｲｶﾜｲｿﾞｳ\"},{\"role\":\"出演\",\"name\":\"成河\",\"nameRuby\":\"ｿﾝﾊ\"},{\"role\":\"出演\",\"name\":\"乃木涼介\",\"nameRuby\":\"ﾉｷﾞﾘｮｳｽｹ\"},{\"role\":\"出演\",\"name\":\"田実陽子\",\"nameRuby\":\"ﾀｼﾞﾂﾖｳｺ\"},{\"role\":\"出演\",\"name\":\"智順\",\"nameRuby\":\"ﾁｽﾝ\"},{\"role\":\"出演\",\"name\":\"飯島順子\",\"nameRuby\":\"ｲｲｼﾞﾏｼﾞｭﾝｺ\"},{\"role\":\"出演\",\"name\":\"堤真一\",\"nameRuby\":\"ﾂﾂﾐｼﾝｲﾁ\"},{\"role\":\"語り\",\"name\":\"松岡洋子\",\"nameRuby\":\"ﾏﾂｵｶﾖｳｺ\"},{\"role\":\"音楽\",\"name\":\"富貴晴美\",\"nameRuby\":\"ﾌｳｷﾊﾙﾐ\"}],\"musicList\":[]},\"publishedOn\":{\"type\":\"BroadcastService\",\"id\":\"bs-g1-130\",\"name\":\"NHK総合テレビジョン\",\"url\":\"https://api-local.ss.org.nhk/r8/t/broadcastservice/bs/g1-130.json\",\"broadcastDisplayName\":\"NHK総合・東京\",\"videoFormat\":[\"2K\"],\"encodingFormat\":[\"video/X-arib-mpeg2\",\"audio/X-arib-mpeg2-aac\"],\"identifierGroup\":{\"serviceId\":\"g1\",\"serviceName\":\"NHK総合1\",\"areaId\":\"130\",\"areaName\":\"東京\",\"channelId\":\"011\",\"channelKey\":\"1\",\"channelAreaName\":\"東京\",\"channelStationName\":\"首都圏\",\"shortenedName\":\"NHK総合1\",\"shortenedDisplayName\":\"総合\",\"multiChannelDisplayName\":\"総合\"},\"logo\":{\"url\":\"https://imgu.web.nhk/common/broadcastservice/bs/g1/g1-logo.svg\",\"main\":{\"url\":\"https://imgu.web.nhk/common/broadcastservice/bs/g1/g1-logo_1080x1080.png\",\"width\":1080,\"height\":1080},\"medium\":{\"url\":\"https://imgu.web.nhk/common/broadcastservice/bs/g1/g1-logo_640x640.png\",\"width\":640,\"height\":640},\"small\":{\"url\":\"https://imgu.web.nhk/common/broadcastservice/bs/g1/g1-logo_200x200.png\",\"width\":200,\"height\":200}},\"eyecatch\":{\"url\":\"https://imgu.web.nhk/common/broadcastservice/bs/g1/g1-eyecatch.svg\",\"large\":{\"url\":\"https://imgu.web.nhk/common/broadcastservice/bs/g1/g1-eyecatch_3840x2160.png\",\"width\":3840,\"height\":2160},\"main\":{\"url\":\"https://imgu.web.nhk/common/broadcastservice/bs/g1/g1-eyecatch_1920x1080.png\",\"width\":1920,\"height\":1080},\"medium\":{\"url\":\"https://imgu.web.nhk/common/broadcastservice/bs/g1/g1-eyecatch_1280x720.png\",\"width\":1280,\"height\":720},\"small\":{\"url\":\"https://imgu.web.nhk/common/broadcastservice/bs/g1/g1-eyecatch_640x360.png\",\"width\":640,\"height\":360}},\"hero\":{\"url\":\"https://imgu.web.nhk/common/broadcastservice/bs/g1/g1-hero.svg\",\"main\":{\"url\":\"https://imgu.web.nhk/common/broadcastservice/bs/g1/g1-hero_1920x640.png\",\"width\":1920,\"height\":640},\"medium\":{\"url\":\"https://imgu.web.nhk/common/broadcastservice/bs/g1/g1-hero_1080x360.png\",\"width\":1080,\"height\":360}},\"badge9x4\":{\"url\":\"https://imgu.web.nhk/common/broadcastservice/bs/g1/g1-badge9x4.svg\",\"main\":{\"url\":\"https://imgu.web.nhk/common/broadcastservice/bs/g1/g1-badge9x4_360x160.png\",\"width\":360,\"height\":160},\"small\":{\"url\":\"https://imgu.web.nhk/common/broadcastservice/bs/g1/g1-badge9x4_180x80.png\",\"width\":180,\"height\":80}}}},\"eyecatch\":{\"large\":{\"url\":\"https://imgu.web.nhk/static/assets/images/tvepisode/te/YX6ZXQ9G2P/YX6ZXQ9G2P-eyecatch_9e3b64d9040dc08cb7d4868378d593fb.jpg\",\"width\":3840,\"height\":2160},\"main\":{\"url\":\"https://imgu.web.nhk/static/assets/images/tvepisode/te/YX6ZXQ9G2P/YX6ZXQ9G2P-eyecatch_b2a1b85c063a4d5f2bbc2d488b73564c.jpg\",\"width\":1920,\"height\":1080},\"medium\":{\"url\":\"https://imgu.web.nhk/static/assets/images/tvepisode/te/YX6ZXQ9G2P/YX6ZXQ9G2P-eyecatch_203ed2faef611e63a69e09f7eacdf064.jpg\",\"width\":1280,\"height\":720},\"small\":{\"url\":\"https://imgu.web.nhk/static/assets/images/tvepisode/te/YX6ZXQ9G2P/YX6ZXQ9G2P-eyecatch_5f6d8ca3c4ca56038f8ad940fe6ae742.jpg\",\"width\":640,\"height\":360}},\"eyecatchList\":[],\"video\":[{\"id\":\"hskOriginal-g1-130-2026030911762\",\"name\":\"【連続テレビ小説】マッサン（５１）「虎穴（こけつ）に入らずんば虎子を得ず」\",\"description\":\"マッサン（玉山鉄二）と鴨居（堤真一）の会談を成功させるため、最高のおもてなしをしたいとエリー（シャーロット）はキャサリン（濱田マリ）らに相談、早苗からもらった給金を使い料亭を借りることに。一方、鴨居商店がこの不景気のなか本当にウイスキーづくりができるのかという周囲の声を聞いたマッサンは、鴨居との会談に消極的。そんなマッサンにエリーはしった激励し、いよいよ会談の日を迎えるのだが…。\",\"url\":\"https://www.web.nhk/tv/pl/series-tep-M6Q9QR18KJ/ep/YX6ZXQ9G2P\",\"identifierGroup\":{\"environmentId\":\"hskOriginal\",\"broadcastEventId\":\"g1-130-2026030911762\",\"serviceId\":\"g1\",\"streamType\":\"vod\"},\"detailedContentStatus\":{\"environmentId\":\"hskOriginal\",\"streamType\":\"vod\",\"contentStatus\":\"notyet\"},\"detailedVideoDescriptor\":\"https://simul.hsk.st.nhk/npd3/7fe0-0400/20260309/2df2-1-1-db7652239229c2be4fe73793e7b76eea/videoinfo-e752b190af8f304cadd09262b9811913.json\",\"expires\":\"2026-03-16T12:45:00+09:00\",\"duration\":\"PT15M\",\"startDate\":\"2026-03-09T12:30:00+09:00\",\"endDate\":\"2026-03-09T12:45:00+09:00\",\"isDivided\":false,\"publication\":[{\"id\":\"g1-130-2026030911762\",\"url\":\"https://api-local.ss.org.nhk/r8/t/broadcastevent/be/g1-130-2026030911762.json\",\"isLiveBroadcast\":true}],\"uploadDate\":\"2026-03-09T12:45:00+09:00\"}],\"citation\":[],\"detailedPinnedCitation\":[],\"sameAs\":[],\"correction\":[],\"url\":\"https://api-local.ss.org.nhk/r8/t/tvepisode/te/YX6ZXQ9G2P.json\",\"canonical\":\"https://www.web.nhk/tv/pl/series-tep-M6Q9QR18KJ/ep/YX6ZXQ9G2P\",\"associatedMedia\":[],\"hasPart\":[],\"additionalProperty\":{\"episodeMergeStatus\":\"notMerged\"}},\"link\":{\"href\":\"https://www.web.nhk/tv/pl/series-tep-M6Q9QR18KJ/ep/YX6ZXQ9G2P\"}}]\n"])</script><script>self.__next_f.push([1,"59:[\"$\",\"$L2a\",\"X6N1QNMK69\",{\"content\":{\"type\":\"TVEpisode\",\"id\":\"X6N1QNMK69\",\"name\":\"(50)「虎穴(こけつ)に入らずんば虎子を得ず」\",\"detailedEpisodeNameRuby\":\"\",\"identifierGroup\":{\"tvEpisodeId\":\"X6N1QNMK69\",\"tvSeriesId\":\"M6Q9QR18KJ\",\"tvEpisodeName\":\"(50)「虎穴(こけつ)に入らずんば虎子を得ず」\",\"tvSeriesName\":\"マッサン\",\"hashtag\":[],\"serviceId\":[\"g1\",\"g2\"],\"formatGenreTag\":[{\"id\":\"03\",\"name\":\"ドラマ\"}],\"themeGenreTag\":[{\"id\":\"031\",\"name\":\"国内ドラマ\"}]},\"keyword\":[],\"description\":\"鴨居（堤真一）とは一緒に働かないと意地を張るマッサン（玉山鉄二）に困るエリー（シャーロット）は鴨居商店に呼ばれ、スコットランドの貿易商と鴨居との会談の通訳をすることに。文化レベルが遅れた日本ではウイスキーをつくることなど無理だと主張する貿易商に対して、エリーは思わず通訳を忘れ反論し、鴨居もエリーに同調し追い返してしまう。そこでエリーは、もう一度マッサンにチャンスが欲しいと鴨居に懇願するのだった。\",\"dateCreated\":\"2026-02-04T18:15:00+09:00\",\"dateModified\":\"2026-02-27T04:29:26+09:00\",\"actor\":[],\"contributor\":[],\"partOfSeries\":{\"id\":\"M6Q9QR18KJ\",\"name\":\"マッサン\",\"detailedSeriesNameRuby\":\"まっさん\",\"identifierGroup\":{\"tvSeriesId\":\"M6Q9QR18KJ\",\"tvSeriesPlaylistId\":\"series-tep-M6Q9QR18KJ\",\"tvSeriesUId\":\"pa6743cc6-ad8f-5002-822c-cb6b30d8a073\",\"tvSeriesName\":\"マッサン\",\"hashtag\":[],\"serviceId\":[\"g1\",\"g2\"],\"formatGenre\":[{\"id\":\"03\",\"name\":\"ドラマ\"}]},\"keyword\":[],\"detailedSynonym\":[],\"sameAs\":[{\"name\":\"NHKドラマ\",\"url\":\"https://www.nhk.jp/g/drama/\"},{\"name\":\"「マッサン」最新情報\",\"url\":\"https://www.nhk.jp/g/ts/M6Q9QR18KJ/\"},{\"name\":\"ドラマ情報　玉山鉄二さんからのコメント\",\"url\":\"https://www.nhk.jp/g/blog/fqgfs7y86/\"},{\"name\":\"ドラマ情報　シャーロット・ケイト・フォックスさんからのコメント\",\"url\":\"https://www.nhk.jp/g/blog/rrzhcyiht/\"},{\"name\":\"NHKオンデマンド\",\"url\":\"https://www.nhk-ondemand.jp/program/P201400118400000/\"},{\"name\":\"NHKアーカイブス\",\"url\":\"https://www2.nhk.or.jp/archives/movies/?id=D0009050252_00000\"},{\"name\":\"【ドラマセレクション】再放送番組情報\",\"url\":\"https://www.nhk.jp/g/blog/drama-selection/\"}],\"canonical\":\"https://www.web.nhk/tv/pl/series-tep-M6Q9QR18KJ\",\"description\":\"単身スコットランドに渡り、ウイスキー醸造技術を学ぶ政春は、エリーと出会い恋に落ちる。国産初のウイスキー誕生を夢見るマッサンと、母国を離れ初めて日本にやってきたエリーには、次々と試練が待ち受けていた。\\n激動の時代を夫婦の絆でまっすぐに生きるマッサンとエリーの愛と冒険の物語。\\n\\n【作】\\n羽原大介\\n\\n【音楽】\\n富貴晴美\\n\\n【主題歌】\\n中島みゆき\\n「麦の唄」\\n\\n【語り】\\n松岡洋子\\n\\n【初回放送】\\n2014年9月29日～2015年3月28日\\n総合テレビ　「連続テレビ小説」にて放送\",\"detailedCatch\":\"二人で、生きていくと　決めました\",\"logo\":{\"main\":{\"url\":\"https://imgu.web.nhk/static/assets/images/tvseries/ts/M6Q9QR18KJ/M6Q9QR18KJ-logo_8ed8218dcedc28acf1b6adf410691023.png\",\"width\":1080,\"height\":1080},\"medium\":{\"url\":\"https://imgu.web.nhk/static/assets/images/tvseries/ts/M6Q9QR18KJ/M6Q9QR18KJ-logo_68ab587945a461ec6fe4239efb1046e7.png\",\"width\":640,\"height\":640},\"small\":{\"url\":\"https://imgu.web.nhk/static/assets/images/tvseries/ts/M6Q9QR18KJ/M6Q9QR18KJ-logo_f946b2b1cddad1ef87204a57c18665f1.png\",\"width\":200,\"height\":200}},\"eyecatch\":{\"large\":{\"url\":\"https://imgu.web.nhk/static/assets/images/tvseries/ts/M6Q9QR18KJ/M6Q9QR18KJ-eyecatch_3d94806a47d903d3ede263021a9ba99f.png\",\"width\":3840,\"height\":2160},\"main\":{\"url\":\"https://imgu.web.nhk/static/assets/images/tvseries/ts/M6Q9QR18KJ/M6Q9QR18KJ-eyecatch_8b7ac0e1e8b04f61fb8f548c68f8ef29.png\",\"width\":1920,\"height\":1080},\"medium\":{\"url\":\"https://imgu.web.nhk/static/assets/images/tvseries/ts/M6Q9QR18KJ/M6Q9QR18KJ-eyecatch_697751101c554045386b9a594fb70f02.png\",\"width\":1280,\"height\":720},\"small\":{\"url\":\"https://imgu.web.nhk/static/assets/images/tvseries/ts/M6Q9QR18KJ/M6Q9QR18KJ-eyecatch_49fad15b7d619396d58ea34b5fdcf15f.png\",\"width\":640,\"height\":360}},\"hero\":{\"main\":{\"url\":\"https://imgu.web.nhk/static/assets/images/tvseries/ts/M6Q9QR18KJ/M6Q9QR18KJ-hero_42ae1565bf62d137e628cb3aa198bb25.png\",\"width\":1920,\"height\":640},\"medium\":{\"url\":\"https://imgu.web.nhk/static/assets/images/tvseries/ts/M6Q9QR18KJ/M6Q9QR18KJ-hero_5ca747184b97219204b980462f31f69b.png\",\"width\":1080,\"height\":360}},\"style\":{\"textLight\":\"#000000\",\"textDark\":\"#FFFFFF\",\"linkLight\":\"#E72400\",\"linkDark\":\"#FF4928\",\"primaryLight\":\"#FF2800\",\"primaryDark\":\"#FF2800\"},\"additionalProperty\":{\"publishLevel\":\"full\",\"layoutPattern\":\"summary\",\"episodeOrderBy\":\"releasedEvent\",\"availableOnPlus\":false,\"enableVariablePlayBackSpeedControl\":false,\"optional\":[\"releasedEvent\"],\"seriesPackStatus\":\"notPacked\",\"supportMedia\":[\"@screen\"],\"supportMusicList\":true,\"supportPlusEmbed\":true,\"enableWebContent\":false},\"url\":\"https://api-local.ss.org.nhk/r8/t/nplaylist/pl/series-tep-M6Q9QR18KJ.json\",\"itemUrl\":\"https://api-local.ss.org.nhk/r8/l/tvepisode/pl/series-tep-M6Q9QR18KJ.json\"},\"releasedEvent\":{\"id\":\"g1-130-2026030609603\",\"startDate\":\"2026-03-06T12:30:00+09:00\",\"displayStartDate\":\"2026-03-06T12:30:00+09:00\",\"endDate\":\"2026-03-06T12:45:00+09:00\",\"publishedOn\":{\"type\":\"BroadcastService\",\"id\":\"bs-g1-130\",\"name\":\"NHK総合テレビジョン\",\"url\":\"https://api-local.ss.org.nhk/r8/t/broadcastservice/bs/g1-130.json\",\"broadcastDisplayName\":\"NHK総合・東京\",\"videoFormat\":[\"2K\"],\"encodingFormat\":[\"video/X-arib-mpeg2\",\"audio/X-arib-mpeg2-aac\"],\"identifierGroup\":{\"serviceId\":\"g1\",\"serviceName\":\"NHK総合1\",\"areaId\":\"130\",\"areaName\":\"東京\",\"channelId\":\"011\",\"channelKey\":\"1\",\"channelAreaName\":\"東京\",\"channelStationName\":\"首都圏\",\"shortenedName\":\"NHK総合1\",\"shortenedDisplayName\":\"総合\",\"multiChannelDisplayName\":\"総合\"},\"logo\":{\"url\":\"https://imgu.web.nhk/common/broadcastservice/bs/g1/g1-logo.svg\",\"main\":{\"url\":\"https://imgu.web.nhk/common/broadcastservice/bs/g1/g1-logo_1080x1080.png\",\"width\":1080,\"height\":1080},\"medium\":{\"url\":\"https://imgu.web.nhk/common/broadcastservice/bs/g1/g1-logo_640x640.png\",\"width\":640,\"height\":640},\"small\":{\"url\":\"https://imgu.web.nhk/common/broadcastservice/bs/g1/g1-logo_200x200.png\",\"width\":200,\"height\":200}},\"eyecatch\":{\"url\":\"https://imgu.web.nhk/common/broadcastservice/bs/g1/g1-eyecatch.svg\",\"large\":{\"url\":\"https://imgu.web.nhk/common/broadcastservice/bs/g1/g1-eyecatch_3840x2160.png\",\"width\":3840,\"height\":2160},\"main\":{\"url\":\"https://imgu.web.nhk/common/broadcastservice/bs/g1/g1-eyecatch_1920x1080.png\",\"width\":1920,\"height\":1080},\"medium\":{\"url\":\"https://imgu.web.nhk/common/broadcastservice/bs/g1/g1-eyecatch_1280x720.png\",\"width\":1280,\"height\":720},\"small\":{\"url\":\"https://imgu.web.nhk/common/broadcastservice/bs/g1/g1-eyecatch_640x360.png\",\"width\":640,\"height\":360}},\"hero\":{\"url\":\"https://imgu.web.nhk/common/broadcastservice/bs/g1/g1-hero.svg\",\"main\":{\"url\":\"https://imgu.web.nhk/common/broadcastservice/bs/g1/g1-hero_1920x640.png\",\"width\":1920,\"height\":640},\"medium\":{\"url\":\"https://imgu.web.nhk/common/broadcastservice/bs/g1/g1-hero_1080x360.png\",\"width\":1080,\"height\":360}},\"badge9x4\":{\"url\":\"https://imgu.web.nhk/common/broadcastservice/bs/g1/g1-badge9x4.svg\",\"main\":{\"url\":\"https://imgu.web.nhk/common/broadcastservice/bs/g1/g1-badge9x4_360x160.png\",\"width\":360,\"height\":160},\"small\":{\"url\":\"https://imgu.web.nhk/common/broadcastservice/bs/g1/g1-badge9x4_180x80.png\",\"width\":180,\"height\":80}}}},\"detailedRecentEvent\":{\"id\":\"g1-130-2026030609603\",\"startDate\":\"2026-03-06T12:30:00+09:00\",\"endDate\":\"2026-03-06T12:45:00+09:00\",\"identifierGroup\":{\"broadcastEventId\":\"g1-130-2026030609603\",\"serviceId\":\"g1\",\"areaId\":\"130\",\"stationId\":\"001\",\"date\":\"2026-03-06\",\"eventId\":\"09603\",\"genre\":[{\"id\":\"0300\",\"name1\":\"ドラマ\",\"name2\":\"国内ドラマ\"}],\"onid\":\"7fe0\",\"sid\":\"0400\",\"tsid\":\"7fe0\"},\"misc\":{\"displayVideoMode\":\"none\",\"displayVideoRange\":\"sdr\",\"displayAudioMode\":[\"kaisetsu\"],\"audioMode\":[\"stereoKaisetsu\"],\"supportCaption\":true,\"supportSign\":false,\"supportHybridcast\":false,\"supportDataBroadcast\":false,\"isInteractive\":false,\"isChangeable\":false,\"releaseLevel\":\"original\",\"programType\":\"program\",\"coverage\":\"nationwide\",\"actList\":[{\"role\":\"作\",\"name\":\"羽原大介\",\"nameRuby\":\"ﾊﾊﾞﾗﾀﾞｲｽｹ\"},{\"role\":\"出演\",\"name\":\"玉山鉄二\",\"nameRuby\":\"ﾀﾏﾔﾏﾃﾂｼﾞ\"},{\"role\":\"出演\",\"name\":\"シャーロット・ケイト・フォックス\",\"nameRuby\":\"ｼｬｰﾛｯﾄ･ｹｲﾄ･ﾌｫｯｸｽ\"},{\"role\":\"出演\",\"name\":\"濱田マリ\",\"nameRuby\":\"ﾊﾏﾀﾞﾏﾘ\"},{\"role\":\"出演\",\"name\":\"江口のりこ\",\"nameRuby\":\"ｴｸﾞﾁﾉﾘｺ\"},{\"role\":\"出演\",\"name\":\"志賀廣太郎\",\"nameRuby\":\"ｼｶﾞｺｳﾀﾛｳ\"},{\"role\":\"出演\",\"name\":\"智順\",\"nameRuby\":\"ﾁｽﾝ\"},{\"role\":\"出演\",\"name\":\"飯島順子\",\"nameRuby\":\"ｲｲｼﾞﾏｼﾞｭﾝｺ\"},{\"role\":\"出演\",\"name\":\"及川いぞう\",\"nameRuby\":\"ｵｲｶﾜｲｿﾞｳ\"},{\"role\":\"出演\",\"name\":\"しるさ\",\"nameRuby\":\"ｼﾙｻ\"},{\"role\":\"出演\",\"name\":\"トーマス・リンドブルーム\",\"nameRuby\":\"ﾄｰﾏｽ･ﾘﾝﾄﾞﾌﾞﾙｰﾑ\"},{\"role\":\"出演\",\"name\":\"堤真一\",\"nameRuby\":\"ﾂﾂﾐｼﾝｲﾁ\"},{\"role\":\"語り\",\"name\":\"松岡洋子\",\"nameRuby\":\"ﾏﾂｵｶﾖｳｺ\"},{\"role\":\"音楽\",\"name\":\"富貴晴美\",\"nameRuby\":\"ﾌｳｷﾊﾙﾐ\"}],\"musicList\":[]},\"publishedOn\":{\"type\":\"BroadcastService\",\"id\":\"bs-g1-130\",\"name\":\"NHK総合テレビジョン\",\"url\":\"https://api-local.ss.org.nhk/r8/t/broadcastservice/bs/g1-130.json\",\"broadcastDisplayName\":\"NHK総合・東京\",\"videoFormat\":[\"2K\"],\"encodingFormat\":[\"video/X-arib-mpeg2\",\"audio/X-arib-mpeg2-aac\"],\"identifierGroup\":{\"serviceId\":\"g1\",\"serviceName\":\"NHK総合1\",\"areaId\":\"130\",\"areaName\":\"東京\",\"channelId\":\"011\",\"channelKey\":\"1\",\"channelAreaName\":\"東京\",\"channelStationName\":\"首都圏\",\"shortenedName\":\"NHK総合1\",\"shortenedDisplayName\":\"総合\",\"multiChannelDisplayName\":\"総合\"},\"logo\":{\"url\":\"https://imgu.web.nhk/common/broadcastservice/bs/g1/g1-logo.svg\",\"main\":{\"url\":\"https://imgu.web.nhk/common/broadcastservice/bs/g1/g1-logo_1080x1080.png\",\"width\":1080,\"height\":1080},\"medium\":{\"url\":\"https://imgu.web.nhk/common/broadcastservice/bs/g1/g1-logo_640x640.png\",\"width\":640,\"height\":640},\"small\":{\"url\":\"https://imgu.web.nhk/common/broadcastservice/bs/g1/g1-logo_200x200.png\",\"width\":200,\"height\":200}},\"eyecatch\":{\"url\":\"https://imgu.web.nhk/common/broadcastservice/bs/g1/g1-eyecatch.svg\",\"large\":{\"url\":\"https://imgu.web.nhk/common/broadcastservice/bs/g1/g1-eyecatch_3840x2160.png\",\"width\":3840,\"height\":2160},\"main\":{\"url\":\"https://imgu.web.nhk/common/broadcastservice/bs/g1/g1-eyecatch_1920x1080.png\",\"width\":1920,\"height\":1080},\"medium\":{\"url\":\"https://imgu.web.nhk/common/broadcastservice/bs/g1/g1-eyecatch_1280x720.png\",\"width\":1280,\"height\":720},\"small\":{\"url\":\"https://imgu.web.nhk/common/broadcastservice/bs/g1/g1-eyecatch_640x360.png\",\"width\":640,\"height\":360}},\"hero\":{\"url\":\"https://imgu.web.nhk/common/broadcastservice/bs/g1/g1-hero.svg\",\"main\":{\"url\":\"https://imgu.web.nhk/common/broadcastservice/bs/g1/g1-hero_1920x640.png\",\"width\":1920,\"height\":640},\"medium\":{\"url\":\"https://imgu.web.nhk/common/broadcastservice/bs/g1/g1-hero_1080x360.png\",\"width\":1080,\"height\":360}},\"badge9x4\":{\"url\":\"https://imgu.web.nhk/common/broadcastservice/bs/g1/g1-badge9x4.svg\",\"main\":{\"url\":\"https://imgu.web.nhk/common/broadcastservice/bs/g1/g1-badge9x4_360x160.png\",\"width\":360,\"height\":160},\"small\":{\"url\":\"https://imgu.web.nhk/common/broadcastservice/bs/g1/g1-badge9x4_180x80.png\",\"width\":180,\"height\":80}}}},\"detailedComingEvent\":{\"id\":\"g1-130-2026030609603\",\"startDate\":\"2026-03-06T12:30:00+09:00\",\"endDate\":\"2026-03-06T12:45:00+09:00\",\"identifierGroup\":{\"broadcastEventId\":\"g1-130-2026030609603\",\"serviceId\":\"g1\",\"areaId\":\"130\",\"stationId\":\"001\",\"date\":\"2026-03-06\",\"eventId\":\"09603\",\"genre\":[{\"id\":\"0300\",\"name1\":\"ドラマ\",\"name2\":\"国内ドラマ\"}],\"onid\":\"7fe0\",\"sid\":\"0400\",\"tsid\":\"7fe0\"},\"misc\":{\"displayVideoMode\":\"none\",\"displayVideoRange\":\"sdr\",\"displayAudioMode\":[\"kaisetsu\"],\"audioMode\":[\"stereoKaisetsu\"],\"supportCaption\":true,\"supportSign\":false,\"supportHybridcast\":false,\"supportDataBroadcast\":false,\"isInteractive\":false,\"isChangeable\":false,\"releaseLevel\":\"original\",\"programType\":\"program\",\"coverage\":\"nationwide\",\"actList\":[{\"role\":\"作\",\"name\":\"羽原大介\",\"nameRuby\":\"ﾊﾊﾞﾗﾀﾞｲｽｹ\"},{\"role\":\"出演\",\"name\":\"玉山鉄二\",\"nameRuby\":\"ﾀﾏﾔﾏﾃﾂｼﾞ\"},{\"role\":\"出演\",\"name\":\"シャーロット・ケイト・フォックス\",\"nameRuby\":\"ｼｬｰﾛｯﾄ･ｹｲﾄ･ﾌｫｯｸｽ\"},{\"role\":\"出演\",\"name\":\"濱田マリ\",\"nameRuby\":\"ﾊﾏﾀﾞﾏﾘ\"},{\"role\":\"出演\",\"name\":\"江口のりこ\",\"nameRuby\":\"ｴｸﾞﾁﾉﾘｺ\"},{\"role\":\"出演\",\"name\":\"志賀廣太郎\",\"nameRuby\":\"ｼｶﾞｺｳﾀﾛｳ\"},{\"role\":\"出演\",\"name\":\"智順\",\"nameRuby\":\"ﾁｽﾝ\"},{\"role\":\"出演\",\"name\":\"飯島順子\",\"nameRuby\":\"ｲｲｼﾞﾏｼﾞｭﾝｺ\"},{\"role\":\"出演\",\"name\":\"及川いぞう\",\"nameRuby\":\"ｵｲｶﾜｲｿﾞｳ\"},{\"role\":\"出演\",\"name\":\"しるさ\",\"nameRuby\":\"ｼﾙｻ\"},{\"role\":\"出演\",\"name\":\"トーマス・リンドブルーム\",\"nameRuby\":\"ﾄｰﾏｽ･ﾘﾝﾄﾞﾌﾞﾙｰﾑ\"},{\"role\":\"出演\",\"name\":\"堤真一\",\"nameRuby\":\"ﾂﾂﾐｼﾝｲﾁ\"},{\"role\":\"語り\",\"name\":\"松岡洋子\",\"nameRuby\":\"ﾏﾂｵｶﾖｳｺ\"},{\"role\":\"音楽\",\"name\":\"富貴晴美\",\"nameRuby\":\"ﾌｳｷﾊﾙﾐ\"}],\"musicList\":[]},\"publishedOn\":{\"type\":\"BroadcastService\",\"id\":\"bs-g1-130\",\"name\":\"NHK総合テレビジョン\",\"url\":\"https://api-local.ss.org.nhk/r8/t/broadcastservice/bs/g1-130.json\",\"broadcastDisplayName\":\"NHK総合・東京\",\"videoFormat\":[\"2K\"],\"encodingFormat\":[\"video/X-arib-mpeg2\",\"audio/X-arib-mpeg2-aac\"],\"identifierGroup\":{\"serviceId\":\"g1\",\"serviceName\":\"NHK総合1\",\"areaId\":\"130\",\"areaName\":\"東京\",\"channelId\":\"011\",\"channelKey\":\"1\",\"channelAreaName\":\"東京\",\"channelStationName\":\"首都圏\",\"shortenedName\":\"NHK総合1\",\"shortenedDisplayName\":\"総合\",\"multiChannelDisplayName\":\"総合\"},\"logo\":{\"url\":\"https://imgu.web.nhk/common/broadcastservice/bs/g1/g1-logo.svg\",\"main\":{\"url\":\"https://imgu.web.nhk/common/broadcastservice/bs/g1/g1-logo_1080x1080.png\",\"width\":1080,\"height\":1080},\"medium\":{\"url\":\"https://imgu.web.nhk/common/broadcastservice/bs/g1/g1-logo_640x640.png\",\"width\":640,\"height\":640},\"small\":{\"url\":\"https://imgu.web.nhk/common/broadcastservice/bs/g1/g1-logo_200x200.png\",\"width\":200,\"height\":200}},\"eyecatch\":{\"url\":\"https://imgu.web.nhk/common/broadcastservice/bs/g1/g1-eyecatch.svg\",\"large\":{\"url\":\"https://imgu.web.nhk/common/broadcastservice/bs/g1/g1-eyecatch_3840x2160.png\",\"width\":3840,\"height\":2160},\"main\":{\"url\":\"https://imgu.web.nhk/common/broadcastservice/bs/g1/g1-eyecatch_1920x1080.png\",\"width\":1920,\"height\":1080},\"medium\":{\"url\":\"https://imgu.web.nhk/common/broadcastservice/bs/g1/g1-eyecatch_1280x720.png\",\"width\":1280,\"height\":720},\"small\":{\"url\":\"https://imgu.web.nhk/common/broadcastservice/bs/g1/g1-eyecatch_640x360.png\",\"width\":640,\"height\":360}},\"hero\":{\"url\":\"https://imgu.web.nhk/common/broadcastservice/bs/g1/g1-hero.svg\",\"main\":{\"url\":\"https://imgu.web.nhk/common/broadcastservice/bs/g1/g1-hero_1920x640.png\",\"width\":1920,\"height\":640},\"medium\":{\"url\":\"https://imgu.web.nhk/common/broadcastservice/bs/g1/g1-hero_1080x360.png\",\"width\":1080,\"height\":360}},\"badge9x4\":{\"url\":\"https://imgu.web.nhk/common/broadcastservice/bs/g1/g1-badge9x4.svg\",\"main\":{\"url\":\"https://imgu.web.nhk/common/broadcastservice/bs/g1/g1-badge9x4_360x160.png\",\"width\":360,\"height\":160},\"small\":{\"url\":\"https://imgu.web.nhk/common/broadcastservice/bs/g1/g1-badge9x4_180x80.png\",\"width\":180,\"height\":80}}}},\"eyecatch\":{\"large\":{\"url\":\"https://imgu.web.nhk/static/assets/images/tvepisode/te/X6N1QNMK69/X6N1QNMK69-eyecatch_c3ae7c44610061dfa1b28ef8701cc4f9.jpg\",\"width\":3840,\"height\":2160},\"main\":{\"url\":\"https://imgu.web.nhk/static/assets/images/tvepisode/te/X6N1QNMK69/X6N1QNMK69-eyecatch_c4d8976920e88dfc2cfd8e6740d31bbe.jpg\",\"width\":1920,\"height\":1080},\"medium\":{\"url\":\"https://imgu.web.nhk/static/assets/images/tvepisode/te/X6N1QNMK69/X6N1QNMK69-eyecatch_85ab0d69331a4f8ff96eddf3c5c378b7.jpg\",\"width\":1280,\"height\":720},\"small\":{\"url\":\"https://imgu.web.nhk/static/assets/images/tvepisode/te/X6N1QNMK69/X6N1QNMK69-eyecatch_1cdb11b117f266fefcd7fd3c23d33cf4.jpg\",\"width\":640,\"height\":360}},\"eyecatchList\":[],\"video\":[{\"id\":\"hskOriginal-g1-130-2026030609603\",\"name\":\"【連続テレビ小説】マッサン（５０）「虎穴（こけつ）に入らずんば虎子を得ず」\",\"description\":\"鴨居（堤真一）とは一緒に働かないと意地を張るマッサン（玉山鉄二）に困るエリー（シャーロット）は鴨居商店に呼ばれ、スコットランドの貿易商と鴨居との会談の通訳をすることに。文化レベルが遅れた日本ではウイスキーをつくることなど無理だと主張する貿易商に対して、エリーは思わず通訳を忘れ反論し、鴨居もエリーに同調し追い返してしまう。そこでエリーは、もう一度マッサンにチャンスが欲しいと鴨居に懇願するのだった。\",\"url\":\"https://www.web.nhk/tv/pl/series-tep-M6Q9QR18KJ/ep/X6N1QNMK69\",\"identifierGroup\":{\"environmentId\":\"hskOriginal\",\"broadcastEventId\":\"g1-130-2026030609603\",\"serviceId\":\"g1\",\"streamType\":\"vod\"},\"detailedContentStatus\":{\"environmentId\":\"hskOriginal\",\"streamType\":\"vod\",\"contentStatus\":\"ready\"},\"detailedVideoDescriptor\":\"https://archive.hsk.st.nhk/npd3/7fe0-0400/20260306/2583-1-3-e53b1e3b444167f42721b2523c6f781a/videoinfo-26e52f3e7d3aed407766bb3cf5fe0e47.json\",\"expires\":\"2026-03-13T12:45:00+09:00\",\"duration\":\"PT14M59S\",\"startDate\":\"2026-03-06T12:30:00+09:00\",\"endDate\":\"2026-03-06T12:45:00+09:00\",\"isDivided\":false,\"publication\":[{\"id\":\"g1-130-2026030609603\",\"url\":\"https://api-local.ss.org.nhk/r8/t/broadcastevent/be/g1-130-2026030609603.json\",\"isLiveBroadcast\":true}],\"hasPart\":[],\"uploadDate\":\"2026-03-06T12:45:00+09:00\"}],\"citation\":[],\"detailedPinnedCitation\":[],\"sameAs\":[],\"correction\":[],\"url\":\"https://api-local.ss.org.nhk/r8/t/tvepisode/te/X6N1QNMK69.json\",\"canonical\":\"https://www.web.nhk/tv/pl/series-tep-M6Q9QR18KJ/ep/X6N1QNMK69\",\"associatedMedia\":[],\"hasPart\":[],\"additionalProperty\":{\"episodeMergeStatus\":\"notMerged\"}},\"link\":{\"href\":\"https://www.web.nhk/tv/pl/series-tep-M6Q9QR18KJ/ep/X6N1QNMK69\"}}]\n"])</script><script>self.__next_f.push([1,"5a:[\"$\",\"$L2a\",\"GL7MR1V243\",{\"content\":{\"type\":\"TVEpisode\",\"id\":\"GL7MR1V243\",\"name\":\"(49)「虎穴(こけつ)に入らずんば虎子を得ず」\",\"detailedEpisodeNameRuby\":\"\",\"identifierGroup\":{\"tvEpisodeId\":\"GL7MR1V243\",\"tvSeriesId\":\"M6Q9QR18KJ\",\"tvEpisodeName\":\"(49)「虎穴(こけつ)に入らずんば虎子を得ず」\",\"tvSeriesName\":\"マッサン\",\"hashtag\":[],\"serviceId\":[\"g1\",\"g2\"],\"formatGenreTag\":[{\"id\":\"03\",\"name\":\"ドラマ\"}],\"themeGenreTag\":[{\"id\":\"031\",\"name\":\"国内ドラマ\"}]},\"keyword\":[],\"description\":\"ウイスキーづくりへの決意を新たに大阪へと向かうマッサン（玉山鉄二）とエリー（シャーロット）。やはり鴨居（堤真一）に頭を下げ雇ってもらうしかないと、マッサンは鴨居商店を訪れるがなかなか話を切り出せない。そんなとき、鴨居は一本の瓶を差し出しマッサンに試飲させる。ウイスキーと炭酸水を混ぜたこの飲み物を新商品として売り出すと聞いたマッサンは、ウイスキーを馬鹿にしていると激怒し出て行ってしまう。\",\"dateCreated\":\"2026-02-04T18:25:07+09:00\",\"dateModified\":\"2026-02-26T04:40:40+09:00\",\"actor\":[],\"contributor\":[],\"partOfSeries\":{\"id\":\"M6Q9QR18KJ\",\"name\":\"マッサン\",\"detailedSeriesNameRuby\":\"まっさん\",\"identifierGroup\":{\"tvSeriesId\":\"M6Q9QR18KJ\",\"tvSeriesPlaylistId\":\"series-tep-M6Q9QR18KJ\",\"tvSeriesUId\":\"pa6743cc6-ad8f-5002-822c-cb6b30d8a073\",\"tvSeriesName\":\"マッサン\",\"hashtag\":[],\"serviceId\":[\"g1\",\"g2\"],\"formatGenre\":[{\"id\":\"03\",\"name\":\"ドラマ\"}]},\"keyword\":[],\"detailedSynonym\":[],\"sameAs\":[{\"name\":\"NHKドラマ\",\"url\":\"https://www.nhk.jp/g/drama/\"},{\"name\":\"「マッサン」最新情報\",\"url\":\"https://www.nhk.jp/g/ts/M6Q9QR18KJ/\"},{\"name\":\"ドラマ情報　玉山鉄二さんからのコメント\",\"url\":\"https://www.nhk.jp/g/blog/fqgfs7y86/\"},{\"name\":\"ドラマ情報　シャーロット・ケイト・フォックスさんからのコメント\",\"url\":\"https://www.nhk.jp/g/blog/rrzhcyiht/\"},{\"name\":\"NHKオンデマンド\",\"url\":\"https://www.nhk-ondemand.jp/program/P201400118400000/\"},{\"name\":\"NHKアーカイブス\",\"url\":\"https://www2.nhk.or.jp/archives/movies/?id=D0009050252_00000\"},{\"name\":\"【ドラマセレクション】再放送番組情報\",\"url\":\"https://www.nhk.jp/g/blog/drama-selection/\"}],\"canonical\":\"https://www.web.nhk/tv/pl/series-tep-M6Q9QR18KJ\",\"description\":\"単身スコットランドに渡り、ウイスキー醸造技術を学ぶ政春は、エリーと出会い恋に落ちる。国産初のウイスキー誕生を夢見るマッサンと、母国を離れ初めて日本にやってきたエリーには、次々と試練が待ち受けていた。\\n激動の時代を夫婦の絆でまっすぐに生きるマッサンとエリーの愛と冒険の物語。\\n\\n【作】\\n羽原大介\\n\\n【音楽】\\n富貴晴美\\n\\n【主題歌】\\n中島みゆき\\n「麦の唄」\\n\\n【語り】\\n松岡洋子\\n\\n【初回放送】\\n2014年9月29日～2015年3月28日\\n総合テレビ　「連続テレビ小説」にて放送\",\"detailedCatch\":\"二人で、生きていくと　決めました\",\"logo\":{\"main\":{\"url\":\"https://imgu.web.nhk/static/assets/images/tvseries/ts/M6Q9QR18KJ/M6Q9QR18KJ-logo_8ed8218dcedc28acf1b6adf410691023.png\",\"width\":1080,\"height\":1080},\"medium\":{\"url\":\"https://imgu.web.nhk/static/assets/images/tvseries/ts/M6Q9QR18KJ/M6Q9QR18KJ-logo_68ab587945a461ec6fe4239efb1046e7.png\",\"width\":640,\"height\":640},\"small\":{\"url\":\"https://imgu.web.nhk/static/assets/images/tvseries/ts/M6Q9QR18KJ/M6Q9QR18KJ-logo_f946b2b1cddad1ef87204a57c18665f1.png\",\"width\":200,\"height\":200}},\"eyecatch\":{\"large\":{\"url\":\"https://imgu.web.nhk/static/assets/images/tvseries/ts/M6Q9QR18KJ/M6Q9QR18KJ-eyecatch_3d94806a47d903d3ede263021a9ba99f.png\",\"width\":3840,\"height\":2160},\"main\":{\"url\":\"https://imgu.web.nhk/static/assets/images/tvseries/ts/M6Q9QR18KJ/M6Q9QR18KJ-eyecatch_8b7ac0e1e8b04f61fb8f548c68f8ef29.png\",\"width\":1920,\"height\":1080},\"medium\":{\"url\":\"https://imgu.web.nhk/static/assets/images/tvseries/ts/M6Q9QR18KJ/M6Q9QR18KJ-eyecatch_697751101c554045386b9a594fb70f02.png\",\"width\":1280,\"height\":720},\"small\":{\"url\":\"https://imgu.web.nhk/static/assets/images/tvseries/ts/M6Q9QR18KJ/M6Q9QR18KJ-eyecatch_49fad15b7d619396d58ea34b5fdcf15f.png\",\"width\":640,\"height\":360}},\"hero\":{\"main\":{\"url\":\"https://imgu.web.nhk/static/assets/images/tvseries/ts/M6Q9QR18KJ/M6Q9QR18KJ-hero_42ae1565bf62d137e628cb3aa198bb25.png\",\"width\":1920,\"height\":640},\"medium\":{\"url\":\"https://imgu.web.nhk/static/assets/images/tvseries/ts/M6Q9QR18KJ/M6Q9QR18KJ-hero_5ca747184b97219204b980462f31f69b.png\",\"width\":1080,\"height\":360}},\"style\":{\"textLight\":\"#000000\",\"textDark\":\"#FFFFFF\",\"linkLight\":\"#E72400\",\"linkDark\":\"#FF4928\",\"primaryLight\":\"#FF2800\",\"primaryDark\":\"#FF2800\"},\"additionalProperty\":{\"publishLevel\":\"full\",\"layoutPattern\":\"summary\",\"episodeOrderBy\":\"releasedEvent\",\"availableOnPlus\":false,\"enableVariablePlayBackSpeedControl\":false,\"optional\":[\"releasedEvent\"],\"seriesPackStatus\":\"notPacked\",\"supportMedia\":[\"@screen\"],\"supportMusicList\":true,\"supportPlusEmbed\":true,\"enableWebContent\":false},\"url\":\"https://api-local.ss.org.nhk/r8/t/nplaylist/pl/series-tep-M6Q9QR18KJ.json\",\"itemUrl\":\"https://api-local.ss.org.nhk/r8/l/tvepisode/pl/series-tep-M6Q9QR18KJ.json\"},\"releasedEvent\":{\"id\":\"g1-130-2026030508963\",\"startDate\":\"2026-03-05T12:30:00+09:00\",\"displayStartDate\":\"2026-03-05T12:30:00+09:00\",\"endDate\":\"2026-03-05T12:45:00+09:00\",\"publishedOn\":{\"type\":\"BroadcastService\",\"id\":\"bs-g1-130\",\"name\":\"NHK総合テレビジョン\",\"url\":\"https://api-local.ss.org.nhk/r8/t/broadcastservice/bs/g1-130.json\",\"broadcastDisplayName\":\"NHK総合・東京\",\"videoFormat\":[\"2K\"],\"encodingFormat\":[\"video/X-arib-mpeg2\",\"audio/X-arib-mpeg2-aac\"],\"identifierGroup\":{\"serviceId\":\"g1\",\"serviceName\":\"NHK総合1\",\"areaId\":\"130\",\"areaName\":\"東京\",\"channelId\":\"011\",\"channelKey\":\"1\",\"channelAreaName\":\"東京\",\"channelStationName\":\"首都圏\",\"shortenedName\":\"NHK総合1\",\"shortenedDisplayName\":\"総合\",\"multiChannelDisplayName\":\"総合\"},\"logo\":{\"url\":\"https://imgu.web.nhk/common/broadcastservice/bs/g1/g1-logo.svg\",\"main\":{\"url\":\"https://imgu.web.nhk/common/broadcastservice/bs/g1/g1-logo_1080x1080.png\",\"width\":1080,\"height\":1080},\"medium\":{\"url\":\"https://imgu.web.nhk/common/broadcastservice/bs/g1/g1-logo_640x640.png\",\"width\":640,\"height\":640},\"small\":{\"url\":\"https://imgu.web.nhk/common/broadcastservice/bs/g1/g1-logo_200x200.png\",\"width\":200,\"height\":200}},\"eyecatch\":{\"url\":\"https://imgu.web.nhk/common/broadcastservice/bs/g1/g1-eyecatch.svg\",\"large\":{\"url\":\"https://imgu.web.nhk/common/broadcastservice/bs/g1/g1-eyecatch_3840x2160.png\",\"width\":3840,\"height\":2160},\"main\":{\"url\":\"https://imgu.web.nhk/common/broadcastservice/bs/g1/g1-eyecatch_1920x1080.png\",\"width\":1920,\"height\":1080},\"medium\":{\"url\":\"https://imgu.web.nhk/common/broadcastservice/bs/g1/g1-eyecatch_1280x720.png\",\"width\":1280,\"height\":720},\"small\":{\"url\":\"https://imgu.web.nhk/common/broadcastservice/bs/g1/g1-eyecatch_640x360.png\",\"width\":640,\"height\":360}},\"hero\":{\"url\":\"https://imgu.web.nhk/common/broadcastservice/bs/g1/g1-hero.svg\",\"main\":{\"url\":\"https://imgu.web.nhk/common/broadcastservice/bs/g1/g1-hero_1920x640.png\",\"width\":1920,\"height\":640},\"medium\":{\"url\":\"https://imgu.web.nhk/common/broadcastservice/bs/g1/g1-hero_1080x360.png\",\"width\":1080,\"height\":360}},\"badge9x4\":{\"url\":\"https://imgu.web.nhk/common/broadcastservice/bs/g1/g1-badge9x4.svg\",\"main\":{\"url\":\"https://imgu.web.nhk/common/broadcastservice/bs/g1/g1-badge9x4_360x160.png\",\"width\":360,\"height\":160},\"small\":{\"url\":\"https://imgu.web.nhk/common/broadcastservice/bs/g1/g1-badge9x4_180x80.png\",\"width\":180,\"height\":80}}}},\"detailedRecentEvent\":{\"id\":\"g1-130-2026030508963\",\"startDate\":\"2026-03-05T12:30:00+09:00\",\"endDate\":\"2026-03-05T12:45:00+09:00\",\"identifierGroup\":{\"broadcastEventId\":\"g1-130-2026030508963\",\"serviceId\":\"g1\",\"areaId\":\"130\",\"stationId\":\"001\",\"date\":\"2026-03-05\",\"eventId\":\"08963\",\"genre\":[{\"id\":\"0300\",\"name1\":\"ドラマ\",\"name2\":\"国内ドラマ\"}],\"onid\":\"7fe0\",\"sid\":\"0400\",\"tsid\":\"7fe0\"},\"misc\":{\"displayVideoMode\":\"none\",\"displayVideoRange\":\"sdr\",\"displayAudioMode\":[\"kaisetsu\"],\"audioMode\":[\"stereoKaisetsu\"],\"supportCaption\":true,\"supportSign\":false,\"supportHybridcast\":false,\"supportDataBroadcast\":false,\"isInteractive\":false,\"isChangeable\":false,\"releaseLevel\":\"original\",\"programType\":\"program\",\"coverage\":\"nationwide\",\"actList\":[{\"role\":\"作\",\"name\":\"羽原大介\",\"nameRuby\":\"ﾊﾊﾞﾗﾀﾞｲｽｹ\"},{\"role\":\"出演\",\"name\":\"玉山鉄二\",\"nameRuby\":\"ﾀﾏﾔﾏﾃﾂｼﾞ\"},{\"role\":\"出演\",\"name\":\"シャーロット・ケイト・フォックス\",\"nameRuby\":\"ｼｬｰﾛｯﾄ･ｹｲﾄ･ﾌｫｯｸｽ\"},{\"role\":\"出演\",\"name\":\"濱田マリ\",\"nameRuby\":\"ﾊﾏﾀﾞﾏﾘ\"},{\"role\":\"出演\",\"name\":\"志賀廣太郎\",\"nameRuby\":\"ｼｶﾞｺｳﾀﾛｳ\"},{\"role\":\"出演\",\"name\":\"及川いぞう\",\"nameRuby\":\"ｵｲｶﾜｲｿﾞｳ\"},{\"role\":\"出演\",\"name\":\"成河\",\"nameRuby\":\"ｿﾝﾊ\"},{\"role\":\"出演\",\"name\":\"乃木涼介\",\"nameRuby\":\"ﾉｷﾞﾘｮｳｽｹ\"},{\"role\":\"出演\",\"name\":\"田実陽子\",\"nameRuby\":\"ﾀｼﾞﾂﾖｳｺ\"},{\"role\":\"出演\",\"name\":\"智順\",\"nameRuby\":\"ﾁｽﾝ\"},{\"role\":\"出演\",\"name\":\"飯島順子\",\"nameRuby\":\"ｲｲｼﾞﾏｼﾞｭﾝｺ\"},{\"role\":\"出演\",\"name\":\"しるさ\",\"nameRuby\":\"ｼﾙｻ\"},{\"role\":\"出演\",\"name\":\"リー５世\",\"nameRuby\":\"ﾘｰ5ｾｲ\"},{\"role\":\"出演\",\"name\":\"堤真一\",\"nameRuby\":\"ﾂﾂﾐｼﾝｲﾁ\"},{\"role\":\"語り\",\"name\":\"松岡洋子\",\"nameRuby\":\"ﾏﾂｵｶﾖｳｺ\"},{\"role\":\"音楽\",\"name\":\"富貴晴美\",\"nameRuby\":\"ﾌｳｷﾊﾙﾐ\"}],\"musicList\":[]},\"publishedOn\":{\"type\":\"BroadcastService\",\"id\":\"bs-g1-130\",\"name\":\"NHK総合テレビジョン\",\"url\":\"https://api-local.ss.org.nhk/r8/t/broadcastservice/bs/g1-130.json\",\"broadcastDisplayName\":\"NHK総合・東京\",\"videoFormat\":[\"2K\"],\"encodingFormat\":[\"video/X-arib-mpeg2\",\"audio/X-arib-mpeg2-aac\"],\"identifierGroup\":{\"serviceId\":\"g1\",\"serviceName\":\"NHK総合1\",\"areaId\":\"130\",\"areaName\":\"東京\",\"channelId\":\"011\",\"channelKey\":\"1\",\"channelAreaName\":\"東京\",\"channelStationName\":\"首都圏\",\"shortenedName\":\"NHK総合1\",\"shortenedDisplayName\":\"総合\",\"multiChannelDisplayName\":\"総合\"},\"logo\":{\"url\":\"https://imgu.web.nhk/common/broadcastservice/bs/g1/g1-logo.svg\",\"main\":{\"url\":\"https://imgu.web.nhk/common/broadcastservice/bs/g1/g1-logo_1080x1080.png\",\"width\":1080,\"height\":1080},\"medium\":{\"url\":\"https://imgu.web.nhk/common/broadcastservice/bs/g1/g1-logo_640x640.png\",\"width\":640,\"height\":640},\"small\":{\"url\":\"https://imgu.web.nhk/common/broadcastservice/bs/g1/g1-logo_200x200.png\",\"width\":200,\"height\":200}},\"eyecatch\":{\"url\":\"https://imgu.web.nhk/common/broadcastservice/bs/g1/g1-eyecatch.svg\",\"large\":{\"url\":\"https://imgu.web.nhk/common/broadcastservice/bs/g1/g1-eyecatch_3840x2160.png\",\"width\":3840,\"height\":2160},\"main\":{\"url\":\"https://imgu.web.nhk/common/broadcastservice/bs/g1/g1-eyecatch_1920x1080.png\",\"width\":1920,\"height\":1080},\"medium\":{\"url\":\"https://imgu.web.nhk/common/broadcastservice/bs/g1/g1-eyecatch_1280x720.png\",\"width\":1280,\"height\":720},\"small\":{\"url\":\"https://imgu.web.nhk/common/broadcastservice/bs/g1/g1-eyecatch_640x360.png\",\"width\":640,\"height\":360}},\"hero\":{\"url\":\"https://imgu.web.nhk/common/broadcastservice/bs/g1/g1-hero.svg\",\"main\":{\"url\":\"https://imgu.web.nhk/common/broadcastservice/bs/g1/g1-hero_1920x640.png\",\"width\":1920,\"height\":640},\"medium\":{\"url\":\"https://imgu.web.nhk/common/broadcastservice/bs/g1/g1-hero_1080x360.png\",\"width\":1080,\"height\":360}},\"badge9x4\":{\"url\":\"https://imgu.web.nhk/common/broadcastservice/bs/g1/g1-badge9x4.svg\",\"main\":{\"url\":\"https://imgu.web.nhk/common/broadcastservice/bs/g1/g1-badge9x4_360x160.png\",\"width\":360,\"height\":160},\"small\":{\"url\":\"https://imgu.web.nhk/common/broadcastservice/bs/g1/g1-badge9x4_180x80.png\",\"width\":180,\"height\":80}}}},\"detailedComingEvent\":{\"id\":\"g1-130-2026030508963\",\"startDate\":\"2026-03-05T12:30:00+09:00\",\"endDate\":\"2026-03-05T12:45:00+09:00\",\"identifierGroup\":{\"broadcastEventId\":\"g1-130-2026030508963\",\"serviceId\":\"g1\",\"areaId\":\"130\",\"stationId\":\"001\",\"date\":\"2026-03-05\",\"eventId\":\"08963\",\"genre\":[{\"id\":\"0300\",\"name1\":\"ドラマ\",\"name2\":\"国内ドラマ\"}],\"onid\":\"7fe0\",\"sid\":\"0400\",\"tsid\":\"7fe0\"},\"misc\":{\"displayVideoMode\":\"none\",\"displayVideoRange\":\"sdr\",\"displayAudioMode\":[\"kaisetsu\"],\"audioMode\":[\"stereoKaisetsu\"],\"supportCaption\":true,\"supportSign\":false,\"supportHybridcast\":false,\"supportDataBroadcast\":false,\"isInteractive\":false,\"isChangeable\":false,\"releaseLevel\":\"original\",\"programType\":\"program\",\"coverage\":\"nationwide\",\"actList\":[{\"role\":\"作\",\"name\":\"羽原大介\",\"nameRuby\":\"ﾊﾊﾞﾗﾀﾞｲｽｹ\"},{\"role\":\"出演\",\"name\":\"玉山鉄二\",\"nameRuby\":\"ﾀﾏﾔﾏﾃﾂｼﾞ\"},{\"role\":\"出演\",\"name\":\"シャーロット・ケイト・フォックス\",\"nameRuby\":\"ｼｬｰﾛｯﾄ･ｹｲﾄ･ﾌｫｯｸｽ\"},{\"role\":\"出演\",\"name\":\"濱田マリ\",\"nameRuby\":\"ﾊﾏﾀﾞﾏﾘ\"},{\"role\":\"出演\",\"name\":\"志賀廣太郎\",\"nameRuby\":\"ｼｶﾞｺｳﾀﾛｳ\"},{\"role\":\"出演\",\"name\":\"及川いぞう\",\"nameRuby\":\"ｵｲｶﾜｲｿﾞｳ\"},{\"role\":\"出演\",\"name\":\"成河\",\"nameRuby\":\"ｿﾝﾊ\"},{\"role\":\"出演\",\"name\":\"乃木涼介\",\"nameRuby\":\"ﾉｷﾞﾘｮｳｽｹ\"},{\"role\":\"出演\",\"name\":\"田実陽子\",\"nameRuby\":\"ﾀｼﾞﾂﾖｳｺ\"},{\"role\":\"出演\",\"name\":\"智順\",\"nameRuby\":\"ﾁｽﾝ\"},{\"role\":\"出演\",\"name\":\"飯島順子\",\"nameRuby\":\"ｲｲｼﾞﾏｼﾞｭﾝｺ\"},{\"role\":\"出演\",\"name\":\"しるさ\",\"nameRuby\":\"ｼﾙｻ\"},{\"role\":\"出演\",\"name\":\"リー５世\",\"nameRuby\":\"ﾘｰ5ｾｲ\"},{\"role\":\"出演\",\"name\":\"堤真一\",\"nameRuby\":\"ﾂﾂﾐｼﾝｲﾁ\"},{\"role\":\"語り\",\"name\":\"松岡洋子\",\"nameRuby\":\"ﾏﾂｵｶﾖｳｺ\"},{\"role\":\"音楽\",\"name\":\"富貴晴美\",\"nameRuby\":\"ﾌｳｷﾊﾙﾐ\"}],\"musicList\":[]},\"publishedOn\":{\"type\":\"BroadcastService\",\"id\":\"bs-g1-130\",\"name\":\"NHK総合テレビジョン\",\"url\":\"https://api-local.ss.org.nhk/r8/t/broadcastservice/bs/g1-130.json\",\"broadcastDisplayName\":\"NHK総合・東京\",\"videoFormat\":[\"2K\"],\"encodingFormat\":[\"video/X-arib-mpeg2\",\"audio/X-arib-mpeg2-aac\"],\"identifierGroup\":{\"serviceId\":\"g1\",\"serviceName\":\"NHK総合1\",\"areaId\":\"130\",\"areaName\":\"東京\",\"channelId\":\"011\",\"channelKey\":\"1\",\"channelAreaName\":\"東京\",\"channelStationName\":\"首都圏\",\"shortenedName\":\"NHK総合1\",\"shortenedDisplayName\":\"総合\",\"multiChannelDisplayName\":\"総合\"},\"logo\":{\"url\":\"https://imgu.web.nhk/common/broadcastservice/bs/g1/g1-logo.svg\",\"main\":{\"url\":\"https://imgu.web.nhk/common/broadcastservice/bs/g1/g1-logo_1080x1080.png\",\"width\":1080,\"height\":1080},\"medium\":{\"url\":\"https://imgu.web.nhk/common/broadcastservice/bs/g1/g1-logo_640x640.png\",\"width\":640,\"height\":640},\"small\":{\"url\":\"https://imgu.web.nhk/common/broadcastservice/bs/g1/g1-logo_200x200.png\",\"width\":200,\"height\":200}},\"eyecatch\":{\"url\":\"https://imgu.web.nhk/common/broadcastservice/bs/g1/g1-eyecatch.svg\",\"large\":{\"url\":\"https://imgu.web.nhk/common/broadcastservice/bs/g1/g1-eyecatch_3840x2160.png\",\"width\":3840,\"height\":2160},\"main\":{\"url\":\"https://imgu.web.nhk/common/broadcastservice/bs/g1/g1-eyecatch_1920x1080.png\",\"width\":1920,\"height\":1080},\"medium\":{\"url\":\"https://imgu.web.nhk/common/broadcastservice/bs/g1/g1-eyecatch_1280x720.png\",\"width\":1280,\"height\":720},\"small\":{\"url\":\"https://imgu.web.nhk/common/broadcastservice/bs/g1/g1-eyecatch_640x360.png\",\"width\":640,\"height\":360}},\"hero\":{\"url\":\"https://imgu.web.nhk/common/broadcastservice/bs/g1/g1-hero.svg\",\"main\":{\"url\":\"https://imgu.web.nhk/common/broadcastservice/bs/g1/g1-hero_1920x640.png\",\"width\":1920,\"height\":640},\"medium\":{\"url\":\"https://imgu.web.nhk/common/broadcastservice/bs/g1/g1-hero_1080x360.png\",\"width\":1080,\"height\":360}},\"badge9x4\":{\"url\":\"https://imgu.web.nhk/common/broadcastservice/bs/g1/g1-badge9x4.svg\",\"main\":{\"url\":\"https://imgu.web.nhk/common/broadcastservice/bs/g1/g1-badge9x4_360x160.png\",\"width\":360,\"height\":160},\"small\":{\"url\":\"https://imgu.web.nhk/common/broadcastservice/bs/g1/g1-badge9x4_180x80.png\",\"width\":180,\"height\":80}}}},\"eyecatch\":{\"large\":{\"url\":\"https://imgu.web.nhk/static/assets/images/tvepisode/te/GL7MR1V243/GL7MR1V243-eyecatch_28d94c4cced4f1d3074ebb287202eddf.jpg\",\"width\":3840,\"height\":2160},\"main\":{\"url\":\"https://imgu.web.nhk/static/assets/images/tvepisode/te/GL7MR1V243/GL7MR1V243-eyecatch_82ede47b2ddeb897c4791d76253caa2b.jpg\",\"width\":1920,\"height\":1080},\"medium\":{\"url\":\"https://imgu.web.nhk/static/assets/images/tvepisode/te/GL7MR1V243/GL7MR1V243-eyecatch_ddf9c782b03d1af35bf40714ad7cb49c.jpg\",\"width\":1280,\"height\":720},\"small\":{\"url\":\"https://imgu.web.nhk/static/assets/images/tvepisode/te/GL7MR1V243/GL7MR1V243-eyecatch_29aeea23b83af211025fd6bf2e87f863.jpg\",\"width\":640,\"height\":360}},\"eyecatchList\":[],\"video\":[{\"id\":\"hskOriginal-g1-130-2026030508963\",\"name\":\"【連続テレビ小説】マッサン（４９）「虎穴（こけつ）に入らずんば虎子を得ず」\",\"description\":\"ウイスキーづくりへの決意を新たに大阪へと向かうマッサン（玉山鉄二）とエリー（シャーロット）。やはり鴨居（堤真一）に頭を下げ雇ってもらうしかないと、マッサンは鴨居商店を訪れるがなかなか話を切り出せない。そんなとき、鴨居は一本の瓶を差し出しマッサンに試飲させる。ウイスキーと炭酸水を混ぜたこの飲み物を新商品として売り出すと聞いたマッサンは、ウイスキーを馬鹿にしていると激怒し出て行ってしまう。\",\"url\":\"https://www.web.nhk/tv/pl/series-tep-M6Q9QR18KJ/ep/GL7MR1V243\",\"identifierGroup\":{\"environmentId\":\"hskOriginal\",\"broadcastEventId\":\"g1-130-2026030508963\",\"serviceId\":\"g1\",\"streamType\":\"vod\"},\"detailedContentStatus\":{\"environmentId\":\"hskOriginal\",\"streamType\":\"vod\",\"contentStatus\":\"ready\"},\"detailedVideoDescriptor\":\"https://archive.hsk.st.nhk/npd3/7fe0-0400/20260305/2303-1-3-34f894f7144342acc5cade7f988d6ec3/videoinfo-97c80907a94370cec201af8a9fcce713.json\",\"expires\":\"2026-03-12T12:45:00+09:00\",\"duration\":\"PT14M59S\",\"startDate\":\"2026-03-05T12:30:00+09:00\",\"endDate\":\"2026-03-05T12:45:00+09:00\",\"isDivided\":false,\"publication\":[{\"id\":\"g1-130-2026030508963\",\"url\":\"https://api-local.ss.org.nhk/r8/t/broadcastevent/be/g1-130-2026030508963.json\",\"isLiveBroadcast\":true}],\"hasPart\":[],\"uploadDate\":\"2026-03-05T12:45:00+09:00\"}],\"citation\":[],\"detailedPinnedCitation\":[],\"sameAs\":[],\"correction\":[],\"url\":\"https://api-local.ss.org.nhk/r8/t/tvepisode/te/GL7MR1V243.json\",\"canonical\":\"https://www.web.nhk/tv/pl/series-tep-M6Q9QR18KJ/ep/GL7MR1V243\",\"associatedMedia\":[],\"hasPart\":[],\"additionalProperty\":{\"episodeMergeStatus\":\"notMerged\"}},\"link\":{\"href\":\"https://www.web.nhk/tv/pl/series-tep-M6Q9QR18KJ/ep/GL7MR1V243\"}}]\n"])</script><script>self.__next_f.push([1,"5b:[\"$\",\"$L2a\",\"9945517Y13\",{\"content\":{\"type\":\"TVEpisode\",\"id\":\"9945517Y13\",\"name\":\"(48)「絵に描いた餅」\",\"detailedEpisodeNameRuby\":\"\",\"identifierGroup\":{\"tvEpisodeId\":\"9945517Y13\",\"tvSeriesId\":\"M6Q9QR18KJ\",\"tvEpisodeName\":\"(48)「絵に描いた餅」\",\"tvSeriesName\":\"マッサン\",\"hashtag\":[],\"serviceId\":[\"g1\",\"g2\"],\"formatGenreTag\":[{\"id\":\"03\",\"name\":\"ドラマ\"}],\"themeGenreTag\":[{\"id\":\"031\",\"name\":\"国内ドラマ\"}]},\"keyword\":[],\"description\":\"エリー（シャーロット）と二人の子どものことを考え、実家に帰ってくると早苗（泉ピン子）と政志（前田吟）に告げるマッサン（玉山鉄二）。しかし、政志と早苗はその申し出を受け付けず、大阪へ帰れと告げる。さらに、政志は蔵の仕事を手伝わせた真意をマッサンに語り、その言葉を聞いたマッサンはウイスキーづくりへの情熱がこみ上げてくるのだった。そして、エリーとマッサンはもう一度二人の未来について話し合う。\",\"dateCreated\":\"2026-02-04T18:36:00+09:00\",\"dateModified\":\"2026-02-25T04:42:34+09:00\",\"actor\":[],\"contributor\":[],\"partOfSeries\":{\"id\":\"M6Q9QR18KJ\",\"name\":\"マッサン\",\"detailedSeriesNameRuby\":\"まっさん\",\"identifierGroup\":{\"tvSeriesId\":\"M6Q9QR18KJ\",\"tvSeriesPlaylistId\":\"series-tep-M6Q9QR18KJ\",\"tvSeriesUId\":\"pa6743cc6-ad8f-5002-822c-cb6b30d8a073\",\"tvSeriesName\":\"マッサン\",\"hashtag\":[],\"serviceId\":[\"g1\",\"g2\"],\"formatGenre\":[{\"id\":\"03\",\"name\":\"ドラマ\"}]},\"keyword\":[],\"detailedSynonym\":[],\"sameAs\":[{\"name\":\"NHKドラマ\",\"url\":\"https://www.nhk.jp/g/drama/\"},{\"name\":\"「マッサン」最新情報\",\"url\":\"https://www.nhk.jp/g/ts/M6Q9QR18KJ/\"},{\"name\":\"ドラマ情報　玉山鉄二さんからのコメント\",\"url\":\"https://www.nhk.jp/g/blog/fqgfs7y86/\"},{\"name\":\"ドラマ情報　シャーロット・ケイト・フォックスさんからのコメント\",\"url\":\"https://www.nhk.jp/g/blog/rrzhcyiht/\"},{\"name\":\"NHKオンデマンド\",\"url\":\"https://www.nhk-ondemand.jp/program/P201400118400000/\"},{\"name\":\"NHKアーカイブス\",\"url\":\"https://www2.nhk.or.jp/archives/movies/?id=D0009050252_00000\"},{\"name\":\"【ドラマセレクション】再放送番組情報\",\"url\":\"https://www.nhk.jp/g/blog/drama-selection/\"}],\"canonical\":\"https://www.web.nhk/tv/pl/series-tep-M6Q9QR18KJ\",\"description\":\"単身スコットランドに渡り、ウイスキー醸造技術を学ぶ政春は、エリーと出会い恋に落ちる。国産初のウイスキー誕生を夢見るマッサンと、母国を離れ初めて日本にやってきたエリーには、次々と試練が待ち受けていた。\\n激動の時代を夫婦の絆でまっすぐに生きるマッサンとエリーの愛と冒険の物語。\\n\\n【作】\\n羽原大介\\n\\n【音楽】\\n富貴晴美\\n\\n【主題歌】\\n中島みゆき\\n「麦の唄」\\n\\n【語り】\\n松岡洋子\\n\\n【初回放送】\\n2014年9月29日～2015年3月28日\\n総合テレビ　「連続テレビ小説」にて放送\",\"detailedCatch\":\"二人で、生きていくと　決めました\",\"logo\":{\"main\":{\"url\":\"https://imgu.web.nhk/static/assets/images/tvseries/ts/M6Q9QR18KJ/M6Q9QR18KJ-logo_8ed8218dcedc28acf1b6adf410691023.png\",\"width\":1080,\"height\":1080},\"medium\":{\"url\":\"https://imgu.web.nhk/static/assets/images/tvseries/ts/M6Q9QR18KJ/M6Q9QR18KJ-logo_68ab587945a461ec6fe4239efb1046e7.png\",\"width\":640,\"height\":640},\"small\":{\"url\":\"https://imgu.web.nhk/static/assets/images/tvseries/ts/M6Q9QR18KJ/M6Q9QR18KJ-logo_f946b2b1cddad1ef87204a57c18665f1.png\",\"width\":200,\"height\":200}},\"eyecatch\":{\"large\":{\"url\":\"https://imgu.web.nhk/static/assets/images/tvseries/ts/M6Q9QR18KJ/M6Q9QR18KJ-eyecatch_3d94806a47d903d3ede263021a9ba99f.png\",\"width\":3840,\"height\":2160},\"main\":{\"url\":\"https://imgu.web.nhk/static/assets/images/tvseries/ts/M6Q9QR18KJ/M6Q9QR18KJ-eyecatch_8b7ac0e1e8b04f61fb8f548c68f8ef29.png\",\"width\":1920,\"height\":1080},\"medium\":{\"url\":\"https://imgu.web.nhk/static/assets/images/tvseries/ts/M6Q9QR18KJ/M6Q9QR18KJ-eyecatch_697751101c554045386b9a594fb70f02.png\",\"width\":1280,\"height\":720},\"small\":{\"url\":\"https://imgu.web.nhk/static/assets/images/tvseries/ts/M6Q9QR18KJ/M6Q9QR18KJ-eyecatch_49fad15b7d619396d58ea34b5fdcf15f.png\",\"width\":640,\"height\":360}},\"hero\":{\"main\":{\"url\":\"https://imgu.web.nhk/static/assets/images/tvseries/ts/M6Q9QR18KJ/M6Q9QR18KJ-hero_42ae1565bf62d137e628cb3aa198bb25.png\",\"width\":1920,\"height\":640},\"medium\":{\"url\":\"https://imgu.web.nhk/static/assets/images/tvseries/ts/M6Q9QR18KJ/M6Q9QR18KJ-hero_5ca747184b97219204b980462f31f69b.png\",\"width\":1080,\"height\":360}},\"style\":{\"textLight\":\"#000000\",\"textDark\":\"#FFFFFF\",\"linkLight\":\"#E72400\",\"linkDark\":\"#FF4928\",\"primaryLight\":\"#FF2800\",\"primaryDark\":\"#FF2800\"},\"additionalProperty\":{\"publishLevel\":\"full\",\"layoutPattern\":\"summary\",\"episodeOrderBy\":\"releasedEvent\",\"availableOnPlus\":false,\"enableVariablePlayBackSpeedControl\":false,\"optional\":[\"releasedEvent\"],\"seriesPackStatus\":\"notPacked\",\"supportMedia\":[\"@screen\"],\"supportMusicList\":true,\"supportPlusEmbed\":true,\"enableWebContent\":false},\"url\":\"https://api-local.ss.org.nhk/r8/t/nplaylist/pl/series-tep-M6Q9QR18KJ.json\",\"itemUrl\":\"https://api-local.ss.org.nhk/r8/l/tvepisode/pl/series-tep-M6Q9QR18KJ.json\"},\"releasedEvent\":{\"id\":\"g1-130-2026030408456\",\"startDate\":\"2026-03-04T12:30:00+09:00\",\"displayStartDate\":\"2026-03-04T12:30:00+09:00\",\"endDate\":\"2026-03-04T12:45:00+09:00\",\"publishedOn\":{\"type\":\"BroadcastService\",\"id\":\"bs-g1-130\",\"name\":\"NHK総合テレビジョン\",\"url\":\"https://api-local.ss.org.nhk/r8/t/broadcastservice/bs/g1-130.json\",\"broadcastDisplayName\":\"NHK総合・東京\",\"videoFormat\":[\"2K\"],\"encodingFormat\":[\"video/X-arib-mpeg2\",\"audio/X-arib-mpeg2-aac\"],\"identifierGroup\":{\"serviceId\":\"g1\",\"serviceName\":\"NHK総合1\",\"areaId\":\"130\",\"areaName\":\"東京\",\"channelId\":\"011\",\"channelKey\":\"1\",\"channelAreaName\":\"東京\",\"channelStationName\":\"首都圏\",\"shortenedName\":\"NHK総合1\",\"shortenedDisplayName\":\"総合\",\"multiChannelDisplayName\":\"総合\"},\"logo\":{\"url\":\"https://imgu.web.nhk/common/broadcastservice/bs/g1/g1-logo.svg\",\"main\":{\"url\":\"https://imgu.web.nhk/common/broadcastservice/bs/g1/g1-logo_1080x1080.png\",\"width\":1080,\"height\":1080},\"medium\":{\"url\":\"https://imgu.web.nhk/common/broadcastservice/bs/g1/g1-logo_640x640.png\",\"width\":640,\"height\":640},\"small\":{\"url\":\"https://imgu.web.nhk/common/broadcastservice/bs/g1/g1-logo_200x200.png\",\"width\":200,\"height\":200}},\"eyecatch\":{\"url\":\"https://imgu.web.nhk/common/broadcastservice/bs/g1/g1-eyecatch.svg\",\"large\":{\"url\":\"https://imgu.web.nhk/common/broadcastservice/bs/g1/g1-eyecatch_3840x2160.png\",\"width\":3840,\"height\":2160},\"main\":{\"url\":\"https://imgu.web.nhk/common/broadcastservice/bs/g1/g1-eyecatch_1920x1080.png\",\"width\":1920,\"height\":1080},\"medium\":{\"url\":\"https://imgu.web.nhk/common/broadcastservice/bs/g1/g1-eyecatch_1280x720.png\",\"width\":1280,\"height\":720},\"small\":{\"url\":\"https://imgu.web.nhk/common/broadcastservice/bs/g1/g1-eyecatch_640x360.png\",\"width\":640,\"height\":360}},\"hero\":{\"url\":\"https://imgu.web.nhk/common/broadcastservice/bs/g1/g1-hero.svg\",\"main\":{\"url\":\"https://imgu.web.nhk/common/broadcastservice/bs/g1/g1-hero_1920x640.png\",\"width\":1920,\"height\":640},\"medium\":{\"url\":\"https://imgu.web.nhk/common/broadcastservice/bs/g1/g1-hero_1080x360.png\",\"width\":1080,\"height\":360}},\"badge9x4\":{\"url\":\"https://imgu.web.nhk/common/broadcastservice/bs/g1/g1-badge9x4.svg\",\"main\":{\"url\":\"https://imgu.web.nhk/common/broadcastservice/bs/g1/g1-badge9x4_360x160.png\",\"width\":360,\"height\":160},\"small\":{\"url\":\"https://imgu.web.nhk/common/broadcastservice/bs/g1/g1-badge9x4_180x80.png\",\"width\":180,\"height\":80}}}},\"detailedRecentEvent\":{\"id\":\"g1-130-2026030408456\",\"startDate\":\"2026-03-04T12:30:00+09:00\",\"endDate\":\"2026-03-04T12:45:00+09:00\",\"identifierGroup\":{\"broadcastEventId\":\"g1-130-2026030408456\",\"serviceId\":\"g1\",\"areaId\":\"130\",\"stationId\":\"001\",\"date\":\"2026-03-04\",\"eventId\":\"08456\",\"genre\":[{\"id\":\"0300\",\"name1\":\"ドラマ\",\"name2\":\"国内ドラマ\"}],\"onid\":\"7fe0\",\"sid\":\"0400\",\"tsid\":\"7fe0\"},\"misc\":{\"displayVideoMode\":\"none\",\"displayVideoRange\":\"sdr\",\"displayAudioMode\":[\"kaisetsu\"],\"audioMode\":[\"stereoKaisetsu\"],\"supportCaption\":true,\"supportSign\":false,\"supportHybridcast\":false,\"supportDataBroadcast\":false,\"isInteractive\":false,\"isChangeable\":false,\"releaseLevel\":\"original\",\"programType\":\"program\",\"coverage\":\"nationwide\",\"actList\":[{\"role\":\"作\",\"name\":\"羽原大介\",\"nameRuby\":\"ﾊﾊﾞﾗﾀﾞｲｽｹ\"},{\"role\":\"出演\",\"name\":\"玉山鉄二\",\"nameRuby\":\"ﾀﾏﾔﾏﾃﾂｼﾞ\"},{\"role\":\"出演\",\"name\":\"シャーロット・ケイト・フォックス\",\"nameRuby\":\"ｼｬｰﾛｯﾄ･ｹｲﾄ･ﾌｫｯｸｽ\"},{\"role\":\"出演\",\"name\":\"八嶋智人\",\"nameRuby\":\"ﾔｼﾏﾉﾘﾄ\"},{\"role\":\"出演\",\"name\":\"西田尚美\",\"nameRuby\":\"ﾆｼﾀﾞﾅｵﾐ\"},{\"role\":\"出演\",\"name\":\"早見あかり\",\"nameRuby\":\"ﾊﾔﾐｱｶﾘ\"},{\"role\":\"出演\",\"name\":\"高橋元太郎\",\"nameRuby\":\"ﾀｶﾊｼｹﾞﾝﾀﾛｳ\"},{\"role\":\"出演\",\"name\":\"前田吟\",\"nameRuby\":\"ﾏｴﾀﾞｷﾞﾝ\"},{\"role\":\"出演\",\"name\":\"泉ピン子\",\"nameRuby\":\"ｲｽﾞﾐﾋﾟﾝｺ\"},{\"role\":\"語り\",\"name\":\"松岡洋子\",\"nameRuby\":\"ﾏﾂｵｶﾖｳｺ\"},{\"role\":\"音楽\",\"name\":\"富貴晴美\",\"nameRuby\":\"ﾌｳｷﾊﾙﾐ\"}],\"musicList\":[]},\"publishedOn\":{\"type\":\"BroadcastService\",\"id\":\"bs-g1-130\",\"name\":\"NHK総合テレビジョン\",\"url\":\"https://api-local.ss.org.nhk/r8/t/broadcastservice/bs/g1-130.json\",\"broadcastDisplayName\":\"NHK総合・東京\",\"videoFormat\":[\"2K\"],\"encodingFormat\":[\"video/X-arib-mpeg2\",\"audio/X-arib-mpeg2-aac\"],\"identifierGroup\":{\"serviceId\":\"g1\",\"serviceName\":\"NHK総合1\",\"areaId\":\"130\",\"areaName\":\"東京\",\"channelId\":\"011\",\"channelKey\":\"1\",\"channelAreaName\":\"東京\",\"channelStationName\":\"首都圏\",\"shortenedName\":\"NHK総合1\",\"shortenedDisplayName\":\"総合\",\"multiChannelDisplayName\":\"総合\"},\"logo\":{\"url\":\"https://imgu.web.nhk/common/broadcastservice/bs/g1/g1-logo.svg\",\"main\":{\"url\":\"https://imgu.web.nhk/common/broadcastservice/bs/g1/g1-logo_1080x1080.png\",\"width\":1080,\"height\":1080},\"medium\":{\"url\":\"https://imgu.web.nhk/common/broadcastservice/bs/g1/g1-logo_640x640.png\",\"width\":640,\"height\":640},\"small\":{\"url\":\"https://imgu.web.nhk/common/broadcastservice/bs/g1/g1-logo_200x200.png\",\"width\":200,\"height\":200}},\"eyecatch\":{\"url\":\"https://imgu.web.nhk/common/broadcastservice/bs/g1/g1-eyecatch.svg\",\"large\":{\"url\":\"https://imgu.web.nhk/common/broadcastservice/bs/g1/g1-eyecatch_3840x2160.png\",\"width\":3840,\"height\":2160},\"main\":{\"url\":\"https://imgu.web.nhk/common/broadcastservice/bs/g1/g1-eyecatch_1920x1080.png\",\"width\":1920,\"height\":1080},\"medium\":{\"url\":\"https://imgu.web.nhk/common/broadcastservice/bs/g1/g1-eyecatch_1280x720.png\",\"width\":1280,\"height\":720},\"small\":{\"url\":\"https://imgu.web.nhk/common/broadcastservice/bs/g1/g1-eyecatch_640x360.png\",\"width\":640,\"height\":360}},\"hero\":{\"url\":\"https://imgu.web.nhk/common/broadcastservice/bs/g1/g1-hero.svg\",\"main\":{\"url\":\"https://imgu.web.nhk/common/broadcastservice/bs/g1/g1-hero_1920x640.png\",\"width\":1920,\"height\":640},\"medium\":{\"url\":\"https://imgu.web.nhk/common/broadcastservice/bs/g1/g1-hero_1080x360.png\",\"width\":1080,\"height\":360}},\"badge9x4\":{\"url\":\"https://imgu.web.nhk/common/broadcastservice/bs/g1/g1-badge9x4.svg\",\"main\":{\"url\":\"https://imgu.web.nhk/common/broadcastservice/bs/g1/g1-badge9x4_360x160.png\",\"width\":360,\"height\":160},\"small\":{\"url\":\"https://imgu.web.nhk/common/broadcastservice/bs/g1/g1-badge9x4_180x80.png\",\"width\":180,\"height\":80}}}},\"detailedComingEvent\":{\"id\":\"g1-130-2026030408456\",\"startDate\":\"2026-03-04T12:30:00+09:00\",\"endDate\":\"2026-03-04T12:45:00+09:00\",\"identifierGroup\":{\"broadcastEventId\":\"g1-130-2026030408456\",\"serviceId\":\"g1\",\"areaId\":\"130\",\"stationId\":\"001\",\"date\":\"2026-03-04\",\"eventId\":\"08456\",\"genre\":[{\"id\":\"0300\",\"name1\":\"ドラマ\",\"name2\":\"国内ドラマ\"}],\"onid\":\"7fe0\",\"sid\":\"0400\",\"tsid\":\"7fe0\"},\"misc\":{\"displayVideoMode\":\"none\",\"displayVideoRange\":\"sdr\",\"displayAudioMode\":[\"kaisetsu\"],\"audioMode\":[\"stereoKaisetsu\"],\"supportCaption\":true,\"supportSign\":false,\"supportHybridcast\":false,\"supportDataBroadcast\":false,\"isInteractive\":false,\"isChangeable\":false,\"releaseLevel\":\"original\",\"programType\":\"program\",\"coverage\":\"nationwide\",\"actList\":[{\"role\":\"作\",\"name\":\"羽原大介\",\"nameRuby\":\"ﾊﾊﾞﾗﾀﾞｲｽｹ\"},{\"role\":\"出演\",\"name\":\"玉山鉄二\",\"nameRuby\":\"ﾀﾏﾔﾏﾃﾂｼﾞ\"},{\"role\":\"出演\",\"name\":\"シャーロット・ケイト・フォックス\",\"nameRuby\":\"ｼｬｰﾛｯﾄ･ｹｲﾄ･ﾌｫｯｸｽ\"},{\"role\":\"出演\",\"name\":\"八嶋智人\",\"nameRuby\":\"ﾔｼﾏﾉﾘﾄ\"},{\"role\":\"出演\",\"name\":\"西田尚美\",\"nameRuby\":\"ﾆｼﾀﾞﾅｵﾐ\"},{\"role\":\"出演\",\"name\":\"早見あかり\",\"nameRuby\":\"ﾊﾔﾐｱｶﾘ\"},{\"role\":\"出演\",\"name\":\"高橋元太郎\",\"nameRuby\":\"ﾀｶﾊｼｹﾞﾝﾀﾛｳ\"},{\"role\":\"出演\",\"name\":\"前田吟\",\"nameRuby\":\"ﾏｴﾀﾞｷﾞﾝ\"},{\"role\":\"出演\",\"name\":\"泉ピン子\",\"nameRuby\":\"ｲｽﾞﾐﾋﾟﾝｺ\"},{\"role\":\"語り\",\"name\":\"松岡洋子\",\"nameRuby\":\"ﾏﾂｵｶﾖｳｺ\"},{\"role\":\"音楽\",\"name\":\"富貴晴美\",\"nameRuby\":\"ﾌｳｷﾊﾙﾐ\"}],\"musicList\":[]},\"publishedOn\":{\"type\":\"BroadcastService\",\"id\":\"bs-g1-130\",\"name\":\"NHK総合テレビジョン\",\"url\":\"https://api-local.ss.org.nhk/r8/t/broadcastservice/bs/g1-130.json\",\"broadcastDisplayName\":\"NHK総合・東京\",\"videoFormat\":[\"2K\"],\"encodingFormat\":[\"video/X-arib-mpeg2\",\"audio/X-arib-mpeg2-aac\"],\"identifierGroup\":{\"serviceId\":\"g1\",\"serviceName\":\"NHK総合1\",\"areaId\":\"130\",\"areaName\":\"東京\",\"channelId\":\"011\",\"channelKey\":\"1\",\"channelAreaName\":\"東京\",\"channelStationName\":\"首都圏\",\"shortenedName\":\"NHK総合1\",\"shortenedDisplayName\":\"総合\",\"multiChannelDisplayName\":\"総合\"},\"logo\":{\"url\":\"https://imgu.web.nhk/common/broadcastservice/bs/g1/g1-logo.svg\",\"main\":{\"url\":\"https://imgu.web.nhk/common/broadcastservice/bs/g1/g1-logo_1080x1080.png\",\"width\":1080,\"height\":1080},\"medium\":{\"url\":\"https://imgu.web.nhk/common/broadcastservice/bs/g1/g1-logo_640x640.png\",\"width\":640,\"height\":640},\"small\":{\"url\":\"https://imgu.web.nhk/common/broadcastservice/bs/g1/g1-logo_200x200.png\",\"width\":200,\"height\":200}},\"eyecatch\":{\"url\":\"https://imgu.web.nhk/common/broadcastservice/bs/g1/g1-eyecatch.svg\",\"large\":{\"url\":\"https://imgu.web.nhk/common/broadcastservice/bs/g1/g1-eyecatch_3840x2160.png\",\"width\":3840,\"height\":2160},\"main\":{\"url\":\"https://imgu.web.nhk/common/broadcastservice/bs/g1/g1-eyecatch_1920x1080.png\",\"width\":1920,\"height\":1080},\"medium\":{\"url\":\"https://imgu.web.nhk/common/broadcastservice/bs/g1/g1-eyecatch_1280x720.png\",\"width\":1280,\"height\":720},\"small\":{\"url\":\"https://imgu.web.nhk/common/broadcastservice/bs/g1/g1-eyecatch_640x360.png\",\"width\":640,\"height\":360}},\"hero\":{\"url\":\"https://imgu.web.nhk/common/broadcastservice/bs/g1/g1-hero.svg\",\"main\":{\"url\":\"https://imgu.web.nhk/common/broadcastservice/bs/g1/g1-hero_1920x640.png\",\"width\":1920,\"height\":640},\"medium\":{\"url\":\"https://imgu.web.nhk/common/broadcastservice/bs/g1/g1-hero_1080x360.png\",\"width\":1080,\"height\":360}},\"badge9x4\":{\"url\":\"https://imgu.web.nhk/common/broadcastservice/bs/g1/g1-badge9x4.svg\",\"main\":{\"url\":\"https://imgu.web.nhk/common/broadcastservice/bs/g1/g1-badge9x4_360x160.png\",\"width\":360,\"height\":160},\"small\":{\"url\":\"https://imgu.web.nhk/common/broadcastservice/bs/g1/g1-badge9x4_180x80.png\",\"width\":180,\"height\":80}}}},\"eyecatch\":{\"large\":{\"url\":\"https://imgu.web.nhk/static/assets/images/tvepisode/te/9945517Y13/9945517Y13-eyecatch_7acde02484c3d445830e5ff45b188e1a.jpg\",\"width\":3840,\"height\":2160},\"main\":{\"url\":\"https://imgu.web.nhk/static/assets/images/tvepisode/te/9945517Y13/9945517Y13-eyecatch_29ad9960be7fe5bb7973745598073d8c.jpg\",\"width\":1920,\"height\":1080},\"medium\":{\"url\":\"https://imgu.web.nhk/static/assets/images/tvepisode/te/9945517Y13/9945517Y13-eyecatch_749023efc168c3c7a7844e2b2c4c0e49.jpg\",\"width\":1280,\"height\":720},\"small\":{\"url\":\"https://imgu.web.nhk/static/assets/images/tvepisode/te/9945517Y13/9945517Y13-eyecatch_4ab9d6daf492f2cb98697200edcb8bdd.jpg\",\"width\":640,\"height\":360}},\"eyecatchList\":[],\"video\":[{\"id\":\"hskOriginal-g1-130-2026030408456\",\"name\":\"【連続テレビ小説】マッサン（４８）「絵に描いた餅」\",\"description\":\"エリー（シャーロット）と二人の子どものことを考え、実家に帰ってくると早苗（泉ピン子）と政志（前田吟）に告げるマッサン（玉山鉄二）。しかし、政志と早苗はその申し出を受け付けず、大阪へ帰れと告げる。さらに、政志は蔵の仕事を手伝わせた真意をマッサンに語り、その言葉を聞いたマッサンはウイスキーづくりへの情熱がこみ上げてくるのだった。そして、エリーとマッサンはもう一度二人の未来について話し合う。\",\"url\":\"https://www.web.nhk/tv/pl/series-tep-M6Q9QR18KJ/ep/9945517Y13\",\"identifierGroup\":{\"environmentId\":\"hskOriginal\",\"broadcastEventId\":\"g1-130-2026030408456\",\"serviceId\":\"g1\",\"streamType\":\"vod\"},\"detailedContentStatus\":{\"environmentId\":\"hskOriginal\",\"streamType\":\"vod\",\"contentStatus\":\"ready\"},\"detailedVideoDescriptor\":\"https://archive.hsk.st.nhk/npd3/7fe0-0400/20260304/2108-1-3-4c1209000eedbf395c613198cd6c8540/videoinfo-108f36051357a979952423506508054c.json\",\"expires\":\"2026-03-11T12:45:00+09:00\",\"duration\":\"PT14M59S\",\"startDate\":\"2026-03-04T12:30:00+09:00\",\"endDate\":\"2026-03-04T12:45:00+09:00\",\"isDivided\":false,\"publication\":[{\"id\":\"g1-130-2026030408456\",\"url\":\"https://api-local.ss.org.nhk/r8/t/broadcastevent/be/g1-130-2026030408456.json\",\"isLiveBroadcast\":true}],\"hasPart\":[],\"uploadDate\":\"2026-03-04T12:45:00+09:00\"}],\"citation\":[],\"detailedPinnedCitation\":[],\"sameAs\":[],\"correction\":[],\"url\":\"https://api-local.ss.org.nhk/r8/t/tvepisode/te/9945517Y13.json\",\"canonical\":\"https://www.web.nhk/tv/pl/series-tep-M6Q9QR18KJ/ep/9945517Y13\",\"associatedMedia\":[],\"hasPart\":[],\"additionalProperty\":{\"episodeMergeStatus\":\"notMerged\"}},\"link\":{\"href\":\"https://www.web.nhk/tv/pl/series-tep-M6Q9QR18KJ/ep/9945517Y13\"}}]\n"])</script><script>self.__next_f.push([1,"5c:[\"$\",\"$L2a\",\"NWRJ34ZLV4\",{\"content\":{\"type\":\"TVEpisode\",\"id\":\"NWRJ34ZLV4\",\"name\":\"(47)「絵に描いた餅」\",\"detailedEpisodeNameRuby\":\"\",\"identifierGroup\":{\"tvEpisodeId\":\"NWRJ34ZLV4\",\"tvSeriesId\":\"M6Q9QR18KJ\",\"tvEpisodeName\":\"(47)「絵に描いた餅」\",\"tvSeriesName\":\"マッサン\",\"hashtag\":[],\"serviceId\":[\"g1\",\"g2\"],\"formatGenreTag\":[{\"id\":\"03\",\"name\":\"ドラマ\"}],\"themeGenreTag\":[{\"id\":\"031\",\"name\":\"国内ドラマ\"}]},\"keyword\":[],\"description\":\"千加子（西田尚美）の子どもが無事に生まれ喜ぶ亀山家一同。しかし、赤ん坊を抱くエリー（シャーロット）の姿を見て、マッサン（玉山鉄二）は小さな不安を抱くのだった。その変化に気づいた千加子はマッサンを呼び出し、二人に子どもができたときのことを考えるなら、広島の実家に帰って酒蔵を継ぐべきだ、そうすれば早苗（泉ピン子）も許してくれると提案する。二人は話し合い、エリーはマッサンについていくと告げるのだが…。\",\"dateCreated\":\"2026-02-04T18:36:00+09:00\",\"dateModified\":\"2026-02-24T04:33:22+09:00\",\"actor\":[],\"contributor\":[],\"partOfSeries\":{\"id\":\"M6Q9QR18KJ\",\"name\":\"マッサン\",\"detailedSeriesNameRuby\":\"まっさん\",\"identifierGroup\":{\"tvSeriesId\":\"M6Q9QR18KJ\",\"tvSeriesPlaylistId\":\"series-tep-M6Q9QR18KJ\",\"tvSeriesUId\":\"pa6743cc6-ad8f-5002-822c-cb6b30d8a073\",\"tvSeriesName\":\"マッサン\",\"hashtag\":[],\"serviceId\":[\"g1\",\"g2\"],\"formatGenre\":[{\"id\":\"03\",\"name\":\"ドラマ\"}]},\"keyword\":[],\"detailedSynonym\":[],\"sameAs\":[{\"name\":\"NHKドラマ\",\"url\":\"https://www.nhk.jp/g/drama/\"},{\"name\":\"「マッサン」最新情報\",\"url\":\"https://www.nhk.jp/g/ts/M6Q9QR18KJ/\"},{\"name\":\"ドラマ情報　玉山鉄二さんからのコメント\",\"url\":\"https://www.nhk.jp/g/blog/fqgfs7y86/\"},{\"name\":\"ドラマ情報　シャーロット・ケイト・フォックスさんからのコメント\",\"url\":\"https://www.nhk.jp/g/blog/rrzhcyiht/\"},{\"name\":\"NHKオンデマンド\",\"url\":\"https://www.nhk-ondemand.jp/program/P201400118400000/\"},{\"name\":\"NHKアーカイブス\",\"url\":\"https://www2.nhk.or.jp/archives/movies/?id=D0009050252_00000\"},{\"name\":\"【ドラマセレクション】再放送番組情報\",\"url\":\"https://www.nhk.jp/g/blog/drama-selection/\"}],\"canonical\":\"https://www.web.nhk/tv/pl/series-tep-M6Q9QR18KJ\",\"description\":\"単身スコットランドに渡り、ウイスキー醸造技術を学ぶ政春は、エリーと出会い恋に落ちる。国産初のウイスキー誕生を夢見るマッサンと、母国を離れ初めて日本にやってきたエリーには、次々と試練が待ち受けていた。\\n激動の時代を夫婦の絆でまっすぐに生きるマッサンとエリーの愛と冒険の物語。\\n\\n【作】\\n羽原大介\\n\\n【音楽】\\n富貴晴美\\n\\n【主題歌】\\n中島みゆき\\n「麦の唄」\\n\\n【語り】\\n松岡洋子\\n\\n【初回放送】\\n2014年9月29日～2015年3月28日\\n総合テレビ　「連続テレビ小説」にて放送\",\"detailedCatch\":\"二人で、生きていくと　決めました\",\"logo\":{\"main\":{\"url\":\"https://imgu.web.nhk/static/assets/images/tvseries/ts/M6Q9QR18KJ/M6Q9QR18KJ-logo_8ed8218dcedc28acf1b6adf410691023.png\",\"width\":1080,\"height\":1080},\"medium\":{\"url\":\"https://imgu.web.nhk/static/assets/images/tvseries/ts/M6Q9QR18KJ/M6Q9QR18KJ-logo_68ab587945a461ec6fe4239efb1046e7.png\",\"width\":640,\"height\":640},\"small\":{\"url\":\"https://imgu.web.nhk/static/assets/images/tvseries/ts/M6Q9QR18KJ/M6Q9QR18KJ-logo_f946b2b1cddad1ef87204a57c18665f1.png\",\"width\":200,\"height\":200}},\"eyecatch\":{\"large\":{\"url\":\"https://imgu.web.nhk/static/assets/images/tvseries/ts/M6Q9QR18KJ/M6Q9QR18KJ-eyecatch_3d94806a47d903d3ede263021a9ba99f.png\",\"width\":3840,\"height\":2160},\"main\":{\"url\":\"https://imgu.web.nhk/static/assets/images/tvseries/ts/M6Q9QR18KJ/M6Q9QR18KJ-eyecatch_8b7ac0e1e8b04f61fb8f548c68f8ef29.png\",\"width\":1920,\"height\":1080},\"medium\":{\"url\":\"https://imgu.web.nhk/static/assets/images/tvseries/ts/M6Q9QR18KJ/M6Q9QR18KJ-eyecatch_697751101c554045386b9a594fb70f02.png\",\"width\":1280,\"height\":720},\"small\":{\"url\":\"https://imgu.web.nhk/static/assets/images/tvseries/ts/M6Q9QR18KJ/M6Q9QR18KJ-eyecatch_49fad15b7d619396d58ea34b5fdcf15f.png\",\"width\":640,\"height\":360}},\"hero\":{\"main\":{\"url\":\"https://imgu.web.nhk/static/assets/images/tvseries/ts/M6Q9QR18KJ/M6Q9QR18KJ-hero_42ae1565bf62d137e628cb3aa198bb25.png\",\"width\":1920,\"height\":640},\"medium\":{\"url\":\"https://imgu.web.nhk/static/assets/images/tvseries/ts/M6Q9QR18KJ/M6Q9QR18KJ-hero_5ca747184b97219204b980462f31f69b.png\",\"width\":1080,\"height\":360}},\"style\":{\"textLight\":\"#000000\",\"textDark\":\"#FFFFFF\",\"linkLight\":\"#E72400\",\"linkDark\":\"#FF4928\",\"primaryLight\":\"#FF2800\",\"primaryDark\":\"#FF2800\"},\"additionalProperty\":{\"publishLevel\":\"full\",\"layoutPattern\":\"summary\",\"episodeOrderBy\":\"releasedEvent\",\"availableOnPlus\":false,\"enableVariablePlayBackSpeedControl\":false,\"optional\":[\"releasedEvent\"],\"seriesPackStatus\":\"notPacked\",\"supportMedia\":[\"@screen\"],\"supportMusicList\":true,\"supportPlusEmbed\":true,\"enableWebContent\":false},\"url\":\"https://api-local.ss.org.nhk/r8/t/nplaylist/pl/series-tep-M6Q9QR18KJ.json\",\"itemUrl\":\"https://api-local.ss.org.nhk/r8/l/tvepisode/pl/series-tep-M6Q9QR18KJ.json\"},\"releasedEvent\":{\"id\":\"g1-130-2026030308068\",\"startDate\":\"2026-03-03T12:30:00+09:00\",\"displayStartDate\":\"2026-03-03T12:30:00+09:00\",\"endDate\":\"2026-03-03T12:45:00+09:00\",\"publishedOn\":{\"type\":\"BroadcastService\",\"id\":\"bs-g1-130\",\"name\":\"NHK総合テレビジョン\",\"url\":\"https://api-local.ss.org.nhk/r8/t/broadcastservice/bs/g1-130.json\",\"broadcastDisplayName\":\"NHK総合・東京\",\"videoFormat\":[\"2K\"],\"encodingFormat\":[\"video/X-arib-mpeg2\",\"audio/X-arib-mpeg2-aac\"],\"identifierGroup\":{\"serviceId\":\"g1\",\"serviceName\":\"NHK総合1\",\"areaId\":\"130\",\"areaName\":\"東京\",\"channelId\":\"011\",\"channelKey\":\"1\",\"channelAreaName\":\"東京\",\"channelStationName\":\"首都圏\",\"shortenedName\":\"NHK総合1\",\"shortenedDisplayName\":\"総合\",\"multiChannelDisplayName\":\"総合\"},\"logo\":{\"url\":\"https://imgu.web.nhk/common/broadcastservice/bs/g1/g1-logo.svg\",\"main\":{\"url\":\"https://imgu.web.nhk/common/broadcastservice/bs/g1/g1-logo_1080x1080.png\",\"width\":1080,\"height\":1080},\"medium\":{\"url\":\"https://imgu.web.nhk/common/broadcastservice/bs/g1/g1-logo_640x640.png\",\"width\":640,\"height\":640},\"small\":{\"url\":\"https://imgu.web.nhk/common/broadcastservice/bs/g1/g1-logo_200x200.png\",\"width\":200,\"height\":200}},\"eyecatch\":{\"url\":\"https://imgu.web.nhk/common/broadcastservice/bs/g1/g1-eyecatch.svg\",\"large\":{\"url\":\"https://imgu.web.nhk/common/broadcastservice/bs/g1/g1-eyecatch_3840x2160.png\",\"width\":3840,\"height\":2160},\"main\":{\"url\":\"https://imgu.web.nhk/common/broadcastservice/bs/g1/g1-eyecatch_1920x1080.png\",\"width\":1920,\"height\":1080},\"medium\":{\"url\":\"https://imgu.web.nhk/common/broadcastservice/bs/g1/g1-eyecatch_1280x720.png\",\"width\":1280,\"height\":720},\"small\":{\"url\":\"https://imgu.web.nhk/common/broadcastservice/bs/g1/g1-eyecatch_640x360.png\",\"width\":640,\"height\":360}},\"hero\":{\"url\":\"https://imgu.web.nhk/common/broadcastservice/bs/g1/g1-hero.svg\",\"main\":{\"url\":\"https://imgu.web.nhk/common/broadcastservice/bs/g1/g1-hero_1920x640.png\",\"width\":1920,\"height\":640},\"medium\":{\"url\":\"https://imgu.web.nhk/common/broadcastservice/bs/g1/g1-hero_1080x360.png\",\"width\":1080,\"height\":360}},\"badge9x4\":{\"url\":\"https://imgu.web.nhk/common/broadcastservice/bs/g1/g1-badge9x4.svg\",\"main\":{\"url\":\"https://imgu.web.nhk/common/broadcastservice/bs/g1/g1-badge9x4_360x160.png\",\"width\":360,\"height\":160},\"small\":{\"url\":\"https://imgu.web.nhk/common/broadcastservice/bs/g1/g1-badge9x4_180x80.png\",\"width\":180,\"height\":80}}}},\"detailedRecentEvent\":{\"id\":\"g1-130-2026030308068\",\"startDate\":\"2026-03-03T12:30:00+09:00\",\"endDate\":\"2026-03-03T12:45:00+09:00\",\"identifierGroup\":{\"broadcastEventId\":\"g1-130-2026030308068\",\"serviceId\":\"g1\",\"areaId\":\"130\",\"stationId\":\"001\",\"date\":\"2026-03-03\",\"eventId\":\"08068\",\"genre\":[{\"id\":\"0300\",\"name1\":\"ドラマ\",\"name2\":\"国内ドラマ\"}],\"onid\":\"7fe0\",\"sid\":\"0400\",\"tsid\":\"7fe0\"},\"misc\":{\"displayVideoMode\":\"none\",\"displayVideoRange\":\"sdr\",\"displayAudioMode\":[\"kaisetsu\"],\"audioMode\":[\"stereoKaisetsu\"],\"supportCaption\":true,\"supportSign\":false,\"supportHybridcast\":false,\"supportDataBroadcast\":false,\"isInteractive\":false,\"isChangeable\":false,\"releaseLevel\":\"original\",\"programType\":\"program\",\"coverage\":\"nationwide\",\"actList\":[{\"role\":\"作\",\"name\":\"羽原大介\",\"nameRuby\":\"ﾊﾊﾞﾗﾀﾞｲｽｹ\"},{\"role\":\"出演\",\"name\":\"玉山鉄二\",\"nameRuby\":\"ﾀﾏﾔﾏﾃﾂｼﾞ\"},{\"role\":\"出演\",\"name\":\"シャーロット・ケイト・フォックス\",\"nameRuby\":\"ｼｬｰﾛｯﾄ･ｹｲﾄ･ﾌｫｯｸｽ\"},{\"role\":\"出演\",\"name\":\"八嶋智人\",\"nameRuby\":\"ﾔｼﾏﾉﾘﾄ\"},{\"role\":\"出演\",\"name\":\"西田尚美\",\"nameRuby\":\"ﾆｼﾀﾞﾅｵﾐ\"},{\"role\":\"出演\",\"name\":\"早見あかり\",\"nameRuby\":\"ﾊﾔﾐｱｶﾘ\"},{\"role\":\"出演\",\"name\":\"高橋元太郎\",\"nameRuby\":\"ﾀｶﾊｼｹﾞﾝﾀﾛｳ\"},{\"role\":\"出演\",\"name\":\"森澤匡晴\",\"nameRuby\":\"ﾓﾘｻﾜﾏｻﾊﾙ\"},{\"role\":\"出演\",\"name\":\"眞鍋歩珠\",\"nameRuby\":\"ﾏﾅﾍﾞｱｽﾞ\"},{\"role\":\"出演\",\"name\":\"前田吟\",\"nameRuby\":\"ﾏｴﾀﾞｷﾞﾝ\"},{\"role\":\"出演\",\"name\":\"泉ピン子\",\"nameRuby\":\"ｲｽﾞﾐﾋﾟﾝｺ\"},{\"role\":\"語り\",\"name\":\"松岡洋子\",\"nameRuby\":\"ﾏﾂｵｶﾖｳｺ\"},{\"role\":\"音楽\",\"name\":\"富貴晴美\",\"nameRuby\":\"ﾌｳｷﾊﾙﾐ\"}],\"musicList\":[]},\"publishedOn\":{\"type\":\"BroadcastService\",\"id\":\"bs-g1-130\",\"name\":\"NHK総合テレビジョン\",\"url\":\"https://api-local.ss.org.nhk/r8/t/broadcastservice/bs/g1-130.json\",\"broadcastDisplayName\":\"NHK総合・東京\",\"videoFormat\":[\"2K\"],\"encodingFormat\":[\"video/X-arib-mpeg2\",\"audio/X-arib-mpeg2-aac\"],\"identifierGroup\":{\"serviceId\":\"g1\",\"serviceName\":\"NHK総合1\",\"areaId\":\"130\",\"areaName\":\"東京\",\"channelId\":\"011\",\"channelKey\":\"1\",\"channelAreaName\":\"東京\",\"channelStationName\":\"首都圏\",\"shortenedName\":\"NHK総合1\",\"shortenedDisplayName\":\"総合\",\"multiChannelDisplayName\":\"総合\"},\"logo\":{\"url\":\"https://imgu.web.nhk/common/broadcastservice/bs/g1/g1-logo.svg\",\"main\":{\"url\":\"https://imgu.web.nhk/common/broadcastservice/bs/g1/g1-logo_1080x1080.png\",\"width\":1080,\"height\":1080},\"medium\":{\"url\":\"https://imgu.web.nhk/common/broadcastservice/bs/g1/g1-logo_640x640.png\",\"width\":640,\"height\":640},\"small\":{\"url\":\"https://imgu.web.nhk/common/broadcastservice/bs/g1/g1-logo_200x200.png\",\"width\":200,\"height\":200}},\"eyecatch\":{\"url\":\"https://imgu.web.nhk/common/broadcastservice/bs/g1/g1-eyecatch.svg\",\"large\":{\"url\":\"https://imgu.web.nhk/common/broadcastservice/bs/g1/g1-eyecatch_3840x2160.png\",\"width\":3840,\"height\":2160},\"main\":{\"url\":\"https://imgu.web.nhk/common/broadcastservice/bs/g1/g1-eyecatch_1920x1080.png\",\"width\":1920,\"height\":1080},\"medium\":{\"url\":\"https://imgu.web.nhk/common/broadcastservice/bs/g1/g1-eyecatch_1280x720.png\",\"width\":1280,\"height\":720},\"small\":{\"url\":\"https://imgu.web.nhk/common/broadcastservice/bs/g1/g1-eyecatch_640x360.png\",\"width\":640,\"height\":360}},\"hero\":{\"url\":\"https://imgu.web.nhk/common/broadcastservice/bs/g1/g1-hero.svg\",\"main\":{\"url\":\"https://imgu.web.nhk/common/broadcastservice/bs/g1/g1-hero_1920x640.png\",\"width\":1920,\"height\":640},\"medium\":{\"url\":\"https://imgu.web.nhk/common/broadcastservice/bs/g1/g1-hero_1080x360.png\",\"width\":1080,\"height\":360}},\"badge9x4\":{\"url\":\"https://imgu.web.nhk/common/broadcastservice/bs/g1/g1-badge9x4.svg\",\"main\":{\"url\":\"https://imgu.web.nhk/common/broadcastservice/bs/g1/g1-badge9x4_360x160.png\",\"width\":360,\"height\":160},\"small\":{\"url\":\"https://imgu.web.nhk/common/broadcastservice/bs/g1/g1-badge9x4_180x80.png\",\"width\":180,\"height\":80}}}},\"detailedComingEvent\":{\"id\":\"g1-130-2026030308068\",\"startDate\":\"2026-03-03T12:30:00+09:00\",\"endDate\":\"2026-03-03T12:45:00+09:00\",\"identifierGroup\":{\"broadcastEventId\":\"g1-130-2026030308068\",\"serviceId\":\"g1\",\"areaId\":\"130\",\"stationId\":\"001\",\"date\":\"2026-03-03\",\"eventId\":\"08068\",\"genre\":[{\"id\":\"0300\",\"name1\":\"ドラマ\",\"name2\":\"国内ドラマ\"}],\"onid\":\"7fe0\",\"sid\":\"0400\",\"tsid\":\"7fe0\"},\"misc\":{\"displayVideoMode\":\"none\",\"displayVideoRange\":\"sdr\",\"displayAudioMode\":[\"kaisetsu\"],\"audioMode\":[\"stereoKaisetsu\"],\"supportCaption\":true,\"supportSign\":false,\"supportHybridcast\":false,\"supportDataBroadcast\":false,\"isInteractive\":false,\"isChangeable\":false,\"releaseLevel\":\"original\",\"programType\":\"program\",\"coverage\":\"nationwide\",\"actList\":[{\"role\":\"作\",\"name\":\"羽原大介\",\"nameRuby\":\"ﾊﾊﾞﾗﾀﾞｲｽｹ\"},{\"role\":\"出演\",\"name\":\"玉山鉄二\",\"nameRuby\":\"ﾀﾏﾔﾏﾃﾂｼﾞ\"},{\"role\":\"出演\",\"name\":\"シャーロット・ケイト・フォックス\",\"nameRuby\":\"ｼｬｰﾛｯﾄ･ｹｲﾄ･ﾌｫｯｸｽ\"},{\"role\":\"出演\",\"name\":\"八嶋智人\",\"nameRuby\":\"ﾔｼﾏﾉﾘﾄ\"},{\"role\":\"出演\",\"name\":\"西田尚美\",\"nameRuby\":\"ﾆｼﾀﾞﾅｵﾐ\"},{\"role\":\"出演\",\"name\":\"早見あかり\",\"nameRuby\":\"ﾊﾔﾐｱｶﾘ\"},{\"role\":\"出演\",\"name\":\"高橋元太郎\",\"nameRuby\":\"ﾀｶﾊｼｹﾞﾝﾀﾛｳ\"},{\"role\":\"出演\",\"name\":\"森澤匡晴\",\"nameRuby\":\"ﾓﾘｻﾜﾏｻﾊﾙ\"},{\"role\":\"出演\",\"name\":\"眞鍋歩珠\",\"nameRuby\":\"ﾏﾅﾍﾞｱｽﾞ\"},{\"role\":\"出演\",\"name\":\"前田吟\",\"nameRuby\":\"ﾏｴﾀﾞｷﾞﾝ\"},{\"role\":\"出演\",\"name\":\"泉ピン子\",\"nameRuby\":\"ｲｽﾞﾐﾋﾟﾝｺ\"},{\"role\":\"語り\",\"name\":\"松岡洋子\",\"nameRuby\":\"ﾏﾂｵｶﾖｳｺ\"},{\"role\":\"音楽\",\"name\":\"富貴晴美\",\"nameRuby\":\"ﾌｳｷﾊﾙﾐ\"}],\"musicList\":[]},\"publishedOn\":{\"type\":\"BroadcastService\",\"id\":\"bs-g1-130\",\"name\":\"NHK総合テレビジョン\",\"url\":\"https://api-local.ss.org.nhk/r8/t/broadcastservice/bs/g1-130.json\",\"broadcastDisplayName\":\"NHK総合・東京\",\"videoFormat\":[\"2K\"],\"encodingFormat\":[\"video/X-arib-mpeg2\",\"audio/X-arib-mpeg2-aac\"],\"identifierGroup\":{\"serviceId\":\"g1\",\"serviceName\":\"NHK総合1\",\"areaId\":\"130\",\"areaName\":\"東京\",\"channelId\":\"011\",\"channelKey\":\"1\",\"channelAreaName\":\"東京\",\"channelStationName\":\"首都圏\",\"shortenedName\":\"NHK総合1\",\"shortenedDisplayName\":\"総合\",\"multiChannelDisplayName\":\"総合\"},\"logo\":{\"url\":\"https://imgu.web.nhk/common/broadcastservice/bs/g1/g1-logo.svg\",\"main\":{\"url\":\"https://imgu.web.nhk/common/broadcastservice/bs/g1/g1-logo_1080x1080.png\",\"width\":1080,\"height\":1080},\"medium\":{\"url\":\"https://imgu.web.nhk/common/broadcastservice/bs/g1/g1-logo_640x640.png\",\"width\":640,\"height\":640},\"small\":{\"url\":\"https://imgu.web.nhk/common/broadcastservice/bs/g1/g1-logo_200x200.png\",\"width\":200,\"height\":200}},\"eyecatch\":{\"url\":\"https://imgu.web.nhk/common/broadcastservice/bs/g1/g1-eyecatch.svg\",\"large\":{\"url\":\"https://imgu.web.nhk/common/broadcastservice/bs/g1/g1-eyecatch_3840x2160.png\",\"width\":3840,\"height\":2160},\"main\":{\"url\":\"https://imgu.web.nhk/common/broadcastservice/bs/g1/g1-eyecatch_1920x1080.png\",\"width\":1920,\"height\":1080},\"medium\":{\"url\":\"https://imgu.web.nhk/common/broadcastservice/bs/g1/g1-eyecatch_1280x720.png\",\"width\":1280,\"height\":720},\"small\":{\"url\":\"https://imgu.web.nhk/common/broadcastservice/bs/g1/g1-eyecatch_640x360.png\",\"width\":640,\"height\":360}},\"hero\":{\"url\":\"https://imgu.web.nhk/common/broadcastservice/bs/g1/g1-hero.svg\",\"main\":{\"url\":\"https://imgu.web.nhk/common/broadcastservice/bs/g1/g1-hero_1920x640.png\",\"width\":1920,\"height\":640},\"medium\":{\"url\":\"https://imgu.web.nhk/common/broadcastservice/bs/g1/g1-hero_1080x360.png\",\"width\":1080,\"height\":360}},\"badge9x4\":{\"url\":\"https://imgu.web.nhk/common/broadcastservice/bs/g1/g1-badge9x4.svg\",\"main\":{\"url\":\"https://imgu.web.nhk/common/broadcastservice/bs/g1/g1-badge9x4_360x160.png\",\"width\":360,\"height\":160},\"small\":{\"url\":\"https://imgu.web.nhk/common/broadcastservice/bs/g1/g1-badge9x4_180x80.png\",\"width\":180,\"height\":80}}}},\"eyecatch\":{\"large\":{\"url\":\"https://imgu.web.nhk/static/assets/images/tvepisode/te/NWRJ34ZLV4/NWRJ34ZLV4-eyecatch_d264e4662f457f8e912a64d3923fe865.jpg\",\"width\":3840,\"height\":2160},\"main\":{\"url\":\"https://imgu.web.nhk/static/assets/images/tvepisode/te/NWRJ34ZLV4/NWRJ34ZLV4-eyecatch_568ed8d4e4ada04938fc4979eb715c18.jpg\",\"width\":1920,\"height\":1080},\"medium\":{\"url\":\"https://imgu.web.nhk/static/assets/images/tvepisode/te/NWRJ34ZLV4/NWRJ34ZLV4-eyecatch_3c393852138b03883ecb4a50473403b7.jpg\",\"width\":1280,\"height\":720},\"small\":{\"url\":\"https://imgu.web.nhk/static/assets/images/tvepisode/te/NWRJ34ZLV4/NWRJ34ZLV4-eyecatch_8ca3ee75bea991a7d3ce62c0a4a602a7.jpg\",\"width\":640,\"height\":360}},\"eyecatchList\":[],\"video\":[{\"id\":\"hskOriginal-g1-130-2026030308068\",\"name\":\"【連続テレビ小説】マッサン（４７）「絵に描いた餅」\",\"description\":\"千加子（西田尚美）の子どもが無事に生まれ喜ぶ亀山家一同。しかし、赤ん坊を抱くエリー（シャーロット）の姿を見て、マッサン（玉山鉄二）は小さな不安を抱くのだった。その変化に気づいた千加子はマッサンを呼び出し、二人に子どもができたときのことを考えるなら、広島の実家に帰って酒蔵を継ぐべきだ、そうすれば早苗（泉ピン子）も許してくれると提案する。二人は話し合い、エリーはマッサンについていくと告げるのだが…。\",\"url\":\"https://www.web.nhk/tv/pl/series-tep-M6Q9QR18KJ/ep/NWRJ34ZLV4\",\"identifierGroup\":{\"environmentId\":\"hskOriginal\",\"broadcastEventId\":\"g1-130-2026030308068\",\"serviceId\":\"g1\",\"streamType\":\"vod\"},\"detailedContentStatus\":{\"environmentId\":\"hskOriginal\",\"streamType\":\"vod\",\"contentStatus\":\"ready\"},\"detailedVideoDescriptor\":\"https://archive.hsk.st.nhk/npd3/7fe0-0400/20260303/1f84-1-3-d5dc20885e411793c85b49b5a625de9f/videoinfo-d7ae81fc8ea00e2e292daaf55a13a366.json\",\"expires\":\"2026-03-10T12:45:00+09:00\",\"duration\":\"PT14M59S\",\"startDate\":\"2026-03-03T12:30:00+09:00\",\"endDate\":\"2026-03-03T12:45:00+09:00\",\"isDivided\":false,\"publication\":[{\"id\":\"g1-130-2026030308068\",\"url\":\"https://api-local.ss.org.nhk/r8/t/broadcastevent/be/g1-130-2026030308068.json\",\"isLiveBroadcast\":true}],\"hasPart\":[],\"uploadDate\":\"2026-03-03T12:45:00+09:00\"}],\"citation\":[],\"detailedPinnedCitation\":[],\"sameAs\":[],\"correction\":[],\"url\":\"https://api-local.ss.org.nhk/r8/t/tvepisode/te/NWRJ34ZLV4.json\",\"canonical\":\"https://www.web.nhk/tv/pl/series-tep-M6Q9QR18KJ/ep/NWRJ34ZLV4\",\"associatedMedia\":[],\"hasPart\":[],\"additionalProperty\":{\"episodeMergeStatus\":\"notMerged\"}},\"link\":{\"href\":\"https://www.web.nhk/tv/pl/series-tep-M6Q9QR18KJ/ep/NWRJ34ZLV4\"}}]\n"])</script><script>self.__next_f.push([1,"5d:[\"$\",\"$L2a\",\"MZL2731KJJ\",{\"content\":{\"type\":\"TVEpisode\",\"id\":\"MZL2731KJJ\",\"name\":\"(46)「絵に描いた餅」\",\"detailedEpisodeNameRuby\":\"\",\"identifierGroup\":{\"tvEpisodeId\":\"MZL2731KJJ\",\"tvSeriesId\":\"M6Q9QR18KJ\",\"tvEpisodeName\":\"(46)「絵に描いた餅」\",\"tvSeriesName\":\"マッサン\",\"hashtag\":[],\"serviceId\":[\"g1\",\"g2\"],\"formatGenreTag\":[{\"id\":\"03\",\"name\":\"ドラマ\"}],\"themeGenreTag\":[{\"id\":\"031\",\"name\":\"国内ドラマ\"}]},\"keyword\":[],\"description\":\"蔵の作業に弱音を吐くマッサン（玉山鉄二）に、俊夫（八嶋智人）は「いい年をして仕事もしていない人間に、未来の酒などつくれる訳がない」と言い放つ。一方、スコットランドに帰るよう早苗（泉ピン子）に説得されるも、帰りませんと告げるエリー（シャーロット）は、俊夫の言葉に落ち込むマッサンを励まし、千加子（西田尚美）に習った亀山家のみそ汁をマッサンに飲ませるのだった。そんなとき、千加子が産気づいて…。\",\"dateCreated\":\"2026-02-04T18:15:00+09:00\",\"dateModified\":\"2026-02-23T04:34:19+09:00\",\"actor\":[],\"contributor\":[],\"partOfSeries\":{\"id\":\"M6Q9QR18KJ\",\"name\":\"マッサン\",\"detailedSeriesNameRuby\":\"まっさん\",\"identifierGroup\":{\"tvSeriesId\":\"M6Q9QR18KJ\",\"tvSeriesPlaylistId\":\"series-tep-M6Q9QR18KJ\",\"tvSeriesUId\":\"pa6743cc6-ad8f-5002-822c-cb6b30d8a073\",\"tvSeriesName\":\"マッサン\",\"hashtag\":[],\"serviceId\":[\"g1\",\"g2\"],\"formatGenre\":[{\"id\":\"03\",\"name\":\"ドラマ\"}]},\"keyword\":[],\"detailedSynonym\":[],\"sameAs\":[{\"name\":\"NHKドラマ\",\"url\":\"https://www.nhk.jp/g/drama/\"},{\"name\":\"「マッサン」最新情報\",\"url\":\"https://www.nhk.jp/g/ts/M6Q9QR18KJ/\"},{\"name\":\"ドラマ情報　玉山鉄二さんからのコメント\",\"url\":\"https://www.nhk.jp/g/blog/fqgfs7y86/\"},{\"name\":\"ドラマ情報　シャーロット・ケイト・フォックスさんからのコメント\",\"url\":\"https://www.nhk.jp/g/blog/rrzhcyiht/\"},{\"name\":\"NHKオンデマンド\",\"url\":\"https://www.nhk-ondemand.jp/program/P201400118400000/\"},{\"name\":\"NHKアーカイブス\",\"url\":\"https://www2.nhk.or.jp/archives/movies/?id=D0009050252_00000\"},{\"name\":\"【ドラマセレクション】再放送番組情報\",\"url\":\"https://www.nhk.jp/g/blog/drama-selection/\"}],\"canonical\":\"https://www.web.nhk/tv/pl/series-tep-M6Q9QR18KJ\",\"description\":\"単身スコットランドに渡り、ウイスキー醸造技術を学ぶ政春は、エリーと出会い恋に落ちる。国産初のウイスキー誕生を夢見るマッサンと、母国を離れ初めて日本にやってきたエリーには、次々と試練が待ち受けていた。\\n激動の時代を夫婦の絆でまっすぐに生きるマッサンとエリーの愛と冒険の物語。\\n\\n【作】\\n羽原大介\\n\\n【音楽】\\n富貴晴美\\n\\n【主題歌】\\n中島みゆき\\n「麦の唄」\\n\\n【語り】\\n松岡洋子\\n\\n【初回放送】\\n2014年9月29日～2015年3月28日\\n総合テレビ　「連続テレビ小説」にて放送\",\"detailedCatch\":\"二人で、生きていくと　決めました\",\"logo\":{\"main\":{\"url\":\"https://imgu.web.nhk/static/assets/images/tvseries/ts/M6Q9QR18KJ/M6Q9QR18KJ-logo_8ed8218dcedc28acf1b6adf410691023.png\",\"width\":1080,\"height\":1080},\"medium\":{\"url\":\"https://imgu.web.nhk/static/assets/images/tvseries/ts/M6Q9QR18KJ/M6Q9QR18KJ-logo_68ab587945a461ec6fe4239efb1046e7.png\",\"width\":640,\"height\":640},\"small\":{\"url\":\"https://imgu.web.nhk/static/assets/images/tvseries/ts/M6Q9QR18KJ/M6Q9QR18KJ-logo_f946b2b1cddad1ef87204a57c18665f1.png\",\"width\":200,\"height\":200}},\"eyecatch\":{\"large\":{\"url\":\"https://imgu.web.nhk/static/assets/images/tvseries/ts/M6Q9QR18KJ/M6Q9QR18KJ-eyecatch_3d94806a47d903d3ede263021a9ba99f.png\",\"width\":3840,\"height\":2160},\"main\":{\"url\":\"https://imgu.web.nhk/static/assets/images/tvseries/ts/M6Q9QR18KJ/M6Q9QR18KJ-eyecatch_8b7ac0e1e8b04f61fb8f548c68f8ef29.png\",\"width\":1920,\"height\":1080},\"medium\":{\"url\":\"https://imgu.web.nhk/static/assets/images/tvseries/ts/M6Q9QR18KJ/M6Q9QR18KJ-eyecatch_697751101c554045386b9a594fb70f02.png\",\"width\":1280,\"height\":720},\"small\":{\"url\":\"https://imgu.web.nhk/static/assets/images/tvseries/ts/M6Q9QR18KJ/M6Q9QR18KJ-eyecatch_49fad15b7d619396d58ea34b5fdcf15f.png\",\"width\":640,\"height\":360}},\"hero\":{\"main\":{\"url\":\"https://imgu.web.nhk/static/assets/images/tvseries/ts/M6Q9QR18KJ/M6Q9QR18KJ-hero_42ae1565bf62d137e628cb3aa198bb25.png\",\"width\":1920,\"height\":640},\"medium\":{\"url\":\"https://imgu.web.nhk/static/assets/images/tvseries/ts/M6Q9QR18KJ/M6Q9QR18KJ-hero_5ca747184b97219204b980462f31f69b.png\",\"width\":1080,\"height\":360}},\"style\":{\"textLight\":\"#000000\",\"textDark\":\"#FFFFFF\",\"linkLight\":\"#E72400\",\"linkDark\":\"#FF4928\",\"primaryLight\":\"#FF2800\",\"primaryDark\":\"#FF2800\"},\"additionalProperty\":{\"publishLevel\":\"full\",\"layoutPattern\":\"summary\",\"episodeOrderBy\":\"releasedEvent\",\"availableOnPlus\":false,\"enableVariablePlayBackSpeedControl\":false,\"optional\":[\"releasedEvent\"],\"seriesPackStatus\":\"notPacked\",\"supportMedia\":[\"@screen\"],\"supportMusicList\":true,\"supportPlusEmbed\":true,\"enableWebContent\":false},\"url\":\"https://api-local.ss.org.nhk/r8/t/nplaylist/pl/series-tep-M6Q9QR18KJ.json\",\"itemUrl\":\"https://api-local.ss.org.nhk/r8/l/tvepisode/pl/series-tep-M6Q9QR18KJ.json\"},\"releasedEvent\":{\"id\":\"g1-130-2026030207661\",\"startDate\":\"2026-03-02T12:30:00+09:00\",\"displayStartDate\":\"2026-03-02T12:30:00+09:00\",\"endDate\":\"2026-03-02T12:45:00+09:00\",\"publishedOn\":{\"type\":\"BroadcastService\",\"id\":\"bs-g1-130\",\"name\":\"NHK総合テレビジョン\",\"url\":\"https://api-local.ss.org.nhk/r8/t/broadcastservice/bs/g1-130.json\",\"broadcastDisplayName\":\"NHK総合・東京\",\"videoFormat\":[\"2K\"],\"encodingFormat\":[\"video/X-arib-mpeg2\",\"audio/X-arib-mpeg2-aac\"],\"identifierGroup\":{\"serviceId\":\"g1\",\"serviceName\":\"NHK総合1\",\"areaId\":\"130\",\"areaName\":\"東京\",\"channelId\":\"011\",\"channelKey\":\"1\",\"channelAreaName\":\"東京\",\"channelStationName\":\"首都圏\",\"shortenedName\":\"NHK総合1\",\"shortenedDisplayName\":\"総合\",\"multiChannelDisplayName\":\"総合\"},\"logo\":{\"url\":\"https://imgu.web.nhk/common/broadcastservice/bs/g1/g1-logo.svg\",\"main\":{\"url\":\"https://imgu.web.nhk/common/broadcastservice/bs/g1/g1-logo_1080x1080.png\",\"width\":1080,\"height\":1080},\"medium\":{\"url\":\"https://imgu.web.nhk/common/broadcastservice/bs/g1/g1-logo_640x640.png\",\"width\":640,\"height\":640},\"small\":{\"url\":\"https://imgu.web.nhk/common/broadcastservice/bs/g1/g1-logo_200x200.png\",\"width\":200,\"height\":200}},\"eyecatch\":{\"url\":\"https://imgu.web.nhk/common/broadcastservice/bs/g1/g1-eyecatch.svg\",\"large\":{\"url\":\"https://imgu.web.nhk/common/broadcastservice/bs/g1/g1-eyecatch_3840x2160.png\",\"width\":3840,\"height\":2160},\"main\":{\"url\":\"https://imgu.web.nhk/common/broadcastservice/bs/g1/g1-eyecatch_1920x1080.png\",\"width\":1920,\"height\":1080},\"medium\":{\"url\":\"https://imgu.web.nhk/common/broadcastservice/bs/g1/g1-eyecatch_1280x720.png\",\"width\":1280,\"height\":720},\"small\":{\"url\":\"https://imgu.web.nhk/common/broadcastservice/bs/g1/g1-eyecatch_640x360.png\",\"width\":640,\"height\":360}},\"hero\":{\"url\":\"https://imgu.web.nhk/common/broadcastservice/bs/g1/g1-hero.svg\",\"main\":{\"url\":\"https://imgu.web.nhk/common/broadcastservice/bs/g1/g1-hero_1920x640.png\",\"width\":1920,\"height\":640},\"medium\":{\"url\":\"https://imgu.web.nhk/common/broadcastservice/bs/g1/g1-hero_1080x360.png\",\"width\":1080,\"height\":360}},\"badge9x4\":{\"url\":\"https://imgu.web.nhk/common/broadcastservice/bs/g1/g1-badge9x4.svg\",\"main\":{\"url\":\"https://imgu.web.nhk/common/broadcastservice/bs/g1/g1-badge9x4_360x160.png\",\"width\":360,\"height\":160},\"small\":{\"url\":\"https://imgu.web.nhk/common/broadcastservice/bs/g1/g1-badge9x4_180x80.png\",\"width\":180,\"height\":80}}}},\"detailedRecentEvent\":{\"id\":\"g1-130-2026030207661\",\"startDate\":\"2026-03-02T12:30:00+09:00\",\"endDate\":\"2026-03-02T12:45:00+09:00\",\"identifierGroup\":{\"broadcastEventId\":\"g1-130-2026030207661\",\"serviceId\":\"g1\",\"areaId\":\"130\",\"stationId\":\"001\",\"date\":\"2026-03-02\",\"eventId\":\"07661\",\"genre\":[{\"id\":\"0300\",\"name1\":\"ドラマ\",\"name2\":\"国内ドラマ\"}],\"onid\":\"7fe0\",\"sid\":\"0400\",\"tsid\":\"7fe0\"},\"misc\":{\"displayVideoMode\":\"none\",\"displayVideoRange\":\"sdr\",\"displayAudioMode\":[\"kaisetsu\"],\"audioMode\":[\"stereoKaisetsu\"],\"supportCaption\":true,\"supportSign\":false,\"supportHybridcast\":false,\"supportDataBroadcast\":false,\"isInteractive\":false,\"isChangeable\":false,\"releaseLevel\":\"original\",\"programType\":\"program\",\"coverage\":\"nationwide\",\"actList\":[{\"role\":\"作\",\"name\":\"羽原大介\",\"nameRuby\":\"ﾊﾊﾞﾗﾀﾞｲｽｹ\"},{\"role\":\"出演\",\"name\":\"玉山鉄二\",\"nameRuby\":\"ﾀﾏﾔﾏﾃﾂｼﾞ\"},{\"role\":\"出演\",\"name\":\"シャーロット・ケイト・フォックス\",\"nameRuby\":\"ｼｬｰﾛｯﾄ･ｹｲﾄ･ﾌｫｯｸｽ\"},{\"role\":\"出演\",\"name\":\"八嶋智人\",\"nameRuby\":\"ﾔｼﾏﾉﾘﾄ\"},{\"role\":\"出演\",\"name\":\"西田尚美\",\"nameRuby\":\"ﾆｼﾀﾞﾅｵﾐ\"},{\"role\":\"出演\",\"name\":\"早見あかり\",\"nameRuby\":\"ﾊﾔﾐｱｶﾘ\"},{\"role\":\"出演\",\"name\":\"高橋元太郎\",\"nameRuby\":\"ﾀｶﾊｼｹﾞﾝﾀﾛｳ\"},{\"role\":\"出演\",\"name\":\"森澤匡晴\",\"nameRuby\":\"ﾓﾘｻﾜﾏｻﾊﾙ\"},{\"role\":\"出演\",\"name\":\"川本美由紀\",\"nameRuby\":\"ｶﾜﾓﾄﾐﾕｷ\"},{\"role\":\"出演\",\"name\":\"眞鍋歩珠\",\"nameRuby\":\"ﾏﾅﾍﾞｱｽﾞ\"},{\"role\":\"出演\",\"name\":\"宮崎航平\",\"nameRuby\":\"ﾐﾔｻﾞｷｺｳﾍｲ\"},{\"role\":\"出演\",\"name\":\"前田吟\",\"nameRuby\":\"ﾏｴﾀﾞｷﾞﾝ\"},{\"role\":\"出演\",\"name\":\"泉ピン子\",\"nameRuby\":\"ｲｽﾞﾐﾋﾟﾝｺ\"},{\"role\":\"語り\",\"name\":\"松岡洋子\",\"nameRuby\":\"ﾏﾂｵｶﾖｳｺ\"},{\"role\":\"音楽\",\"name\":\"富貴晴美\",\"nameRuby\":\"ﾌｳｷﾊﾙﾐ\"}],\"musicList\":[]},\"publishedOn\":{\"type\":\"BroadcastService\",\"id\":\"bs-g1-130\",\"name\":\"NHK総合テレビジョン\",\"url\":\"https://api-local.ss.org.nhk/r8/t/broadcastservice/bs/g1-130.json\",\"broadcastDisplayName\":\"NHK総合・東京\",\"videoFormat\":[\"2K\"],\"encodingFormat\":[\"video/X-arib-mpeg2\",\"audio/X-arib-mpeg2-aac\"],\"identifierGroup\":{\"serviceId\":\"g1\",\"serviceName\":\"NHK総合1\",\"areaId\":\"130\",\"areaName\":\"東京\",\"channelId\":\"011\",\"channelKey\":\"1\",\"channelAreaName\":\"東京\",\"channelStationName\":\"首都圏\",\"shortenedName\":\"NHK総合1\",\"shortenedDisplayName\":\"総合\",\"multiChannelDisplayName\":\"総合\"},\"logo\":{\"url\":\"https://imgu.web.nhk/common/broadcastservice/bs/g1/g1-logo.svg\",\"main\":{\"url\":\"https://imgu.web.nhk/common/broadcastservice/bs/g1/g1-logo_1080x1080.png\",\"width\":1080,\"height\":1080},\"medium\":{\"url\":\"https://imgu.web.nhk/common/broadcastservice/bs/g1/g1-logo_640x640.png\",\"width\":640,\"height\":640},\"small\":{\"url\":\"https://imgu.web.nhk/common/broadcastservice/bs/g1/g1-logo_200x200.png\",\"width\":200,\"height\":200}},\"eyecatch\":{\"url\":\"https://imgu.web.nhk/common/broadcastservice/bs/g1/g1-eyecatch.svg\",\"large\":{\"url\":\"https://imgu.web.nhk/common/broadcastservice/bs/g1/g1-eyecatch_3840x2160.png\",\"width\":3840,\"height\":2160},\"main\":{\"url\":\"https://imgu.web.nhk/common/broadcastservice/bs/g1/g1-eyecatch_1920x1080.png\",\"width\":1920,\"height\":1080},\"medium\":{\"url\":\"https://imgu.web.nhk/common/broadcastservice/bs/g1/g1-eyecatch_1280x720.png\",\"width\":1280,\"height\":720},\"small\":{\"url\":\"https://imgu.web.nhk/common/broadcastservice/bs/g1/g1-eyecatch_640x360.png\",\"width\":640,\"height\":360}},\"hero\":{\"url\":\"https://imgu.web.nhk/common/broadcastservice/bs/g1/g1-hero.svg\",\"main\":{\"url\":\"https://imgu.web.nhk/common/broadcastservice/bs/g1/g1-hero_1920x640.png\",\"width\":1920,\"height\":640},\"medium\":{\"url\":\"https://imgu.web.nhk/common/broadcastservice/bs/g1/g1-hero_1080x360.png\",\"width\":1080,\"height\":360}},\"badge9x4\":{\"url\":\"https://imgu.web.nhk/common/broadcastservice/bs/g1/g1-badge9x4.svg\",\"main\":{\"url\":\"https://imgu.web.nhk/common/broadcastservice/bs/g1/g1-badge9x4_360x160.png\",\"width\":360,\"height\":160},\"small\":{\"url\":\"https://imgu.web.nhk/common/broadcastservice/bs/g1/g1-badge9x4_180x80.png\",\"width\":180,\"height\":80}}}},\"detailedComingEvent\":{\"id\":\"g1-130-2026030207661\",\"startDate\":\"2026-03-02T12:30:00+09:00\",\"endDate\":\"2026-03-02T12:45:00+09:00\",\"identifierGroup\":{\"broadcastEventId\":\"g1-130-2026030207661\",\"serviceId\":\"g1\",\"areaId\":\"130\",\"stationId\":\"001\",\"date\":\"2026-03-02\",\"eventId\":\"07661\",\"genre\":[{\"id\":\"0300\",\"name1\":\"ドラマ\",\"name2\":\"国内ドラマ\"}],\"onid\":\"7fe0\",\"sid\":\"0400\",\"tsid\":\"7fe0\"},\"misc\":{\"displayVideoMode\":\"none\",\"displayVideoRange\":\"sdr\",\"displayAudioMode\":[\"kaisetsu\"],\"audioMode\":[\"stereoKaisetsu\"],\"supportCaption\":true,\"supportSign\":false,\"supportHybridcast\":false,\"supportDataBroadcast\":false,\"isInteractive\":false,\"isChangeable\":false,\"releaseLevel\":\"original\",\"programType\":\"program\",\"coverage\":\"nationwide\",\"actList\":[{\"role\":\"作\",\"name\":\"羽原大介\",\"nameRuby\":\"ﾊﾊﾞﾗﾀﾞｲｽｹ\"},{\"role\":\"出演\",\"name\":\"玉山鉄二\",\"nameRuby\":\"ﾀﾏﾔﾏﾃﾂｼﾞ\"},{\"role\":\"出演\",\"name\":\"シャーロット・ケイト・フォックス\",\"nameRuby\":\"ｼｬｰﾛｯﾄ･ｹｲﾄ･ﾌｫｯｸｽ\"},{\"role\":\"出演\",\"name\":\"八嶋智人\",\"nameRuby\":\"ﾔｼﾏﾉﾘﾄ\"},{\"role\":\"出演\",\"name\":\"西田尚美\",\"nameRuby\":\"ﾆｼﾀﾞﾅｵﾐ\"},{\"role\":\"出演\",\"name\":\"早見あかり\",\"nameRuby\":\"ﾊﾔﾐｱｶﾘ\"},{\"role\":\"出演\",\"name\":\"高橋元太郎\",\"nameRuby\":\"ﾀｶﾊｼｹﾞﾝﾀﾛｳ\"},{\"role\":\"出演\",\"name\":\"森澤匡晴\",\"nameRuby\":\"ﾓﾘｻﾜﾏｻﾊﾙ\"},{\"role\":\"出演\",\"name\":\"川本美由紀\",\"nameRuby\":\"ｶﾜﾓﾄﾐﾕｷ\"},{\"role\":\"出演\",\"name\":\"眞鍋歩珠\",\"nameRuby\":\"ﾏﾅﾍﾞｱｽﾞ\"},{\"role\":\"出演\",\"name\":\"宮崎航平\",\"nameRuby\":\"ﾐﾔｻﾞｷｺｳﾍｲ\"},{\"role\":\"出演\",\"name\":\"前田吟\",\"nameRuby\":\"ﾏｴﾀﾞｷﾞﾝ\"},{\"role\":\"出演\",\"name\":\"泉ピン子\",\"nameRuby\":\"ｲｽﾞﾐﾋﾟﾝｺ\"},{\"role\":\"語り\",\"name\":\"松岡洋子\",\"nameRuby\":\"ﾏﾂｵｶﾖｳｺ\"},{\"role\":\"音楽\",\"name\":\"富貴晴美\",\"nameRuby\":\"ﾌｳｷﾊﾙﾐ\"}],\"musicList\":[]},\"publishedOn\":{\"type\":\"BroadcastService\",\"id\":\"bs-g1-130\",\"name\":\"NHK総合テレビジョン\",\"url\":\"https://api-local.ss.org.nhk/r8/t/broadcastservice/bs/g1-130.json\",\"broadcastDisplayName\":\"NHK総合・東京\",\"videoFormat\":[\"2K\"],\"encodingFormat\":[\"video/X-arib-mpeg2\",\"audio/X-arib-mpeg2-aac\"],\"identifierGroup\":{\"serviceId\":\"g1\",\"serviceName\":\"NHK総合1\",\"areaId\":\"130\",\"areaName\":\"東京\",\"channelId\":\"011\",\"channelKey\":\"1\",\"channelAreaName\":\"東京\",\"channelStationName\":\"首都圏\",\"shortenedName\":\"NHK総合1\",\"shortenedDisplayName\":\"総合\",\"multiChannelDisplayName\":\"総合\"},\"logo\":{\"url\":\"https://imgu.web.nhk/common/broadcastservice/bs/g1/g1-logo.svg\",\"main\":{\"url\":\"https://imgu.web.nhk/common/broadcastservice/bs/g1/g1-logo_1080x1080.png\",\"width\":1080,\"height\":1080},\"medium\":{\"url\":\"https://imgu.web.nhk/common/broadcastservice/bs/g1/g1-logo_640x640.png\",\"width\":640,\"height\":640},\"small\":{\"url\":\"https://imgu.web.nhk/common/broadcastservice/bs/g1/g1-logo_200x200.png\",\"width\":200,\"height\":200}},\"eyecatch\":{\"url\":\"https://imgu.web.nhk/common/broadcastservice/bs/g1/g1-eyecatch.svg\",\"large\":{\"url\":\"https://imgu.web.nhk/common/broadcastservice/bs/g1/g1-eyecatch_3840x2160.png\",\"width\":3840,\"height\":2160},\"main\":{\"url\":\"https://imgu.web.nhk/common/broadcastservice/bs/g1/g1-eyecatch_1920x1080.png\",\"width\":1920,\"height\":1080},\"medium\":{\"url\":\"https://imgu.web.nhk/common/broadcastservice/bs/g1/g1-eyecatch_1280x720.png\",\"width\":1280,\"height\":720},\"small\":{\"url\":\"https://imgu.web.nhk/common/broadcastservice/bs/g1/g1-eyecatch_640x360.png\",\"width\":640,\"height\":360}},\"hero\":{\"url\":\"https://imgu.web.nhk/common/broadcastservice/bs/g1/g1-hero.svg\",\"main\":{\"url\":\"https://imgu.web.nhk/common/broadcastservice/bs/g1/g1-hero_1920x640.png\",\"width\":1920,\"height\":640},\"medium\":{\"url\":\"https://imgu.web.nhk/common/broadcastservice/bs/g1/g1-hero_1080x360.png\",\"width\":1080,\"height\":360}},\"badge9x4\":{\"url\":\"https://imgu.web.nhk/common/broadcastservice/bs/g1/g1-badge9x4.svg\",\"main\":{\"url\":\"https://imgu.web.nhk/common/broadcastservice/bs/g1/g1-badge9x4_360x160.png\",\"width\":360,\"height\":160},\"small\":{\"url\":\"https://imgu.web.nhk/common/broadcastservice/bs/g1/g1-badge9x4_180x80.png\",\"width\":180,\"height\":80}}}},\"eyecatch\":{\"large\":{\"url\":\"https://imgu.web.nhk/static/assets/images/tvepisode/te/MZL2731KJJ/MZL2731KJJ-eyecatch_d15e2cd590e7de8c8e91377046b779e0.jpg\",\"width\":3840,\"height\":2160},\"main\":{\"url\":\"https://imgu.web.nhk/static/assets/images/tvepisode/te/MZL2731KJJ/MZL2731KJJ-eyecatch_c936eb18411bb27021e42d1b65ec6967.jpg\",\"width\":1920,\"height\":1080},\"medium\":{\"url\":\"https://imgu.web.nhk/static/assets/images/tvepisode/te/MZL2731KJJ/MZL2731KJJ-eyecatch_c21b0480ef42aad2278180541b5882a2.jpg\",\"width\":1280,\"height\":720},\"small\":{\"url\":\"https://imgu.web.nhk/static/assets/images/tvepisode/te/MZL2731KJJ/MZL2731KJJ-eyecatch_716f6782307da2c6ad222457b3c19b09.jpg\",\"width\":640,\"height\":360}},\"eyecatchList\":[],\"video\":[{\"id\":\"hskOriginal-g1-130-2026030207661\",\"name\":\"【連続テレビ小説】マッサン（４６）「絵に描いた餅」\",\"description\":\"蔵の作業に弱音を吐くマッサン（玉山鉄二）に、俊夫（八嶋智人）は「いい年をして仕事もしていない人間に、未来の酒などつくれる訳がない」と言い放つ。一方、スコットランドに帰るよう早苗（泉ピン子）に説得されるも、帰りませんと告げるエリー（シャーロット）は、俊夫の言葉に落ち込むマッサンを励まし、千加子（西田尚美）に習った亀山家のみそ汁をマッサンに飲ませるのだった。そんなとき、千加子が産気づいて…。\",\"url\":\"https://www.web.nhk/tv/pl/series-tep-M6Q9QR18KJ/ep/MZL2731KJJ\",\"identifierGroup\":{\"environmentId\":\"hskOriginal\",\"broadcastEventId\":\"g1-130-2026030207661\",\"serviceId\":\"g1\",\"streamType\":\"vod\"},\"detailedContentStatus\":{\"environmentId\":\"hskOriginal\",\"streamType\":\"vod\",\"contentStatus\":\"ready\"},\"detailedVideoDescriptor\":\"https://archive.hsk.st.nhk/npd3/7fe0-0400/20260302/1ded-1-3-39dd4c38e7ff0a47b4613365db365873/videoinfo-2a045ab31b9b76b30291c98f23ddf934.json\",\"expires\":\"2026-03-09T12:45:00+09:00\",\"duration\":\"PT14M59S\",\"startDate\":\"2026-03-02T12:30:00+09:00\",\"endDate\":\"2026-03-02T12:45:00+09:00\",\"isDivided\":false,\"publication\":[{\"id\":\"g1-130-2026030207661\",\"url\":\"https://api-local.ss.org.nhk/r8/t/broadcastevent/be/g1-130-2026030207661.json\",\"isLiveBroadcast\":true}],\"hasPart\":[],\"uploadDate\":\"2026-03-02T12:45:00+09:00\"}],\"citation\":[],\"detailedPinnedCitation\":[],\"sameAs\":[],\"correction\":[],\"url\":\"https://api-local.ss.org.nhk/r8/t/tvepisode/te/MZL2731KJJ.json\",\"canonical\":\"https://www.web.nhk/tv/pl/series-tep-M6Q9QR18KJ/ep/MZL2731KJJ\",\"associatedMedia\":[],\"hasPart\":[],\"additionalProperty\":{\"episodeMergeStatus\":\"notMerged\"}},\"link\":{\"href\":\"https://www.web.nhk/tv/pl/series-tep-M6Q9QR18KJ/ep/MZL2731KJJ\"}}]\n"])</script><script>self.__next_f.push([1,"5e:[\"$\",\"$L2a\",\"E6YP71XNZN\",{\"content\":{\"type\":\"TVEpisode\",\"id\":\"E6YP71XNZN\",\"name\":\"(3)「鬼子母火」\",\"identifierGroup\":{\"tvEpisodeId\":\"E6YP71XNZN\",\"tvSeriesId\":\"EG75YWMKNN\",\"tvEpisodeName\":\"(3)「鬼子母火」\",\"tvSeriesName\":\"茂七の事件簿・新ふしぎ草紙\",\"hashtag\":[],\"serviceId\":[\"g1\",\"g2\"],\"formatGenreTag\":[{\"id\":\"03\",\"name\":\"ドラマ\"}],\"themeGenreTag\":[{\"id\":\"031\",\"name\":\"国内ドラマ\"},{\"id\":\"033\",\"name\":\"時代劇\"}]},\"keyword\":[],\"description\":\"回向院の茂七（高橋英樹）は、新川の酒問屋・伊丹屋で起きたぼや騒ぎの真相を探ることになる。女中頭のおとよ（木の実ナナ）は、「内々で始末をつけるから関わらないで」というが、神棚のしめ縄に残された髪の毛を手がかりに、奉公人たちや店の内情を調べていく茂七。やがて事件の裏に潜む、人知れぬ思いと幼い奉公人の悲しい過去が浮かび上がる。茂七は江戸の町で起きた小さな火事に、人の情と向き合いながら決着をつけていく。\",\"dateCreated\":\"2026-01-29T18:35:46+09:00\",\"dateModified\":\"2026-02-22T04:41:00+09:00\",\"actor\":[],\"contributor\":[],\"partOfSeries\":{\"id\":\"EG75YWMKNN\",\"name\":\"茂七の事件簿・新ふしぎ草紙\",\"detailedSeriesNameRuby\":\"もしちのじけんぼ　しんふしぎそうし\",\"identifierGroup\":{\"tvSeriesId\":\"EG75YWMKNN\",\"tvSeriesPlaylistId\":\"series-tep-EG75YWMKNN\",\"tvSeriesUId\":\"pc47b41e9-8413-547f-8341-5185091eef8f\",\"tvSeriesName\":\"茂七の事件簿・新ふしぎ草紙\",\"hashtag\":[],\"serviceId\":[\"g1\",\"g2\"],\"formatGenre\":[{\"id\":\"03\",\"name\":\"ドラマ\"}]},\"keyword\":[],\"detailedSynonym\":[],\"sameAs\":[{\"name\":\"NHKドラマ\",\"url\":\"https://www.nhk.jp/g/drama/\"},{\"name\":\"「茂七の事件簿 ふしぎ草紙」HPはこちら\",\"url\":\"https://www.web.nhk/tv/pl/series-tep-YNR772LN4V\"},{\"name\":\"ドラマ情報　再放送のお知らせ\",\"url\":\"https://www.nhk.jp/g/blog/o__p0y6p5c7/\"},{\"name\":\"【ドラマセレクション】再放送番組情報\",\"url\":\"https://www.nhk.jp/g/blog/drama-selection/\"}],\"canonical\":\"https://www.web.nhk/tv/pl/series-tep-EG75YWMKNN\",\"description\":\"江戸の下町に起こる摩訶不思議な事件の数々を、茂七親分が人情味豊かに解決していく、怖くて、温かくて、せつない、「ふしぎ人情時代劇」。 シリーズ第二弾。\\n\\n【原作】\\n宮部みゆき\\n「かまいたち」「本所深川ふしぎ草紙」「幻色江戸ごよみ」「堪忍箱」より\\n\\n【脚本】\\n金子成人\\n\\n【音楽】\\n坂田晃一\\n\\n【語り】\\n春風亭小朝\\n\\n【主題歌】\\n「でんでん虫」\\n唄：氷川きよし　作詞：阿久悠　作・編曲：坂田晃一\\n\\n【初回放送】\\n2002年6月28日\\n総合テレビ　金曜　午後９時15分～10時\",\"detailedCatch\":\"ご存じ、回向院の茂七親分が帰って来た！\",\"logo\":{\"main\":{\"url\":\"https://imgu.web.nhk/static/assets/images/tvseries/ts/EG75YWMKNN/EG75YWMKNN-logo_27bdb12182ef615a286ffe2100c2086f.png\",\"width\":1080,\"height\":1080},\"medium\":{\"url\":\"https://imgu.web.nhk/static/assets/images/tvseries/ts/EG75YWMKNN/EG75YWMKNN-logo_da9df7775b3a2bf61a504451e38d5577.png\",\"width\":640,\"height\":640},\"small\":{\"url\":\"https://imgu.web.nhk/static/assets/images/tvseries/ts/EG75YWMKNN/EG75YWMKNN-logo_5fe44fba34ca7d666ffa9e51fe0b02cf.png\",\"width\":200,\"height\":200}},\"eyecatch\":{\"large\":{\"url\":\"https://imgu.web.nhk/static/assets/images/tvseries/ts/EG75YWMKNN/EG75YWMKNN-eyecatch_3bffd2737d5da82dd083758dfd040164.png\",\"width\":3840,\"height\":2160},\"main\":{\"url\":\"https://imgu.web.nhk/static/assets/images/tvseries/ts/EG75YWMKNN/EG75YWMKNN-eyecatch_6a1777c5664a566701677282a10b1822.png\",\"width\":1920,\"height\":1080},\"medium\":{\"url\":\"https://imgu.web.nhk/static/assets/images/tvseries/ts/EG75YWMKNN/EG75YWMKNN-eyecatch_4f9b862df66717b504750b87ed268aed.png\",\"width\":1280,\"height\":720},\"small\":{\"url\":\"https://imgu.web.nhk/static/assets/images/tvseries/ts/EG75YWMKNN/EG75YWMKNN-eyecatch_0f415225a0e256da3fdc4622b302eee6.png\",\"width\":640,\"height\":360}},\"hero\":{\"main\":{\"url\":\"https://imgu.web.nhk/static/assets/images/tvseries/ts/EG75YWMKNN/EG75YWMKNN-hero_d5466a1eba20c2e2fd9d66a775518184.png\",\"width\":1920,\"height\":640},\"medium\":{\"url\":\"https://imgu.web.nhk/static/assets/images/tvseries/ts/EG75YWMKNN/EG75YWMKNN-hero_d3126aee1e4ff2c710485ffd0fef49d0.png\",\"width\":1080,\"height\":360}},\"style\":{\"textLight\":\"#000000\",\"textDark\":\"#FFFFFF\",\"linkLight\":\"#02845C\",\"linkDark\":\"#03AF7A\",\"primaryLight\":\"#03A674\",\"primaryDark\":\"#03AF7A\"},\"additionalProperty\":{\"publishLevel\":\"full\",\"layoutPattern\":\"summary\",\"episodeOrderBy\":\"releasedEvent\",\"availableOnPlus\":false,\"enableVariablePlayBackSpeedControl\":false,\"optional\":[\"releasedEvent\"],\"seriesPackStatus\":\"notPacked\",\"supportMedia\":[\"@screen\"],\"supportMusicList\":true,\"supportPlusEmbed\":true,\"enableWebContent\":false},\"url\":\"https://api-local.ss.org.nhk/r8/t/nplaylist/pl/series-tep-EG75YWMKNN.json\",\"itemUrl\":\"https://api-local.ss.org.nhk/r8/l/tvepisode/pl/series-tep-EG75YWMKNN.json\"},\"releasedEvent\":{\"id\":\"g1-130-2026030107018\",\"startDate\":\"2026-03-01T06:10:00+09:00\",\"displayStartDate\":\"2026-03-01T06:10:00+09:00\",\"endDate\":\"2026-03-01T06:53:00+09:00\",\"publishedOn\":{\"type\":\"BroadcastService\",\"id\":\"bs-g1-130\",\"name\":\"NHK総合テレビジョン\",\"url\":\"https://api-local.ss.org.nhk/r8/t/broadcastservice/bs/g1-130.json\",\"broadcastDisplayName\":\"NHK総合・東京\",\"videoFormat\":[\"2K\"],\"encodingFormat\":[\"video/X-arib-mpeg2\",\"audio/X-arib-mpeg2-aac\"],\"identifierGroup\":{\"serviceId\":\"g1\",\"serviceName\":\"NHK総合1\",\"areaId\":\"130\",\"areaName\":\"東京\",\"channelId\":\"011\",\"channelKey\":\"1\",\"channelAreaName\":\"東京\",\"channelStationName\":\"首都圏\",\"shortenedName\":\"NHK総合1\",\"shortenedDisplayName\":\"総合\",\"multiChannelDisplayName\":\"総合\"},\"logo\":{\"url\":\"https://imgu.web.nhk/common/broadcastservice/bs/g1/g1-logo.svg\",\"main\":{\"url\":\"https://imgu.web.nhk/common/broadcastservice/bs/g1/g1-logo_1080x1080.png\",\"width\":1080,\"height\":1080},\"medium\":{\"url\":\"https://imgu.web.nhk/common/broadcastservice/bs/g1/g1-logo_640x640.png\",\"width\":640,\"height\":640},\"small\":{\"url\":\"https://imgu.web.nhk/common/broadcastservice/bs/g1/g1-logo_200x200.png\",\"width\":200,\"height\":200}},\"eyecatch\":{\"url\":\"https://imgu.web.nhk/common/broadcastservice/bs/g1/g1-eyecatch.svg\",\"large\":{\"url\":\"https://imgu.web.nhk/common/broadcastservice/bs/g1/g1-eyecatch_3840x2160.png\",\"width\":3840,\"height\":2160},\"main\":{\"url\":\"https://imgu.web.nhk/common/broadcastservice/bs/g1/g1-eyecatch_1920x1080.png\",\"width\":1920,\"height\":1080},\"medium\":{\"url\":\"https://imgu.web.nhk/common/broadcastservice/bs/g1/g1-eyecatch_1280x720.png\",\"width\":1280,\"height\":720},\"small\":{\"url\":\"https://imgu.web.nhk/common/broadcastservice/bs/g1/g1-eyecatch_640x360.png\",\"width\":640,\"height\":360}},\"hero\":{\"url\":\"https://imgu.web.nhk/common/broadcastservice/bs/g1/g1-hero.svg\",\"main\":{\"url\":\"https://imgu.web.nhk/common/broadcastservice/bs/g1/g1-hero_1920x640.png\",\"width\":1920,\"height\":640},\"medium\":{\"url\":\"https://imgu.web.nhk/common/broadcastservice/bs/g1/g1-hero_1080x360.png\",\"width\":1080,\"height\":360}},\"badge9x4\":{\"url\":\"https://imgu.web.nhk/common/broadcastservice/bs/g1/g1-badge9x4.svg\",\"main\":{\"url\":\"https://imgu.web.nhk/common/broadcastservice/bs/g1/g1-badge9x4_360x160.png\",\"width\":360,\"height\":160},\"small\":{\"url\":\"https://imgu.web.nhk/common/broadcastservice/bs/g1/g1-badge9x4_180x80.png\",\"width\":180,\"height\":80}}}},\"detailedRecentEvent\":{\"id\":\"g1-130-2026030107018\",\"startDate\":\"2026-03-01T06:10:00+09:00\",\"endDate\":\"2026-03-01T06:53:00+09:00\",\"identifierGroup\":{\"broadcastEventId\":\"g1-130-2026030107018\",\"serviceId\":\"g1\",\"areaId\":\"130\",\"stationId\":\"001\",\"date\":\"2026-03-01\",\"eventId\":\"07018\",\"genre\":[{\"id\":\"0300\",\"name1\":\"ドラマ\",\"name2\":\"国内ドラマ\"},{\"id\":\"0302\",\"name1\":\"ドラマ\",\"name2\":\"時代劇\"}],\"onid\":\"7fe0\",\"sid\":\"0400\",\"tsid\":\"7fe0\"},\"misc\":{\"displayVideoMode\":\"none\",\"displayVideoRange\":\"sdr\",\"displayAudioMode\":[\"kaisetsu\"],\"audioMode\":[\"stereoKaisetsu\"],\"supportCaption\":true,\"supportSign\":false,\"supportHybridcast\":false,\"supportDataBroadcast\":false,\"isInteractive\":false,\"isChangeable\":false,\"releaseLevel\":\"original\",\"programType\":\"program\",\"coverage\":\"nationwide\",\"actList\":[{\"role\":\"出演\",\"name\":\"高橋英樹\",\"nameRuby\":\"ﾀｶﾊｼﾋﾃﾞｷ\"},{\"role\":\"出演\",\"name\":\"星野真里\",\"nameRuby\":\"ﾎｼﾉﾏﾘ\"},{\"role\":\"出演\",\"name\":\"渡辺いっけい\",\"nameRuby\":\"ﾜﾀﾅﾍﾞｲｯｹｲ\"},{\"role\":\"出演\",\"name\":\"あめくみちこ\",\"nameRuby\":\"ｱﾒｸﾐﾁｺ\"},{\"role\":\"出演\",\"name\":\"伊嵜充則\",\"nameRuby\":\"ｲｻｷﾐﾂﾉﾘ\"},{\"role\":\"出演\",\"name\":\"木の実ナナ\",\"nameRuby\":\"ｷﾉﾐﾅﾅ\"},{\"role\":\"出演\",\"name\":\"楯真由子\",\"nameRuby\":\"ﾀﾃﾏﾕｺ\"},{\"role\":\"出演\",\"name\":\"螢雪次朗\",\"nameRuby\":\"ﾎﾀﾙﾕｷｼﾞﾛｳ\"},{\"role\":\"出演\",\"name\":\"大柴邦彦\",\"nameRuby\":\"ｵｵｼﾊﾞｸﾆﾋｺ\"},{\"role\":\"出演\",\"name\":\"谷津勲\",\"nameRuby\":\"ﾔﾂｲｻｵ\"},{\"role\":\"出演\",\"name\":\"淡路恵子\",\"nameRuby\":\"ｱﾜｼﾞｹｲｺ\"},{\"role\":\"出演\",\"name\":\"本田博太郎\",\"nameRuby\":\"ﾎﾝﾀﾞﾋﾛﾀﾛｳ\"},{\"role\":\"出演\",\"name\":\"秋吉久美子\",\"nameRuby\":\"ｱｷﾖｼｸﾐｺ\"},{\"role\":\"語り\",\"name\":\"春風亭小朝\",\"nameRuby\":\"ｼｭﾝﾌﾟｳﾃｲｺｱｻ\"},{\"role\":\"原作\",\"name\":\"宮部みゆき\",\"nameRuby\":\"ﾐﾔﾍﾞﾐﾕｷ\"},{\"role\":\"脚本\",\"name\":\"金子成人\",\"nameRuby\":\"ｶﾈｺﾅﾘﾄ\"},{\"role\":\"音楽\",\"name\":\"坂田晃一\",\"nameRuby\":\"ｻｶﾀｺｳｲﾁ\"}],\"musicList\":[]},\"publishedOn\":{\"type\":\"BroadcastService\",\"id\":\"bs-g1-130\",\"name\":\"NHK総合テレビジョン\",\"url\":\"https://api-local.ss.org.nhk/r8/t/broadcastservice/bs/g1-130.json\",\"broadcastDisplayName\":\"NHK総合・東京\",\"videoFormat\":[\"2K\"],\"encodingFormat\":[\"video/X-arib-mpeg2\",\"audio/X-arib-mpeg2-aac\"],\"identifierGroup\":{\"serviceId\":\"g1\",\"serviceName\":\"NHK総合1\",\"areaId\":\"130\",\"areaName\":\"東京\",\"channelId\":\"011\",\"channelKey\":\"1\",\"channelAreaName\":\"東京\",\"channelStationName\":\"首都圏\",\"shortenedName\":\"NHK総合1\",\"shortenedDisplayName\":\"総合\",\"multiChannelDisplayName\":\"総合\"},\"logo\":{\"url\":\"https://imgu.web.nhk/common/broadcastservice/bs/g1/g1-logo.svg\",\"main\":{\"url\":\"https://imgu.web.nhk/common/broadcastservice/bs/g1/g1-logo_1080x1080.png\",\"width\":1080,\"height\":1080},\"medium\":{\"url\":\"https://imgu.web.nhk/common/broadcastservice/bs/g1/g1-logo_640x640.png\",\"width\":640,\"height\":640},\"small\":{\"url\":\"https://imgu.web.nhk/common/broadcastservice/bs/g1/g1-logo_200x200.png\",\"width\":200,\"height\":200}},\"eyecatch\":{\"url\":\"https://imgu.web.nhk/common/broadcastservice/bs/g1/g1-eyecatch.svg\",\"large\":{\"url\":\"https://imgu.web.nhk/common/broadcastservice/bs/g1/g1-eyecatch_3840x2160.png\",\"width\":3840,\"height\":2160},\"main\":{\"url\":\"https://imgu.web.nhk/common/broadcastservice/bs/g1/g1-eyecatch_1920x1080.png\",\"width\":1920,\"height\":1080},\"medium\":{\"url\":\"https://imgu.web.nhk/common/broadcastservice/bs/g1/g1-eyecatch_1280x720.png\",\"width\":1280,\"height\":720},\"small\":{\"url\":\"https://imgu.web.nhk/common/broadcastservice/bs/g1/g1-eyecatch_640x360.png\",\"width\":640,\"height\":360}},\"hero\":{\"url\":\"https://imgu.web.nhk/common/broadcastservice/bs/g1/g1-hero.svg\",\"main\":{\"url\":\"https://imgu.web.nhk/common/broadcastservice/bs/g1/g1-hero_1920x640.png\",\"width\":1920,\"height\":640},\"medium\":{\"url\":\"https://imgu.web.nhk/common/broadcastservice/bs/g1/g1-hero_1080x360.png\",\"width\":1080,\"height\":360}},\"badge9x4\":{\"url\":\"https://imgu.web.nhk/common/broadcastservice/bs/g1/g1-badge9x4.svg\",\"main\":{\"url\":\"https://imgu.web.nhk/common/broadcastservice/bs/g1/g1-badge9x4_360x160.png\",\"width\":360,\"height\":160},\"small\":{\"url\":\"https://imgu.web.nhk/common/broadcastservice/bs/g1/g1-badge9x4_180x80.png\",\"width\":180,\"height\":80}}}},\"detailedComingEvent\":{\"id\":\"g1-130-2026030107018\",\"startDate\":\"2026-03-01T06:10:00+09:00\",\"endDate\":\"2026-03-01T06:53:00+09:00\",\"identifierGroup\":{\"broadcastEventId\":\"g1-130-2026030107018\",\"serviceId\":\"g1\",\"areaId\":\"130\",\"stationId\":\"001\",\"date\":\"2026-03-01\",\"eventId\":\"07018\",\"genre\":[{\"id\":\"0300\",\"name1\":\"ドラマ\",\"name2\":\"国内ドラマ\"},{\"id\":\"0302\",\"name1\":\"ドラマ\",\"name2\":\"時代劇\"}],\"onid\":\"7fe0\",\"sid\":\"0400\",\"tsid\":\"7fe0\"},\"misc\":{\"displayVideoMode\":\"none\",\"displayVideoRange\":\"sdr\",\"displayAudioMode\":[\"kaisetsu\"],\"audioMode\":[\"stereoKaisetsu\"],\"supportCaption\":true,\"supportSign\":false,\"supportHybridcast\":false,\"supportDataBroadcast\":false,\"isInteractive\":false,\"isChangeable\":false,\"releaseLevel\":\"original\",\"programType\":\"program\",\"coverage\":\"nationwide\",\"actList\":[{\"role\":\"出演\",\"name\":\"高橋英樹\",\"nameRuby\":\"ﾀｶﾊｼﾋﾃﾞｷ\"},{\"role\":\"出演\",\"name\":\"星野真里\",\"nameRuby\":\"ﾎｼﾉﾏﾘ\"},{\"role\":\"出演\",\"name\":\"渡辺いっけい\",\"nameRuby\":\"ﾜﾀﾅﾍﾞｲｯｹｲ\"},{\"role\":\"出演\",\"name\":\"あめくみちこ\",\"nameRuby\":\"ｱﾒｸﾐﾁｺ\"},{\"role\":\"出演\",\"name\":\"伊嵜充則\",\"nameRuby\":\"ｲｻｷﾐﾂﾉﾘ\"},{\"role\":\"出演\",\"name\":\"木の実ナナ\",\"nameRuby\":\"ｷﾉﾐﾅﾅ\"},{\"role\":\"出演\",\"name\":\"楯真由子\",\"nameRuby\":\"ﾀﾃﾏﾕｺ\"},{\"role\":\"出演\",\"name\":\"螢雪次朗\",\"nameRuby\":\"ﾎﾀﾙﾕｷｼﾞﾛｳ\"},{\"role\":\"出演\",\"name\":\"大柴邦彦\",\"nameRuby\":\"ｵｵｼﾊﾞｸﾆﾋｺ\"},{\"role\":\"出演\",\"name\":\"谷津勲\",\"nameRuby\":\"ﾔﾂｲｻｵ\"},{\"role\":\"出演\",\"name\":\"淡路恵子\",\"nameRuby\":\"ｱﾜｼﾞｹｲｺ\"},{\"role\":\"出演\",\"name\":\"本田博太郎\",\"nameRuby\":\"ﾎﾝﾀﾞﾋﾛﾀﾛｳ\"},{\"role\":\"出演\",\"name\":\"秋吉久美子\",\"nameRuby\":\"ｱｷﾖｼｸﾐｺ\"},{\"role\":\"語り\",\"name\":\"春風亭小朝\",\"nameRuby\":\"ｼｭﾝﾌﾟｳﾃｲｺｱｻ\"},{\"role\":\"原作\",\"name\":\"宮部みゆき\",\"nameRuby\":\"ﾐﾔﾍﾞﾐﾕｷ\"},{\"role\":\"脚本\",\"name\":\"金子成人\",\"nameRuby\":\"ｶﾈｺﾅﾘﾄ\"},{\"role\":\"音楽\",\"name\":\"坂田晃一\",\"nameRuby\":\"ｻｶﾀｺｳｲﾁ\"}],\"musicList\":[]},\"publishedOn\":{\"type\":\"BroadcastService\",\"id\":\"bs-g1-130\",\"name\":\"NHK総合テレビジョン\",\"url\":\"https://api-local.ss.org.nhk/r8/t/broadcastservice/bs/g1-130.json\",\"broadcastDisplayName\":\"NHK総合・東京\",\"videoFormat\":[\"2K\"],\"encodingFormat\":[\"video/X-arib-mpeg2\",\"audio/X-arib-mpeg2-aac\"],\"identifierGroup\":{\"serviceId\":\"g1\",\"serviceName\":\"NHK総合1\",\"areaId\":\"130\",\"areaName\":\"東京\",\"channelId\":\"011\",\"channelKey\":\"1\",\"channelAreaName\":\"東京\",\"channelStationName\":\"首都圏\",\"shortenedName\":\"NHK総合1\",\"shortenedDisplayName\":\"総合\",\"multiChannelDisplayName\":\"総合\"},\"logo\":{\"url\":\"https://imgu.web.nhk/common/broadcastservice/bs/g1/g1-logo.svg\",\"main\":{\"url\":\"https://imgu.web.nhk/common/broadcastservice/bs/g1/g1-logo_1080x1080.png\",\"width\":1080,\"height\":1080},\"medium\":{\"url\":\"https://imgu.web.nhk/common/broadcastservice/bs/g1/g1-logo_640x640.png\",\"width\":640,\"height\":640},\"small\":{\"url\":\"https://imgu.web.nhk/common/broadcastservice/bs/g1/g1-logo_200x200.png\",\"width\":200,\"height\":200}},\"eyecatch\":{\"url\":\"https://imgu.web.nhk/common/broadcastservice/bs/g1/g1-eyecatch.svg\",\"large\":{\"url\":\"https://imgu.web.nhk/common/broadcastservice/bs/g1/g1-eyecatch_3840x2160.png\",\"width\":3840,\"height\":2160},\"main\":{\"url\":\"https://imgu.web.nhk/common/broadcastservice/bs/g1/g1-eyecatch_1920x1080.png\",\"width\":1920,\"height\":1080},\"medium\":{\"url\":\"https://imgu.web.nhk/common/broadcastservice/bs/g1/g1-eyecatch_1280x720.png\",\"width\":1280,\"height\":720},\"small\":{\"url\":\"https://imgu.web.nhk/common/broadcastservice/bs/g1/g1-eyecatch_640x360.png\",\"width\":640,\"height\":360}},\"hero\":{\"url\":\"https://imgu.web.nhk/common/broadcastservice/bs/g1/g1-hero.svg\",\"main\":{\"url\":\"https://imgu.web.nhk/common/broadcastservice/bs/g1/g1-hero_1920x640.png\",\"width\":1920,\"height\":640},\"medium\":{\"url\":\"https://imgu.web.nhk/common/broadcastservice/bs/g1/g1-hero_1080x360.png\",\"width\":1080,\"height\":360}},\"badge9x4\":{\"url\":\"https://imgu.web.nhk/common/broadcastservice/bs/g1/g1-badge9x4.svg\",\"main\":{\"url\":\"https://imgu.web.nhk/common/broadcastservice/bs/g1/g1-badge9x4_360x160.png\",\"width\":360,\"height\":160},\"small\":{\"url\":\"https://imgu.web.nhk/common/broadcastservice/bs/g1/g1-badge9x4_180x80.png\",\"width\":180,\"height\":80}}}},\"eyecatchList\":[],\"video\":[{\"id\":\"hskOriginal-g1-130-2026030107018\",\"name\":\"【特選！時代劇】茂七の事件簿・新ふしぎ草紙（３）「鬼子母火」\",\"description\":\"回向院の茂七（高橋英樹）は、新川の酒問屋・伊丹屋で起きたぼや騒ぎの真相を探ることになる。女中頭のおとよ（木の実ナナ）は、「内々で始末をつけるから関わらないで」というが、神棚のしめ縄に残された髪の毛を手がかりに、奉公人たちや店の内情を調べていく茂七。やがて事件の裏に潜む、人知れぬ思いと幼い奉公人の悲しい過去が浮かび上がる。茂七は江戸の町で起きた小さな火事に、人の情と向き合いながら決着をつけていく。\",\"url\":\"https://www.web.nhk/tv/pl/series-tep-EG75YWMKNN/ep/E6YP71XNZN\",\"identifierGroup\":{\"environmentId\":\"hskOriginal\",\"broadcastEventId\":\"g1-130-2026030107018\",\"serviceId\":\"g1\",\"streamType\":\"vod\"},\"detailedContentStatus\":{\"environmentId\":\"hskOriginal\",\"streamType\":\"vod\",\"contentStatus\":\"ready\"},\"detailedVideoDescriptor\":\"https://archive.hsk.st.nhk/npd3/7fe0-0400/20260301/1b6a-1-3-e375e43b5734782a3284dda27024acb7/videoinfo-602a90bced017df86f8305ec5cfd4652.json\",\"expires\":\"2026-03-08T06:53:00+09:00\",\"duration\":\"PT42M59S\",\"startDate\":\"2026-03-01T06:10:00+09:00\",\"endDate\":\"2026-03-01T06:53:00+09:00\",\"isDivided\":false,\"publication\":[{\"id\":\"g1-130-2026030107018\",\"url\":\"https://api-local.ss.org.nhk/r8/t/broadcastevent/be/g1-130-2026030107018.json\",\"isLiveBroadcast\":true}],\"hasPart\":[],\"uploadDate\":\"2026-03-01T06:53:00+09:00\"}],\"citation\":[],\"detailedPinnedCitation\":[],\"sameAs\":[],\"correction\":[],\"url\":\"https://api-local.ss.org.nhk/r8/t/tvepisode/te/E6YP71XNZN.json\",\"canonical\":\"https://www.web.nhk/tv/pl/series-tep-EG75YWMKNN/ep/E6YP71XNZN\",\"associatedMedia\":[],\"hasPart\":[],\"additionalProperty\":{\"episodeMergeStatus\":\"notMerged\"}},\"link\":{\"href\":\"https://www.web.nhk/tv/pl/series-tep-EG75YWMKNN/ep/E6YP71XNZN\"}}]\n"])</script><script>self.__next_f.push([1,"5f:[\"$\",\"$L2a\",\"KGG47K5J94\",{\"content\":{\"type\":\"TVEpisode\",\"id\":\"KGG47K5J94\",\"name\":\"(2)「落ち葉なしの椎」\",\"identifierGroup\":{\"tvEpisodeId\":\"KGG47K5J94\",\"tvSeriesId\":\"EG75YWMKNN\",\"tvEpisodeName\":\"(2)「落ち葉なしの椎」\",\"tvSeriesName\":\"茂七の事件簿・新ふしぎ草紙\",\"hashtag\":[],\"serviceId\":[\"g1\",\"g2\"],\"formatGenreTag\":[{\"id\":\"03\",\"name\":\"ドラマ\"}],\"themeGenreTag\":[{\"id\":\"031\",\"name\":\"国内ドラマ\"},{\"id\":\"033\",\"name\":\"時代劇\"}]},\"keyword\":[],\"description\":\"江戸・本所で商人がかんざしで殺される事件が発生。回向院の茂七（高橋英樹）は、現場に落ち葉が散乱し足跡が消えたことを残念がる。やがて雑穀問屋の奉公人・おしの（吉野紗香）が、落ち葉掃きを続ける異様な行動を見せる。彼女の過去には、父を憎みながらも忘れられない思いがあった。調べを進める茂七は、島流しから戻った女おしげ（筒井真理子）が下手人であることを突き止め、糸吉（伊崎充則）におしのの身辺を警戒させる。\",\"dateCreated\":\"2026-01-29T18:27:06+09:00\",\"dateModified\":\"2026-02-15T04:35:34+09:00\",\"actor\":[],\"contributor\":[],\"partOfSeries\":{\"id\":\"EG75YWMKNN\",\"name\":\"茂七の事件簿・新ふしぎ草紙\",\"detailedSeriesNameRuby\":\"もしちのじけんぼ　しんふしぎそうし\",\"identifierGroup\":{\"tvSeriesId\":\"EG75YWMKNN\",\"tvSeriesPlaylistId\":\"series-tep-EG75YWMKNN\",\"tvSeriesUId\":\"pc47b41e9-8413-547f-8341-5185091eef8f\",\"tvSeriesName\":\"茂七の事件簿・新ふしぎ草紙\",\"hashtag\":[],\"serviceId\":[\"g1\",\"g2\"],\"formatGenre\":[{\"id\":\"03\",\"name\":\"ドラマ\"}]},\"keyword\":[],\"detailedSynonym\":[],\"sameAs\":[{\"name\":\"NHKドラマ\",\"url\":\"https://www.nhk.jp/g/drama/\"},{\"name\":\"「茂七の事件簿 ふしぎ草紙」HPはこちら\",\"url\":\"https://www.web.nhk/tv/pl/series-tep-YNR772LN4V\"},{\"name\":\"ドラマ情報　再放送のお知らせ\",\"url\":\"https://www.nhk.jp/g/blog/o__p0y6p5c7/\"},{\"name\":\"【ドラマセレクション】再放送番組情報\",\"url\":\"https://www.nhk.jp/g/blog/drama-selection/\"}],\"canonical\":\"https://www.web.nhk/tv/pl/series-tep-EG75YWMKNN\",\"description\":\"江戸の下町に起こる摩訶不思議な事件の数々を、茂七親分が人情味豊かに解決していく、怖くて、温かくて、せつない、「ふしぎ人情時代劇」。 シリーズ第二弾。\\n\\n【原作】\\n宮部みゆき\\n「かまいたち」「本所深川ふしぎ草紙」「幻色江戸ごよみ」「堪忍箱」より\\n\\n【脚本】\\n金子成人\\n\\n【音楽】\\n坂田晃一\\n\\n【語り】\\n春風亭小朝\\n\\n【主題歌】\\n「でんでん虫」\\n唄：氷川きよし　作詞：阿久悠　作・編曲：坂田晃一\\n\\n【初回放送】\\n2002年6月28日\\n総合テレビ　金曜　午後９時15分～10時\",\"detailedCatch\":\"ご存じ、回向院の茂七親分が帰って来た！\",\"logo\":{\"main\":{\"url\":\"https://imgu.web.nhk/static/assets/images/tvseries/ts/EG75YWMKNN/EG75YWMKNN-logo_27bdb12182ef615a286ffe2100c2086f.png\",\"width\":1080,\"height\":1080},\"medium\":{\"url\":\"https://imgu.web.nhk/static/assets/images/tvseries/ts/EG75YWMKNN/EG75YWMKNN-logo_da9df7775b3a2bf61a504451e38d5577.png\",\"width\":640,\"height\":640},\"small\":{\"url\":\"https://imgu.web.nhk/static/assets/images/tvseries/ts/EG75YWMKNN/EG75YWMKNN-logo_5fe44fba34ca7d666ffa9e51fe0b02cf.png\",\"width\":200,\"height\":200}},\"eyecatch\":{\"large\":{\"url\":\"https://imgu.web.nhk/static/assets/images/tvseries/ts/EG75YWMKNN/EG75YWMKNN-eyecatch_3bffd2737d5da82dd083758dfd040164.png\",\"width\":3840,\"height\":2160},\"main\":{\"url\":\"https://imgu.web.nhk/static/assets/images/tvseries/ts/EG75YWMKNN/EG75YWMKNN-eyecatch_6a1777c5664a566701677282a10b1822.png\",\"width\":1920,\"height\":1080},\"medium\":{\"url\":\"https://imgu.web.nhk/static/assets/images/tvseries/ts/EG75YWMKNN/EG75YWMKNN-eyecatch_4f9b862df66717b504750b87ed268aed.png\",\"width\":1280,\"height\":720},\"small\":{\"url\":\"https://imgu.web.nhk/static/assets/images/tvseries/ts/EG75YWMKNN/EG75YWMKNN-eyecatch_0f415225a0e256da3fdc4622b302eee6.png\",\"width\":640,\"height\":360}},\"hero\":{\"main\":{\"url\":\"https://imgu.web.nhk/static/assets/images/tvseries/ts/EG75YWMKNN/EG75YWMKNN-hero_d5466a1eba20c2e2fd9d66a775518184.png\",\"width\":1920,\"height\":640},\"medium\":{\"url\":\"https://imgu.web.nhk/static/assets/images/tvseries/ts/EG75YWMKNN/EG75YWMKNN-hero_d3126aee1e4ff2c710485ffd0fef49d0.png\",\"width\":1080,\"height\":360}},\"style\":{\"textLight\":\"#000000\",\"textDark\":\"#FFFFFF\",\"linkLight\":\"#02845C\",\"linkDark\":\"#03AF7A\",\"primaryLight\":\"#03A674\",\"primaryDark\":\"#03AF7A\"},\"additionalProperty\":{\"publishLevel\":\"full\",\"layoutPattern\":\"summary\",\"episodeOrderBy\":\"releasedEvent\",\"availableOnPlus\":false,\"enableVariablePlayBackSpeedControl\":false,\"optional\":[\"releasedEvent\"],\"seriesPackStatus\":\"notPacked\",\"supportMedia\":[\"@screen\"],\"supportMusicList\":true,\"supportPlusEmbed\":true,\"enableWebContent\":false},\"url\":\"https://api-local.ss.org.nhk/r8/t/nplaylist/pl/series-tep-EG75YWMKNN.json\",\"itemUrl\":\"https://api-local.ss.org.nhk/r8/l/tvepisode/pl/series-tep-EG75YWMKNN.json\"},\"releasedEvent\":{\"id\":\"g1-130-2026022203646\",\"startDate\":\"2026-02-22T06:10:00+09:00\",\"displayStartDate\":\"2026-02-22T06:10:00+09:00\",\"endDate\":\"2026-02-22T06:53:00+09:00\",\"publishedOn\":{\"type\":\"BroadcastService\",\"id\":\"bs-g1-130\",\"name\":\"NHK総合テレビジョン\",\"url\":\"https://api-local.ss.org.nhk/r8/t/broadcastservice/bs/g1-130.json\",\"broadcastDisplayName\":\"NHK総合・東京\",\"videoFormat\":[\"2K\"],\"encodingFormat\":[\"video/X-arib-mpeg2\",\"audio/X-arib-mpeg2-aac\"],\"identifierGroup\":{\"serviceId\":\"g1\",\"serviceName\":\"NHK総合1\",\"areaId\":\"130\",\"areaName\":\"東京\",\"channelId\":\"011\",\"channelKey\":\"1\",\"channelAreaName\":\"東京\",\"channelStationName\":\"首都圏\",\"shortenedName\":\"NHK総合1\",\"shortenedDisplayName\":\"総合\",\"multiChannelDisplayName\":\"総合\"},\"logo\":{\"url\":\"https://imgu.web.nhk/common/broadcastservice/bs/g1/g1-logo.svg\",\"main\":{\"url\":\"https://imgu.web.nhk/common/broadcastservice/bs/g1/g1-logo_1080x1080.png\",\"width\":1080,\"height\":1080},\"medium\":{\"url\":\"https://imgu.web.nhk/common/broadcastservice/bs/g1/g1-logo_640x640.png\",\"width\":640,\"height\":640},\"small\":{\"url\":\"https://imgu.web.nhk/common/broadcastservice/bs/g1/g1-logo_200x200.png\",\"width\":200,\"height\":200}},\"eyecatch\":{\"url\":\"https://imgu.web.nhk/common/broadcastservice/bs/g1/g1-eyecatch.svg\",\"large\":{\"url\":\"https://imgu.web.nhk/common/broadcastservice/bs/g1/g1-eyecatch_3840x2160.png\",\"width\":3840,\"height\":2160},\"main\":{\"url\":\"https://imgu.web.nhk/common/broadcastservice/bs/g1/g1-eyecatch_1920x1080.png\",\"width\":1920,\"height\":1080},\"medium\":{\"url\":\"https://imgu.web.nhk/common/broadcastservice/bs/g1/g1-eyecatch_1280x720.png\",\"width\":1280,\"height\":720},\"small\":{\"url\":\"https://imgu.web.nhk/common/broadcastservice/bs/g1/g1-eyecatch_640x360.png\",\"width\":640,\"height\":360}},\"hero\":{\"url\":\"https://imgu.web.nhk/common/broadcastservice/bs/g1/g1-hero.svg\",\"main\":{\"url\":\"https://imgu.web.nhk/common/broadcastservice/bs/g1/g1-hero_1920x640.png\",\"width\":1920,\"height\":640},\"medium\":{\"url\":\"https://imgu.web.nhk/common/broadcastservice/bs/g1/g1-hero_1080x360.png\",\"width\":1080,\"height\":360}},\"badge9x4\":{\"url\":\"https://imgu.web.nhk/common/broadcastservice/bs/g1/g1-badge9x4.svg\",\"main\":{\"url\":\"https://imgu.web.nhk/common/broadcastservice/bs/g1/g1-badge9x4_360x160.png\",\"width\":360,\"height\":160},\"small\":{\"url\":\"https://imgu.web.nhk/common/broadcastservice/bs/g1/g1-badge9x4_180x80.png\",\"width\":180,\"height\":80}}}},\"detailedRecentEvent\":{\"id\":\"g1-130-2026022203646\",\"startDate\":\"2026-02-22T06:10:00+09:00\",\"endDate\":\"2026-02-22T06:53:00+09:00\",\"identifierGroup\":{\"broadcastEventId\":\"g1-130-2026022203646\",\"serviceId\":\"g1\",\"areaId\":\"130\",\"stationId\":\"001\",\"date\":\"2026-02-22\",\"eventId\":\"03646\",\"genre\":[{\"id\":\"0300\",\"name1\":\"ドラマ\",\"name2\":\"国内ドラマ\"},{\"id\":\"0302\",\"name1\":\"ドラマ\",\"name2\":\"時代劇\"}],\"onid\":\"7fe0\",\"sid\":\"0400\",\"tsid\":\"7fe0\"},\"misc\":{\"displayVideoMode\":\"none\",\"displayVideoRange\":\"sdr\",\"displayAudioMode\":[\"kaisetsu\"],\"audioMode\":[\"stereoKaisetsu\"],\"supportCaption\":true,\"supportSign\":false,\"supportHybridcast\":false,\"supportDataBroadcast\":false,\"isInteractive\":false,\"isChangeable\":false,\"releaseLevel\":\"original\",\"programType\":\"program\",\"coverage\":\"nationwide\",\"actList\":[{\"role\":\"出演\",\"name\":\"高橋英樹\",\"nameRuby\":\"ﾀｶﾊｼﾋﾃﾞｷ\"},{\"role\":\"出演\",\"name\":\"星野真里\",\"nameRuby\":\"ﾎｼﾉﾏﾘ\"},{\"role\":\"出演\",\"name\":\"渡辺いっけい\",\"nameRuby\":\"ﾜﾀﾅﾍﾞｲｯｹｲ\"},{\"role\":\"出演\",\"name\":\"伊嵜充則\",\"nameRuby\":\"ｲｻｷﾐﾂﾉﾘ\"},{\"role\":\"出演\",\"name\":\"吉野紗香\",\"nameRuby\":\"ﾖｼﾉｻﾔｶ\"},{\"role\":\"出演\",\"name\":\"塩野谷正幸\",\"nameRuby\":\"ｼｵﾉﾔﾏｻﾕｷ\"},{\"role\":\"出演\",\"name\":\"筒井真理子\",\"nameRuby\":\"ﾂﾂｲﾏﾘｺ\"},{\"role\":\"出演\",\"name\":\"夏原諒\",\"nameRuby\":\"ﾅﾂﾊﾗﾘｮｳ\"},{\"role\":\"出演\",\"name\":\"石井愃一\",\"nameRuby\":\"ｲｼｲｹﾝｲﾁ\"},{\"role\":\"出演\",\"name\":\"野沢由香里\",\"nameRuby\":\"ﾉｻﾞﾜﾕｶﾘ\"},{\"role\":\"出演\",\"name\":\"淡路恵子\",\"nameRuby\":\"ｱﾜｼﾞｹｲｺ\"},{\"role\":\"出演\",\"name\":\"秋吉久美子\",\"nameRuby\":\"ｱｷﾖｼｸﾐｺ\"},{\"role\":\"語り\",\"name\":\"春風亭小朝\",\"nameRuby\":\"ｼｭﾝﾌﾟｳﾃｲｺｱｻ\"},{\"role\":\"原作\",\"name\":\"宮部みゆき\",\"nameRuby\":\"ﾐﾔﾍﾞﾐﾕｷ\"},{\"role\":\"脚本\",\"name\":\"金子成人\",\"nameRuby\":\"ｶﾈｺﾅﾘﾄ\"},{\"role\":\"音楽\",\"name\":\"坂田晃一\",\"nameRuby\":\"ｻｶﾀｺｳｲﾁ\"}],\"musicList\":[]},\"publishedOn\":{\"type\":\"BroadcastService\",\"id\":\"bs-g1-130\",\"name\":\"NHK総合テレビジョン\",\"url\":\"https://api-local.ss.org.nhk/r8/t/broadcastservice/bs/g1-130.json\",\"broadcastDisplayName\":\"NHK総合・東京\",\"videoFormat\":[\"2K\"],\"encodingFormat\":[\"video/X-arib-mpeg2\",\"audio/X-arib-mpeg2-aac\"],\"identifierGroup\":{\"serviceId\":\"g1\",\"serviceName\":\"NHK総合1\",\"areaId\":\"130\",\"areaName\":\"東京\",\"channelId\":\"011\",\"channelKey\":\"1\",\"channelAreaName\":\"東京\",\"channelStationName\":\"首都圏\",\"shortenedName\":\"NHK総合1\",\"shortenedDisplayName\":\"総合\",\"multiChannelDisplayName\":\"総合\"},\"logo\":{\"url\":\"https://imgu.web.nhk/common/broadcastservice/bs/g1/g1-logo.svg\",\"main\":{\"url\":\"https://imgu.web.nhk/common/broadcastservice/bs/g1/g1-logo_1080x1080.png\",\"width\":1080,\"height\":1080},\"medium\":{\"url\":\"https://imgu.web.nhk/common/broadcastservice/bs/g1/g1-logo_640x640.png\",\"width\":640,\"height\":640},\"small\":{\"url\":\"https://imgu.web.nhk/common/broadcastservice/bs/g1/g1-logo_200x200.png\",\"width\":200,\"height\":200}},\"eyecatch\":{\"url\":\"https://imgu.web.nhk/common/broadcastservice/bs/g1/g1-eyecatch.svg\",\"large\":{\"url\":\"https://imgu.web.nhk/common/broadcastservice/bs/g1/g1-eyecatch_3840x2160.png\",\"width\":3840,\"height\":2160},\"main\":{\"url\":\"https://imgu.web.nhk/common/broadcastservice/bs/g1/g1-eyecatch_1920x1080.png\",\"width\":1920,\"height\":1080},\"medium\":{\"url\":\"https://imgu.web.nhk/common/broadcastservice/bs/g1/g1-eyecatch_1280x720.png\",\"width\":1280,\"height\":720},\"small\":{\"url\":\"https://imgu.web.nhk/common/broadcastservice/bs/g1/g1-eyecatch_640x360.png\",\"width\":640,\"height\":360}},\"hero\":{\"url\":\"https://imgu.web.nhk/common/broadcastservice/bs/g1/g1-hero.svg\",\"main\":{\"url\":\"https://imgu.web.nhk/common/broadcastservice/bs/g1/g1-hero_1920x640.png\",\"width\":1920,\"height\":640},\"medium\":{\"url\":\"https://imgu.web.nhk/common/broadcastservice/bs/g1/g1-hero_1080x360.png\",\"width\":1080,\"height\":360}},\"badge9x4\":{\"url\":\"https://imgu.web.nhk/common/broadcastservice/bs/g1/g1-badge9x4.svg\",\"main\":{\"url\":\"https://imgu.web.nhk/common/broadcastservice/bs/g1/g1-badge9x4_360x160.png\",\"width\":360,\"height\":160},\"small\":{\"url\":\"https://imgu.web.nhk/common/broadcastservice/bs/g1/g1-badge9x4_180x80.png\",\"width\":180,\"height\":80}}}},\"detailedComingEvent\":{\"id\":\"g1-130-2026022203646\",\"startDate\":\"2026-02-22T06:10:00+09:00\",\"endDate\":\"2026-02-22T06:53:00+09:00\",\"identifierGroup\":{\"broadcastEventId\":\"g1-130-2026022203646\",\"serviceId\":\"g1\",\"areaId\":\"130\",\"stationId\":\"001\",\"date\":\"2026-02-22\",\"eventId\":\"03646\",\"genre\":[{\"id\":\"0300\",\"name1\":\"ドラマ\",\"name2\":\"国内ドラマ\"},{\"id\":\"0302\",\"name1\":\"ドラマ\",\"name2\":\"時代劇\"}],\"onid\":\"7fe0\",\"sid\":\"0400\",\"tsid\":\"7fe0\"},\"misc\":{\"displayVideoMode\":\"none\",\"displayVideoRange\":\"sdr\",\"displayAudioMode\":[\"kaisetsu\"],\"audioMode\":[\"stereoKaisetsu\"],\"supportCaption\":true,\"supportSign\":false,\"supportHybridcast\":false,\"supportDataBroadcast\":false,\"isInteractive\":false,\"isChangeable\":false,\"releaseLevel\":\"original\",\"programType\":\"program\",\"coverage\":\"nationwide\",\"actList\":[{\"role\":\"出演\",\"name\":\"高橋英樹\",\"nameRuby\":\"ﾀｶﾊｼﾋﾃﾞｷ\"},{\"role\":\"出演\",\"name\":\"星野真里\",\"nameRuby\":\"ﾎｼﾉﾏﾘ\"},{\"role\":\"出演\",\"name\":\"渡辺いっけい\",\"nameRuby\":\"ﾜﾀﾅﾍﾞｲｯｹｲ\"},{\"role\":\"出演\",\"name\":\"伊嵜充則\",\"nameRuby\":\"ｲｻｷﾐﾂﾉﾘ\"},{\"role\":\"出演\",\"name\":\"吉野紗香\",\"nameRuby\":\"ﾖｼﾉｻﾔｶ\"},{\"role\":\"出演\",\"name\":\"塩野谷正幸\",\"nameRuby\":\"ｼｵﾉﾔﾏｻﾕｷ\"},{\"role\":\"出演\",\"name\":\"筒井真理子\",\"nameRuby\":\"ﾂﾂｲﾏﾘｺ\"},{\"role\":\"出演\",\"name\":\"夏原諒\",\"nameRuby\":\"ﾅﾂﾊﾗﾘｮｳ\"},{\"role\":\"出演\",\"name\":\"石井愃一\",\"nameRuby\":\"ｲｼｲｹﾝｲﾁ\"},{\"role\":\"出演\",\"name\":\"野沢由香里\",\"nameRuby\":\"ﾉｻﾞﾜﾕｶﾘ\"},{\"role\":\"出演\",\"name\":\"淡路恵子\",\"nameRuby\":\"ｱﾜｼﾞｹｲｺ\"},{\"role\":\"出演\",\"name\":\"秋吉久美子\",\"nameRuby\":\"ｱｷﾖｼｸﾐｺ\"},{\"role\":\"語り\",\"name\":\"春風亭小朝\",\"nameRuby\":\"ｼｭﾝﾌﾟｳﾃｲｺｱｻ\"},{\"role\":\"原作\",\"name\":\"宮部みゆき\",\"nameRuby\":\"ﾐﾔﾍﾞﾐﾕｷ\"},{\"role\":\"脚本\",\"name\":\"金子成人\",\"nameRuby\":\"ｶﾈｺﾅﾘﾄ\"},{\"role\":\"音楽\",\"name\":\"坂田晃一\",\"nameRuby\":\"ｻｶﾀｺｳｲﾁ\"}],\"musicList\":[]},\"publishedOn\":{\"type\":\"BroadcastService\",\"id\":\"bs-g1-130\",\"name\":\"NHK総合テレビジョン\",\"url\":\"https://api-local.ss.org.nhk/r8/t/broadcastservice/bs/g1-130.json\",\"broadcastDisplayName\":\"NHK総合・東京\",\"videoFormat\":[\"2K\"],\"encodingFormat\":[\"video/X-arib-mpeg2\",\"audio/X-arib-mpeg2-aac\"],\"identifierGroup\":{\"serviceId\":\"g1\",\"serviceName\":\"NHK総合1\",\"areaId\":\"130\",\"areaName\":\"東京\",\"channelId\":\"011\",\"channelKey\":\"1\",\"channelAreaName\":\"東京\",\"channelStationName\":\"首都圏\",\"shortenedName\":\"NHK総合1\",\"shortenedDisplayName\":\"総合\",\"multiChannelDisplayName\":\"総合\"},\"logo\":{\"url\":\"https://imgu.web.nhk/common/broadcastservice/bs/g1/g1-logo.svg\",\"main\":{\"url\":\"https://imgu.web.nhk/common/broadcastservice/bs/g1/g1-logo_1080x1080.png\",\"width\":1080,\"height\":1080},\"medium\":{\"url\":\"https://imgu.web.nhk/common/broadcastservice/bs/g1/g1-logo_640x640.png\",\"width\":640,\"height\":640},\"small\":{\"url\":\"https://imgu.web.nhk/common/broadcastservice/bs/g1/g1-logo_200x200.png\",\"width\":200,\"height\":200}},\"eyecatch\":{\"url\":\"https://imgu.web.nhk/common/broadcastservice/bs/g1/g1-eyecatch.svg\",\"large\":{\"url\":\"https://imgu.web.nhk/common/broadcastservice/bs/g1/g1-eyecatch_3840x2160.png\",\"width\":3840,\"height\":2160},\"main\":{\"url\":\"https://imgu.web.nhk/common/broadcastservice/bs/g1/g1-eyecatch_1920x1080.png\",\"width\":1920,\"height\":1080},\"medium\":{\"url\":\"https://imgu.web.nhk/common/broadcastservice/bs/g1/g1-eyecatch_1280x720.png\",\"width\":1280,\"height\":720},\"small\":{\"url\":\"https://imgu.web.nhk/common/broadcastservice/bs/g1/g1-eyecatch_640x360.png\",\"width\":640,\"height\":360}},\"hero\":{\"url\":\"https://imgu.web.nhk/common/broadcastservice/bs/g1/g1-hero.svg\",\"main\":{\"url\":\"https://imgu.web.nhk/common/broadcastservice/bs/g1/g1-hero_1920x640.png\",\"width\":1920,\"height\":640},\"medium\":{\"url\":\"https://imgu.web.nhk/common/broadcastservice/bs/g1/g1-hero_1080x360.png\",\"width\":1080,\"height\":360}},\"badge9x4\":{\"url\":\"https://imgu.web.nhk/common/broadcastservice/bs/g1/g1-badge9x4.svg\",\"main\":{\"url\":\"https://imgu.web.nhk/common/broadcastservice/bs/g1/g1-badge9x4_360x160.png\",\"width\":360,\"height\":160},\"small\":{\"url\":\"https://imgu.web.nhk/common/broadcastservice/bs/g1/g1-badge9x4_180x80.png\",\"width\":180,\"height\":80}}}},\"eyecatchList\":[],\"video\":[],\"citation\":[],\"detailedPinnedCitation\":[],\"sameAs\":[],\"correction\":[],\"url\":\"https://api-local.ss.org.nhk/r8/t/tvepisode/te/KGG47K5J94.json\",\"canonical\":\"https://www.web.nhk/tv/pl/series-tep-EG75YWMKNN/ep/KGG47K5J94\",\"associatedMedia\":[],\"hasPart\":[],\"additionalProperty\":{\"episodeMergeStatus\":\"notMerged\"}},\"link\":{\"href\":\"https://www.web.nhk/tv/pl/series-tep-EG75YWMKNN/ep/KGG47K5J94\"}}]\n"])</script><script>self.__next_f.push([1,"60:[\"$\",\"$L2a\",\"JR2224Q271\",{\"content\":{\"type\":\"TVEpisode\",\"id\":\"JR2224Q271\",\"name\":\"(1)「かまいたち」\",\"identifierGroup\":{\"tvEpisodeId\":\"JR2224Q271\",\"tvSeriesId\":\"EG75YWMKNN\",\"tvEpisodeName\":\"(1)「かまいたち」\",\"tvSeriesName\":\"茂七の事件簿・新ふしぎ草紙\",\"hashtag\":[],\"serviceId\":[\"g1\",\"g2\"],\"formatGenreTag\":[{\"id\":\"03\",\"name\":\"ドラマ\"}],\"themeGenreTag\":[{\"id\":\"031\",\"name\":\"国内ドラマ\"},{\"id\":\"033\",\"name\":\"時代劇\"}]},\"keyword\":[],\"description\":\"江戸・深川で「かまいたち」と呼ばれる辻斬り騒動が続発。回向院の茂七（高橋英樹）は、雨夜に殺しを目撃した町医者の娘・およう（水川あさみ）から話を聞き、事件の裏を探り始める。同心の官兵衛（藤堂新二）たちが現場に駆けつけた時は、死骸も何もなかったが、やがて役人の隠蔽工作や裏切りが絡む陰謀が浮かび上がり、飾り職人・新吉（池内万作）の正体も明らかに。茂七は命を狙われるおようを守りながら、事件の真相に迫る。\",\"dateCreated\":\"2026-01-29T18:10:27+09:00\",\"dateModified\":\"2026-02-08T04:37:34+09:00\",\"actor\":[],\"contributor\":[],\"partOfSeries\":{\"id\":\"EG75YWMKNN\",\"name\":\"茂七の事件簿・新ふしぎ草紙\",\"detailedSeriesNameRuby\":\"もしちのじけんぼ　しんふしぎそうし\",\"identifierGroup\":{\"tvSeriesId\":\"EG75YWMKNN\",\"tvSeriesPlaylistId\":\"series-tep-EG75YWMKNN\",\"tvSeriesUId\":\"pc47b41e9-8413-547f-8341-5185091eef8f\",\"tvSeriesName\":\"茂七の事件簿・新ふしぎ草紙\",\"hashtag\":[],\"serviceId\":[\"g1\",\"g2\"],\"formatGenre\":[{\"id\":\"03\",\"name\":\"ドラマ\"}]},\"keyword\":[],\"detailedSynonym\":[],\"sameAs\":[{\"name\":\"NHKドラマ\",\"url\":\"https://www.nhk.jp/g/drama/\"},{\"name\":\"「茂七の事件簿 ふしぎ草紙」HPはこちら\",\"url\":\"https://www.web.nhk/tv/pl/series-tep-YNR772LN4V\"},{\"name\":\"ドラマ情報　再放送のお知らせ\",\"url\":\"https://www.nhk.jp/g/blog/o__p0y6p5c7/\"},{\"name\":\"【ドラマセレクション】再放送番組情報\",\"url\":\"https://www.nhk.jp/g/blog/drama-selection/\"}],\"canonical\":\"https://www.web.nhk/tv/pl/series-tep-EG75YWMKNN\",\"description\":\"江戸の下町に起こる摩訶不思議な事件の数々を、茂七親分が人情味豊かに解決していく、怖くて、温かくて、せつない、「ふしぎ人情時代劇」。 シリーズ第二弾。\\n\\n【原作】\\n宮部みゆき\\n「かまいたち」「本所深川ふしぎ草紙」「幻色江戸ごよみ」「堪忍箱」より\\n\\n【脚本】\\n金子成人\\n\\n【音楽】\\n坂田晃一\\n\\n【語り】\\n春風亭小朝\\n\\n【主題歌】\\n「でんでん虫」\\n唄：氷川きよし　作詞：阿久悠　作・編曲：坂田晃一\\n\\n【初回放送】\\n2002年6月28日\\n総合テレビ　金曜　午後９時15分～10時\",\"detailedCatch\":\"ご存じ、回向院の茂七親分が帰って来た！\",\"logo\":{\"main\":{\"url\":\"https://imgu.web.nhk/static/assets/images/tvseries/ts/EG75YWMKNN/EG75YWMKNN-logo_27bdb12182ef615a286ffe2100c2086f.png\",\"width\":1080,\"height\":1080},\"medium\":{\"url\":\"https://imgu.web.nhk/static/assets/images/tvseries/ts/EG75YWMKNN/EG75YWMKNN-logo_da9df7775b3a2bf61a504451e38d5577.png\",\"width\":640,\"height\":640},\"small\":{\"url\":\"https://imgu.web.nhk/static/assets/images/tvseries/ts/EG75YWMKNN/EG75YWMKNN-logo_5fe44fba34ca7d666ffa9e51fe0b02cf.png\",\"width\":200,\"height\":200}},\"eyecatch\":{\"large\":{\"url\":\"https://imgu.web.nhk/static/assets/images/tvseries/ts/EG75YWMKNN/EG75YWMKNN-eyecatch_3bffd2737d5da82dd083758dfd040164.png\",\"width\":3840,\"height\":2160},\"main\":{\"url\":\"https://imgu.web.nhk/static/assets/images/tvseries/ts/EG75YWMKNN/EG75YWMKNN-eyecatch_6a1777c5664a566701677282a10b1822.png\",\"width\":1920,\"height\":1080},\"medium\":{\"url\":\"https://imgu.web.nhk/static/assets/images/tvseries/ts/EG75YWMKNN/EG75YWMKNN-eyecatch_4f9b862df66717b504750b87ed268aed.png\",\"width\":1280,\"height\":720},\"small\":{\"url\":\"https://imgu.web.nhk/static/assets/images/tvseries/ts/EG75YWMKNN/EG75YWMKNN-eyecatch_0f415225a0e256da3fdc4622b302eee6.png\",\"width\":640,\"height\":360}},\"hero\":{\"main\":{\"url\":\"https://imgu.web.nhk/static/assets/images/tvseries/ts/EG75YWMKNN/EG75YWMKNN-hero_d5466a1eba20c2e2fd9d66a775518184.png\",\"width\":1920,\"height\":640},\"medium\":{\"url\":\"https://imgu.web.nhk/static/assets/images/tvseries/ts/EG75YWMKNN/EG75YWMKNN-hero_d3126aee1e4ff2c710485ffd0fef49d0.png\",\"width\":1080,\"height\":360}},\"style\":{\"textLight\":\"#000000\",\"textDark\":\"#FFFFFF\",\"linkLight\":\"#02845C\",\"linkDark\":\"#03AF7A\",\"primaryLight\":\"#03A674\",\"primaryDark\":\"#03AF7A\"},\"additionalProperty\":{\"publishLevel\":\"full\",\"layoutPattern\":\"summary\",\"episodeOrderBy\":\"releasedEvent\",\"availableOnPlus\":false,\"enableVariablePlayBackSpeedControl\":false,\"optional\":[\"releasedEvent\"],\"seriesPackStatus\":\"notPacked\",\"supportMedia\":[\"@screen\"],\"supportMusicList\":true,\"supportPlusEmbed\":true,\"enableWebContent\":false},\"url\":\"https://api-local.ss.org.nhk/r8/t/nplaylist/pl/series-tep-EG75YWMKNN.json\",\"itemUrl\":\"https://api-local.ss.org.nhk/r8/l/tvepisode/pl/series-tep-EG75YWMKNN.json\"},\"releasedEvent\":{\"id\":\"g1-130-2026021500316\",\"startDate\":\"2026-02-15T06:10:00+09:00\",\"displayStartDate\":\"2026-02-15T06:10:00+09:00\",\"endDate\":\"2026-02-15T06:53:00+09:00\",\"publishedOn\":{\"type\":\"BroadcastService\",\"id\":\"bs-g1-130\",\"name\":\"NHK総合テレビジョン\",\"url\":\"https://api-local.ss.org.nhk/r8/t/broadcastservice/bs/g1-130.json\",\"broadcastDisplayName\":\"NHK総合・東京\",\"videoFormat\":[\"2K\"],\"encodingFormat\":[\"video/X-arib-mpeg2\",\"audio/X-arib-mpeg2-aac\"],\"identifierGroup\":{\"serviceId\":\"g1\",\"serviceName\":\"NHK総合1\",\"areaId\":\"130\",\"areaName\":\"東京\",\"channelId\":\"011\",\"channelKey\":\"1\",\"channelAreaName\":\"東京\",\"channelStationName\":\"首都圏\",\"shortenedName\":\"NHK総合1\",\"shortenedDisplayName\":\"総合\",\"multiChannelDisplayName\":\"総合\"},\"logo\":{\"url\":\"https://imgu.web.nhk/common/broadcastservice/bs/g1/g1-logo.svg\",\"main\":{\"url\":\"https://imgu.web.nhk/common/broadcastservice/bs/g1/g1-logo_1080x1080.png\",\"width\":1080,\"height\":1080},\"medium\":{\"url\":\"https://imgu.web.nhk/common/broadcastservice/bs/g1/g1-logo_640x640.png\",\"width\":640,\"height\":640},\"small\":{\"url\":\"https://imgu.web.nhk/common/broadcastservice/bs/g1/g1-logo_200x200.png\",\"width\":200,\"height\":200}},\"eyecatch\":{\"url\":\"https://imgu.web.nhk/common/broadcastservice/bs/g1/g1-eyecatch.svg\",\"large\":{\"url\":\"https://imgu.web.nhk/common/broadcastservice/bs/g1/g1-eyecatch_3840x2160.png\",\"width\":3840,\"height\":2160},\"main\":{\"url\":\"https://imgu.web.nhk/common/broadcastservice/bs/g1/g1-eyecatch_1920x1080.png\",\"width\":1920,\"height\":1080},\"medium\":{\"url\":\"https://imgu.web.nhk/common/broadcastservice/bs/g1/g1-eyecatch_1280x720.png\",\"width\":1280,\"height\":720},\"small\":{\"url\":\"https://imgu.web.nhk/common/broadcastservice/bs/g1/g1-eyecatch_640x360.png\",\"width\":640,\"height\":360}},\"hero\":{\"url\":\"https://imgu.web.nhk/common/broadcastservice/bs/g1/g1-hero.svg\",\"main\":{\"url\":\"https://imgu.web.nhk/common/broadcastservice/bs/g1/g1-hero_1920x640.png\",\"width\":1920,\"height\":640},\"medium\":{\"url\":\"https://imgu.web.nhk/common/broadcastservice/bs/g1/g1-hero_1080x360.png\",\"width\":1080,\"height\":360}},\"badge9x4\":{\"url\":\"https://imgu.web.nhk/common/broadcastservice/bs/g1/g1-badge9x4.svg\",\"main\":{\"url\":\"https://imgu.web.nhk/common/broadcastservice/bs/g1/g1-badge9x4_360x160.png\",\"width\":360,\"height\":160},\"small\":{\"url\":\"https://imgu.web.nhk/common/broadcastservice/bs/g1/g1-badge9x4_180x80.png\",\"width\":180,\"height\":80}}}},\"detailedRecentEvent\":{\"id\":\"g1-130-2026021500316\",\"startDate\":\"2026-02-15T06:10:00+09:00\",\"endDate\":\"2026-02-15T06:53:00+09:00\",\"identifierGroup\":{\"broadcastEventId\":\"g1-130-2026021500316\",\"serviceId\":\"g1\",\"areaId\":\"130\",\"stationId\":\"001\",\"date\":\"2026-02-15\",\"eventId\":\"00316\",\"genre\":[{\"id\":\"0300\",\"name1\":\"ドラマ\",\"name2\":\"国内ドラマ\"},{\"id\":\"0302\",\"name1\":\"ドラマ\",\"name2\":\"時代劇\"}],\"onid\":\"7fe0\",\"sid\":\"0400\",\"tsid\":\"7fe0\"},\"misc\":{\"displayVideoMode\":\"none\",\"displayVideoRange\":\"sdr\",\"displayAudioMode\":[\"kaisetsu\"],\"audioMode\":[\"stereoKaisetsu\"],\"supportCaption\":true,\"supportSign\":false,\"supportHybridcast\":false,\"supportDataBroadcast\":false,\"isInteractive\":false,\"isChangeable\":false,\"releaseLevel\":\"original\",\"programType\":\"program\",\"coverage\":\"nationwide\",\"actList\":[{\"role\":\"出演\",\"name\":\"高橋英樹\",\"nameRuby\":\"ﾀｶﾊｼﾋﾃﾞｷ\"},{\"role\":\"出演\",\"name\":\"星野真里\",\"nameRuby\":\"ﾎｼﾉﾏﾘ\"},{\"role\":\"出演\",\"name\":\"あめくみちこ\",\"nameRuby\":\"ｱﾒｸﾐﾁｺ\"},{\"role\":\"出演\",\"name\":\"伊嵜充則\",\"nameRuby\":\"ｲｻｷﾐﾂﾉﾘ\"},{\"role\":\"出演\",\"name\":\"水川あさみ\",\"nameRuby\":\"ﾐｽﾞｶﾜｱｻﾐ\"},{\"role\":\"出演\",\"name\":\"池内万作\",\"nameRuby\":\"ｲｹｳﾁﾏﾝｻｸ\"},{\"role\":\"出演\",\"name\":\"不破万作\",\"nameRuby\":\"ﾌﾜﾏﾝｻｸ\"},{\"role\":\"出演\",\"name\":\"伊藤俊人\",\"nameRuby\":\"ｲﾄｳﾄｼﾋﾄ\"},{\"role\":\"出演\",\"name\":\"淡路恵子\",\"nameRuby\":\"ｱﾜｼﾞｹｲｺ\"},{\"role\":\"出演\",\"name\":\"本田博太郎\",\"nameRuby\":\"ﾎﾝﾀﾞﾋﾛﾀﾛｳ\"},{\"role\":\"出演\",\"name\":\"秋吉久美子\",\"nameRuby\":\"ｱｷﾖｼｸﾐｺ\"},{\"role\":\"語り\",\"name\":\"春風亭小朝\",\"nameRuby\":\"ｼｭﾝﾌﾟｳﾃｲｺｱｻ\"},{\"role\":\"原作\",\"name\":\"宮部みゆき\",\"nameRuby\":\"ﾐﾔﾍﾞﾐﾕｷ\"},{\"role\":\"脚本\",\"name\":\"金子成人\",\"nameRuby\":\"ｶﾈｺﾅﾘﾄ\"},{\"role\":\"音楽\",\"name\":\"坂田晃一\",\"nameRuby\":\"ｻｶﾀｺｳｲﾁ\"}],\"musicList\":[]},\"publishedOn\":{\"type\":\"BroadcastService\",\"id\":\"bs-g1-130\",\"name\":\"NHK総合テレビジョン\",\"url\":\"https://api-local.ss.org.nhk/r8/t/broadcastservice/bs/g1-130.json\",\"broadcastDisplayName\":\"NHK総合・東京\",\"videoFormat\":[\"2K\"],\"encodingFormat\":[\"video/X-arib-mpeg2\",\"audio/X-arib-mpeg2-aac\"],\"identifierGroup\":{\"serviceId\":\"g1\",\"serviceName\":\"NHK総合1\",\"areaId\":\"130\",\"areaName\":\"東京\",\"channelId\":\"011\",\"channelKey\":\"1\",\"channelAreaName\":\"東京\",\"channelStationName\":\"首都圏\",\"shortenedName\":\"NHK総合1\",\"shortenedDisplayName\":\"総合\",\"multiChannelDisplayName\":\"総合\"},\"logo\":{\"url\":\"https://imgu.web.nhk/common/broadcastservice/bs/g1/g1-logo.svg\",\"main\":{\"url\":\"https://imgu.web.nhk/common/broadcastservice/bs/g1/g1-logo_1080x1080.png\",\"width\":1080,\"height\":1080},\"medium\":{\"url\":\"https://imgu.web.nhk/common/broadcastservice/bs/g1/g1-logo_640x640.png\",\"width\":640,\"height\":640},\"small\":{\"url\":\"https://imgu.web.nhk/common/broadcastservice/bs/g1/g1-logo_200x200.png\",\"width\":200,\"height\":200}},\"eyecatch\":{\"url\":\"https://imgu.web.nhk/common/broadcastservice/bs/g1/g1-eyecatch.svg\",\"large\":{\"url\":\"https://imgu.web.nhk/common/broadcastservice/bs/g1/g1-eyecatch_3840x2160.png\",\"width\":3840,\"height\":2160},\"main\":{\"url\":\"https://imgu.web.nhk/common/broadcastservice/bs/g1/g1-eyecatch_1920x1080.png\",\"width\":1920,\"height\":1080},\"medium\":{\"url\":\"https://imgu.web.nhk/common/broadcastservice/bs/g1/g1-eyecatch_1280x720.png\",\"width\":1280,\"height\":720},\"small\":{\"url\":\"https://imgu.web.nhk/common/broadcastservice/bs/g1/g1-eyecatch_640x360.png\",\"width\":640,\"height\":360}},\"hero\":{\"url\":\"https://imgu.web.nhk/common/broadcastservice/bs/g1/g1-hero.svg\",\"main\":{\"url\":\"https://imgu.web.nhk/common/broadcastservice/bs/g1/g1-hero_1920x640.png\",\"width\":1920,\"height\":640},\"medium\":{\"url\":\"https://imgu.web.nhk/common/broadcastservice/bs/g1/g1-hero_1080x360.png\",\"width\":1080,\"height\":360}},\"badge9x4\":{\"url\":\"https://imgu.web.nhk/common/broadcastservice/bs/g1/g1-badge9x4.svg\",\"main\":{\"url\":\"https://imgu.web.nhk/common/broadcastservice/bs/g1/g1-badge9x4_360x160.png\",\"width\":360,\"height\":160},\"small\":{\"url\":\"https://imgu.web.nhk/common/broadcastservice/bs/g1/g1-badge9x4_180x80.png\",\"width\":180,\"height\":80}}}},\"detailedComingEvent\":{\"id\":\"g1-130-2026021500316\",\"startDate\":\"2026-02-15T06:10:00+09:00\",\"endDate\":\"2026-02-15T06:53:00+09:00\",\"identifierGroup\":{\"broadcastEventId\":\"g1-130-2026021500316\",\"serviceId\":\"g1\",\"areaId\":\"130\",\"stationId\":\"001\",\"date\":\"2026-02-15\",\"eventId\":\"00316\",\"genre\":[{\"id\":\"0300\",\"name1\":\"ドラマ\",\"name2\":\"国内ドラマ\"},{\"id\":\"0302\",\"name1\":\"ドラマ\",\"name2\":\"時代劇\"}],\"onid\":\"7fe0\",\"sid\":\"0400\",\"tsid\":\"7fe0\"},\"misc\":{\"displayVideoMode\":\"none\",\"displayVideoRange\":\"sdr\",\"displayAudioMode\":[\"kaisetsu\"],\"audioMode\":[\"stereoKaisetsu\"],\"supportCaption\":true,\"supportSign\":false,\"supportHybridcast\":false,\"supportDataBroadcast\":false,\"isInteractive\":false,\"isChangeable\":false,\"releaseLevel\":\"original\",\"programType\":\"program\",\"coverage\":\"nationwide\",\"actList\":[{\"role\":\"出演\",\"name\":\"高橋英樹\",\"nameRuby\":\"ﾀｶﾊｼﾋﾃﾞｷ\"},{\"role\":\"出演\",\"name\":\"星野真里\",\"nameRuby\":\"ﾎｼﾉﾏﾘ\"},{\"role\":\"出演\",\"name\":\"あめくみちこ\",\"nameRuby\":\"ｱﾒｸﾐﾁｺ\"},{\"role\":\"出演\",\"name\":\"伊嵜充則\",\"nameRuby\":\"ｲｻｷﾐﾂﾉﾘ\"},{\"role\":\"出演\",\"name\":\"水川あさみ\",\"nameRuby\":\"ﾐｽﾞｶﾜｱｻﾐ\"},{\"role\":\"出演\",\"name\":\"池内万作\",\"nameRuby\":\"ｲｹｳﾁﾏﾝｻｸ\"},{\"role\":\"出演\",\"name\":\"不破万作\",\"nameRuby\":\"ﾌﾜﾏﾝｻｸ\"},{\"role\":\"出演\",\"name\":\"伊藤俊人\",\"nameRuby\":\"ｲﾄｳﾄｼﾋﾄ\"},{\"role\":\"出演\",\"name\":\"淡路恵子\",\"nameRuby\":\"ｱﾜｼﾞｹｲｺ\"},{\"role\":\"出演\",\"name\":\"本田博太郎\",\"nameRuby\":\"ﾎﾝﾀﾞﾋﾛﾀﾛｳ\"},{\"role\":\"出演\",\"name\":\"秋吉久美子\",\"nameRuby\":\"ｱｷﾖｼｸﾐｺ\"},{\"role\":\"語り\",\"name\":\"春風亭小朝\",\"nameRuby\":\"ｼｭﾝﾌﾟｳﾃｲｺｱｻ\"},{\"role\":\"原作\",\"name\":\"宮部みゆき\",\"nameRuby\":\"ﾐﾔﾍﾞﾐﾕｷ\"},{\"role\":\"脚本\",\"name\":\"金子成人\",\"nameRuby\":\"ｶﾈｺﾅﾘﾄ\"},{\"role\":\"音楽\",\"name\":\"坂田晃一\",\"nameRuby\":\"ｻｶﾀｺｳｲﾁ\"}],\"musicList\":[]},\"publishedOn\":{\"type\":\"BroadcastService\",\"id\":\"bs-g1-130\",\"name\":\"NHK総合テレビジョン\",\"url\":\"https://api-local.ss.org.nhk/r8/t/broadcastservice/bs/g1-130.json\",\"broadcastDisplayName\":\"NHK総合・東京\",\"videoFormat\":[\"2K\"],\"encodingFormat\":[\"video/X-arib-mpeg2\",\"audio/X-arib-mpeg2-aac\"],\"identifierGroup\":{\"serviceId\":\"g1\",\"serviceName\":\"NHK総合1\",\"areaId\":\"130\",\"areaName\":\"東京\",\"channelId\":\"011\",\"channelKey\":\"1\",\"channelAreaName\":\"東京\",\"channelStationName\":\"首都圏\",\"shortenedName\":\"NHK総合1\",\"shortenedDisplayName\":\"総合\",\"multiChannelDisplayName\":\"総合\"},\"logo\":{\"url\":\"https://imgu.web.nhk/common/broadcastservice/bs/g1/g1-logo.svg\",\"main\":{\"url\":\"https://imgu.web.nhk/common/broadcastservice/bs/g1/g1-logo_1080x1080.png\",\"width\":1080,\"height\":1080},\"medium\":{\"url\":\"https://imgu.web.nhk/common/broadcastservice/bs/g1/g1-logo_640x640.png\",\"width\":640,\"height\":640},\"small\":{\"url\":\"https://imgu.web.nhk/common/broadcastservice/bs/g1/g1-logo_200x200.png\",\"width\":200,\"height\":200}},\"eyecatch\":{\"url\":\"https://imgu.web.nhk/common/broadcastservice/bs/g1/g1-eyecatch.svg\",\"large\":{\"url\":\"https://imgu.web.nhk/common/broadcastservice/bs/g1/g1-eyecatch_3840x2160.png\",\"width\":3840,\"height\":2160},\"main\":{\"url\":\"https://imgu.web.nhk/common/broadcastservice/bs/g1/g1-eyecatch_1920x1080.png\",\"width\":1920,\"height\":1080},\"medium\":{\"url\":\"https://imgu.web.nhk/common/broadcastservice/bs/g1/g1-eyecatch_1280x720.png\",\"width\":1280,\"height\":720},\"small\":{\"url\":\"https://imgu.web.nhk/common/broadcastservice/bs/g1/g1-eyecatch_640x360.png\",\"width\":640,\"height\":360}},\"hero\":{\"url\":\"https://imgu.web.nhk/common/broadcastservice/bs/g1/g1-hero.svg\",\"main\":{\"url\":\"https://imgu.web.nhk/common/broadcastservice/bs/g1/g1-hero_1920x640.png\",\"width\":1920,\"height\":640},\"medium\":{\"url\":\"https://imgu.web.nhk/common/broadcastservice/bs/g1/g1-hero_1080x360.png\",\"width\":1080,\"height\":360}},\"badge9x4\":{\"url\":\"https://imgu.web.nhk/common/broadcastservice/bs/g1/g1-badge9x4.svg\",\"main\":{\"url\":\"https://imgu.web.nhk/common/broadcastservice/bs/g1/g1-badge9x4_360x160.png\",\"width\":360,\"height\":160},\"small\":{\"url\":\"https://imgu.web.nhk/common/broadcastservice/bs/g1/g1-badge9x4_180x80.png\",\"width\":180,\"height\":80}}}},\"eyecatchList\":[],\"video\":[],\"citation\":[],\"detailedPinnedCitation\":[],\"sameAs\":[],\"correction\":[],\"url\":\"https://api-local.ss.org.nhk/r8/t/tvepisode/te/JR2224Q271.json\",\"canonical\":\"https://www.web.nhk/tv/pl/series-tep-EG75YWMKNN/ep/JR2224Q271\",\"associatedMedia\":[],\"hasPart\":[],\"additionalProperty\":{\"episodeMergeStatus\":\"notMerged\"}},\"link\":{\"href\":\"https://www.web.nhk/tv/pl/series-tep-EG75YWMKNN/ep/JR2224Q271\"}}]\n"])</script><script>self.__next_f.push([1,"61:[\"$\",\"$L2a\",\"NLX94G77X8\",{\"content\":{\"type\":\"TVEpisode\",\"id\":\"NLX94G77X8\",\"name\":\"(9)「フレンドはどこ?」\",\"detailedEpisodeNameRuby\":\"\",\"identifierGroup\":{\"tvEpisodeId\":\"NLX94G77X8\",\"tvSeriesId\":\"J5N1R29NKP\",\"tvEpisodeName\":\"(9)「フレンドはどこ?」\",\"tvSeriesName\":\"超能力ファミリー サンダーマン 〜秘密大作戦\",\"hashtag\":[],\"serviceId\":[\"e1\",\"e3\"],\"aliasId\":\"thundermans-undercover\",\"formatGenreTag\":[{\"id\":\"03\",\"name\":\"ドラマ\"}],\"themeGenreTag\":[{\"id\":\"032\",\"name\":\"海外ドラマ\"}]},\"keyword\":[],\"description\":\"クロエはどこに行くにもフィービーとマックスがくっついてきてうんざり。そこで２人に新しく友だちを作るように提案する。納得したフィービーとマックスはそれぞれ友だち探しをスタート。そして友だちになれそうな人を見つけたのだが…。一方、やっと家で１人の時間を楽しめると思ったクロエだったが、ペリカンが入り込んで居座ってしまう。\",\"dateCreated\":\"2026-02-18T12:29:59+09:00\",\"dateModified\":\"2026-02-25T16:49:40+09:00\",\"actor\":[],\"contributor\":[],\"partOfSeries\":{\"id\":\"J5N1R29NKP\",\"name\":\"超能力ファミリー サンダーマン 〜秘密大作戦\",\"detailedSeriesNameRuby\":\"ちょうのうりょくふぁみりー　さんだーまん　ひみつだいさくせん\",\"identifierGroup\":{\"tvSeriesId\":\"J5N1R29NKP\",\"tvSeriesPlaylistId\":\"series-tep-J5N1R29NKP\",\"tvSeriesUId\":\"p76a1fcd4-86a1-50d8-9c0e-2fa284e5ff74\",\"tvSeriesName\":\"超能力ファミリー サンダーマン 〜秘密大作戦\",\"hashtag\":[],\"serviceId\":[\"e1\",\"e3\"],\"aliasId\":\"thundermans-undercover\",\"formatGenre\":[{\"id\":\"03\",\"name\":\"ドラマ\"}]},\"keyword\":[],\"detailedSynonym\":[],\"sameAs\":[],\"canonical\":\"https://www.web.nhk/tv/an/thundermans-undercover/pl/series-tep-J5N1R29NKP\",\"description\":\"シークレットショアーズという町で邪悪な通信が検知された。フィービーとマックスは、ヒーロー連盟のキックバット会長の命令でその町に潜入捜査に向かうことに。２人はクロエも連れて行くことにする。というのも、クロエの周りにはサンダーマンの知名度を目当てに近づいてくる友だちばかりで、クロエに普通の子と同じように暮らしてもらいたいという思いがあった。さらにそこに押しかけるようにドクター・コロッソもついて来ることに。どうやらコロッソは謎の人物と連絡をとりあっているようだが…。\\n\\n原題：The Thundermans : Undercover\\n制作：2025年 アメリカ\\n\",\"detailedCatch\":\"帰ってきた「サンダーマン」 フィービー、マックス、クロエが素性を隠して秘密の捜査！[全13回]\",\"logo\":{\"main\":{\"url\":\"https://imgu.web.nhk/static/assets/images/tvseries/ts/J5N1R29NKP/J5N1R29NKP-logo_74ef06fd440caaa9d97aff4c5c2ab3df.jpg\",\"width\":1080,\"height\":1080},\"medium\":{\"url\":\"https://imgu.web.nhk/static/assets/images/tvseries/ts/J5N1R29NKP/J5N1R29NKP-logo_fdc105e2b68bcecc5d39610a9382e988.jpg\",\"width\":640,\"height\":640},\"small\":{\"url\":\"https://imgu.web.nhk/static/assets/images/tvseries/ts/J5N1R29NKP/J5N1R29NKP-logo_6c1e491f9fc15c1c386355d4d873b3bf.jpg\",\"width\":200,\"height\":200}},\"eyecatch\":{\"large\":{\"url\":\"https://imgu.web.nhk/static/assets/images/tvseries/ts/J5N1R29NKP/J5N1R29NKP-eyecatch_2a3aff5a26f88a0aeafc1d758b24dfa2.jpg\",\"width\":3840,\"height\":2160},\"main\":{\"url\":\"https://imgu.web.nhk/static/assets/images/tvseries/ts/J5N1R29NKP/J5N1R29NKP-eyecatch_89a09384518ac9ecb0401835548ddef4.jpg\",\"width\":1920,\"height\":1080},\"medium\":{\"url\":\"https://imgu.web.nhk/static/assets/images/tvseries/ts/J5N1R29NKP/J5N1R29NKP-eyecatch_4dd6526e212839c55f632034bfa30710.jpg\",\"width\":1280,\"height\":720},\"small\":{\"url\":\"https://imgu.web.nhk/static/assets/images/tvseries/ts/J5N1R29NKP/J5N1R29NKP-eyecatch_7c51081d1ae4c70360cc8281b602ddf3.jpg\",\"width\":640,\"height\":360}},\"hero\":{\"main\":{\"url\":\"https://imgu.web.nhk/static/assets/images/tvseries/ts/J5N1R29NKP/J5N1R29NKP-hero_6deb1b6d80946924f01be4c469081808.jpg\",\"width\":1920,\"height\":640},\"medium\":{\"url\":\"https://imgu.web.nhk/static/assets/images/tvseries/ts/J5N1R29NKP/J5N1R29NKP-hero_34fef2285dc63b8abeb2e4185ae1a92a.jpg\",\"width\":1080,\"height\":360}},\"style\":{\"textLight\":\"#000000\",\"textDark\":\"#FFFFFF\",\"linkLight\":\"#E72400\",\"linkDark\":\"#FF4928\",\"primaryLight\":\"#FF2800\",\"primaryDark\":\"#FF2800\"},\"additionalProperty\":{\"publishLevel\":\"full\",\"layoutPattern\":\"summary\",\"episodeOrderBy\":\"releasedEvent\",\"availableOnPlus\":false,\"enableVariablePlayBackSpeedControl\":false,\"optional\":[],\"seriesPackStatus\":\"notPacked\",\"supportMedia\":[\"@screen\"],\"supportMusicList\":true,\"supportPlusEmbed\":true,\"enableWebContent\":false},\"url\":\"https://api-local.ss.org.nhk/r8/t/nplaylist/pl/series-tep-J5N1R29NKP.json\",\"itemUrl\":\"https://api-local.ss.org.nhk/r8/l/tvepisode/pl/series-tep-J5N1R29NKP.json\"},\"releasedEvent\":{\"id\":\"e1-130-2026030107169\",\"startDate\":\"2026-03-01T17:25:00+09:00\",\"displayStartDate\":\"2026-03-01T17:25:00+09:00\",\"endDate\":\"2026-03-01T17:49:00+09:00\",\"publishedOn\":{\"type\":\"BroadcastService\",\"id\":\"bs-e1-130\",\"name\":\"NHK教育テレビジョン\",\"url\":\"https://api-local.ss.org.nhk/r8/t/broadcastservice/bs/e1-130.json\",\"broadcastDisplayName\":\"NHK Eテレ・東京\",\"videoFormat\":[\"2K\"],\"encodingFormat\":[\"video/X-arib-mpeg2\",\"audio/X-arib-mpeg2-aac\"],\"identifierGroup\":{\"serviceId\":\"e1\",\"serviceName\":\"NHK Eテレ1\",\"areaId\":\"130\",\"areaName\":\"東京\",\"channelId\":\"021\",\"channelKey\":\"2\",\"channelAreaName\":\"東京\",\"channelStationName\":\"首都圏\",\"shortenedName\":\"NHK Eテレ1\",\"shortenedDisplayName\":\"Eテレ\",\"multiChannelDisplayName\":\"Eテレ\"},\"logo\":{\"url\":\"https://imgu.web.nhk/common/broadcastservice/bs/e1/e1-logo.svg\",\"main\":{\"url\":\"https://imgu.web.nhk/common/broadcastservice/bs/e1/e1-logo_1080x1080.png\",\"width\":1080,\"height\":1080},\"medium\":{\"url\":\"https://imgu.web.nhk/common/broadcastservice/bs/e1/e1-logo_640x640.png\",\"width\":640,\"height\":640},\"small\":{\"url\":\"https://imgu.web.nhk/common/broadcastservice/bs/e1/e1-logo_200x200.png\",\"width\":200,\"height\":200}},\"eyecatch\":{\"url\":\"https://imgu.web.nhk/common/broadcastservice/bs/e1/e1-eyecatch.svg\",\"large\":{\"url\":\"https://imgu.web.nhk/common/broadcastservice/bs/e1/e1-eyecatch_3840x2160.png\",\"width\":3840,\"height\":2160},\"main\":{\"url\":\"https://imgu.web.nhk/common/broadcastservice/bs/e1/e1-eyecatch_1920x1080.png\",\"width\":1920,\"height\":1080},\"medium\":{\"url\":\"https://imgu.web.nhk/common/broadcastservice/bs/e1/e1-eyecatch_1280x720.png\",\"width\":1280,\"height\":720},\"small\":{\"url\":\"https://imgu.web.nhk/common/broadcastservice/bs/e1/e1-eyecatch_640x360.png\",\"width\":640,\"height\":360}},\"hero\":{\"url\":\"https://imgu.web.nhk/common/broadcastservice/bs/e1/e1-hero.svg\",\"main\":{\"url\":\"https://imgu.web.nhk/common/broadcastservice/bs/e1/e1-hero_1920x640.png\",\"width\":1920,\"height\":640},\"medium\":{\"url\":\"https://imgu.web.nhk/common/broadcastservice/bs/e1/e1-hero_1080x360.png\",\"width\":1080,\"height\":360}},\"badge9x4\":{\"url\":\"https://imgu.web.nhk/common/broadcastservice/bs/e1/e1-badge9x4.svg\",\"main\":{\"url\":\"https://imgu.web.nhk/common/broadcastservice/bs/e1/e1-badge9x4_360x160.png\",\"width\":360,\"height\":160},\"small\":{\"url\":\"https://imgu.web.nhk/common/broadcastservice/bs/e1/e1-badge9x4_180x80.png\",\"width\":180,\"height\":80}}}},\"detailedRecentEvent\":{\"id\":\"e1-130-2026030107169\",\"startDate\":\"2026-03-01T17:25:00+09:00\",\"endDate\":\"2026-03-01T17:49:00+09:00\",\"identifierGroup\":{\"broadcastEventId\":\"e1-130-2026030107169\",\"serviceId\":\"e1\",\"areaId\":\"130\",\"stationId\":\"001\",\"date\":\"2026-03-01\",\"eventId\":\"07169\",\"genre\":[{\"id\":\"0301\",\"name1\":\"ドラマ\",\"name2\":\"海外ドラマ\"}],\"onid\":\"7fe1\",\"sid\":\"0408\",\"tsid\":\"7fe1\"},\"misc\":{\"displayVideoMode\":\"none\",\"displayVideoRange\":\"sdr\",\"displayAudioMode\":[\"lang2\"],\"audioMode\":[\"stereoLang2\"],\"supportCaption\":true,\"supportSign\":false,\"supportHybridcast\":false,\"supportDataBroadcast\":false,\"isInteractive\":false,\"isChangeable\":false,\"releaseLevel\":\"original\",\"programType\":\"program\",\"coverage\":\"nationwide\",\"actList\":[{\"role\":\"声\",\"title\":\"キーラ・コサリン\",\"name\":\"高垣彩陽\",\"nameRuby\":\"ﾀｶｶﾞｷｱﾔﾋ\"},{\"role\":\"声\",\"title\":\"ジャック・グリフォ\",\"name\":\"増田俊樹\",\"nameRuby\":\"ﾏｽﾀﾞﾄｼｷ\"},{\"role\":\"声\",\"title\":\"マヤ・ル・クラーク\",\"name\":\"砂田理子\",\"nameRuby\":\"ｽﾅﾀﾞﾘｺ\"},{\"role\":\"声\",\"title\":\"ネイサン・ブロクストン\",\"name\":\"新井笙子\",\"nameRuby\":\"ｱﾗｲｼｮｳｺ\"},{\"role\":\"声\",\"title\":\"キンリー・カニンガム\",\"name\":\"川勝未来\",\"nameRuby\":\"ｶﾜｶﾂﾐﾗ\"},{\"role\":\"声\",\"title\":\"デイナ・スナイダー\",\"name\":\"飛田展男\",\"nameRuby\":\"ﾄﾋﾞﾀﾉﾌﾞｵ\"},{\"role\":\"製作総指揮\",\"name\":\"ジェド・スピンガーン\",\"nameRuby\":\"ｼﾞｪﾄﾞ･ｽﾋﾟﾝｶﾞｰﾝ\"},{\"role\":\"製作総指揮\",\"name\":\"ショーン・Ｗ・カニンガム\",\"nameRuby\":\"ｼｮｰﾝ･W･ｶﾆﾝｶﾞﾑ\"},{\"role\":\"製作総指揮\",\"name\":\"マーク・ドウォーキン\",\"nameRuby\":\"ﾏｰｸ･ﾄﾞｳｫｰｷﾝ\"},{\"role\":\"製作総指揮\",\"name\":\"キーラ・コサリン\",\"nameRuby\":\"ｷｰﾗ･ｺｻﾘﾝ\"},{\"role\":\"製作総指揮\",\"name\":\"ジャック・グリフォ\",\"nameRuby\":\"ｼﾞｬｯｸ･ｸﾞﾘﾌｫ\"},{\"role\":\"脚本\",\"name\":\"サマンサ・マーティン\",\"nameRuby\":\"ｻﾏﾝｻ･ﾏｰﾃｨﾝ\"},{\"role\":\"演出\",\"name\":\"トレバー・カーシュナー\",\"nameRuby\":\"ﾄﾚﾊﾞｰ･ｶｰｼｭﾅｰ\"}],\"musicList\":[]},\"publishedOn\":{\"type\":\"BroadcastService\",\"id\":\"bs-e1-130\",\"name\":\"NHK教育テレビジョン\",\"url\":\"https://api-local.ss.org.nhk/r8/t/broadcastservice/bs/e1-130.json\",\"broadcastDisplayName\":\"NHK Eテレ・東京\",\"videoFormat\":[\"2K\"],\"encodingFormat\":[\"video/X-arib-mpeg2\",\"audio/X-arib-mpeg2-aac\"],\"identifierGroup\":{\"serviceId\":\"e1\",\"serviceName\":\"NHK Eテレ1\",\"areaId\":\"130\",\"areaName\":\"東京\",\"channelId\":\"021\",\"channelKey\":\"2\",\"channelAreaName\":\"東京\",\"channelStationName\":\"首都圏\",\"shortenedName\":\"NHK Eテレ1\",\"shortenedDisplayName\":\"Eテレ\",\"multiChannelDisplayName\":\"Eテレ\"},\"logo\":{\"url\":\"https://imgu.web.nhk/common/broadcastservice/bs/e1/e1-logo.svg\",\"main\":{\"url\":\"https://imgu.web.nhk/common/broadcastservice/bs/e1/e1-logo_1080x1080.png\",\"width\":1080,\"height\":1080},\"medium\":{\"url\":\"https://imgu.web.nhk/common/broadcastservice/bs/e1/e1-logo_640x640.png\",\"width\":640,\"height\":640},\"small\":{\"url\":\"https://imgu.web.nhk/common/broadcastservice/bs/e1/e1-logo_200x200.png\",\"width\":200,\"height\":200}},\"eyecatch\":{\"url\":\"https://imgu.web.nhk/common/broadcastservice/bs/e1/e1-eyecatch.svg\",\"large\":{\"url\":\"https://imgu.web.nhk/common/broadcastservice/bs/e1/e1-eyecatch_3840x2160.png\",\"width\":3840,\"height\":2160},\"main\":{\"url\":\"https://imgu.web.nhk/common/broadcastservice/bs/e1/e1-eyecatch_1920x1080.png\",\"width\":1920,\"height\":1080},\"medium\":{\"url\":\"https://imgu.web.nhk/common/broadcastservice/bs/e1/e1-eyecatch_1280x720.png\",\"width\":1280,\"height\":720},\"small\":{\"url\":\"https://imgu.web.nhk/common/broadcastservice/bs/e1/e1-eyecatch_640x360.png\",\"width\":640,\"height\":360}},\"hero\":{\"url\":\"https://imgu.web.nhk/common/broadcastservice/bs/e1/e1-hero.svg\",\"main\":{\"url\":\"https://imgu.web.nhk/common/broadcastservice/bs/e1/e1-hero_1920x640.png\",\"width\":1920,\"height\":640},\"medium\":{\"url\":\"https://imgu.web.nhk/common/broadcastservice/bs/e1/e1-hero_1080x360.png\",\"width\":1080,\"height\":360}},\"badge9x4\":{\"url\":\"https://imgu.web.nhk/common/broadcastservice/bs/e1/e1-badge9x4.svg\",\"main\":{\"url\":\"https://imgu.web.nhk/common/broadcastservice/bs/e1/e1-badge9x4_360x160.png\",\"width\":360,\"height\":160},\"small\":{\"url\":\"https://imgu.web.nhk/common/broadcastservice/bs/e1/e1-badge9x4_180x80.png\",\"width\":180,\"height\":80}}}},\"detailedComingEvent\":{\"id\":\"e1-130-2026030107169\",\"startDate\":\"2026-03-01T17:25:00+09:00\",\"endDate\":\"2026-03-01T17:49:00+09:00\",\"identifierGroup\":{\"broadcastEventId\":\"e1-130-2026030107169\",\"serviceId\":\"e1\",\"areaId\":\"130\",\"stationId\":\"001\",\"date\":\"2026-03-01\",\"eventId\":\"07169\",\"genre\":[{\"id\":\"0301\",\"name1\":\"ドラマ\",\"name2\":\"海外ドラマ\"}],\"onid\":\"7fe1\",\"sid\":\"0408\",\"tsid\":\"7fe1\"},\"misc\":{\"displayVideoMode\":\"none\",\"displayVideoRange\":\"sdr\",\"displayAudioMode\":[\"lang2\"],\"audioMode\":[\"stereoLang2\"],\"supportCaption\":true,\"supportSign\":false,\"supportHybridcast\":false,\"supportDataBroadcast\":false,\"isInteractive\":false,\"isChangeable\":false,\"releaseLevel\":\"original\",\"programType\":\"program\",\"coverage\":\"nationwide\",\"actList\":[{\"role\":\"声\",\"title\":\"キーラ・コサリン\",\"name\":\"高垣彩陽\",\"nameRuby\":\"ﾀｶｶﾞｷｱﾔﾋ\"},{\"role\":\"声\",\"title\":\"ジャック・グリフォ\",\"name\":\"増田俊樹\",\"nameRuby\":\"ﾏｽﾀﾞﾄｼｷ\"},{\"role\":\"声\",\"title\":\"マヤ・ル・クラーク\",\"name\":\"砂田理子\",\"nameRuby\":\"ｽﾅﾀﾞﾘｺ\"},{\"role\":\"声\",\"title\":\"ネイサン・ブロクストン\",\"name\":\"新井笙子\",\"nameRuby\":\"ｱﾗｲｼｮｳｺ\"},{\"role\":\"声\",\"title\":\"キンリー・カニンガム\",\"name\":\"川勝未来\",\"nameRuby\":\"ｶﾜｶﾂﾐﾗ\"},{\"role\":\"声\",\"title\":\"デイナ・スナイダー\",\"name\":\"飛田展男\",\"nameRuby\":\"ﾄﾋﾞﾀﾉﾌﾞｵ\"},{\"role\":\"製作総指揮\",\"name\":\"ジェド・スピンガーン\",\"nameRuby\":\"ｼﾞｪﾄﾞ･ｽﾋﾟﾝｶﾞｰﾝ\"},{\"role\":\"製作総指揮\",\"name\":\"ショーン・Ｗ・カニンガム\",\"nameRuby\":\"ｼｮｰﾝ･W･ｶﾆﾝｶﾞﾑ\"},{\"role\":\"製作総指揮\",\"name\":\"マーク・ドウォーキン\",\"nameRuby\":\"ﾏｰｸ･ﾄﾞｳｫｰｷﾝ\"},{\"role\":\"製作総指揮\",\"name\":\"キーラ・コサリン\",\"nameRuby\":\"ｷｰﾗ･ｺｻﾘﾝ\"},{\"role\":\"製作総指揮\",\"name\":\"ジャック・グリフォ\",\"nameRuby\":\"ｼﾞｬｯｸ･ｸﾞﾘﾌｫ\"},{\"role\":\"脚本\",\"name\":\"サマンサ・マーティン\",\"nameRuby\":\"ｻﾏﾝｻ･ﾏｰﾃｨﾝ\"},{\"role\":\"演出\",\"name\":\"トレバー・カーシュナー\",\"nameRuby\":\"ﾄﾚﾊﾞｰ･ｶｰｼｭﾅｰ\"}],\"musicList\":[]},\"publishedOn\":{\"type\":\"BroadcastService\",\"id\":\"bs-e1-130\",\"name\":\"NHK教育テレビジョン\",\"url\":\"https://api-local.ss.org.nhk/r8/t/broadcastservice/bs/e1-130.json\",\"broadcastDisplayName\":\"NHK Eテレ・東京\",\"videoFormat\":[\"2K\"],\"encodingFormat\":[\"video/X-arib-mpeg2\",\"audio/X-arib-mpeg2-aac\"],\"identifierGroup\":{\"serviceId\":\"e1\",\"serviceName\":\"NHK Eテレ1\",\"areaId\":\"130\",\"areaName\":\"東京\",\"channelId\":\"021\",\"channelKey\":\"2\",\"channelAreaName\":\"東京\",\"channelStationName\":\"首都圏\",\"shortenedName\":\"NHK Eテレ1\",\"shortenedDisplayName\":\"Eテレ\",\"multiChannelDisplayName\":\"Eテレ\"},\"logo\":{\"url\":\"https://imgu.web.nhk/common/broadcastservice/bs/e1/e1-logo.svg\",\"main\":{\"url\":\"https://imgu.web.nhk/common/broadcastservice/bs/e1/e1-logo_1080x1080.png\",\"width\":1080,\"height\":1080},\"medium\":{\"url\":\"https://imgu.web.nhk/common/broadcastservice/bs/e1/e1-logo_640x640.png\",\"width\":640,\"height\":640},\"small\":{\"url\":\"https://imgu.web.nhk/common/broadcastservice/bs/e1/e1-logo_200x200.png\",\"width\":200,\"height\":200}},\"eyecatch\":{\"url\":\"https://imgu.web.nhk/common/broadcastservice/bs/e1/e1-eyecatch.svg\",\"large\":{\"url\":\"https://imgu.web.nhk/common/broadcastservice/bs/e1/e1-eyecatch_3840x2160.png\",\"width\":3840,\"height\":2160},\"main\":{\"url\":\"https://imgu.web.nhk/common/broadcastservice/bs/e1/e1-eyecatch_1920x1080.png\",\"width\":1920,\"height\":1080},\"medium\":{\"url\":\"https://imgu.web.nhk/common/broadcastservice/bs/e1/e1-eyecatch_1280x720.png\",\"width\":1280,\"height\":720},\"small\":{\"url\":\"https://imgu.web.nhk/common/broadcastservice/bs/e1/e1-eyecatch_640x360.png\",\"width\":640,\"height\":360}},\"hero\":{\"url\":\"https://imgu.web.nhk/common/broadcastservice/bs/e1/e1-hero.svg\",\"main\":{\"url\":\"https://imgu.web.nhk/common/broadcastservice/bs/e1/e1-hero_1920x640.png\",\"width\":1920,\"height\":640},\"medium\":{\"url\":\"https://imgu.web.nhk/common/broadcastservice/bs/e1/e1-hero_1080x360.png\",\"width\":1080,\"height\":360}},\"badge9x4\":{\"url\":\"https://imgu.web.nhk/common/broadcastservice/bs/e1/e1-badge9x4.svg\",\"main\":{\"url\":\"https://imgu.web.nhk/common/broadcastservice/bs/e1/e1-badge9x4_360x160.png\",\"width\":360,\"height\":160},\"small\":{\"url\":\"https://imgu.web.nhk/common/broadcastservice/bs/e1/e1-badge9x4_180x80.png\",\"width\":180,\"height\":80}}}},\"eyecatch\":{\"large\":{\"url\":\"https://imgu.web.nhk/static/assets/images/tvepisode/te/NLX94G77X8/NLX94G77X8-eyecatch_88c78e27a42a276c52ef4e9a5be6ab37.jpg\",\"width\":3840,\"height\":2160},\"main\":{\"url\":\"https://imgu.web.nhk/static/assets/images/tvepisode/te/NLX94G77X8/NLX94G77X8-eyecatch_e08adb97344609e823b43949c661b853.jpg\",\"width\":1920,\"height\":1080},\"medium\":{\"url\":\"https://imgu.web.nhk/static/assets/images/tvepisode/te/NLX94G77X8/NLX94G77X8-eyecatch_abff4db8ccd6a87e8bb5774309141097.jpg\",\"width\":1280,\"height\":720},\"small\":{\"url\":\"https://imgu.web.nhk/static/assets/images/tvepisode/te/NLX94G77X8/NLX94G77X8-eyecatch_47f62643e48a52111f8d05565c32cf6f.jpg\",\"width\":640,\"height\":360}},\"eyecatchList\":[{\"large\":{\"url\":\"https://imgu.web.nhk/static/assets/images/tvepisode/te/NLX94G77X8/NLX94G77X8-eyecatches_5858ff2645ee49acbe13f23d7149ca09.jpg\",\"width\":3840,\"height\":2160},\"main\":{\"url\":\"https://imgu.web.nhk/static/assets/images/tvepisode/te/NLX94G77X8/NLX94G77X8-eyecatches_5a25f21076a55759a6ca82bbb7a0d308.jpg\",\"width\":1920,\"height\":1080},\"medium\":{\"url\":\"https://imgu.web.nhk/static/assets/images/tvepisode/te/NLX94G77X8/NLX94G77X8-eyecatches_5595269d511ec57c0a386ec3f374d4e8.jpg\",\"width\":1280,\"height\":720},\"small\":{\"url\":\"https://imgu.web.nhk/static/assets/images/tvepisode/te/NLX94G77X8/NLX94G77X8-eyecatches_ff791d724163f83dfbf83b0ef8ff4b9f.jpg\",\"width\":640,\"height\":360}},{\"large\":{\"url\":\"https://imgu.web.nhk/static/assets/images/tvepisode/te/NLX94G77X8/NLX94G77X8-eyecatches_5e9df7463daeccedf4eae2fc152c5e08.jpg\",\"width\":3840,\"height\":2160},\"main\":{\"url\":\"https://imgu.web.nhk/static/assets/images/tvepisode/te/NLX94G77X8/NLX94G77X8-eyecatches_d2ae6202f9b489a3e5cd1226ee7fe4be.jpg\",\"width\":1920,\"height\":1080},\"medium\":{\"url\":\"https://imgu.web.nhk/static/assets/images/tvepisode/te/NLX94G77X8/NLX94G77X8-eyecatches_13660a5c22b2192dc612bdd4cb0804f0.jpg\",\"width\":1280,\"height\":720},\"small\":{\"url\":\"https://imgu.web.nhk/static/assets/images/tvepisode/te/NLX94G77X8/NLX94G77X8-eyecatches_5e4ab6f09fd50f25089d685b96c4faad.jpg\",\"width\":640,\"height\":360}}],\"video\":[{\"id\":\"hskOriginal-e1-130-2026030107169\",\"name\":\"超能力ファミリー　サンダーマン　～秘密大作戦（９）「フレンドはどこ？」\",\"description\":\"クロエはどこに行くにもフィービーとマックスがくっついてきてうんざり。そこで２人に新しく友だちを作るように提案する。納得したフィービーとマックスはそれぞれ友だち探しをスタート。そして友だちになれそうな人を見つけたのだが…。一方、やっと家で１人の時間を楽しめると思ったクロエだったが、ペリカンが入り込んで居座ってしまう。\",\"url\":\"https://www.web.nhk/tv/an/thundermans-undercover/pl/series-tep-J5N1R29NKP/ep/NLX94G77X8\",\"identifierGroup\":{\"environmentId\":\"hskOriginal\",\"broadcastEventId\":\"e1-130-2026030107169\",\"serviceId\":\"e1\",\"streamType\":\"vod\"},\"detailedContentStatus\":{\"environmentId\":\"hskOriginal\",\"streamType\":\"vod\",\"contentStatus\":\"ready\"},\"detailedVideoDescriptor\":\"https://archive.hsk.st.nhk/npd3/7fe1-0408/20260301/1c01-1-3-d56b038ceedbd23940bdd291a31bb23b/videoinfo-a0b18a8d0e011556fe2990bdfbd7218f.json\",\"expires\":\"2026-03-08T17:48:00+09:00\",\"duration\":\"PT22M59S\",\"startDate\":\"2026-03-01T17:25:00+09:00\",\"endDate\":\"2026-03-01T17:48:00+09:00\",\"isDivided\":false,\"publication\":[{\"id\":\"e1-130-2026030107169\",\"url\":\"https://api-local.ss.org.nhk/r8/t/broadcastevent/be/e1-130-2026030107169.json\",\"isLiveBroadcast\":true}],\"hasPart\":[],\"uploadDate\":\"2026-03-01T17:48:00+09:00\"}],\"citation\":[],\"detailedPinnedCitation\":[],\"sameAs\":[],\"correction\":[],\"url\":\"https://api-local.ss.org.nhk/r8/t/tvepisode/te/NLX94G77X8.json\",\"canonical\":\"https://www.web.nhk/tv/an/thundermans-undercover/pl/series-tep-J5N1R29NKP/ep/NLX94G77X8\",\"associatedMedia\":[],\"hasPart\":[],\"additionalProperty\":{\"episodeMergeStatus\":\"notMerged\"}},\"link\":{\"href\":\"https://www.web.nhk/tv/an/thundermans-undercover/pl/series-tep-J5N1R29NKP/ep/NLX94G77X8\"}}]\n"])</script><script>self.__next_f.push([1,"62:[\"$\",\"$L2a\",\"KVK69J5V99\",{\"content\":{\"type\":\"TVEpisode\",\"id\":\"KVK69J5V99\",\"name\":\"(8)「ユア・スパイズ・オンリー」\",\"detailedEpisodeNameRuby\":\"\",\"identifierGroup\":{\"tvEpisodeId\":\"KVK69J5V99\",\"tvSeriesId\":\"J5N1R29NKP\",\"tvEpisodeName\":\"(8)「ユア・スパイズ・オンリー」\",\"tvSeriesName\":\"超能力ファミリー サンダーマン 〜秘密大作戦\",\"hashtag\":[],\"serviceId\":[\"e1\",\"e3\"],\"aliasId\":\"thundermans-undercover\",\"formatGenreTag\":[{\"id\":\"03\",\"name\":\"ドラマ\"}],\"themeGenreTag\":[{\"id\":\"032\",\"name\":\"海外ドラマ\"}]},\"keyword\":[],\"description\":\"学校で保護者会が行われることに。フィービーとマックスは保護者にいいところを見せようと張り切るが、そこにやってきたのは人を解雇することが趣味のファーガソン教育長。２人は何とか気に入られようと奮闘するが…。一方、家ではクロエがジンクスとコンブチャを呼んで大はしゃぎ。だが、コンブチャはコロッソを見つけてしまい、ジンクスはエアラボを発見する。\",\"dateCreated\":\"2026-01-15T18:24:26+09:00\",\"dateModified\":\"2026-02-15T08:00:06+09:00\",\"actor\":[],\"contributor\":[],\"partOfSeries\":{\"id\":\"J5N1R29NKP\",\"name\":\"超能力ファミリー サンダーマン 〜秘密大作戦\",\"detailedSeriesNameRuby\":\"ちょうのうりょくふぁみりー　さんだーまん　ひみつだいさくせん\",\"identifierGroup\":{\"tvSeriesId\":\"J5N1R29NKP\",\"tvSeriesPlaylistId\":\"series-tep-J5N1R29NKP\",\"tvSeriesUId\":\"p76a1fcd4-86a1-50d8-9c0e-2fa284e5ff74\",\"tvSeriesName\":\"超能力ファミリー サンダーマン 〜秘密大作戦\",\"hashtag\":[],\"serviceId\":[\"e1\",\"e3\"],\"aliasId\":\"thundermans-undercover\",\"formatGenre\":[{\"id\":\"03\",\"name\":\"ドラマ\"}]},\"keyword\":[],\"detailedSynonym\":[],\"sameAs\":[],\"canonical\":\"https://www.web.nhk/tv/an/thundermans-undercover/pl/series-tep-J5N1R29NKP\",\"description\":\"シークレットショアーズという町で邪悪な通信が検知された。フィービーとマックスは、ヒーロー連盟のキックバット会長の命令でその町に潜入捜査に向かうことに。２人はクロエも連れて行くことにする。というのも、クロエの周りにはサンダーマンの知名度を目当てに近づいてくる友だちばかりで、クロエに普通の子と同じように暮らしてもらいたいという思いがあった。さらにそこに押しかけるようにドクター・コロッソもついて来ることに。どうやらコロッソは謎の人物と連絡をとりあっているようだが…。\\n\\n原題：The Thundermans : Undercover\\n制作：2025年 アメリカ\\n\",\"detailedCatch\":\"帰ってきた「サンダーマン」 フィービー、マックス、クロエが素性を隠して秘密の捜査！[全13回]\",\"logo\":{\"main\":{\"url\":\"https://imgu.web.nhk/static/assets/images/tvseries/ts/J5N1R29NKP/J5N1R29NKP-logo_74ef06fd440caaa9d97aff4c5c2ab3df.jpg\",\"width\":1080,\"height\":1080},\"medium\":{\"url\":\"https://imgu.web.nhk/static/assets/images/tvseries/ts/J5N1R29NKP/J5N1R29NKP-logo_fdc105e2b68bcecc5d39610a9382e988.jpg\",\"width\":640,\"height\":640},\"small\":{\"url\":\"https://imgu.web.nhk/static/assets/images/tvseries/ts/J5N1R29NKP/J5N1R29NKP-logo_6c1e491f9fc15c1c386355d4d873b3bf.jpg\",\"width\":200,\"height\":200}},\"eyecatch\":{\"large\":{\"url\":\"https://imgu.web.nhk/static/assets/images/tvseries/ts/J5N1R29NKP/J5N1R29NKP-eyecatch_2a3aff5a26f88a0aeafc1d758b24dfa2.jpg\",\"width\":3840,\"height\":2160},\"main\":{\"url\":\"https://imgu.web.nhk/static/assets/images/tvseries/ts/J5N1R29NKP/J5N1R29NKP-eyecatch_89a09384518ac9ecb0401835548ddef4.jpg\",\"width\":1920,\"height\":1080},\"medium\":{\"url\":\"https://imgu.web.nhk/static/assets/images/tvseries/ts/J5N1R29NKP/J5N1R29NKP-eyecatch_4dd6526e212839c55f632034bfa30710.jpg\",\"width\":1280,\"height\":720},\"small\":{\"url\":\"https://imgu.web.nhk/static/assets/images/tvseries/ts/J5N1R29NKP/J5N1R29NKP-eyecatch_7c51081d1ae4c70360cc8281b602ddf3.jpg\",\"width\":640,\"height\":360}},\"hero\":{\"main\":{\"url\":\"https://imgu.web.nhk/static/assets/images/tvseries/ts/J5N1R29NKP/J5N1R29NKP-hero_6deb1b6d80946924f01be4c469081808.jpg\",\"width\":1920,\"height\":640},\"medium\":{\"url\":\"https://imgu.web.nhk/static/assets/images/tvseries/ts/J5N1R29NKP/J5N1R29NKP-hero_34fef2285dc63b8abeb2e4185ae1a92a.jpg\",\"width\":1080,\"height\":360}},\"style\":{\"textLight\":\"#000000\",\"textDark\":\"#FFFFFF\",\"linkLight\":\"#E72400\",\"linkDark\":\"#FF4928\",\"primaryLight\":\"#FF2800\",\"primaryDark\":\"#FF2800\"},\"additionalProperty\":{\"publishLevel\":\"full\",\"layoutPattern\":\"summary\",\"episodeOrderBy\":\"releasedEvent\",\"availableOnPlus\":false,\"enableVariablePlayBackSpeedControl\":false,\"optional\":[],\"seriesPackStatus\":\"notPacked\",\"supportMedia\":[\"@screen\"],\"supportMusicList\":true,\"supportPlusEmbed\":true,\"enableWebContent\":false},\"url\":\"https://api-local.ss.org.nhk/r8/t/nplaylist/pl/series-tep-J5N1R29NKP.json\",\"itemUrl\":\"https://api-local.ss.org.nhk/r8/l/tvepisode/pl/series-tep-J5N1R29NKP.json\"},\"releasedEvent\":{\"id\":\"e1-130-2026022203770\",\"startDate\":\"2026-02-22T17:25:00+09:00\",\"displayStartDate\":\"2026-02-22T17:25:00+09:00\",\"endDate\":\"2026-02-22T17:50:00+09:00\",\"publishedOn\":{\"type\":\"BroadcastService\",\"id\":\"bs-e1-130\",\"name\":\"NHK教育テレビジョン\",\"url\":\"https://api-local.ss.org.nhk/r8/t/broadcastservice/bs/e1-130.json\",\"broadcastDisplayName\":\"NHK Eテレ・東京\",\"videoFormat\":[\"2K\"],\"encodingFormat\":[\"video/X-arib-mpeg2\",\"audio/X-arib-mpeg2-aac\"],\"identifierGroup\":{\"serviceId\":\"e1\",\"serviceName\":\"NHK Eテレ1\",\"areaId\":\"130\",\"areaName\":\"東京\",\"channelId\":\"021\",\"channelKey\":\"2\",\"channelAreaName\":\"東京\",\"channelStationName\":\"首都圏\",\"shortenedName\":\"NHK Eテレ1\",\"shortenedDisplayName\":\"Eテレ\",\"multiChannelDisplayName\":\"Eテレ\"},\"logo\":{\"url\":\"https://imgu.web.nhk/common/broadcastservice/bs/e1/e1-logo.svg\",\"main\":{\"url\":\"https://imgu.web.nhk/common/broadcastservice/bs/e1/e1-logo_1080x1080.png\",\"width\":1080,\"height\":1080},\"medium\":{\"url\":\"https://imgu.web.nhk/common/broadcastservice/bs/e1/e1-logo_640x640.png\",\"width\":640,\"height\":640},\"small\":{\"url\":\"https://imgu.web.nhk/common/broadcastservice/bs/e1/e1-logo_200x200.png\",\"width\":200,\"height\":200}},\"eyecatch\":{\"url\":\"https://imgu.web.nhk/common/broadcastservice/bs/e1/e1-eyecatch.svg\",\"large\":{\"url\":\"https://imgu.web.nhk/common/broadcastservice/bs/e1/e1-eyecatch_3840x2160.png\",\"width\":3840,\"height\":2160},\"main\":{\"url\":\"https://imgu.web.nhk/common/broadcastservice/bs/e1/e1-eyecatch_1920x1080.png\",\"width\":1920,\"height\":1080},\"medium\":{\"url\":\"https://imgu.web.nhk/common/broadcastservice/bs/e1/e1-eyecatch_1280x720.png\",\"width\":1280,\"height\":720},\"small\":{\"url\":\"https://imgu.web.nhk/common/broadcastservice/bs/e1/e1-eyecatch_640x360.png\",\"width\":640,\"height\":360}},\"hero\":{\"url\":\"https://imgu.web.nhk/common/broadcastservice/bs/e1/e1-hero.svg\",\"main\":{\"url\":\"https://imgu.web.nhk/common/broadcastservice/bs/e1/e1-hero_1920x640.png\",\"width\":1920,\"height\":640},\"medium\":{\"url\":\"https://imgu.web.nhk/common/broadcastservice/bs/e1/e1-hero_1080x360.png\",\"width\":1080,\"height\":360}},\"badge9x4\":{\"url\":\"https://imgu.web.nhk/common/broadcastservice/bs/e1/e1-badge9x4.svg\",\"main\":{\"url\":\"https://imgu.web.nhk/common/broadcastservice/bs/e1/e1-badge9x4_360x160.png\",\"width\":360,\"height\":160},\"small\":{\"url\":\"https://imgu.web.nhk/common/broadcastservice/bs/e1/e1-badge9x4_180x80.png\",\"width\":180,\"height\":80}}}},\"detailedRecentEvent\":{\"id\":\"e1-130-2026022203770\",\"startDate\":\"2026-02-22T17:25:00+09:00\",\"endDate\":\"2026-02-22T17:50:00+09:00\",\"identifierGroup\":{\"broadcastEventId\":\"e1-130-2026022203770\",\"serviceId\":\"e1\",\"areaId\":\"130\",\"stationId\":\"001\",\"date\":\"2026-02-22\",\"eventId\":\"03770\",\"genre\":[{\"id\":\"0301\",\"name1\":\"ドラマ\",\"name2\":\"海外ドラマ\"}],\"onid\":\"7fe1\",\"sid\":\"0408\",\"tsid\":\"7fe1\"},\"misc\":{\"displayVideoMode\":\"none\",\"displayVideoRange\":\"sdr\",\"displayAudioMode\":[\"lang2\"],\"audioMode\":[\"stereoLang2\"],\"supportCaption\":true,\"supportSign\":false,\"supportHybridcast\":false,\"supportDataBroadcast\":false,\"isInteractive\":false,\"isChangeable\":false,\"releaseLevel\":\"original\",\"programType\":\"program\",\"coverage\":\"nationwide\",\"actList\":[{\"role\":\"声\",\"title\":\"キーラ・コサリン\",\"name\":\"高垣彩陽\",\"nameRuby\":\"ﾀｶｶﾞｷｱﾔﾋ\"},{\"role\":\"声\",\"title\":\"ジャック・グリフォ\",\"name\":\"増田俊樹\",\"nameRuby\":\"ﾏｽﾀﾞﾄｼｷ\"},{\"role\":\"声\",\"title\":\"マヤ・ル・クラーク\",\"name\":\"砂田理子\",\"nameRuby\":\"ｽﾅﾀﾞﾘｺ\"},{\"role\":\"声\",\"title\":\"ネイサン・ブロクストン\",\"name\":\"新井笙子\",\"nameRuby\":\"ｱﾗｲｼｮｳｺ\"},{\"role\":\"声\",\"title\":\"キンリー・カニンガム\",\"name\":\"川勝未来\",\"nameRuby\":\"ｶﾜｶﾂﾐﾗ\"},{\"role\":\"声\",\"title\":\"デイナ・スナイダー\",\"name\":\"飛田展男\",\"nameRuby\":\"ﾄﾋﾞﾀﾉﾌﾞｵ\"},{\"role\":\"製作総指揮\",\"name\":\"ジェド・スピンガーン\",\"nameRuby\":\"ｼﾞｪﾄﾞ･ｽﾋﾟﾝｶﾞｰﾝ\"},{\"role\":\"製作総指揮\",\"name\":\"ショーン・Ｗ・カニンガム\",\"nameRuby\":\"ｼｮｰﾝ･W･ｶﾆﾝｶﾞﾑ\"},{\"role\":\"製作総指揮\",\"name\":\"マーク・ドウォーキン\",\"nameRuby\":\"ﾏｰｸ･ﾄﾞｳｫｰｷﾝ\"},{\"role\":\"製作総指揮\",\"name\":\"キーラ・コサリン\",\"nameRuby\":\"ｷｰﾗ･ｺｻﾘﾝ\"},{\"role\":\"製作総指揮\",\"name\":\"ジャック・グリフォ\",\"nameRuby\":\"ｼﾞｬｯｸ･ｸﾞﾘﾌｫ\"},{\"role\":\"脚本\",\"name\":\"アンジェラ・ヤーブロー\",\"nameRuby\":\"ｱﾝｼﾞｪﾗ･ﾔｰﾌﾞﾛｰ\"},{\"role\":\"演出\",\"name\":\"ウェンディ・ファラオーネ\",\"nameRuby\":\"ｳｪﾝﾃﾞｨ･ﾌｧﾗｵｰﾈ\"}],\"musicList\":[]},\"publishedOn\":{\"type\":\"BroadcastService\",\"id\":\"bs-e1-130\",\"name\":\"NHK教育テレビジョン\",\"url\":\"https://api-local.ss.org.nhk/r8/t/broadcastservice/bs/e1-130.json\",\"broadcastDisplayName\":\"NHK Eテレ・東京\",\"videoFormat\":[\"2K\"],\"encodingFormat\":[\"video/X-arib-mpeg2\",\"audio/X-arib-mpeg2-aac\"],\"identifierGroup\":{\"serviceId\":\"e1\",\"serviceName\":\"NHK Eテレ1\",\"areaId\":\"130\",\"areaName\":\"東京\",\"channelId\":\"021\",\"channelKey\":\"2\",\"channelAreaName\":\"東京\",\"channelStationName\":\"首都圏\",\"shortenedName\":\"NHK Eテレ1\",\"shortenedDisplayName\":\"Eテレ\",\"multiChannelDisplayName\":\"Eテレ\"},\"logo\":{\"url\":\"https://imgu.web.nhk/common/broadcastservice/bs/e1/e1-logo.svg\",\"main\":{\"url\":\"https://imgu.web.nhk/common/broadcastservice/bs/e1/e1-logo_1080x1080.png\",\"width\":1080,\"height\":1080},\"medium\":{\"url\":\"https://imgu.web.nhk/common/broadcastservice/bs/e1/e1-logo_640x640.png\",\"width\":640,\"height\":640},\"small\":{\"url\":\"https://imgu.web.nhk/common/broadcastservice/bs/e1/e1-logo_200x200.png\",\"width\":200,\"height\":200}},\"eyecatch\":{\"url\":\"https://imgu.web.nhk/common/broadcastservice/bs/e1/e1-eyecatch.svg\",\"large\":{\"url\":\"https://imgu.web.nhk/common/broadcastservice/bs/e1/e1-eyecatch_3840x2160.png\",\"width\":3840,\"height\":2160},\"main\":{\"url\":\"https://imgu.web.nhk/common/broadcastservice/bs/e1/e1-eyecatch_1920x1080.png\",\"width\":1920,\"height\":1080},\"medium\":{\"url\":\"https://imgu.web.nhk/common/broadcastservice/bs/e1/e1-eyecatch_1280x720.png\",\"width\":1280,\"height\":720},\"small\":{\"url\":\"https://imgu.web.nhk/common/broadcastservice/bs/e1/e1-eyecatch_640x360.png\",\"width\":640,\"height\":360}},\"hero\":{\"url\":\"https://imgu.web.nhk/common/broadcastservice/bs/e1/e1-hero.svg\",\"main\":{\"url\":\"https://imgu.web.nhk/common/broadcastservice/bs/e1/e1-hero_1920x640.png\",\"width\":1920,\"height\":640},\"medium\":{\"url\":\"https://imgu.web.nhk/common/broadcastservice/bs/e1/e1-hero_1080x360.png\",\"width\":1080,\"height\":360}},\"badge9x4\":{\"url\":\"https://imgu.web.nhk/common/broadcastservice/bs/e1/e1-badge9x4.svg\",\"main\":{\"url\":\"https://imgu.web.nhk/common/broadcastservice/bs/e1/e1-badge9x4_360x160.png\",\"width\":360,\"height\":160},\"small\":{\"url\":\"https://imgu.web.nhk/common/broadcastservice/bs/e1/e1-badge9x4_180x80.png\",\"width\":180,\"height\":80}}}},\"detailedComingEvent\":{\"id\":\"e1-130-2026022203770\",\"startDate\":\"2026-02-22T17:25:00+09:00\",\"endDate\":\"2026-02-22T17:50:00+09:00\",\"identifierGroup\":{\"broadcastEventId\":\"e1-130-2026022203770\",\"serviceId\":\"e1\",\"areaId\":\"130\",\"stationId\":\"001\",\"date\":\"2026-02-22\",\"eventId\":\"03770\",\"genre\":[{\"id\":\"0301\",\"name1\":\"ドラマ\",\"name2\":\"海外ドラマ\"}],\"onid\":\"7fe1\",\"sid\":\"0408\",\"tsid\":\"7fe1\"},\"misc\":{\"displayVideoMode\":\"none\",\"displayVideoRange\":\"sdr\",\"displayAudioMode\":[\"lang2\"],\"audioMode\":[\"stereoLang2\"],\"supportCaption\":true,\"supportSign\":false,\"supportHybridcast\":false,\"supportDataBroadcast\":false,\"isInteractive\":false,\"isChangeable\":false,\"releaseLevel\":\"original\",\"programType\":\"program\",\"coverage\":\"nationwide\",\"actList\":[{\"role\":\"声\",\"title\":\"キーラ・コサリン\",\"name\":\"高垣彩陽\",\"nameRuby\":\"ﾀｶｶﾞｷｱﾔﾋ\"},{\"role\":\"声\",\"title\":\"ジャック・グリフォ\",\"name\":\"増田俊樹\",\"nameRuby\":\"ﾏｽﾀﾞﾄｼｷ\"},{\"role\":\"声\",\"title\":\"マヤ・ル・クラーク\",\"name\":\"砂田理子\",\"nameRuby\":\"ｽﾅﾀﾞﾘｺ\"},{\"role\":\"声\",\"title\":\"ネイサン・ブロクストン\",\"name\":\"新井笙子\",\"nameRuby\":\"ｱﾗｲｼｮｳｺ\"},{\"role\":\"声\",\"title\":\"キンリー・カニンガム\",\"name\":\"川勝未来\",\"nameRuby\":\"ｶﾜｶﾂﾐﾗ\"},{\"role\":\"声\",\"title\":\"デイナ・スナイダー\",\"name\":\"飛田展男\",\"nameRuby\":\"ﾄﾋﾞﾀﾉﾌﾞｵ\"},{\"role\":\"製作総指揮\",\"name\":\"ジェド・スピンガーン\",\"nameRuby\":\"ｼﾞｪﾄﾞ･ｽﾋﾟﾝｶﾞｰﾝ\"},{\"role\":\"製作総指揮\",\"name\":\"ショーン・Ｗ・カニンガム\",\"nameRuby\":\"ｼｮｰﾝ･W･ｶﾆﾝｶﾞﾑ\"},{\"role\":\"製作総指揮\",\"name\":\"マーク・ドウォーキン\",\"nameRuby\":\"ﾏｰｸ･ﾄﾞｳｫｰｷﾝ\"},{\"role\":\"製作総指揮\",\"name\":\"キーラ・コサリン\",\"nameRuby\":\"ｷｰﾗ･ｺｻﾘﾝ\"},{\"role\":\"製作総指揮\",\"name\":\"ジャック・グリフォ\",\"nameRuby\":\"ｼﾞｬｯｸ･ｸﾞﾘﾌｫ\"},{\"role\":\"脚本\",\"name\":\"アンジェラ・ヤーブロー\",\"nameRuby\":\"ｱﾝｼﾞｪﾗ･ﾔｰﾌﾞﾛｰ\"},{\"role\":\"演出\",\"name\":\"ウェンディ・ファラオーネ\",\"nameRuby\":\"ｳｪﾝﾃﾞｨ･ﾌｧﾗｵｰﾈ\"}],\"musicList\":[]},\"publishedOn\":{\"type\":\"BroadcastService\",\"id\":\"bs-e1-130\",\"name\":\"NHK教育テレビジョン\",\"url\":\"https://api-local.ss.org.nhk/r8/t/broadcastservice/bs/e1-130.json\",\"broadcastDisplayName\":\"NHK Eテレ・東京\",\"videoFormat\":[\"2K\"],\"encodingFormat\":[\"video/X-arib-mpeg2\",\"audio/X-arib-mpeg2-aac\"],\"identifierGroup\":{\"serviceId\":\"e1\",\"serviceName\":\"NHK Eテレ1\",\"areaId\":\"130\",\"areaName\":\"東京\",\"channelId\":\"021\",\"channelKey\":\"2\",\"channelAreaName\":\"東京\",\"channelStationName\":\"首都圏\",\"shortenedName\":\"NHK Eテレ1\",\"shortenedDisplayName\":\"Eテレ\",\"multiChannelDisplayName\":\"Eテレ\"},\"logo\":{\"url\":\"https://imgu.web.nhk/common/broadcastservice/bs/e1/e1-logo.svg\",\"main\":{\"url\":\"https://imgu.web.nhk/common/broadcastservice/bs/e1/e1-logo_1080x1080.png\",\"width\":1080,\"height\":1080},\"medium\":{\"url\":\"https://imgu.web.nhk/common/broadcastservice/bs/e1/e1-logo_640x640.png\",\"width\":640,\"height\":640},\"small\":{\"url\":\"https://imgu.web.nhk/common/broadcastservice/bs/e1/e1-logo_200x200.png\",\"width\":200,\"height\":200}},\"eyecatch\":{\"url\":\"https://imgu.web.nhk/common/broadcastservice/bs/e1/e1-eyecatch.svg\",\"large\":{\"url\":\"https://imgu.web.nhk/common/broadcastservice/bs/e1/e1-eyecatch_3840x2160.png\",\"width\":3840,\"height\":2160},\"main\":{\"url\":\"https://imgu.web.nhk/common/broadcastservice/bs/e1/e1-eyecatch_1920x1080.png\",\"width\":1920,\"height\":1080},\"medium\":{\"url\":\"https://imgu.web.nhk/common/broadcastservice/bs/e1/e1-eyecatch_1280x720.png\",\"width\":1280,\"height\":720},\"small\":{\"url\":\"https://imgu.web.nhk/common/broadcastservice/bs/e1/e1-eyecatch_640x360.png\",\"width\":640,\"height\":360}},\"hero\":{\"url\":\"https://imgu.web.nhk/common/broadcastservice/bs/e1/e1-hero.svg\",\"main\":{\"url\":\"https://imgu.web.nhk/common/broadcastservice/bs/e1/e1-hero_1920x640.png\",\"width\":1920,\"height\":640},\"medium\":{\"url\":\"https://imgu.web.nhk/common/broadcastservice/bs/e1/e1-hero_1080x360.png\",\"width\":1080,\"height\":360}},\"badge9x4\":{\"url\":\"https://imgu.web.nhk/common/broadcastservice/bs/e1/e1-badge9x4.svg\",\"main\":{\"url\":\"https://imgu.web.nhk/common/broadcastservice/bs/e1/e1-badge9x4_360x160.png\",\"width\":360,\"height\":160},\"small\":{\"url\":\"https://imgu.web.nhk/common/broadcastservice/bs/e1/e1-badge9x4_180x80.png\",\"width\":180,\"height\":80}}}},\"eyecatch\":{\"large\":{\"url\":\"https://imgu.web.nhk/static/assets/images/tvepisode/te/KVK69J5V99/KVK69J5V99-eyecatch_708a187ee48fc075100792982bdf5300.jpg\",\"width\":3840,\"height\":2160},\"main\":{\"url\":\"https://imgu.web.nhk/static/assets/images/tvepisode/te/KVK69J5V99/KVK69J5V99-eyecatch_e59b6fa8443f78e3b5a72a7ee63e06e1.jpg\",\"width\":1920,\"height\":1080},\"medium\":{\"url\":\"https://imgu.web.nhk/static/assets/images/tvepisode/te/KVK69J5V99/KVK69J5V99-eyecatch_febea0f315c018f2d6128e0daab90572.jpg\",\"width\":1280,\"height\":720},\"small\":{\"url\":\"https://imgu.web.nhk/static/assets/images/tvepisode/te/KVK69J5V99/KVK69J5V99-eyecatch_606bdc16c0aeeb382a32f7ab983d1e32.jpg\",\"width\":640,\"height\":360}},\"eyecatchList\":[{\"large\":{\"url\":\"https://imgu.web.nhk/static/assets/images/tvepisode/te/KVK69J5V99/KVK69J5V99-eyecatches_8c29bdd911bcd83bd2e1851533d50342.jpg\",\"width\":3840,\"height\":2160},\"main\":{\"url\":\"https://imgu.web.nhk/static/assets/images/tvepisode/te/KVK69J5V99/KVK69J5V99-eyecatches_3c17feb9eef95c9087ec69d7682dd224.jpg\",\"width\":1920,\"height\":1080},\"medium\":{\"url\":\"https://imgu.web.nhk/static/assets/images/tvepisode/te/KVK69J5V99/KVK69J5V99-eyecatches_528cbf6efa77a4b0932e8e20a069a194.jpg\",\"width\":1280,\"height\":720},\"small\":{\"url\":\"https://imgu.web.nhk/static/assets/images/tvepisode/te/KVK69J5V99/KVK69J5V99-eyecatches_514660cf43bd69076e1c47591c69da27.jpg\",\"width\":640,\"height\":360}},{\"large\":{\"url\":\"https://imgu.web.nhk/static/assets/images/tvepisode/te/KVK69J5V99/KVK69J5V99-eyecatches_64565f2de48d75e7bcc9408130ee4a7e.jpg\",\"width\":3840,\"height\":2160},\"main\":{\"url\":\"https://imgu.web.nhk/static/assets/images/tvepisode/te/KVK69J5V99/KVK69J5V99-eyecatches_65a66dfe8e03856dc0d34b4a54e63ce5.jpg\",\"width\":1920,\"height\":1080},\"medium\":{\"url\":\"https://imgu.web.nhk/static/assets/images/tvepisode/te/KVK69J5V99/KVK69J5V99-eyecatches_67329b0b7d665e6808b4393dde09beac.jpg\",\"width\":1280,\"height\":720},\"small\":{\"url\":\"https://imgu.web.nhk/static/assets/images/tvepisode/te/KVK69J5V99/KVK69J5V99-eyecatches_d7b7fe143f422146f1e41f0b0b428b0e.jpg\",\"width\":640,\"height\":360}}],\"video\":[],\"citation\":[],\"detailedPinnedCitation\":[],\"sameAs\":[],\"correction\":[],\"url\":\"https://api-local.ss.org.nhk/r8/t/tvepisode/te/KVK69J5V99.json\",\"canonical\":\"https://www.web.nhk/tv/an/thundermans-undercover/pl/series-tep-J5N1R29NKP/ep/KVK69J5V99\",\"associatedMedia\":[],\"hasPart\":[],\"additionalProperty\":{\"episodeMergeStatus\":\"notMerged\"}},\"link\":{\"href\":\"https://www.web.nhk/tv/an/thundermans-undercover/pl/series-tep-J5N1R29NKP/ep/KVK69J5V99\"}}]\n"])</script><script>self.__next_f.push([1,"63:[\"$\",\"$L2a\",\"3MM5Q63ZLR\",{\"content\":{\"type\":\"TVEpisode\",\"id\":\"3MM5Q63ZLR\",\"name\":\"(7)「スピードを出さないで」\",\"detailedEpisodeNameRuby\":\"\",\"identifierGroup\":{\"tvEpisodeId\":\"3MM5Q63ZLR\",\"tvSeriesId\":\"J5N1R29NKP\",\"tvEpisodeName\":\"(7)「スピードを出さないで」\",\"tvSeriesName\":\"超能力ファミリー サンダーマン 〜秘密大作戦\",\"hashtag\":[],\"serviceId\":[\"e1\",\"e3\"],\"aliasId\":\"thundermans-undercover\",\"formatGenreTag\":[{\"id\":\"03\",\"name\":\"ドラマ\"}],\"themeGenreTag\":[{\"id\":\"032\",\"name\":\"海外ドラマ\"}]},\"keyword\":[],\"description\":\"マスターマインドの手下のヴィラン、キティクロウが町で悪さを繰り返していた。彼女の特徴は足の速さ。そこでフィービーとマックスは、キティクロウに対抗するために足の速いビリーを呼ぶことに。だがマックスが自分の用事でビリーを遠くまで行かせたところ、そのスピードでなだれを発生させてしまう。ビリーはショックを受け、もうヒーローは引退すると言いだす。\",\"dateCreated\":\"2026-01-15T18:35:04+09:00\",\"dateModified\":\"2026-02-08T08:00:08+09:00\",\"actor\":[],\"contributor\":[],\"partOfSeries\":{\"id\":\"J5N1R29NKP\",\"name\":\"超能力ファミリー サンダーマン 〜秘密大作戦\",\"detailedSeriesNameRuby\":\"ちょうのうりょくふぁみりー　さんだーまん　ひみつだいさくせん\",\"identifierGroup\":{\"tvSeriesId\":\"J5N1R29NKP\",\"tvSeriesPlaylistId\":\"series-tep-J5N1R29NKP\",\"tvSeriesUId\":\"p76a1fcd4-86a1-50d8-9c0e-2fa284e5ff74\",\"tvSeriesName\":\"超能力ファミリー サンダーマン 〜秘密大作戦\",\"hashtag\":[],\"serviceId\":[\"e1\",\"e3\"],\"aliasId\":\"thundermans-undercover\",\"formatGenre\":[{\"id\":\"03\",\"name\":\"ドラマ\"}]},\"keyword\":[],\"detailedSynonym\":[],\"sameAs\":[],\"canonical\":\"https://www.web.nhk/tv/an/thundermans-undercover/pl/series-tep-J5N1R29NKP\",\"description\":\"シークレットショアーズという町で邪悪な通信が検知された。フィービーとマックスは、ヒーロー連盟のキックバット会長の命令でその町に潜入捜査に向かうことに。２人はクロエも連れて行くことにする。というのも、クロエの周りにはサンダーマンの知名度を目当てに近づいてくる友だちばかりで、クロエに普通の子と同じように暮らしてもらいたいという思いがあった。さらにそこに押しかけるようにドクター・コロッソもついて来ることに。どうやらコロッソは謎の人物と連絡をとりあっているようだが…。\\n\\n原題：The Thundermans : Undercover\\n制作：2025年 アメリカ\\n\",\"detailedCatch\":\"帰ってきた「サンダーマン」 フィービー、マックス、クロエが素性を隠して秘密の捜査！[全13回]\",\"logo\":{\"main\":{\"url\":\"https://imgu.web.nhk/static/assets/images/tvseries/ts/J5N1R29NKP/J5N1R29NKP-logo_74ef06fd440caaa9d97aff4c5c2ab3df.jpg\",\"width\":1080,\"height\":1080},\"medium\":{\"url\":\"https://imgu.web.nhk/static/assets/images/tvseries/ts/J5N1R29NKP/J5N1R29NKP-logo_fdc105e2b68bcecc5d39610a9382e988.jpg\",\"width\":640,\"height\":640},\"small\":{\"url\":\"https://imgu.web.nhk/static/assets/images/tvseries/ts/J5N1R29NKP/J5N1R29NKP-logo_6c1e491f9fc15c1c386355d4d873b3bf.jpg\",\"width\":200,\"height\":200}},\"eyecatch\":{\"large\":{\"url\":\"https://imgu.web.nhk/static/assets/images/tvseries/ts/J5N1R29NKP/J5N1R29NKP-eyecatch_2a3aff5a26f88a0aeafc1d758b24dfa2.jpg\",\"width\":3840,\"height\":2160},\"main\":{\"url\":\"https://imgu.web.nhk/static/assets/images/tvseries/ts/J5N1R29NKP/J5N1R29NKP-eyecatch_89a09384518ac9ecb0401835548ddef4.jpg\",\"width\":1920,\"height\":1080},\"medium\":{\"url\":\"https://imgu.web.nhk/static/assets/images/tvseries/ts/J5N1R29NKP/J5N1R29NKP-eyecatch_4dd6526e212839c55f632034bfa30710.jpg\",\"width\":1280,\"height\":720},\"small\":{\"url\":\"https://imgu.web.nhk/static/assets/images/tvseries/ts/J5N1R29NKP/J5N1R29NKP-eyecatch_7c51081d1ae4c70360cc8281b602ddf3.jpg\",\"width\":640,\"height\":360}},\"hero\":{\"main\":{\"url\":\"https://imgu.web.nhk/static/assets/images/tvseries/ts/J5N1R29NKP/J5N1R29NKP-hero_6deb1b6d80946924f01be4c469081808.jpg\",\"width\":1920,\"height\":640},\"medium\":{\"url\":\"https://imgu.web.nhk/static/assets/images/tvseries/ts/J5N1R29NKP/J5N1R29NKP-hero_34fef2285dc63b8abeb2e4185ae1a92a.jpg\",\"width\":1080,\"height\":360}},\"style\":{\"textLight\":\"#000000\",\"textDark\":\"#FFFFFF\",\"linkLight\":\"#E72400\",\"linkDark\":\"#FF4928\",\"primaryLight\":\"#FF2800\",\"primaryDark\":\"#FF2800\"},\"additionalProperty\":{\"publishLevel\":\"full\",\"layoutPattern\":\"summary\",\"episodeOrderBy\":\"releasedEvent\",\"availableOnPlus\":false,\"enableVariablePlayBackSpeedControl\":false,\"optional\":[],\"seriesPackStatus\":\"notPacked\",\"supportMedia\":[\"@screen\"],\"supportMusicList\":true,\"supportPlusEmbed\":true,\"enableWebContent\":false},\"url\":\"https://api-local.ss.org.nhk/r8/t/nplaylist/pl/series-tep-J5N1R29NKP.json\",\"itemUrl\":\"https://api-local.ss.org.nhk/r8/l/tvepisode/pl/series-tep-J5N1R29NKP.json\"},\"releasedEvent\":{\"id\":\"e1-130-2026021500442\",\"startDate\":\"2026-02-15T17:25:00+09:00\",\"displayStartDate\":\"2026-02-15T17:25:00+09:00\",\"endDate\":\"2026-02-15T17:50:00+09:00\",\"publishedOn\":{\"type\":\"BroadcastService\",\"id\":\"bs-e1-130\",\"name\":\"NHK教育テレビジョン\",\"url\":\"https://api-local.ss.org.nhk/r8/t/broadcastservice/bs/e1-130.json\",\"broadcastDisplayName\":\"NHK Eテレ・東京\",\"videoFormat\":[\"2K\"],\"encodingFormat\":[\"video/X-arib-mpeg2\",\"audio/X-arib-mpeg2-aac\"],\"identifierGroup\":{\"serviceId\":\"e1\",\"serviceName\":\"NHK Eテレ1\",\"areaId\":\"130\",\"areaName\":\"東京\",\"channelId\":\"021\",\"channelKey\":\"2\",\"channelAreaName\":\"東京\",\"channelStationName\":\"首都圏\",\"shortenedName\":\"NHK Eテレ1\",\"shortenedDisplayName\":\"Eテレ\",\"multiChannelDisplayName\":\"Eテレ\"},\"logo\":{\"url\":\"https://imgu.web.nhk/common/broadcastservice/bs/e1/e1-logo.svg\",\"main\":{\"url\":\"https://imgu.web.nhk/common/broadcastservice/bs/e1/e1-logo_1080x1080.png\",\"width\":1080,\"height\":1080},\"medium\":{\"url\":\"https://imgu.web.nhk/common/broadcastservice/bs/e1/e1-logo_640x640.png\",\"width\":640,\"height\":640},\"small\":{\"url\":\"https://imgu.web.nhk/common/broadcastservice/bs/e1/e1-logo_200x200.png\",\"width\":200,\"height\":200}},\"eyecatch\":{\"url\":\"https://imgu.web.nhk/common/broadcastservice/bs/e1/e1-eyecatch.svg\",\"large\":{\"url\":\"https://imgu.web.nhk/common/broadcastservice/bs/e1/e1-eyecatch_3840x2160.png\",\"width\":3840,\"height\":2160},\"main\":{\"url\":\"https://imgu.web.nhk/common/broadcastservice/bs/e1/e1-eyecatch_1920x1080.png\",\"width\":1920,\"height\":1080},\"medium\":{\"url\":\"https://imgu.web.nhk/common/broadcastservice/bs/e1/e1-eyecatch_1280x720.png\",\"width\":1280,\"height\":720},\"small\":{\"url\":\"https://imgu.web.nhk/common/broadcastservice/bs/e1/e1-eyecatch_640x360.png\",\"width\":640,\"height\":360}},\"hero\":{\"url\":\"https://imgu.web.nhk/common/broadcastservice/bs/e1/e1-hero.svg\",\"main\":{\"url\":\"https://imgu.web.nhk/common/broadcastservice/bs/e1/e1-hero_1920x640.png\",\"width\":1920,\"height\":640},\"medium\":{\"url\":\"https://imgu.web.nhk/common/broadcastservice/bs/e1/e1-hero_1080x360.png\",\"width\":1080,\"height\":360}},\"badge9x4\":{\"url\":\"https://imgu.web.nhk/common/broadcastservice/bs/e1/e1-badge9x4.svg\",\"main\":{\"url\":\"https://imgu.web.nhk/common/broadcastservice/bs/e1/e1-badge9x4_360x160.png\",\"width\":360,\"height\":160},\"small\":{\"url\":\"https://imgu.web.nhk/common/broadcastservice/bs/e1/e1-badge9x4_180x80.png\",\"width\":180,\"height\":80}}}},\"detailedRecentEvent\":{\"id\":\"e1-130-2026021500442\",\"startDate\":\"2026-02-15T17:25:00+09:00\",\"endDate\":\"2026-02-15T17:50:00+09:00\",\"identifierGroup\":{\"broadcastEventId\":\"e1-130-2026021500442\",\"serviceId\":\"e1\",\"areaId\":\"130\",\"stationId\":\"001\",\"date\":\"2026-02-15\",\"eventId\":\"00442\",\"genre\":[{\"id\":\"0301\",\"name1\":\"ドラマ\",\"name2\":\"海外ドラマ\"}],\"onid\":\"7fe1\",\"sid\":\"0408\",\"tsid\":\"7fe1\"},\"misc\":{\"displayVideoMode\":\"none\",\"displayVideoRange\":\"sdr\",\"displayAudioMode\":[\"lang2\"],\"audioMode\":[\"stereoLang2\"],\"supportCaption\":true,\"supportSign\":false,\"supportHybridcast\":false,\"supportDataBroadcast\":false,\"isInteractive\":false,\"isChangeable\":false,\"releaseLevel\":\"original\",\"programType\":\"program\",\"coverage\":\"nationwide\",\"actList\":[{\"role\":\"声\",\"title\":\"キーラ・コサリン\",\"name\":\"高垣彩陽\",\"nameRuby\":\"ﾀｶｶﾞｷｱﾔﾋ\"},{\"role\":\"声\",\"title\":\"ジャック・グリフォ\",\"name\":\"増田俊樹\",\"nameRuby\":\"ﾏｽﾀﾞﾄｼｷ\"},{\"role\":\"声\",\"title\":\"マヤ・ル・クラーク\",\"name\":\"砂田理子\",\"nameRuby\":\"ｽﾅﾀﾞﾘｺ\"},{\"role\":\"声\",\"title\":\"ディエゴ・ベラスケス\",\"name\":\"バトリ勝悟\",\"nameRuby\":\"ﾊﾞﾄﾘｼｮｳｺﾞ\"},{\"role\":\"声\",\"title\":\"ネイサン・ブロクストン\",\"name\":\"新井笙子\",\"nameRuby\":\"ｱﾗｲｼｮｳｺ\"},{\"role\":\"声\",\"title\":\"キンリー・カニンガム\",\"name\":\"川勝未来\",\"nameRuby\":\"ｶﾜｶﾂﾐﾗ\"},{\"role\":\"声\",\"title\":\"デイナ・スナイダー\",\"name\":\"飛田展男\",\"nameRuby\":\"ﾄﾋﾞﾀﾉﾌﾞｵ\"},{\"role\":\"製作総指揮\",\"name\":\"ジェド・スピンガーン\",\"nameRuby\":\"ｼﾞｪﾄﾞ･ｽﾋﾟﾝｶﾞｰﾝ\"},{\"role\":\"製作総指揮\",\"name\":\"ショーン・Ｗ・カニンガム\",\"nameRuby\":\"ｼｮｰﾝ･W･ｶﾆﾝｶﾞﾑ\"},{\"role\":\"製作総指揮\",\"name\":\"マーク・ドウォーキン\",\"nameRuby\":\"ﾏｰｸ･ﾄﾞｳｫｰｷﾝ\"},{\"role\":\"製作総指揮\",\"name\":\"キーラ・コサリン\",\"nameRuby\":\"ｷｰﾗ･ｺｻﾘﾝ\"},{\"role\":\"製作総指揮\",\"name\":\"ジャック・グリフォ\",\"nameRuby\":\"ｼﾞｬｯｸ･ｸﾞﾘﾌｫ\"},{\"role\":\"脚本\",\"name\":\"スコット・テイラー\",\"nameRuby\":\"ｽｺｯﾄ･ﾃｲﾗｰ\"},{\"role\":\"脚本\",\"name\":\"ウェズリー・ジャーメイン・ジョンソン\",\"nameRuby\":\"ｳｪｽﾞﾘｰ･ｼﾞｬｰﾒｲﾝ･ｼﾞｮﾝｿﾝ\"},{\"role\":\"演出\",\"name\":\"ウェンディ・ファラオーネ\",\"nameRuby\":\"ｳｪﾝﾃﾞｨ･ﾌｧﾗｵｰﾈ\"}],\"musicList\":[]},\"publishedOn\":{\"type\":\"BroadcastService\",\"id\":\"bs-e1-130\",\"name\":\"NHK教育テレビジョン\",\"url\":\"https://api-local.ss.org.nhk/r8/t/broadcastservice/bs/e1-130.json\",\"broadcastDisplayName\":\"NHK Eテレ・東京\",\"videoFormat\":[\"2K\"],\"encodingFormat\":[\"video/X-arib-mpeg2\",\"audio/X-arib-mpeg2-aac\"],\"identifierGroup\":{\"serviceId\":\"e1\",\"serviceName\":\"NHK Eテレ1\",\"areaId\":\"130\",\"areaName\":\"東京\",\"channelId\":\"021\",\"channelKey\":\"2\",\"channelAreaName\":\"東京\",\"channelStationName\":\"首都圏\",\"shortenedName\":\"NHK Eテレ1\",\"shortenedDisplayName\":\"Eテレ\",\"multiChannelDisplayName\":\"Eテレ\"},\"logo\":{\"url\":\"https://imgu.web.nhk/common/broadcastservice/bs/e1/e1-logo.svg\",\"main\":{\"url\":\"https://imgu.web.nhk/common/broadcastservice/bs/e1/e1-logo_1080x1080.png\",\"width\":1080,\"height\":1080},\"medium\":{\"url\":\"https://imgu.web.nhk/common/broadcastservice/bs/e1/e1-logo_640x640.png\",\"width\":640,\"height\":640},\"small\":{\"url\":\"https://imgu.web.nhk/common/broadcastservice/bs/e1/e1-logo_200x200.png\",\"width\":200,\"height\":200}},\"eyecatch\":{\"url\":\"https://imgu.web.nhk/common/broadcastservice/bs/e1/e1-eyecatch.svg\",\"large\":{\"url\":\"https://imgu.web.nhk/common/broadcastservice/bs/e1/e1-eyecatch_3840x2160.png\",\"width\":3840,\"height\":2160},\"main\":{\"url\":\"https://imgu.web.nhk/common/broadcastservice/bs/e1/e1-eyecatch_1920x1080.png\",\"width\":1920,\"height\":1080},\"medium\":{\"url\":\"https://imgu.web.nhk/common/broadcastservice/bs/e1/e1-eyecatch_1280x720.png\",\"width\":1280,\"height\":720},\"small\":{\"url\":\"https://imgu.web.nhk/common/broadcastservice/bs/e1/e1-eyecatch_640x360.png\",\"width\":640,\"height\":360}},\"hero\":{\"url\":\"https://imgu.web.nhk/common/broadcastservice/bs/e1/e1-hero.svg\",\"main\":{\"url\":\"https://imgu.web.nhk/common/broadcastservice/bs/e1/e1-hero_1920x640.png\",\"width\":1920,\"height\":640},\"medium\":{\"url\":\"https://imgu.web.nhk/common/broadcastservice/bs/e1/e1-hero_1080x360.png\",\"width\":1080,\"height\":360}},\"badge9x4\":{\"url\":\"https://imgu.web.nhk/common/broadcastservice/bs/e1/e1-badge9x4.svg\",\"main\":{\"url\":\"https://imgu.web.nhk/common/broadcastservice/bs/e1/e1-badge9x4_360x160.png\",\"width\":360,\"height\":160},\"small\":{\"url\":\"https://imgu.web.nhk/common/broadcastservice/bs/e1/e1-badge9x4_180x80.png\",\"width\":180,\"height\":80}}}},\"detailedComingEvent\":{\"id\":\"e1-130-2026021500442\",\"startDate\":\"2026-02-15T17:25:00+09:00\",\"endDate\":\"2026-02-15T17:50:00+09:00\",\"identifierGroup\":{\"broadcastEventId\":\"e1-130-2026021500442\",\"serviceId\":\"e1\",\"areaId\":\"130\",\"stationId\":\"001\",\"date\":\"2026-02-15\",\"eventId\":\"00442\",\"genre\":[{\"id\":\"0301\",\"name1\":\"ドラマ\",\"name2\":\"海外ドラマ\"}],\"onid\":\"7fe1\",\"sid\":\"0408\",\"tsid\":\"7fe1\"},\"misc\":{\"displayVideoMode\":\"none\",\"displayVideoRange\":\"sdr\",\"displayAudioMode\":[\"lang2\"],\"audioMode\":[\"stereoLang2\"],\"supportCaption\":true,\"supportSign\":false,\"supportHybridcast\":false,\"supportDataBroadcast\":false,\"isInteractive\":false,\"isChangeable\":false,\"releaseLevel\":\"original\",\"programType\":\"program\",\"coverage\":\"nationwide\",\"actList\":[{\"role\":\"声\",\"title\":\"キーラ・コサリン\",\"name\":\"高垣彩陽\",\"nameRuby\":\"ﾀｶｶﾞｷｱﾔﾋ\"},{\"role\":\"声\",\"title\":\"ジャック・グリフォ\",\"name\":\"増田俊樹\",\"nameRuby\":\"ﾏｽﾀﾞﾄｼｷ\"},{\"role\":\"声\",\"title\":\"マヤ・ル・クラーク\",\"name\":\"砂田理子\",\"nameRuby\":\"ｽﾅﾀﾞﾘｺ\"},{\"role\":\"声\",\"title\":\"ディエゴ・ベラスケス\",\"name\":\"バトリ勝悟\",\"nameRuby\":\"ﾊﾞﾄﾘｼｮｳｺﾞ\"},{\"role\":\"声\",\"title\":\"ネイサン・ブロクストン\",\"name\":\"新井笙子\",\"nameRuby\":\"ｱﾗｲｼｮｳｺ\"},{\"role\":\"声\",\"title\":\"キンリー・カニンガム\",\"name\":\"川勝未来\",\"nameRuby\":\"ｶﾜｶﾂﾐﾗ\"},{\"role\":\"声\",\"title\":\"デイナ・スナイダー\",\"name\":\"飛田展男\",\"nameRuby\":\"ﾄﾋﾞﾀﾉﾌﾞｵ\"},{\"role\":\"製作総指揮\",\"name\":\"ジェド・スピンガーン\",\"nameRuby\":\"ｼﾞｪﾄﾞ･ｽﾋﾟﾝｶﾞｰﾝ\"},{\"role\":\"製作総指揮\",\"name\":\"ショーン・Ｗ・カニンガム\",\"nameRuby\":\"ｼｮｰﾝ･W･ｶﾆﾝｶﾞﾑ\"},{\"role\":\"製作総指揮\",\"name\":\"マーク・ドウォーキン\",\"nameRuby\":\"ﾏｰｸ･ﾄﾞｳｫｰｷﾝ\"},{\"role\":\"製作総指揮\",\"name\":\"キーラ・コサリン\",\"nameRuby\":\"ｷｰﾗ･ｺｻﾘﾝ\"},{\"role\":\"製作総指揮\",\"name\":\"ジャック・グリフォ\",\"nameRuby\":\"ｼﾞｬｯｸ･ｸﾞﾘﾌｫ\"},{\"role\":\"脚本\",\"name\":\"スコット・テイラー\",\"nameRuby\":\"ｽｺｯﾄ･ﾃｲﾗｰ\"},{\"role\":\"脚本\",\"name\":\"ウェズリー・ジャーメイン・ジョンソン\",\"nameRuby\":\"ｳｪｽﾞﾘｰ･ｼﾞｬｰﾒｲﾝ･ｼﾞｮﾝｿﾝ\"},{\"role\":\"演出\",\"name\":\"ウェンディ・ファラオーネ\",\"nameRuby\":\"ｳｪﾝﾃﾞｨ･ﾌｧﾗｵｰﾈ\"}],\"musicList\":[]},\"publishedOn\":{\"type\":\"BroadcastService\",\"id\":\"bs-e1-130\",\"name\":\"NHK教育テレビジョン\",\"url\":\"https://api-local.ss.org.nhk/r8/t/broadcastservice/bs/e1-130.json\",\"broadcastDisplayName\":\"NHK Eテレ・東京\",\"videoFormat\":[\"2K\"],\"encodingFormat\":[\"video/X-arib-mpeg2\",\"audio/X-arib-mpeg2-aac\"],\"identifierGroup\":{\"serviceId\":\"e1\",\"serviceName\":\"NHK Eテレ1\",\"areaId\":\"130\",\"areaName\":\"東京\",\"channelId\":\"021\",\"channelKey\":\"2\",\"channelAreaName\":\"東京\",\"channelStationName\":\"首都圏\",\"shortenedName\":\"NHK Eテレ1\",\"shortenedDisplayName\":\"Eテレ\",\"multiChannelDisplayName\":\"Eテレ\"},\"logo\":{\"url\":\"https://imgu.web.nhk/common/broadcastservice/bs/e1/e1-logo.svg\",\"main\":{\"url\":\"https://imgu.web.nhk/common/broadcastservice/bs/e1/e1-logo_1080x1080.png\",\"width\":1080,\"height\":1080},\"medium\":{\"url\":\"https://imgu.web.nhk/common/broadcastservice/bs/e1/e1-logo_640x640.png\",\"width\":640,\"height\":640},\"small\":{\"url\":\"https://imgu.web.nhk/common/broadcastservice/bs/e1/e1-logo_200x200.png\",\"width\":200,\"height\":200}},\"eyecatch\":{\"url\":\"https://imgu.web.nhk/common/broadcastservice/bs/e1/e1-eyecatch.svg\",\"large\":{\"url\":\"https://imgu.web.nhk/common/broadcastservice/bs/e1/e1-eyecatch_3840x2160.png\",\"width\":3840,\"height\":2160},\"main\":{\"url\":\"https://imgu.web.nhk/common/broadcastservice/bs/e1/e1-eyecatch_1920x1080.png\",\"width\":1920,\"height\":1080},\"medium\":{\"url\":\"https://imgu.web.nhk/common/broadcastservice/bs/e1/e1-eyecatch_1280x720.png\",\"width\":1280,\"height\":720},\"small\":{\"url\":\"https://imgu.web.nhk/common/broadcastservice/bs/e1/e1-eyecatch_640x360.png\",\"width\":640,\"height\":360}},\"hero\":{\"url\":\"https://imgu.web.nhk/common/broadcastservice/bs/e1/e1-hero.svg\",\"main\":{\"url\":\"https://imgu.web.nhk/common/broadcastservice/bs/e1/e1-hero_1920x640.png\",\"width\":1920,\"height\":640},\"medium\":{\"url\":\"https://imgu.web.nhk/common/broadcastservice/bs/e1/e1-hero_1080x360.png\",\"width\":1080,\"height\":360}},\"badge9x4\":{\"url\":\"https://imgu.web.nhk/common/broadcastservice/bs/e1/e1-badge9x4.svg\",\"main\":{\"url\":\"https://imgu.web.nhk/common/broadcastservice/bs/e1/e1-badge9x4_360x160.png\",\"width\":360,\"height\":160},\"small\":{\"url\":\"https://imgu.web.nhk/common/broadcastservice/bs/e1/e1-badge9x4_180x80.png\",\"width\":180,\"height\":80}}}},\"eyecatch\":{\"large\":{\"url\":\"https://imgu.web.nhk/static/assets/images/tvepisode/te/3MM5Q63ZLR/3MM5Q63ZLR-eyecatch_843633167d5ea43d316e615e56be0c04.jpg\",\"width\":3840,\"height\":2160},\"main\":{\"url\":\"https://imgu.web.nhk/static/assets/images/tvepisode/te/3MM5Q63ZLR/3MM5Q63ZLR-eyecatch_73c758bea4aed2553db13cab22728c1e.jpg\",\"width\":1920,\"height\":1080},\"medium\":{\"url\":\"https://imgu.web.nhk/static/assets/images/tvepisode/te/3MM5Q63ZLR/3MM5Q63ZLR-eyecatch_4b4f121ea58f513be4b13fdb5faeb3e5.jpg\",\"width\":1280,\"height\":720},\"small\":{\"url\":\"https://imgu.web.nhk/static/assets/images/tvepisode/te/3MM5Q63ZLR/3MM5Q63ZLR-eyecatch_752ec63700759bc5775dff329a959655.jpg\",\"width\":640,\"height\":360}},\"eyecatchList\":[{\"large\":{\"url\":\"https://imgu.web.nhk/static/assets/images/tvepisode/te/3MM5Q63ZLR/3MM5Q63ZLR-eyecatches_83b4da322f9f3f31d892da2572cb77a7.jpg\",\"width\":3840,\"height\":2160},\"main\":{\"url\":\"https://imgu.web.nhk/static/assets/images/tvepisode/te/3MM5Q63ZLR/3MM5Q63ZLR-eyecatches_717e9b9556968ac7cf379b1c56a3adf4.jpg\",\"width\":1920,\"height\":1080},\"medium\":{\"url\":\"https://imgu.web.nhk/static/assets/images/tvepisode/te/3MM5Q63ZLR/3MM5Q63ZLR-eyecatches_e23f904b826d26e26491374ec58f7805.jpg\",\"width\":1280,\"height\":720},\"small\":{\"url\":\"https://imgu.web.nhk/static/assets/images/tvepisode/te/3MM5Q63ZLR/3MM5Q63ZLR-eyecatches_03f3b830c1c9b58ddfe4f432637c3b89.jpg\",\"width\":640,\"height\":360}},{\"large\":{\"url\":\"https://imgu.web.nhk/static/assets/images/tvepisode/te/3MM5Q63ZLR/3MM5Q63ZLR-eyecatches_09053c61a506a94249120770e50237e0.jpg\",\"width\":3840,\"height\":2160},\"main\":{\"url\":\"https://imgu.web.nhk/static/assets/images/tvepisode/te/3MM5Q63ZLR/3MM5Q63ZLR-eyecatches_3311359c32aaf88c8751e0725b1367f3.jpg\",\"width\":1920,\"height\":1080},\"medium\":{\"url\":\"https://imgu.web.nhk/static/assets/images/tvepisode/te/3MM5Q63ZLR/3MM5Q63ZLR-eyecatches_ecbd67e19f594c2ac9ab271520396c20.jpg\",\"width\":1280,\"height\":720},\"small\":{\"url\":\"https://imgu.web.nhk/static/assets/images/tvepisode/te/3MM5Q63ZLR/3MM5Q63ZLR-eyecatches_6c7cca37efe4e03d9d7a11822ce33c0b.jpg\",\"width\":640,\"height\":360}}],\"video\":[],\"citation\":[],\"detailedPinnedCitation\":[],\"sameAs\":[],\"correction\":[],\"url\":\"https://api-local.ss.org.nhk/r8/t/tvepisode/te/3MM5Q63ZLR.json\",\"canonical\":\"https://www.web.nhk/tv/an/thundermans-undercover/pl/series-tep-J5N1R29NKP/ep/3MM5Q63ZLR\",\"associatedMedia\":[],\"hasPart\":[],\"additionalProperty\":{\"episodeMergeStatus\":\"notMerged\"}},\"link\":{\"href\":\"https://www.web.nhk/tv/an/thundermans-undercover/pl/series-tep-J5N1R29NKP/ep/3MM5Q63ZLR\"}}]\n"])</script><script>self.__next_f.push([1,"64:[\"$\",\"$L2a\",\"EV7122VJ6W\",{\"content\":{\"type\":\"TVEpisode\",\"id\":\"EV7122VJ6W\",\"name\":\"(6)「いけないチェリー」\",\"detailedEpisodeNameRuby\":\"\",\"identifierGroup\":{\"tvEpisodeId\":\"EV7122VJ6W\",\"tvSeriesId\":\"J5N1R29NKP\",\"tvEpisodeName\":\"(6)「いけないチェリー」\",\"tvSeriesName\":\"超能力ファミリー サンダーマン 〜秘密大作戦\",\"hashtag\":[],\"serviceId\":[\"e1\",\"e3\"],\"aliasId\":\"thundermans-undercover\",\"formatGenreTag\":[{\"id\":\"03\",\"name\":\"ドラマ\"}],\"themeGenreTag\":[{\"id\":\"032\",\"name\":\"海外ドラマ\"}]},\"keyword\":[],\"description\":\"フィービーの親友チェリーがシークレットショアーズに遊びに来る。２人は久しぶりの再会を喜ぶが、チェリーは以前手に入れたスーパーパワーを返していないことがわかる。一般人がパワーを持ったままだと危険なことが起こるかもしれないのだ。そんな中、フィービーとチェリーはクロエとコンブチャを誘ってハイテクなスパに行くが、そこで予想外のアクシデントが発生する！\",\"dateCreated\":\"2026-01-15T18:35:04+09:00\",\"dateModified\":\"2026-02-01T08:00:10+09:00\",\"actor\":[],\"contributor\":[],\"partOfSeries\":{\"id\":\"J5N1R29NKP\",\"name\":\"超能力ファミリー サンダーマン 〜秘密大作戦\",\"detailedSeriesNameRuby\":\"ちょうのうりょくふぁみりー　さんだーまん　ひみつだいさくせん\",\"identifierGroup\":{\"tvSeriesId\":\"J5N1R29NKP\",\"tvSeriesPlaylistId\":\"series-tep-J5N1R29NKP\",\"tvSeriesUId\":\"p76a1fcd4-86a1-50d8-9c0e-2fa284e5ff74\",\"tvSeriesName\":\"超能力ファミリー サンダーマン 〜秘密大作戦\",\"hashtag\":[],\"serviceId\":[\"e1\",\"e3\"],\"aliasId\":\"thundermans-undercover\",\"formatGenre\":[{\"id\":\"03\",\"name\":\"ドラマ\"}]},\"keyword\":[],\"detailedSynonym\":[],\"sameAs\":[],\"canonical\":\"https://www.web.nhk/tv/an/thundermans-undercover/pl/series-tep-J5N1R29NKP\",\"description\":\"シークレットショアーズという町で邪悪な通信が検知された。フィービーとマックスは、ヒーロー連盟のキックバット会長の命令でその町に潜入捜査に向かうことに。２人はクロエも連れて行くことにする。というのも、クロエの周りにはサンダーマンの知名度を目当てに近づいてくる友だちばかりで、クロエに普通の子と同じように暮らしてもらいたいという思いがあった。さらにそこに押しかけるようにドクター・コロッソもついて来ることに。どうやらコロッソは謎の人物と連絡をとりあっているようだが…。\\n\\n原題：The Thundermans : Undercover\\n制作：2025年 アメリカ\\n\",\"detailedCatch\":\"帰ってきた「サンダーマン」 フィービー、マックス、クロエが素性を隠して秘密の捜査！[全13回]\",\"logo\":{\"main\":{\"url\":\"https://imgu.web.nhk/static/assets/images/tvseries/ts/J5N1R29NKP/J5N1R29NKP-logo_74ef06fd440caaa9d97aff4c5c2ab3df.jpg\",\"width\":1080,\"height\":1080},\"medium\":{\"url\":\"https://imgu.web.nhk/static/assets/images/tvseries/ts/J5N1R29NKP/J5N1R29NKP-logo_fdc105e2b68bcecc5d39610a9382e988.jpg\",\"width\":640,\"height\":640},\"small\":{\"url\":\"https://imgu.web.nhk/static/assets/images/tvseries/ts/J5N1R29NKP/J5N1R29NKP-logo_6c1e491f9fc15c1c386355d4d873b3bf.jpg\",\"width\":200,\"height\":200}},\"eyecatch\":{\"large\":{\"url\":\"https://imgu.web.nhk/static/assets/images/tvseries/ts/J5N1R29NKP/J5N1R29NKP-eyecatch_2a3aff5a26f88a0aeafc1d758b24dfa2.jpg\",\"width\":3840,\"height\":2160},\"main\":{\"url\":\"https://imgu.web.nhk/static/assets/images/tvseries/ts/J5N1R29NKP/J5N1R29NKP-eyecatch_89a09384518ac9ecb0401835548ddef4.jpg\",\"width\":1920,\"height\":1080},\"medium\":{\"url\":\"https://imgu.web.nhk/static/assets/images/tvseries/ts/J5N1R29NKP/J5N1R29NKP-eyecatch_4dd6526e212839c55f632034bfa30710.jpg\",\"width\":1280,\"height\":720},\"small\":{\"url\":\"https://imgu.web.nhk/static/assets/images/tvseries/ts/J5N1R29NKP/J5N1R29NKP-eyecatch_7c51081d1ae4c70360cc8281b602ddf3.jpg\",\"width\":640,\"height\":360}},\"hero\":{\"main\":{\"url\":\"https://imgu.web.nhk/static/assets/images/tvseries/ts/J5N1R29NKP/J5N1R29NKP-hero_6deb1b6d80946924f01be4c469081808.jpg\",\"width\":1920,\"height\":640},\"medium\":{\"url\":\"https://imgu.web.nhk/static/assets/images/tvseries/ts/J5N1R29NKP/J5N1R29NKP-hero_34fef2285dc63b8abeb2e4185ae1a92a.jpg\",\"width\":1080,\"height\":360}},\"style\":{\"textLight\":\"#000000\",\"textDark\":\"#FFFFFF\",\"linkLight\":\"#E72400\",\"linkDark\":\"#FF4928\",\"primaryLight\":\"#FF2800\",\"primaryDark\":\"#FF2800\"},\"additionalProperty\":{\"publishLevel\":\"full\",\"layoutPattern\":\"summary\",\"episodeOrderBy\":\"releasedEvent\",\"availableOnPlus\":false,\"enableVariablePlayBackSpeedControl\":false,\"optional\":[],\"seriesPackStatus\":\"notPacked\",\"supportMedia\":[\"@screen\"],\"supportMusicList\":true,\"supportPlusEmbed\":true,\"enableWebContent\":false},\"url\":\"https://api-local.ss.org.nhk/r8/t/nplaylist/pl/series-tep-J5N1R29NKP.json\",\"itemUrl\":\"https://api-local.ss.org.nhk/r8/l/tvepisode/pl/series-tep-J5N1R29NKP.json\"},\"releasedEvent\":{\"id\":\"e1-130-2026020831690\",\"startDate\":\"2026-02-08T17:25:00+09:00\",\"displayStartDate\":\"2026-02-08T17:25:00+09:00\",\"endDate\":\"2026-02-08T17:50:00+09:00\",\"publishedOn\":{\"type\":\"BroadcastService\",\"id\":\"bs-e1-130\",\"name\":\"NHK教育テレビジョン\",\"url\":\"https://api-local.ss.org.nhk/r8/t/broadcastservice/bs/e1-130.json\",\"broadcastDisplayName\":\"NHK Eテレ・東京\",\"videoFormat\":[\"2K\"],\"encodingFormat\":[\"video/X-arib-mpeg2\",\"audio/X-arib-mpeg2-aac\"],\"identifierGroup\":{\"serviceId\":\"e1\",\"serviceName\":\"NHK Eテレ1\",\"areaId\":\"130\",\"areaName\":\"東京\",\"channelId\":\"021\",\"channelKey\":\"2\",\"channelAreaName\":\"東京\",\"channelStationName\":\"首都圏\",\"shortenedName\":\"NHK Eテレ1\",\"shortenedDisplayName\":\"Eテレ\",\"multiChannelDisplayName\":\"Eテレ\"},\"logo\":{\"url\":\"https://imgu.web.nhk/common/broadcastservice/bs/e1/e1-logo.svg\",\"main\":{\"url\":\"https://imgu.web.nhk/common/broadcastservice/bs/e1/e1-logo_1080x1080.png\",\"width\":1080,\"height\":1080},\"medium\":{\"url\":\"https://imgu.web.nhk/common/broadcastservice/bs/e1/e1-logo_640x640.png\",\"width\":640,\"height\":640},\"small\":{\"url\":\"https://imgu.web.nhk/common/broadcastservice/bs/e1/e1-logo_200x200.png\",\"width\":200,\"height\":200}},\"eyecatch\":{\"url\":\"https://imgu.web.nhk/common/broadcastservice/bs/e1/e1-eyecatch.svg\",\"large\":{\"url\":\"https://imgu.web.nhk/common/broadcastservice/bs/e1/e1-eyecatch_3840x2160.png\",\"width\":3840,\"height\":2160},\"main\":{\"url\":\"https://imgu.web.nhk/common/broadcastservice/bs/e1/e1-eyecatch_1920x1080.png\",\"width\":1920,\"height\":1080},\"medium\":{\"url\":\"https://imgu.web.nhk/common/broadcastservice/bs/e1/e1-eyecatch_1280x720.png\",\"width\":1280,\"height\":720},\"small\":{\"url\":\"https://imgu.web.nhk/common/broadcastservice/bs/e1/e1-eyecatch_640x360.png\",\"width\":640,\"height\":360}},\"hero\":{\"url\":\"https://imgu.web.nhk/common/broadcastservice/bs/e1/e1-hero.svg\",\"main\":{\"url\":\"https://imgu.web.nhk/common/broadcastservice/bs/e1/e1-hero_1920x640.png\",\"width\":1920,\"height\":640},\"medium\":{\"url\":\"https://imgu.web.nhk/common/broadcastservice/bs/e1/e1-hero_1080x360.png\",\"width\":1080,\"height\":360}},\"badge9x4\":{\"url\":\"https://imgu.web.nhk/common/broadcastservice/bs/e1/e1-badge9x4.svg\",\"main\":{\"url\":\"https://imgu.web.nhk/common/broadcastservice/bs/e1/e1-badge9x4_360x160.png\",\"width\":360,\"height\":160},\"small\":{\"url\":\"https://imgu.web.nhk/common/broadcastservice/bs/e1/e1-badge9x4_180x80.png\",\"width\":180,\"height\":80}}}},\"detailedRecentEvent\":{\"id\":\"e1-130-2026020831690\",\"startDate\":\"2026-02-08T17:25:00+09:00\",\"endDate\":\"2026-02-08T17:50:00+09:00\",\"identifierGroup\":{\"broadcastEventId\":\"e1-130-2026020831690\",\"serviceId\":\"e1\",\"areaId\":\"130\",\"stationId\":\"001\",\"date\":\"2026-02-08\",\"eventId\":\"31690\",\"genre\":[{\"id\":\"0301\",\"name1\":\"ドラマ\",\"name2\":\"海外ドラマ\"}],\"onid\":\"7fe1\",\"sid\":\"0408\",\"tsid\":\"7fe1\"},\"misc\":{\"displayVideoMode\":\"none\",\"displayVideoRange\":\"sdr\",\"displayAudioMode\":[\"lang2\"],\"audioMode\":[\"stereoLang2\"],\"supportCaption\":true,\"supportSign\":false,\"supportHybridcast\":false,\"supportDataBroadcast\":false,\"isInteractive\":false,\"isChangeable\":false,\"releaseLevel\":\"original\",\"programType\":\"program\",\"coverage\":\"nationwide\",\"actList\":[{\"role\":\"声\",\"title\":\"キーラ・コサリン\",\"name\":\"高垣彩陽\",\"nameRuby\":\"ﾀｶｶﾞｷｱﾔﾋ\"},{\"role\":\"声\",\"title\":\"ジャック・グリフォ\",\"name\":\"増田俊樹\",\"nameRuby\":\"ﾏｽﾀﾞﾄｼｷ\"},{\"role\":\"声\",\"title\":\"マヤ・ル・クラーク\",\"name\":\"砂田理子\",\"nameRuby\":\"ｽﾅﾀﾞﾘｺ\"},{\"role\":\"声\",\"title\":\"ネイサン・ブロクストン\",\"name\":\"新井笙子\",\"nameRuby\":\"ｱﾗｲｼｮｳｺ\"},{\"role\":\"声\",\"title\":\"キンリー・カニンガム\",\"name\":\"川勝未来\",\"nameRuby\":\"ｶﾜｶﾂﾐﾗ\"},{\"role\":\"声\",\"title\":\"デイナ・スナイダー\",\"name\":\"飛田展男\",\"nameRuby\":\"ﾄﾋﾞﾀﾉﾌﾞｵ\"},{\"role\":\"声\",\"title\":\"オードリー・ウィットビー\",\"name\":\"安藤瞳\",\"nameRuby\":\"ｱﾝﾄﾞｳﾋﾄﾐ\"},{\"role\":\"製作総指揮\",\"name\":\"ジェド・スピンガーン\",\"nameRuby\":\"ｼﾞｪﾄﾞ･ｽﾋﾟﾝｶﾞｰﾝ\"},{\"role\":\"製作総指揮\",\"name\":\"ショーン・Ｗ・カニンガム\",\"nameRuby\":\"ｼｮｰﾝ･W･ｶﾆﾝｶﾞﾑ\"},{\"role\":\"製作総指揮\",\"name\":\"マーク・ドウォーキン\",\"nameRuby\":\"ﾏｰｸ･ﾄﾞｳｫｰｷﾝ\"},{\"role\":\"製作総指揮\",\"name\":\"キーラ・コサリン\",\"nameRuby\":\"ｷｰﾗ･ｺｻﾘﾝ\"},{\"role\":\"製作総指揮\",\"name\":\"ジャック・グリフォ\",\"nameRuby\":\"ｼﾞｬｯｸ･ｸﾞﾘﾌｫ\"},{\"role\":\"脚本\",\"name\":\"ノラ・サリヴァン\",\"nameRuby\":\"ﾉﾗ･ｻﾘｳﾞｧﾝ\"},{\"role\":\"演出\",\"name\":\"ジョン・ローゼンバウム\",\"nameRuby\":\"ｼﾞｮﾝ･ﾛｰｾﾞﾝﾊﾞｳﾑ\"}],\"musicList\":[]},\"publishedOn\":{\"type\":\"BroadcastService\",\"id\":\"bs-e1-130\",\"name\":\"NHK教育テレビジョン\",\"url\":\"https://api-local.ss.org.nhk/r8/t/broadcastservice/bs/e1-130.json\",\"broadcastDisplayName\":\"NHK Eテレ・東京\",\"videoFormat\":[\"2K\"],\"encodingFormat\":[\"video/X-arib-mpeg2\",\"audio/X-arib-mpeg2-aac\"],\"identifierGroup\":{\"serviceId\":\"e1\",\"serviceName\":\"NHK Eテレ1\",\"areaId\":\"130\",\"areaName\":\"東京\",\"channelId\":\"021\",\"channelKey\":\"2\",\"channelAreaName\":\"東京\",\"channelStationName\":\"首都圏\",\"shortenedName\":\"NHK Eテレ1\",\"shortenedDisplayName\":\"Eテレ\",\"multiChannelDisplayName\":\"Eテレ\"},\"logo\":{\"url\":\"https://imgu.web.nhk/common/broadcastservice/bs/e1/e1-logo.svg\",\"main\":{\"url\":\"https://imgu.web.nhk/common/broadcastservice/bs/e1/e1-logo_1080x1080.png\",\"width\":1080,\"height\":1080},\"medium\":{\"url\":\"https://imgu.web.nhk/common/broadcastservice/bs/e1/e1-logo_640x640.png\",\"width\":640,\"height\":640},\"small\":{\"url\":\"https://imgu.web.nhk/common/broadcastservice/bs/e1/e1-logo_200x200.png\",\"width\":200,\"height\":200}},\"eyecatch\":{\"url\":\"https://imgu.web.nhk/common/broadcastservice/bs/e1/e1-eyecatch.svg\",\"large\":{\"url\":\"https://imgu.web.nhk/common/broadcastservice/bs/e1/e1-eyecatch_3840x2160.png\",\"width\":3840,\"height\":2160},\"main\":{\"url\":\"https://imgu.web.nhk/common/broadcastservice/bs/e1/e1-eyecatch_1920x1080.png\",\"width\":1920,\"height\":1080},\"medium\":{\"url\":\"https://imgu.web.nhk/common/broadcastservice/bs/e1/e1-eyecatch_1280x720.png\",\"width\":1280,\"height\":720},\"small\":{\"url\":\"https://imgu.web.nhk/common/broadcastservice/bs/e1/e1-eyecatch_640x360.png\",\"width\":640,\"height\":360}},\"hero\":{\"url\":\"https://imgu.web.nhk/common/broadcastservice/bs/e1/e1-hero.svg\",\"main\":{\"url\":\"https://imgu.web.nhk/common/broadcastservice/bs/e1/e1-hero_1920x640.png\",\"width\":1920,\"height\":640},\"medium\":{\"url\":\"https://imgu.web.nhk/common/broadcastservice/bs/e1/e1-hero_1080x360.png\",\"width\":1080,\"height\":360}},\"badge9x4\":{\"url\":\"https://imgu.web.nhk/common/broadcastservice/bs/e1/e1-badge9x4.svg\",\"main\":{\"url\":\"https://imgu.web.nhk/common/broadcastservice/bs/e1/e1-badge9x4_360x160.png\",\"width\":360,\"height\":160},\"small\":{\"url\":\"https://imgu.web.nhk/common/broadcastservice/bs/e1/e1-badge9x4_180x80.png\",\"width\":180,\"height\":80}}}},\"detailedComingEvent\":{\"id\":\"e1-130-2026020831690\",\"startDate\":\"2026-02-08T17:25:00+09:00\",\"endDate\":\"2026-02-08T17:50:00+09:00\",\"identifierGroup\":{\"broadcastEventId\":\"e1-130-2026020831690\",\"serviceId\":\"e1\",\"areaId\":\"130\",\"stationId\":\"001\",\"date\":\"2026-02-08\",\"eventId\":\"31690\",\"genre\":[{\"id\":\"0301\",\"name1\":\"ドラマ\",\"name2\":\"海外ドラマ\"}],\"onid\":\"7fe1\",\"sid\":\"0408\",\"tsid\":\"7fe1\"},\"misc\":{\"displayVideoMode\":\"none\",\"displayVideoRange\":\"sdr\",\"displayAudioMode\":[\"lang2\"],\"audioMode\":[\"stereoLang2\"],\"supportCaption\":true,\"supportSign\":false,\"supportHybridcast\":false,\"supportDataBroadcast\":false,\"isInteractive\":false,\"isChangeable\":false,\"releaseLevel\":\"original\",\"programType\":\"program\",\"coverage\":\"nationwide\",\"actList\":[{\"role\":\"声\",\"title\":\"キーラ・コサリン\",\"name\":\"高垣彩陽\",\"nameRuby\":\"ﾀｶｶﾞｷｱﾔﾋ\"},{\"role\":\"声\",\"title\":\"ジャック・グリフォ\",\"name\":\"増田俊樹\",\"nameRuby\":\"ﾏｽﾀﾞﾄｼｷ\"},{\"role\":\"声\",\"title\":\"マヤ・ル・クラーク\",\"name\":\"砂田理子\",\"nameRuby\":\"ｽﾅﾀﾞﾘｺ\"},{\"role\":\"声\",\"title\":\"ネイサン・ブロクストン\",\"name\":\"新井笙子\",\"nameRuby\":\"ｱﾗｲｼｮｳｺ\"},{\"role\":\"声\",\"title\":\"キンリー・カニンガム\",\"name\":\"川勝未来\",\"nameRuby\":\"ｶﾜｶﾂﾐﾗ\"},{\"role\":\"声\",\"title\":\"デイナ・スナイダー\",\"name\":\"飛田展男\",\"nameRuby\":\"ﾄﾋﾞﾀﾉﾌﾞｵ\"},{\"role\":\"声\",\"title\":\"オードリー・ウィットビー\",\"name\":\"安藤瞳\",\"nameRuby\":\"ｱﾝﾄﾞｳﾋﾄﾐ\"},{\"role\":\"製作総指揮\",\"name\":\"ジェド・スピンガーン\",\"nameRuby\":\"ｼﾞｪﾄﾞ･ｽﾋﾟﾝｶﾞｰﾝ\"},{\"role\":\"製作総指揮\",\"name\":\"ショーン・Ｗ・カニンガム\",\"nameRuby\":\"ｼｮｰﾝ･W･ｶﾆﾝｶﾞﾑ\"},{\"role\":\"製作総指揮\",\"name\":\"マーク・ドウォーキン\",\"nameRuby\":\"ﾏｰｸ･ﾄﾞｳｫｰｷﾝ\"},{\"role\":\"製作総指揮\",\"name\":\"キーラ・コサリン\",\"nameRuby\":\"ｷｰﾗ･ｺｻﾘﾝ\"},{\"role\":\"製作総指揮\",\"name\":\"ジャック・グリフォ\",\"nameRuby\":\"ｼﾞｬｯｸ･ｸﾞﾘﾌｫ\"},{\"role\":\"脚本\",\"name\":\"ノラ・サリヴァン\",\"nameRuby\":\"ﾉﾗ･ｻﾘｳﾞｧﾝ\"},{\"role\":\"演出\",\"name\":\"ジョン・ローゼンバウム\",\"nameRuby\":\"ｼﾞｮﾝ･ﾛｰｾﾞﾝﾊﾞｳﾑ\"}],\"musicList\":[]},\"publishedOn\":{\"type\":\"BroadcastService\",\"id\":\"bs-e1-130\",\"name\":\"NHK教育テレビジョン\",\"url\":\"https://api-local.ss.org.nhk/r8/t/broadcastservice/bs/e1-130.json\",\"broadcastDisplayName\":\"NHK Eテレ・東京\",\"videoFormat\":[\"2K\"],\"encodingFormat\":[\"video/X-arib-mpeg2\",\"audio/X-arib-mpeg2-aac\"],\"identifierGroup\":{\"serviceId\":\"e1\",\"serviceName\":\"NHK Eテレ1\",\"areaId\":\"130\",\"areaName\":\"東京\",\"channelId\":\"021\",\"channelKey\":\"2\",\"channelAreaName\":\"東京\",\"channelStationName\":\"首都圏\",\"shortenedName\":\"NHK Eテレ1\",\"shortenedDisplayName\":\"Eテレ\",\"multiChannelDisplayName\":\"Eテレ\"},\"logo\":{\"url\":\"https://imgu.web.nhk/common/broadcastservice/bs/e1/e1-logo.svg\",\"main\":{\"url\":\"https://imgu.web.nhk/common/broadcastservice/bs/e1/e1-logo_1080x1080.png\",\"width\":1080,\"height\":1080},\"medium\":{\"url\":\"https://imgu.web.nhk/common/broadcastservice/bs/e1/e1-logo_640x640.png\",\"width\":640,\"height\":640},\"small\":{\"url\":\"https://imgu.web.nhk/common/broadcastservice/bs/e1/e1-logo_200x200.png\",\"width\":200,\"height\":200}},\"eyecatch\":{\"url\":\"https://imgu.web.nhk/common/broadcastservice/bs/e1/e1-eyecatch.svg\",\"large\":{\"url\":\"https://imgu.web.nhk/common/broadcastservice/bs/e1/e1-eyecatch_3840x2160.png\",\"width\":3840,\"height\":2160},\"main\":{\"url\":\"https://imgu.web.nhk/common/broadcastservice/bs/e1/e1-eyecatch_1920x1080.png\",\"width\":1920,\"height\":1080},\"medium\":{\"url\":\"https://imgu.web.nhk/common/broadcastservice/bs/e1/e1-eyecatch_1280x720.png\",\"width\":1280,\"height\":720},\"small\":{\"url\":\"https://imgu.web.nhk/common/broadcastservice/bs/e1/e1-eyecatch_640x360.png\",\"width\":640,\"height\":360}},\"hero\":{\"url\":\"https://imgu.web.nhk/common/broadcastservice/bs/e1/e1-hero.svg\",\"main\":{\"url\":\"https://imgu.web.nhk/common/broadcastservice/bs/e1/e1-hero_1920x640.png\",\"width\":1920,\"height\":640},\"medium\":{\"url\":\"https://imgu.web.nhk/common/broadcastservice/bs/e1/e1-hero_1080x360.png\",\"width\":1080,\"height\":360}},\"badge9x4\":{\"url\":\"https://imgu.web.nhk/common/broadcastservice/bs/e1/e1-badge9x4.svg\",\"main\":{\"url\":\"https://imgu.web.nhk/common/broadcastservice/bs/e1/e1-badge9x4_360x160.png\",\"width\":360,\"height\":160},\"small\":{\"url\":\"https://imgu.web.nhk/common/broadcastservice/bs/e1/e1-badge9x4_180x80.png\",\"width\":180,\"height\":80}}}},\"eyecatch\":{\"large\":{\"url\":\"https://imgu.web.nhk/static/assets/images/tvepisode/te/EV7122VJ6W/EV7122VJ6W-eyecatch_8021d765411881591bf435da4f9888e3.jpg\",\"width\":3840,\"height\":2160},\"main\":{\"url\":\"https://imgu.web.nhk/static/assets/images/tvepisode/te/EV7122VJ6W/EV7122VJ6W-eyecatch_ade1bf5884498738b48c65ca6aab1aee.jpg\",\"width\":1920,\"height\":1080},\"medium\":{\"url\":\"https://imgu.web.nhk/static/assets/images/tvepisode/te/EV7122VJ6W/EV7122VJ6W-eyecatch_89c09280a1441e5efb44db9266a0c9c1.jpg\",\"width\":1280,\"height\":720},\"small\":{\"url\":\"https://imgu.web.nhk/static/assets/images/tvepisode/te/EV7122VJ6W/EV7122VJ6W-eyecatch_3805a1c97eb2a293aaec5ea69a0ebf7a.jpg\",\"width\":640,\"height\":360}},\"eyecatchList\":[{\"large\":{\"url\":\"https://imgu.web.nhk/static/assets/images/tvepisode/te/EV7122VJ6W/EV7122VJ6W-eyecatches_eb12779a5e3f4e9862074bc7b24c1d86.jpg\",\"width\":3840,\"height\":2160},\"main\":{\"url\":\"https://imgu.web.nhk/static/assets/images/tvepisode/te/EV7122VJ6W/EV7122VJ6W-eyecatches_38119b75ae986b9bc5c265c13624eea5.jpg\",\"width\":1920,\"height\":1080},\"medium\":{\"url\":\"https://imgu.web.nhk/static/assets/images/tvepisode/te/EV7122VJ6W/EV7122VJ6W-eyecatches_be57621dcf61049a56800d03798f7c9f.jpg\",\"width\":1280,\"height\":720},\"small\":{\"url\":\"https://imgu.web.nhk/static/assets/images/tvepisode/te/EV7122VJ6W/EV7122VJ6W-eyecatches_e28bdcdbf3818cf00a31b90115a2cf18.jpg\",\"width\":640,\"height\":360}},{\"large\":{\"url\":\"https://imgu.web.nhk/static/assets/images/tvepisode/te/EV7122VJ6W/EV7122VJ6W-eyecatches_92f2d56817d607c96da0f845e39e8459.jpg\",\"width\":3840,\"height\":2160},\"main\":{\"url\":\"https://imgu.web.nhk/static/assets/images/tvepisode/te/EV7122VJ6W/EV7122VJ6W-eyecatches_f9fa3cb742590029af977b0b9fb15d20.jpg\",\"width\":1920,\"height\":1080},\"medium\":{\"url\":\"https://imgu.web.nhk/static/assets/images/tvepisode/te/EV7122VJ6W/EV7122VJ6W-eyecatches_4ac92e98b5eb1751041960bbccfe66c2.jpg\",\"width\":1280,\"height\":720},\"small\":{\"url\":\"https://imgu.web.nhk/static/assets/images/tvepisode/te/EV7122VJ6W/EV7122VJ6W-eyecatches_ec08536fe228d033324e15b23aad540f.jpg\",\"width\":640,\"height\":360}}],\"video\":[],\"citation\":[],\"detailedPinnedCitation\":[],\"sameAs\":[],\"correction\":[],\"url\":\"https://api-local.ss.org.nhk/r8/t/tvepisode/te/EV7122VJ6W.json\",\"canonical\":\"https://www.web.nhk/tv/an/thundermans-undercover/pl/series-tep-J5N1R29NKP/ep/EV7122VJ6W\",\"associatedMedia\":[],\"hasPart\":[],\"additionalProperty\":{\"episodeMergeStatus\":\"notMerged\"}},\"link\":{\"href\":\"https://www.web.nhk/tv/an/thundermans-undercover/pl/series-tep-J5N1R29NKP/ep/EV7122VJ6W\"}}]\n"])</script><script>self.__next_f.push([1,"65:[\"$\",\"$L2a\",\"LX9ZQ8NNR4\",{\"content\":{\"type\":\"TVEpisode\",\"id\":\"LX9ZQ8NNR4\",\"name\":\"(5)「デートを守ろう」\",\"detailedEpisodeNameRuby\":\"\",\"identifierGroup\":{\"tvEpisodeId\":\"LX9ZQ8NNR4\",\"tvSeriesId\":\"J5N1R29NKP\",\"tvEpisodeName\":\"(5)「デートを守ろう」\",\"tvSeriesName\":\"超能力ファミリー サンダーマン 〜秘密大作戦\",\"hashtag\":[],\"serviceId\":[\"e1\",\"e3\"],\"aliasId\":\"thundermans-undercover\",\"formatGenreTag\":[{\"id\":\"03\",\"name\":\"ドラマ\"}],\"themeGenreTag\":[{\"id\":\"032\",\"name\":\"海外ドラマ\"}]},\"keyword\":[],\"description\":\"サーフショップの店員のことが気になるフィービー。「たまには任務を忘れてデートを楽しんだらどうか」とクロエに言われる。フィービーは思いきって彼をデートに誘ってみるとＯＫの返事が！喜ぶフィービーを見たマックスは、デートが成功するかしないか、クロエと家の皿洗いの当番を賭けることに。果たしてお皿を洗うのはマックスか？クロエか？\",\"dateCreated\":\"2026-01-15T16:13:55+09:00\",\"dateModified\":\"2026-01-25T08:00:06+09:00\",\"actor\":[],\"contributor\":[],\"partOfSeries\":{\"id\":\"J5N1R29NKP\",\"name\":\"超能力ファミリー サンダーマン 〜秘密大作戦\",\"detailedSeriesNameRuby\":\"ちょうのうりょくふぁみりー　さんだーまん　ひみつだいさくせん\",\"identifierGroup\":{\"tvSeriesId\":\"J5N1R29NKP\",\"tvSeriesPlaylistId\":\"series-tep-J5N1R29NKP\",\"tvSeriesUId\":\"p76a1fcd4-86a1-50d8-9c0e-2fa284e5ff74\",\"tvSeriesName\":\"超能力ファミリー サンダーマン 〜秘密大作戦\",\"hashtag\":[],\"serviceId\":[\"e1\",\"e3\"],\"aliasId\":\"thundermans-undercover\",\"formatGenre\":[{\"id\":\"03\",\"name\":\"ドラマ\"}]},\"keyword\":[],\"detailedSynonym\":[],\"sameAs\":[],\"canonical\":\"https://www.web.nhk/tv/an/thundermans-undercover/pl/series-tep-J5N1R29NKP\",\"description\":\"シークレットショアーズという町で邪悪な通信が検知された。フィービーとマックスは、ヒーロー連盟のキックバット会長の命令でその町に潜入捜査に向かうことに。２人はクロエも連れて行くことにする。というのも、クロエの周りにはサンダーマンの知名度を目当てに近づいてくる友だちばかりで、クロエに普通の子と同じように暮らしてもらいたいという思いがあった。さらにそこに押しかけるようにドクター・コロッソもついて来ることに。どうやらコロッソは謎の人物と連絡をとりあっているようだが…。\\n\\n原題：The Thundermans : Undercover\\n制作：2025年 アメリカ\\n\",\"detailedCatch\":\"帰ってきた「サンダーマン」 フィービー、マックス、クロエが素性を隠して秘密の捜査！[全13回]\",\"logo\":{\"main\":{\"url\":\"https://imgu.web.nhk/static/assets/images/tvseries/ts/J5N1R29NKP/J5N1R29NKP-logo_74ef06fd440caaa9d97aff4c5c2ab3df.jpg\",\"width\":1080,\"height\":1080},\"medium\":{\"url\":\"https://imgu.web.nhk/static/assets/images/tvseries/ts/J5N1R29NKP/J5N1R29NKP-logo_fdc105e2b68bcecc5d39610a9382e988.jpg\",\"width\":640,\"height\":640},\"small\":{\"url\":\"https://imgu.web.nhk/static/assets/images/tvseries/ts/J5N1R29NKP/J5N1R29NKP-logo_6c1e491f9fc15c1c386355d4d873b3bf.jpg\",\"width\":200,\"height\":200}},\"eyecatch\":{\"large\":{\"url\":\"https://imgu.web.nhk/static/assets/images/tvseries/ts/J5N1R29NKP/J5N1R29NKP-eyecatch_2a3aff5a26f88a0aeafc1d758b24dfa2.jpg\",\"width\":3840,\"height\":2160},\"main\":{\"url\":\"https://imgu.web.nhk/static/assets/images/tvseries/ts/J5N1R29NKP/J5N1R29NKP-eyecatch_89a09384518ac9ecb0401835548ddef4.jpg\",\"width\":1920,\"height\":1080},\"medium\":{\"url\":\"https://imgu.web.nhk/static/assets/images/tvseries/ts/J5N1R29NKP/J5N1R29NKP-eyecatch_4dd6526e212839c55f632034bfa30710.jpg\",\"width\":1280,\"height\":720},\"small\":{\"url\":\"https://imgu.web.nhk/static/assets/images/tvseries/ts/J5N1R29NKP/J5N1R29NKP-eyecatch_7c51081d1ae4c70360cc8281b602ddf3.jpg\",\"width\":640,\"height\":360}},\"hero\":{\"main\":{\"url\":\"https://imgu.web.nhk/static/assets/images/tvseries/ts/J5N1R29NKP/J5N1R29NKP-hero_6deb1b6d80946924f01be4c469081808.jpg\",\"width\":1920,\"height\":640},\"medium\":{\"url\":\"https://imgu.web.nhk/static/assets/images/tvseries/ts/J5N1R29NKP/J5N1R29NKP-hero_34fef2285dc63b8abeb2e4185ae1a92a.jpg\",\"width\":1080,\"height\":360}},\"style\":{\"textLight\":\"#000000\",\"textDark\":\"#FFFFFF\",\"linkLight\":\"#E72400\",\"linkDark\":\"#FF4928\",\"primaryLight\":\"#FF2800\",\"primaryDark\":\"#FF2800\"},\"additionalProperty\":{\"publishLevel\":\"full\",\"layoutPattern\":\"summary\",\"episodeOrderBy\":\"releasedEvent\",\"availableOnPlus\":false,\"enableVariablePlayBackSpeedControl\":false,\"optional\":[],\"seriesPackStatus\":\"notPacked\",\"supportMedia\":[\"@screen\"],\"supportMusicList\":true,\"supportPlusEmbed\":true,\"enableWebContent\":false},\"url\":\"https://api-local.ss.org.nhk/r8/t/nplaylist/pl/series-tep-J5N1R29NKP.json\",\"itemUrl\":\"https://api-local.ss.org.nhk/r8/l/tvepisode/pl/series-tep-J5N1R29NKP.json\"},\"releasedEvent\":{\"startDate\":\"2026-02-01T17:25:00+09:00\",\"displayStartDate\":\"2026-02-01T17:25:00+09:00\",\"endDate\":\"2026-02-01T17:49:00+09:00\",\"publishedOn\":{\"type\":\"BroadcastService\",\"id\":\"bs-e1-130\",\"name\":\"NHK教育テレビジョン\",\"url\":\"https://api-local.ss.org.nhk/r8/t/broadcastservice/bs/e1-130.json\",\"broadcastDisplayName\":\"NHK Eテレ・東京\",\"videoFormat\":[\"2K\"],\"encodingFormat\":[\"video/X-arib-mpeg2\",\"audio/X-arib-mpeg2-aac\"],\"identifierGroup\":{\"serviceId\":\"e1\",\"serviceName\":\"NHK Eテレ1\",\"areaId\":\"130\",\"areaName\":\"東京\",\"channelId\":\"021\",\"channelKey\":\"2\",\"channelAreaName\":\"東京\",\"channelStationName\":\"首都圏\",\"shortenedName\":\"NHK Eテレ1\",\"shortenedDisplayName\":\"Eテレ\",\"multiChannelDisplayName\":\"Eテレ\"},\"logo\":{\"url\":\"https://imgu.web.nhk/common/broadcastservice/bs/e1/e1-logo.svg\",\"main\":{\"url\":\"https://imgu.web.nhk/common/broadcastservice/bs/e1/e1-logo_1080x1080.png\",\"width\":1080,\"height\":1080},\"medium\":{\"url\":\"https://imgu.web.nhk/common/broadcastservice/bs/e1/e1-logo_640x640.png\",\"width\":640,\"height\":640},\"small\":{\"url\":\"https://imgu.web.nhk/common/broadcastservice/bs/e1/e1-logo_200x200.png\",\"width\":200,\"height\":200}},\"eyecatch\":{\"url\":\"https://imgu.web.nhk/common/broadcastservice/bs/e1/e1-eyecatch.svg\",\"large\":{\"url\":\"https://imgu.web.nhk/common/broadcastservice/bs/e1/e1-eyecatch_3840x2160.png\",\"width\":3840,\"height\":2160},\"main\":{\"url\":\"https://imgu.web.nhk/common/broadcastservice/bs/e1/e1-eyecatch_1920x1080.png\",\"width\":1920,\"height\":1080},\"medium\":{\"url\":\"https://imgu.web.nhk/common/broadcastservice/bs/e1/e1-eyecatch_1280x720.png\",\"width\":1280,\"height\":720},\"small\":{\"url\":\"https://imgu.web.nhk/common/broadcastservice/bs/e1/e1-eyecatch_640x360.png\",\"width\":640,\"height\":360}},\"hero\":{\"url\":\"https://imgu.web.nhk/common/broadcastservice/bs/e1/e1-hero.svg\",\"main\":{\"url\":\"https://imgu.web.nhk/common/broadcastservice/bs/e1/e1-hero_1920x640.png\",\"width\":1920,\"height\":640},\"medium\":{\"url\":\"https://imgu.web.nhk/common/broadcastservice/bs/e1/e1-hero_1080x360.png\",\"width\":1080,\"height\":360}},\"badge9x4\":{\"url\":\"https://imgu.web.nhk/common/broadcastservice/bs/e1/e1-badge9x4.svg\",\"main\":{\"url\":\"https://imgu.web.nhk/common/broadcastservice/bs/e1/e1-badge9x4_360x160.png\",\"width\":360,\"height\":160},\"small\":{\"url\":\"https://imgu.web.nhk/common/broadcastservice/bs/e1/e1-badge9x4_180x80.png\",\"width\":180,\"height\":80}}}},\"detailedRecentEvent\":{\"startDate\":\"2026-02-01T17:25:00+09:00\",\"endDate\":\"2026-02-01T17:49:00+09:00\",\"publishedOn\":{\"type\":\"BroadcastService\",\"id\":\"bs-e1-130\",\"name\":\"NHK教育テレビジョン\",\"url\":\"https://api-local.ss.org.nhk/r8/t/broadcastservice/bs/e1-130.json\",\"broadcastDisplayName\":\"NHK Eテレ・東京\",\"videoFormat\":[\"2K\"],\"encodingFormat\":[\"video/X-arib-mpeg2\",\"audio/X-arib-mpeg2-aac\"],\"identifierGroup\":{\"serviceId\":\"e1\",\"serviceName\":\"NHK Eテレ1\",\"areaId\":\"130\",\"areaName\":\"東京\",\"channelId\":\"021\",\"channelKey\":\"2\",\"channelAreaName\":\"東京\",\"channelStationName\":\"首都圏\",\"shortenedName\":\"NHK Eテレ1\",\"shortenedDisplayName\":\"Eテレ\",\"multiChannelDisplayName\":\"Eテレ\"},\"logo\":{\"url\":\"https://imgu.web.nhk/common/broadcastservice/bs/e1/e1-logo.svg\",\"main\":{\"url\":\"https://imgu.web.nhk/common/broadcastservice/bs/e1/e1-logo_1080x1080.png\",\"width\":1080,\"height\":1080},\"medium\":{\"url\":\"https://imgu.web.nhk/common/broadcastservice/bs/e1/e1-logo_640x640.png\",\"width\":640,\"height\":640},\"small\":{\"url\":\"https://imgu.web.nhk/common/broadcastservice/bs/e1/e1-logo_200x200.png\",\"width\":200,\"height\":200}},\"eyecatch\":{\"url\":\"https://imgu.web.nhk/common/broadcastservice/bs/e1/e1-eyecatch.svg\",\"large\":{\"url\":\"https://imgu.web.nhk/common/broadcastservice/bs/e1/e1-eyecatch_3840x2160.png\",\"width\":3840,\"height\":2160},\"main\":{\"url\":\"https://imgu.web.nhk/common/broadcastservice/bs/e1/e1-eyecatch_1920x1080.png\",\"width\":1920,\"height\":1080},\"medium\":{\"url\":\"https://imgu.web.nhk/common/broadcastservice/bs/e1/e1-eyecatch_1280x720.png\",\"width\":1280,\"height\":720},\"small\":{\"url\":\"https://imgu.web.nhk/common/broadcastservice/bs/e1/e1-eyecatch_640x360.png\",\"width\":640,\"height\":360}},\"hero\":{\"url\":\"https://imgu.web.nhk/common/broadcastservice/bs/e1/e1-hero.svg\",\"main\":{\"url\":\"https://imgu.web.nhk/common/broadcastservice/bs/e1/e1-hero_1920x640.png\",\"width\":1920,\"height\":640},\"medium\":{\"url\":\"https://imgu.web.nhk/common/broadcastservice/bs/e1/e1-hero_1080x360.png\",\"width\":1080,\"height\":360}},\"badge9x4\":{\"url\":\"https://imgu.web.nhk/common/broadcastservice/bs/e1/e1-badge9x4.svg\",\"main\":{\"url\":\"https://imgu.web.nhk/common/broadcastservice/bs/e1/e1-badge9x4_360x160.png\",\"width\":360,\"height\":160},\"small\":{\"url\":\"https://imgu.web.nhk/common/broadcastservice/bs/e1/e1-badge9x4_180x80.png\",\"width\":180,\"height\":80}}}},\"eyecatch\":{\"large\":{\"url\":\"https://imgu.web.nhk/static/assets/images/tvepisode/te/LX9ZQ8NNR4/LX9ZQ8NNR4-eyecatch_c5e4a010cb64e7c7ad2d77eddc1407ba.jpg\",\"width\":3840,\"height\":2160},\"main\":{\"url\":\"https://imgu.web.nhk/static/assets/images/tvepisode/te/LX9ZQ8NNR4/LX9ZQ8NNR4-eyecatch_99a7cfffe067fdbcdb76b4ab485d4c4a.jpg\",\"width\":1920,\"height\":1080},\"medium\":{\"url\":\"https://imgu.web.nhk/static/assets/images/tvepisode/te/LX9ZQ8NNR4/LX9ZQ8NNR4-eyecatch_a526ec875c5c77691eddfb77a72cb16d.jpg\",\"width\":1280,\"height\":720},\"small\":{\"url\":\"https://imgu.web.nhk/static/assets/images/tvepisode/te/LX9ZQ8NNR4/LX9ZQ8NNR4-eyecatch_16f6d903a86d6f1b3a29d7226cea6f00.jpg\",\"width\":640,\"height\":360}},\"eyecatchList\":[{\"large\":{\"url\":\"https://imgu.web.nhk/static/assets/images/tvepisode/te/LX9ZQ8NNR4/LX9ZQ8NNR4-eyecatches_3bbb82def0a623e7f78c254c793a952b.jpg\",\"width\":3840,\"height\":2160},\"main\":{\"url\":\"https://imgu.web.nhk/static/assets/images/tvepisode/te/LX9ZQ8NNR4/LX9ZQ8NNR4-eyecatches_9e7ac2dd1c89ba3c175ee31ebb2f0935.jpg\",\"width\":1920,\"height\":1080},\"medium\":{\"url\":\"https://imgu.web.nhk/static/assets/images/tvepisode/te/LX9ZQ8NNR4/LX9ZQ8NNR4-eyecatches_1a9660565d21e79c43aa7e1d08e74369.jpg\",\"width\":1280,\"height\":720},\"small\":{\"url\":\"https://imgu.web.nhk/static/assets/images/tvepisode/te/LX9ZQ8NNR4/LX9ZQ8NNR4-eyecatches_fc32d1cda33931e2e784c499e9aee9f5.jpg\",\"width\":640,\"height\":360}},{\"large\":{\"url\":\"https://imgu.web.nhk/static/assets/images/tvepisode/te/LX9ZQ8NNR4/LX9ZQ8NNR4-eyecatches_d7ad8edf2c03b1c567ef843f252dae27.jpg\",\"width\":3840,\"height\":2160},\"main\":{\"url\":\"https://imgu.web.nhk/static/assets/images/tvepisode/te/LX9ZQ8NNR4/LX9ZQ8NNR4-eyecatches_d1179edbd5d25b28549a195e1d5e72f4.jpg\",\"width\":1920,\"height\":1080},\"medium\":{\"url\":\"https://imgu.web.nhk/static/assets/images/tvepisode/te/LX9ZQ8NNR4/LX9ZQ8NNR4-eyecatches_740877f263563f36d0c00a4aa91bda89.jpg\",\"width\":1280,\"height\":720},\"small\":{\"url\":\"https://imgu.web.nhk/static/assets/images/tvepisode/te/LX9ZQ8NNR4/LX9ZQ8NNR4-eyecatches_ff789b8ac76cb1cab7414516fa55724d.jpg\",\"width\":640,\"height\":360}}],\"video\":[],\"citation\":[],\"detailedPinnedCitation\":[],\"sameAs\":[],\"correction\":[],\"url\":\"https://api-local.ss.org.nhk/r8/t/tvepisode/te/LX9ZQ8NNR4.json\",\"canonical\":\"https://www.web.nhk/tv/an/thundermans-undercover/pl/series-tep-J5N1R29NKP/ep/LX9ZQ8NNR4\",\"associatedMedia\":[],\"hasPart\":[],\"additionalProperty\":{\"episodeMergeStatus\":\"notMerged\"}},\"link\":{\"href\":\"https://www.web.nhk/tv/an/thundermans-undercover/pl/series-tep-J5N1R29NKP/ep/LX9ZQ8NNR4\"}}]\n"])</script><script>self.__next_f.push([1,"66:[\"$\",\"$L2a\",\"7WZ6J2G6N4\",{\"content\":{\"type\":\"TVEpisode\",\"id\":\"7WZ6J2G6N4\",\"name\":\"(4)「ファミリーで変身」\",\"detailedEpisodeNameRuby\":\"\",\"identifierGroup\":{\"tvEpisodeId\":\"7WZ6J2G6N4\",\"tvSeriesId\":\"J5N1R29NKP\",\"tvEpisodeName\":\"(4)「ファミリーで変身」\",\"tvSeriesName\":\"超能力ファミリー サンダーマン 〜秘密大作戦\",\"hashtag\":[],\"serviceId\":[\"e1\",\"e3\"],\"aliasId\":\"thundermans-undercover\",\"formatGenreTag\":[{\"id\":\"03\",\"name\":\"ドラマ\"}],\"themeGenreTag\":[{\"id\":\"032\",\"name\":\"海外ドラマ\"}]},\"keyword\":[],\"description\":\"クロエがジンクスとブッチを家に呼んで一緒に映画を見ることに。喜んだマックスはたくさんお菓子を用意して歓迎するが、３人が見ていたのはホラー映画だった…。次の日、ジンクスとブッチが砂糖の取りすぎとホラー映画の影響で興奮状態に！怒った２人の親が「クロエの両親と話がしたい」と家にやって来る。困ったフィービーとマックスは、変身マシンでママとパパに変身するが…。\",\"dateCreated\":\"2025-12-27T18:26:19+09:00\",\"dateModified\":\"2026-01-18T09:00:06+09:00\",\"actor\":[],\"contributor\":[],\"partOfSeries\":{\"id\":\"J5N1R29NKP\",\"name\":\"超能力ファミリー サンダーマン 〜秘密大作戦\",\"detailedSeriesNameRuby\":\"ちょうのうりょくふぁみりー　さんだーまん　ひみつだいさくせん\",\"identifierGroup\":{\"tvSeriesId\":\"J5N1R29NKP\",\"tvSeriesPlaylistId\":\"series-tep-J5N1R29NKP\",\"tvSeriesUId\":\"p76a1fcd4-86a1-50d8-9c0e-2fa284e5ff74\",\"tvSeriesName\":\"超能力ファミリー サンダーマン 〜秘密大作戦\",\"hashtag\":[],\"serviceId\":[\"e1\",\"e3\"],\"aliasId\":\"thundermans-undercover\",\"formatGenre\":[{\"id\":\"03\",\"name\":\"ドラマ\"}]},\"keyword\":[],\"detailedSynonym\":[],\"sameAs\":[],\"canonical\":\"https://www.web.nhk/tv/an/thundermans-undercover/pl/series-tep-J5N1R29NKP\",\"description\":\"シークレットショアーズという町で邪悪な通信が検知された。フィービーとマックスは、ヒーロー連盟のキックバット会長の命令でその町に潜入捜査に向かうことに。２人はクロエも連れて行くことにする。というのも、クロエの周りにはサンダーマンの知名度を目当てに近づいてくる友だちばかりで、クロエに普通の子と同じように暮らしてもらいたいという思いがあった。さらにそこに押しかけるようにドクター・コロッソもついて来ることに。どうやらコロッソは謎の人物と連絡をとりあっているようだが…。\\n\\n原題：The Thundermans : Undercover\\n制作：2025年 アメリカ\\n\",\"detailedCatch\":\"帰ってきた「サンダーマン」 フィービー、マックス、クロエが素性を隠して秘密の捜査！[全13回]\",\"logo\":{\"main\":{\"url\":\"https://imgu.web.nhk/static/assets/images/tvseries/ts/J5N1R29NKP/J5N1R29NKP-logo_74ef06fd440caaa9d97aff4c5c2ab3df.jpg\",\"width\":1080,\"height\":1080},\"medium\":{\"url\":\"https://imgu.web.nhk/static/assets/images/tvseries/ts/J5N1R29NKP/J5N1R29NKP-logo_fdc105e2b68bcecc5d39610a9382e988.jpg\",\"width\":640,\"height\":640},\"small\":{\"url\":\"https://imgu.web.nhk/static/assets/images/tvseries/ts/J5N1R29NKP/J5N1R29NKP-logo_6c1e491f9fc15c1c386355d4d873b3bf.jpg\",\"width\":200,\"height\":200}},\"eyecatch\":{\"large\":{\"url\":\"https://imgu.web.nhk/static/assets/images/tvseries/ts/J5N1R29NKP/J5N1R29NKP-eyecatch_2a3aff5a26f88a0aeafc1d758b24dfa2.jpg\",\"width\":3840,\"height\":2160},\"main\":{\"url\":\"https://imgu.web.nhk/static/assets/images/tvseries/ts/J5N1R29NKP/J5N1R29NKP-eyecatch_89a09384518ac9ecb0401835548ddef4.jpg\",\"width\":1920,\"height\":1080},\"medium\":{\"url\":\"https://imgu.web.nhk/static/assets/images/tvseries/ts/J5N1R29NKP/J5N1R29NKP-eyecatch_4dd6526e212839c55f632034bfa30710.jpg\",\"width\":1280,\"height\":720},\"small\":{\"url\":\"https://imgu.web.nhk/static/assets/images/tvseries/ts/J5N1R29NKP/J5N1R29NKP-eyecatch_7c51081d1ae4c70360cc8281b602ddf3.jpg\",\"width\":640,\"height\":360}},\"hero\":{\"main\":{\"url\":\"https://imgu.web.nhk/static/assets/images/tvseries/ts/J5N1R29NKP/J5N1R29NKP-hero_6deb1b6d80946924f01be4c469081808.jpg\",\"width\":1920,\"height\":640},\"medium\":{\"url\":\"https://imgu.web.nhk/static/assets/images/tvseries/ts/J5N1R29NKP/J5N1R29NKP-hero_34fef2285dc63b8abeb2e4185ae1a92a.jpg\",\"width\":1080,\"height\":360}},\"style\":{\"textLight\":\"#000000\",\"textDark\":\"#FFFFFF\",\"linkLight\":\"#E72400\",\"linkDark\":\"#FF4928\",\"primaryLight\":\"#FF2800\",\"primaryDark\":\"#FF2800\"},\"additionalProperty\":{\"publishLevel\":\"full\",\"layoutPattern\":\"summary\",\"episodeOrderBy\":\"releasedEvent\",\"availableOnPlus\":false,\"enableVariablePlayBackSpeedControl\":false,\"optional\":[],\"seriesPackStatus\":\"notPacked\",\"supportMedia\":[\"@screen\"],\"supportMusicList\":true,\"supportPlusEmbed\":true,\"enableWebContent\":false},\"url\":\"https://api-local.ss.org.nhk/r8/t/nplaylist/pl/series-tep-J5N1R29NKP.json\",\"itemUrl\":\"https://api-local.ss.org.nhk/r8/l/tvepisode/pl/series-tep-J5N1R29NKP.json\"},\"releasedEvent\":{\"startDate\":\"2026-01-25T17:25:00+09:00\",\"displayStartDate\":\"2026-01-25T17:25:00+09:00\",\"endDate\":\"2026-01-25T17:50:00+09:00\",\"publishedOn\":{\"type\":\"BroadcastService\",\"id\":\"bs-e1-130\",\"name\":\"NHK教育テレビジョン\",\"url\":\"https://api-local.ss.org.nhk/r8/t/broadcastservice/bs/e1-130.json\",\"broadcastDisplayName\":\"NHK Eテレ・東京\",\"videoFormat\":[\"2K\"],\"encodingFormat\":[\"video/X-arib-mpeg2\",\"audio/X-arib-mpeg2-aac\"],\"identifierGroup\":{\"serviceId\":\"e1\",\"serviceName\":\"NHK Eテレ1\",\"areaId\":\"130\",\"areaName\":\"東京\",\"channelId\":\"021\",\"channelKey\":\"2\",\"channelAreaName\":\"東京\",\"channelStationName\":\"首都圏\",\"shortenedName\":\"NHK Eテレ1\",\"shortenedDisplayName\":\"Eテレ\",\"multiChannelDisplayName\":\"Eテレ\"},\"logo\":{\"url\":\"https://imgu.web.nhk/common/broadcastservice/bs/e1/e1-logo.svg\",\"main\":{\"url\":\"https://imgu.web.nhk/common/broadcastservice/bs/e1/e1-logo_1080x1080.png\",\"width\":1080,\"height\":1080},\"medium\":{\"url\":\"https://imgu.web.nhk/common/broadcastservice/bs/e1/e1-logo_640x640.png\",\"width\":640,\"height\":640},\"small\":{\"url\":\"https://imgu.web.nhk/common/broadcastservice/bs/e1/e1-logo_200x200.png\",\"width\":200,\"height\":200}},\"eyecatch\":{\"url\":\"https://imgu.web.nhk/common/broadcastservice/bs/e1/e1-eyecatch.svg\",\"large\":{\"url\":\"https://imgu.web.nhk/common/broadcastservice/bs/e1/e1-eyecatch_3840x2160.png\",\"width\":3840,\"height\":2160},\"main\":{\"url\":\"https://imgu.web.nhk/common/broadcastservice/bs/e1/e1-eyecatch_1920x1080.png\",\"width\":1920,\"height\":1080},\"medium\":{\"url\":\"https://imgu.web.nhk/common/broadcastservice/bs/e1/e1-eyecatch_1280x720.png\",\"width\":1280,\"height\":720},\"small\":{\"url\":\"https://imgu.web.nhk/common/broadcastservice/bs/e1/e1-eyecatch_640x360.png\",\"width\":640,\"height\":360}},\"hero\":{\"url\":\"https://imgu.web.nhk/common/broadcastservice/bs/e1/e1-hero.svg\",\"main\":{\"url\":\"https://imgu.web.nhk/common/broadcastservice/bs/e1/e1-hero_1920x640.png\",\"width\":1920,\"height\":640},\"medium\":{\"url\":\"https://imgu.web.nhk/common/broadcastservice/bs/e1/e1-hero_1080x360.png\",\"width\":1080,\"height\":360}},\"badge9x4\":{\"url\":\"https://imgu.web.nhk/common/broadcastservice/bs/e1/e1-badge9x4.svg\",\"main\":{\"url\":\"https://imgu.web.nhk/common/broadcastservice/bs/e1/e1-badge9x4_360x160.png\",\"width\":360,\"height\":160},\"small\":{\"url\":\"https://imgu.web.nhk/common/broadcastservice/bs/e1/e1-badge9x4_180x80.png\",\"width\":180,\"height\":80}}}},\"detailedRecentEvent\":{\"startDate\":\"2026-01-25T17:25:00+09:00\",\"endDate\":\"2026-01-25T17:50:00+09:00\",\"publishedOn\":{\"type\":\"BroadcastService\",\"id\":\"bs-e1-130\",\"name\":\"NHK教育テレビジョン\",\"url\":\"https://api-local.ss.org.nhk/r8/t/broadcastservice/bs/e1-130.json\",\"broadcastDisplayName\":\"NHK Eテレ・東京\",\"videoFormat\":[\"2K\"],\"encodingFormat\":[\"video/X-arib-mpeg2\",\"audio/X-arib-mpeg2-aac\"],\"identifierGroup\":{\"serviceId\":\"e1\",\"serviceName\":\"NHK Eテレ1\",\"areaId\":\"130\",\"areaName\":\"東京\",\"channelId\":\"021\",\"channelKey\":\"2\",\"channelAreaName\":\"東京\",\"channelStationName\":\"首都圏\",\"shortenedName\":\"NHK Eテレ1\",\"shortenedDisplayName\":\"Eテレ\",\"multiChannelDisplayName\":\"Eテレ\"},\"logo\":{\"url\":\"https://imgu.web.nhk/common/broadcastservice/bs/e1/e1-logo.svg\",\"main\":{\"url\":\"https://imgu.web.nhk/common/broadcastservice/bs/e1/e1-logo_1080x1080.png\",\"width\":1080,\"height\":1080},\"medium\":{\"url\":\"https://imgu.web.nhk/common/broadcastservice/bs/e1/e1-logo_640x640.png\",\"width\":640,\"height\":640},\"small\":{\"url\":\"https://imgu.web.nhk/common/broadcastservice/bs/e1/e1-logo_200x200.png\",\"width\":200,\"height\":200}},\"eyecatch\":{\"url\":\"https://imgu.web.nhk/common/broadcastservice/bs/e1/e1-eyecatch.svg\",\"large\":{\"url\":\"https://imgu.web.nhk/common/broadcastservice/bs/e1/e1-eyecatch_3840x2160.png\",\"width\":3840,\"height\":2160},\"main\":{\"url\":\"https://imgu.web.nhk/common/broadcastservice/bs/e1/e1-eyecatch_1920x1080.png\",\"width\":1920,\"height\":1080},\"medium\":{\"url\":\"https://imgu.web.nhk/common/broadcastservice/bs/e1/e1-eyecatch_1280x720.png\",\"width\":1280,\"height\":720},\"small\":{\"url\":\"https://imgu.web.nhk/common/broadcastservice/bs/e1/e1-eyecatch_640x360.png\",\"width\":640,\"height\":360}},\"hero\":{\"url\":\"https://imgu.web.nhk/common/broadcastservice/bs/e1/e1-hero.svg\",\"main\":{\"url\":\"https://imgu.web.nhk/common/broadcastservice/bs/e1/e1-hero_1920x640.png\",\"width\":1920,\"height\":640},\"medium\":{\"url\":\"https://imgu.web.nhk/common/broadcastservice/bs/e1/e1-hero_1080x360.png\",\"width\":1080,\"height\":360}},\"badge9x4\":{\"url\":\"https://imgu.web.nhk/common/broadcastservice/bs/e1/e1-badge9x4.svg\",\"main\":{\"url\":\"https://imgu.web.nhk/common/broadcastservice/bs/e1/e1-badge9x4_360x160.png\",\"width\":360,\"height\":160},\"small\":{\"url\":\"https://imgu.web.nhk/common/broadcastservice/bs/e1/e1-badge9x4_180x80.png\",\"width\":180,\"height\":80}}}},\"eyecatch\":{\"large\":{\"url\":\"https://imgu.web.nhk/static/assets/images/tvepisode/te/7WZ6J2G6N4/7WZ6J2G6N4-eyecatch_025209a7be542c8759c75b30de43a9ce.jpg\",\"width\":3840,\"height\":2160},\"main\":{\"url\":\"https://imgu.web.nhk/static/assets/images/tvepisode/te/7WZ6J2G6N4/7WZ6J2G6N4-eyecatch_8934c436c5552bd52dc04342b50d6266.jpg\",\"width\":1920,\"height\":1080},\"medium\":{\"url\":\"https://imgu.web.nhk/static/assets/images/tvepisode/te/7WZ6J2G6N4/7WZ6J2G6N4-eyecatch_cd65e5e129ba58180ef45d6902712923.jpg\",\"width\":1280,\"height\":720},\"small\":{\"url\":\"https://imgu.web.nhk/static/assets/images/tvepisode/te/7WZ6J2G6N4/7WZ6J2G6N4-eyecatch_703ecacae70c42f2727bab5a448db034.jpg\",\"width\":640,\"height\":360}},\"eyecatchList\":[{\"large\":{\"url\":\"https://imgu.web.nhk/static/assets/images/tvepisode/te/7WZ6J2G6N4/7WZ6J2G6N4-eyecatches_fae0b6f771708949b19525311017417c.jpg\",\"width\":3840,\"height\":2160},\"main\":{\"url\":\"https://imgu.web.nhk/static/assets/images/tvepisode/te/7WZ6J2G6N4/7WZ6J2G6N4-eyecatches_caa5b901db383ea5b584c809c647e4a7.jpg\",\"width\":1920,\"height\":1080},\"medium\":{\"url\":\"https://imgu.web.nhk/static/assets/images/tvepisode/te/7WZ6J2G6N4/7WZ6J2G6N4-eyecatches_0c1e24af1def139199c49bdeffbeb084.jpg\",\"width\":1280,\"height\":720},\"small\":{\"url\":\"https://imgu.web.nhk/static/assets/images/tvepisode/te/7WZ6J2G6N4/7WZ6J2G6N4-eyecatches_3f4c4fb370894ce7dc82c62fa38e027e.jpg\",\"width\":640,\"height\":360}}],\"video\":[],\"citation\":[],\"detailedPinnedCitation\":[],\"sameAs\":[],\"correction\":[],\"url\":\"https://api-local.ss.org.nhk/r8/t/tvepisode/te/7WZ6J2G6N4.json\",\"canonical\":\"https://www.web.nhk/tv/an/thundermans-undercover/pl/series-tep-J5N1R29NKP/ep/7WZ6J2G6N4\",\"associatedMedia\":[],\"hasPart\":[],\"additionalProperty\":{\"episodeMergeStatus\":\"notMerged\"}},\"link\":{\"href\":\"https://www.web.nhk/tv/an/thundermans-undercover/pl/series-tep-J5N1R29NKP/ep/7WZ6J2G6N4\"}}]\n"])</script><script>self.__next_f.push([1,"67:[\"$\",\"$L2a\",\"W3G6PZ9929\",{\"content\":{\"type\":\"TVEpisode\",\"id\":\"W3G6PZ9929\",\"name\":\"(3)「がっかりな学校」\",\"detailedEpisodeNameRuby\":\"\",\"identifierGroup\":{\"tvEpisodeId\":\"W3G6PZ9929\",\"tvSeriesId\":\"J5N1R29NKP\",\"tvEpisodeName\":\"(3)「がっかりな学校」\",\"tvSeriesName\":\"超能力ファミリー サンダーマン 〜秘密大作戦\",\"hashtag\":[],\"serviceId\":[\"e1\",\"e3\"],\"aliasId\":\"thundermans-undercover\",\"formatGenreTag\":[{\"id\":\"03\",\"name\":\"ドラマ\"}],\"themeGenreTag\":[{\"id\":\"032\",\"name\":\"海外ドラマ\"}]},\"keyword\":[],\"description\":\"クロエの学校で新しいスクールマスコットを決めるコンテストが行われることに。クロエはジンクスとコンブチャと一緒に参加を決める。３人は力を合わせてコスチュームを作り上げるが、それを置いて出かけている間に、フィービーとマックスが家でケンカをはじめてしまい、２人が勢いあまってコスチュームを壊してしまった！\",\"dateCreated\":\"2025-12-27T18:17:52+09:00\",\"dateModified\":\"2026-01-11T04:29:07+09:00\",\"actor\":[],\"contributor\":[],\"partOfSeries\":{\"id\":\"J5N1R29NKP\",\"name\":\"超能力ファミリー サンダーマン 〜秘密大作戦\",\"detailedSeriesNameRuby\":\"ちょうのうりょくふぁみりー　さんだーまん　ひみつだいさくせん\",\"identifierGroup\":{\"tvSeriesId\":\"J5N1R29NKP\",\"tvSeriesPlaylistId\":\"series-tep-J5N1R29NKP\",\"tvSeriesUId\":\"p76a1fcd4-86a1-50d8-9c0e-2fa284e5ff74\",\"tvSeriesName\":\"超能力ファミリー サンダーマン 〜秘密大作戦\",\"hashtag\":[],\"serviceId\":[\"e1\",\"e3\"],\"aliasId\":\"thundermans-undercover\",\"formatGenre\":[{\"id\":\"03\",\"name\":\"ドラマ\"}]},\"keyword\":[],\"detailedSynonym\":[],\"sameAs\":[],\"canonical\":\"https://www.web.nhk/tv/an/thundermans-undercover/pl/series-tep-J5N1R29NKP\",\"description\":\"シークレットショアーズという町で邪悪な通信が検知された。フィービーとマックスは、ヒーロー連盟のキックバット会長の命令でその町に潜入捜査に向かうことに。２人はクロエも連れて行くことにする。というのも、クロエの周りにはサンダーマンの知名度を目当てに近づいてくる友だちばかりで、クロエに普通の子と同じように暮らしてもらいたいという思いがあった。さらにそこに押しかけるようにドクター・コロッソもついて来ることに。どうやらコロッソは謎の人物と連絡をとりあっているようだが…。\\n\\n原題：The Thundermans : Undercover\\n制作：2025年 アメリカ\\n\",\"detailedCatch\":\"帰ってきた「サンダーマン」 フィービー、マックス、クロエが素性を隠して秘密の捜査！[全13回]\",\"logo\":{\"main\":{\"url\":\"https://imgu.web.nhk/static/assets/images/tvseries/ts/J5N1R29NKP/J5N1R29NKP-logo_74ef06fd440caaa9d97aff4c5c2ab3df.jpg\",\"width\":1080,\"height\":1080},\"medium\":{\"url\":\"https://imgu.web.nhk/static/assets/images/tvseries/ts/J5N1R29NKP/J5N1R29NKP-logo_fdc105e2b68bcecc5d39610a9382e988.jpg\",\"width\":640,\"height\":640},\"small\":{\"url\":\"https://imgu.web.nhk/static/assets/images/tvseries/ts/J5N1R29NKP/J5N1R29NKP-logo_6c1e491f9fc15c1c386355d4d873b3bf.jpg\",\"width\":200,\"height\":200}},\"eyecatch\":{\"large\":{\"url\":\"https://imgu.web.nhk/static/assets/images/tvseries/ts/J5N1R29NKP/J5N1R29NKP-eyecatch_2a3aff5a26f88a0aeafc1d758b24dfa2.jpg\",\"width\":3840,\"height\":2160},\"main\":{\"url\":\"https://imgu.web.nhk/static/assets/images/tvseries/ts/J5N1R29NKP/J5N1R29NKP-eyecatch_89a09384518ac9ecb0401835548ddef4.jpg\",\"width\":1920,\"height\":1080},\"medium\":{\"url\":\"https://imgu.web.nhk/static/assets/images/tvseries/ts/J5N1R29NKP/J5N1R29NKP-eyecatch_4dd6526e212839c55f632034bfa30710.jpg\",\"width\":1280,\"height\":720},\"small\":{\"url\":\"https://imgu.web.nhk/static/assets/images/tvseries/ts/J5N1R29NKP/J5N1R29NKP-eyecatch_7c51081d1ae4c70360cc8281b602ddf3.jpg\",\"width\":640,\"height\":360}},\"hero\":{\"main\":{\"url\":\"https://imgu.web.nhk/static/assets/images/tvseries/ts/J5N1R29NKP/J5N1R29NKP-hero_6deb1b6d80946924f01be4c469081808.jpg\",\"width\":1920,\"height\":640},\"medium\":{\"url\":\"https://imgu.web.nhk/static/assets/images/tvseries/ts/J5N1R29NKP/J5N1R29NKP-hero_34fef2285dc63b8abeb2e4185ae1a92a.jpg\",\"width\":1080,\"height\":360}},\"style\":{\"textLight\":\"#000000\",\"textDark\":\"#FFFFFF\",\"linkLight\":\"#E72400\",\"linkDark\":\"#FF4928\",\"primaryLight\":\"#FF2800\",\"primaryDark\":\"#FF2800\"},\"additionalProperty\":{\"publishLevel\":\"full\",\"layoutPattern\":\"summary\",\"episodeOrderBy\":\"releasedEvent\",\"availableOnPlus\":false,\"enableVariablePlayBackSpeedControl\":false,\"optional\":[],\"seriesPackStatus\":\"notPacked\",\"supportMedia\":[\"@screen\"],\"supportMusicList\":true,\"supportPlusEmbed\":true,\"enableWebContent\":false},\"url\":\"https://api-local.ss.org.nhk/r8/t/nplaylist/pl/series-tep-J5N1R29NKP.json\",\"itemUrl\":\"https://api-local.ss.org.nhk/r8/l/tvepisode/pl/series-tep-J5N1R29NKP.json\"},\"releasedEvent\":{\"startDate\":\"2026-01-18T17:25:00+09:00\",\"displayStartDate\":\"2026-01-18T17:25:00+09:00\",\"endDate\":\"2026-01-18T17:50:00+09:00\",\"publishedOn\":{\"type\":\"BroadcastService\",\"id\":\"bs-e1-130\",\"name\":\"NHK教育テレビジョン\",\"url\":\"https://api-local.ss.org.nhk/r8/t/broadcastservice/bs/e1-130.json\",\"broadcastDisplayName\":\"NHK Eテレ・東京\",\"videoFormat\":[\"2K\"],\"encodingFormat\":[\"video/X-arib-mpeg2\",\"audio/X-arib-mpeg2-aac\"],\"identifierGroup\":{\"serviceId\":\"e1\",\"serviceName\":\"NHK Eテレ1\",\"areaId\":\"130\",\"areaName\":\"東京\",\"channelId\":\"021\",\"channelKey\":\"2\",\"channelAreaName\":\"東京\",\"channelStationName\":\"首都圏\",\"shortenedName\":\"NHK Eテレ1\",\"shortenedDisplayName\":\"Eテレ\",\"multiChannelDisplayName\":\"Eテレ\"},\"logo\":{\"url\":\"https://imgu.web.nhk/common/broadcastservice/bs/e1/e1-logo.svg\",\"main\":{\"url\":\"https://imgu.web.nhk/common/broadcastservice/bs/e1/e1-logo_1080x1080.png\",\"width\":1080,\"height\":1080},\"medium\":{\"url\":\"https://imgu.web.nhk/common/broadcastservice/bs/e1/e1-logo_640x640.png\",\"width\":640,\"height\":640},\"small\":{\"url\":\"https://imgu.web.nhk/common/broadcastservice/bs/e1/e1-logo_200x200.png\",\"width\":200,\"height\":200}},\"eyecatch\":{\"url\":\"https://imgu.web.nhk/common/broadcastservice/bs/e1/e1-eyecatch.svg\",\"large\":{\"url\":\"https://imgu.web.nhk/common/broadcastservice/bs/e1/e1-eyecatch_3840x2160.png\",\"width\":3840,\"height\":2160},\"main\":{\"url\":\"https://imgu.web.nhk/common/broadcastservice/bs/e1/e1-eyecatch_1920x1080.png\",\"width\":1920,\"height\":1080},\"medium\":{\"url\":\"https://imgu.web.nhk/common/broadcastservice/bs/e1/e1-eyecatch_1280x720.png\",\"width\":1280,\"height\":720},\"small\":{\"url\":\"https://imgu.web.nhk/common/broadcastservice/bs/e1/e1-eyecatch_640x360.png\",\"width\":640,\"height\":360}},\"hero\":{\"url\":\"https://imgu.web.nhk/common/broadcastservice/bs/e1/e1-hero.svg\",\"main\":{\"url\":\"https://imgu.web.nhk/common/broadcastservice/bs/e1/e1-hero_1920x640.png\",\"width\":1920,\"height\":640},\"medium\":{\"url\":\"https://imgu.web.nhk/common/broadcastservice/bs/e1/e1-hero_1080x360.png\",\"width\":1080,\"height\":360}},\"badge9x4\":{\"url\":\"https://imgu.web.nhk/common/broadcastservice/bs/e1/e1-badge9x4.svg\",\"main\":{\"url\":\"https://imgu.web.nhk/common/broadcastservice/bs/e1/e1-badge9x4_360x160.png\",\"width\":360,\"height\":160},\"small\":{\"url\":\"https://imgu.web.nhk/common/broadcastservice/bs/e1/e1-badge9x4_180x80.png\",\"width\":180,\"height\":80}}}},\"detailedRecentEvent\":{\"startDate\":\"2026-01-18T17:25:00+09:00\",\"endDate\":\"2026-01-18T17:50:00+09:00\",\"publishedOn\":{\"type\":\"BroadcastService\",\"id\":\"bs-e1-130\",\"name\":\"NHK教育テレビジョン\",\"url\":\"https://api-local.ss.org.nhk/r8/t/broadcastservice/bs/e1-130.json\",\"broadcastDisplayName\":\"NHK Eテレ・東京\",\"videoFormat\":[\"2K\"],\"encodingFormat\":[\"video/X-arib-mpeg2\",\"audio/X-arib-mpeg2-aac\"],\"identifierGroup\":{\"serviceId\":\"e1\",\"serviceName\":\"NHK Eテレ1\",\"areaId\":\"130\",\"areaName\":\"東京\",\"channelId\":\"021\",\"channelKey\":\"2\",\"channelAreaName\":\"東京\",\"channelStationName\":\"首都圏\",\"shortenedName\":\"NHK Eテレ1\",\"shortenedDisplayName\":\"Eテレ\",\"multiChannelDisplayName\":\"Eテレ\"},\"logo\":{\"url\":\"https://imgu.web.nhk/common/broadcastservice/bs/e1/e1-logo.svg\",\"main\":{\"url\":\"https://imgu.web.nhk/common/broadcastservice/bs/e1/e1-logo_1080x1080.png\",\"width\":1080,\"height\":1080},\"medium\":{\"url\":\"https://imgu.web.nhk/common/broadcastservice/bs/e1/e1-logo_640x640.png\",\"width\":640,\"height\":640},\"small\":{\"url\":\"https://imgu.web.nhk/common/broadcastservice/bs/e1/e1-logo_200x200.png\",\"width\":200,\"height\":200}},\"eyecatch\":{\"url\":\"https://imgu.web.nhk/common/broadcastservice/bs/e1/e1-eyecatch.svg\",\"large\":{\"url\":\"https://imgu.web.nhk/common/broadcastservice/bs/e1/e1-eyecatch_3840x2160.png\",\"width\":3840,\"height\":2160},\"main\":{\"url\":\"https://imgu.web.nhk/common/broadcastservice/bs/e1/e1-eyecatch_1920x1080.png\",\"width\":1920,\"height\":1080},\"medium\":{\"url\":\"https://imgu.web.nhk/common/broadcastservice/bs/e1/e1-eyecatch_1280x720.png\",\"width\":1280,\"height\":720},\"small\":{\"url\":\"https://imgu.web.nhk/common/broadcastservice/bs/e1/e1-eyecatch_640x360.png\",\"width\":640,\"height\":360}},\"hero\":{\"url\":\"https://imgu.web.nhk/common/broadcastservice/bs/e1/e1-hero.svg\",\"main\":{\"url\":\"https://imgu.web.nhk/common/broadcastservice/bs/e1/e1-hero_1920x640.png\",\"width\":1920,\"height\":640},\"medium\":{\"url\":\"https://imgu.web.nhk/common/broadcastservice/bs/e1/e1-hero_1080x360.png\",\"width\":1080,\"height\":360}},\"badge9x4\":{\"url\":\"https://imgu.web.nhk/common/broadcastservice/bs/e1/e1-badge9x4.svg\",\"main\":{\"url\":\"https://imgu.web.nhk/common/broadcastservice/bs/e1/e1-badge9x4_360x160.png\",\"width\":360,\"height\":160},\"small\":{\"url\":\"https://imgu.web.nhk/common/broadcastservice/bs/e1/e1-badge9x4_180x80.png\",\"width\":180,\"height\":80}}}},\"eyecatch\":{\"large\":{\"url\":\"https://imgu.web.nhk/static/assets/images/tvepisode/te/W3G6PZ9929/W3G6PZ9929-eyecatch_e9f3ae8688d21bfa120d1b44a67758f1.jpg\",\"width\":3840,\"height\":2160},\"main\":{\"url\":\"https://imgu.web.nhk/static/assets/images/tvepisode/te/W3G6PZ9929/W3G6PZ9929-eyecatch_7c11b298586d87b3806e7e741cf96845.jpg\",\"width\":1920,\"height\":1080},\"medium\":{\"url\":\"https://imgu.web.nhk/static/assets/images/tvepisode/te/W3G6PZ9929/W3G6PZ9929-eyecatch_8c373e39dfa5d9fad9689336ffbf20cb.jpg\",\"width\":1280,\"height\":720},\"small\":{\"url\":\"https://imgu.web.nhk/static/assets/images/tvepisode/te/W3G6PZ9929/W3G6PZ9929-eyecatch_88145b2bf3dac9aa463dde17ff7f77f5.jpg\",\"width\":640,\"height\":360}},\"eyecatchList\":[{\"large\":{\"url\":\"https://imgu.web.nhk/static/assets/images/tvepisode/te/W3G6PZ9929/W3G6PZ9929-eyecatches_83838e0fcf9f72e0664a8f814c835aa4.jpg\",\"width\":3840,\"height\":2160},\"main\":{\"url\":\"https://imgu.web.nhk/static/assets/images/tvepisode/te/W3G6PZ9929/W3G6PZ9929-eyecatches_a1b487731a2d720e9a39efc7ec0fcca9.jpg\",\"width\":1920,\"height\":1080},\"medium\":{\"url\":\"https://imgu.web.nhk/static/assets/images/tvepisode/te/W3G6PZ9929/W3G6PZ9929-eyecatches_d032d7bcbb9211b6045414de01450c2c.jpg\",\"width\":1280,\"height\":720},\"small\":{\"url\":\"https://imgu.web.nhk/static/assets/images/tvepisode/te/W3G6PZ9929/W3G6PZ9929-eyecatches_6e122ddbb46b35eb08de483c3576ea9e.jpg\",\"width\":640,\"height\":360}}],\"video\":[],\"citation\":[],\"detailedPinnedCitation\":[],\"sameAs\":[],\"correction\":[],\"url\":\"https://api-local.ss.org.nhk/r8/t/tvepisode/te/W3G6PZ9929.json\",\"canonical\":\"https://www.web.nhk/tv/an/thundermans-undercover/pl/series-tep-J5N1R29NKP/ep/W3G6PZ9929\",\"associatedMedia\":[],\"hasPart\":[],\"additionalProperty\":{\"episodeMergeStatus\":\"notMerged\"}},\"link\":{\"href\":\"https://www.web.nhk/tv/an/thundermans-undercover/pl/series-tep-J5N1R29NKP/ep/W3G6PZ9929\"}}]\n"])</script><script>self.__next_f.push([1,"68:[\"$\",\"$L2a\",\"5N2QXQKNRP\",{\"content\":{\"type\":\"TVEpisode\",\"id\":\"5N2QXQKNRP\",\"name\":\"(2)「不完全パワー」\",\"detailedEpisodeNameRuby\":\"\",\"identifierGroup\":{\"tvEpisodeId\":\"5N2QXQKNRP\",\"tvSeriesId\":\"J5N1R29NKP\",\"tvEpisodeName\":\"(2)「不完全パワー」\",\"tvSeriesName\":\"超能力ファミリー サンダーマン 〜秘密大作戦\",\"hashtag\":[],\"serviceId\":[\"e1\"],\"aliasId\":\"thundermans-undercover\",\"formatGenreTag\":[{\"id\":\"03\",\"name\":\"ドラマ\"}],\"themeGenreTag\":[{\"id\":\"032\",\"name\":\"海外ドラマ\"}]},\"keyword\":[],\"description\":\"フィービーとマックスがクロエをトレーニングしていたところ、アクシデントが起き、クロエが透明になってしまう。そこでフィービーが、自分がけがをしたときに試す治療をやってみたところ、姿は見えるようになったが、今度はクロエにサンダーマンファミリーのパワーが次々と現れてしまった！次にマックスが自己流の治療を試してみるが…。\",\"dateCreated\":\"2025-12-24T18:24:38+09:00\",\"dateModified\":\"2026-01-04T04:44:37+09:00\",\"actor\":[],\"contributor\":[],\"partOfSeries\":{\"id\":\"J5N1R29NKP\",\"name\":\"超能力ファミリー サンダーマン 〜秘密大作戦\",\"detailedSeriesNameRuby\":\"ちょうのうりょくふぁみりー　さんだーまん　ひみつだいさくせん\",\"identifierGroup\":{\"tvSeriesId\":\"J5N1R29NKP\",\"tvSeriesPlaylistId\":\"series-tep-J5N1R29NKP\",\"tvSeriesUId\":\"p76a1fcd4-86a1-50d8-9c0e-2fa284e5ff74\",\"tvSeriesName\":\"超能力ファミリー サンダーマン 〜秘密大作戦\",\"hashtag\":[],\"serviceId\":[\"e1\",\"e3\"],\"aliasId\":\"thundermans-undercover\",\"formatGenre\":[{\"id\":\"03\",\"name\":\"ドラマ\"}]},\"keyword\":[],\"detailedSynonym\":[],\"sameAs\":[],\"canonical\":\"https://www.web.nhk/tv/an/thundermans-undercover/pl/series-tep-J5N1R29NKP\",\"description\":\"シークレットショアーズという町で邪悪な通信が検知された。フィービーとマックスは、ヒーロー連盟のキックバット会長の命令でその町に潜入捜査に向かうことに。２人はクロエも連れて行くことにする。というのも、クロエの周りにはサンダーマンの知名度を目当てに近づいてくる友だちばかりで、クロエに普通の子と同じように暮らしてもらいたいという思いがあった。さらにそこに押しかけるようにドクター・コロッソもついて来ることに。どうやらコロッソは謎の人物と連絡をとりあっているようだが…。\\n\\n原題：The Thundermans : Undercover\\n制作：2025年 アメリカ\\n\",\"detailedCatch\":\"帰ってきた「サンダーマン」 フィービー、マックス、クロエが素性を隠して秘密の捜査！[全13回]\",\"logo\":{\"main\":{\"url\":\"https://imgu.web.nhk/static/assets/images/tvseries/ts/J5N1R29NKP/J5N1R29NKP-logo_74ef06fd440caaa9d97aff4c5c2ab3df.jpg\",\"width\":1080,\"height\":1080},\"medium\":{\"url\":\"https://imgu.web.nhk/static/assets/images/tvseries/ts/J5N1R29NKP/J5N1R29NKP-logo_fdc105e2b68bcecc5d39610a9382e988.jpg\",\"width\":640,\"height\":640},\"small\":{\"url\":\"https://imgu.web.nhk/static/assets/images/tvseries/ts/J5N1R29NKP/J5N1R29NKP-logo_6c1e491f9fc15c1c386355d4d873b3bf.jpg\",\"width\":200,\"height\":200}},\"eyecatch\":{\"large\":{\"url\":\"https://imgu.web.nhk/static/assets/images/tvseries/ts/J5N1R29NKP/J5N1R29NKP-eyecatch_2a3aff5a26f88a0aeafc1d758b24dfa2.jpg\",\"width\":3840,\"height\":2160},\"main\":{\"url\":\"https://imgu.web.nhk/static/assets/images/tvseries/ts/J5N1R29NKP/J5N1R29NKP-eyecatch_89a09384518ac9ecb0401835548ddef4.jpg\",\"width\":1920,\"height\":1080},\"medium\":{\"url\":\"https://imgu.web.nhk/static/assets/images/tvseries/ts/J5N1R29NKP/J5N1R29NKP-eyecatch_4dd6526e212839c55f632034bfa30710.jpg\",\"width\":1280,\"height\":720},\"small\":{\"url\":\"https://imgu.web.nhk/static/assets/images/tvseries/ts/J5N1R29NKP/J5N1R29NKP-eyecatch_7c51081d1ae4c70360cc8281b602ddf3.jpg\",\"width\":640,\"height\":360}},\"hero\":{\"main\":{\"url\":\"https://imgu.web.nhk/static/assets/images/tvseries/ts/J5N1R29NKP/J5N1R29NKP-hero_6deb1b6d80946924f01be4c469081808.jpg\",\"width\":1920,\"height\":640},\"medium\":{\"url\":\"https://imgu.web.nhk/static/assets/images/tvseries/ts/J5N1R29NKP/J5N1R29NKP-hero_34fef2285dc63b8abeb2e4185ae1a92a.jpg\",\"width\":1080,\"height\":360}},\"style\":{\"textLight\":\"#000000\",\"textDark\":\"#FFFFFF\",\"linkLight\":\"#E72400\",\"linkDark\":\"#FF4928\",\"primaryLight\":\"#FF2800\",\"primaryDark\":\"#FF2800\"},\"additionalProperty\":{\"publishLevel\":\"full\",\"layoutPattern\":\"summary\",\"episodeOrderBy\":\"releasedEvent\",\"availableOnPlus\":false,\"enableVariablePlayBackSpeedControl\":false,\"optional\":[],\"seriesPackStatus\":\"notPacked\",\"supportMedia\":[\"@screen\"],\"supportMusicList\":true,\"supportPlusEmbed\":true,\"enableWebContent\":false},\"url\":\"https://api-local.ss.org.nhk/r8/t/nplaylist/pl/series-tep-J5N1R29NKP.json\",\"itemUrl\":\"https://api-local.ss.org.nhk/r8/l/tvepisode/pl/series-tep-J5N1R29NKP.json\"},\"releasedEvent\":{\"startDate\":\"2026-01-11T17:25:00+09:00\",\"displayStartDate\":\"2026-01-11T17:25:00+09:00\",\"endDate\":\"2026-01-11T17:50:00+09:00\",\"publishedOn\":{\"type\":\"BroadcastService\",\"id\":\"bs-e1-130\",\"name\":\"NHK教育テレビジョン\",\"url\":\"https://api-local.ss.org.nhk/r8/t/broadcastservice/bs/e1-130.json\",\"broadcastDisplayName\":\"NHK Eテレ・東京\",\"videoFormat\":[\"2K\"],\"encodingFormat\":[\"video/X-arib-mpeg2\",\"audio/X-arib-mpeg2-aac\"],\"identifierGroup\":{\"serviceId\":\"e1\",\"serviceName\":\"NHK Eテレ1\",\"areaId\":\"130\",\"areaName\":\"東京\",\"channelId\":\"021\",\"channelKey\":\"2\",\"channelAreaName\":\"東京\",\"channelStationName\":\"首都圏\",\"shortenedName\":\"NHK Eテレ1\",\"shortenedDisplayName\":\"Eテレ\",\"multiChannelDisplayName\":\"Eテレ\"},\"logo\":{\"url\":\"https://imgu.web.nhk/common/broadcastservice/bs/e1/e1-logo.svg\",\"main\":{\"url\":\"https://imgu.web.nhk/common/broadcastservice/bs/e1/e1-logo_1080x1080.png\",\"width\":1080,\"height\":1080},\"medium\":{\"url\":\"https://imgu.web.nhk/common/broadcastservice/bs/e1/e1-logo_640x640.png\",\"width\":640,\"height\":640},\"small\":{\"url\":\"https://imgu.web.nhk/common/broadcastservice/bs/e1/e1-logo_200x200.png\",\"width\":200,\"height\":200}},\"eyecatch\":{\"url\":\"https://imgu.web.nhk/common/broadcastservice/bs/e1/e1-eyecatch.svg\",\"large\":{\"url\":\"https://imgu.web.nhk/common/broadcastservice/bs/e1/e1-eyecatch_3840x2160.png\",\"width\":3840,\"height\":2160},\"main\":{\"url\":\"https://imgu.web.nhk/common/broadcastservice/bs/e1/e1-eyecatch_1920x1080.png\",\"width\":1920,\"height\":1080},\"medium\":{\"url\":\"https://imgu.web.nhk/common/broadcastservice/bs/e1/e1-eyecatch_1280x720.png\",\"width\":1280,\"height\":720},\"small\":{\"url\":\"https://imgu.web.nhk/common/broadcastservice/bs/e1/e1-eyecatch_640x360.png\",\"width\":640,\"height\":360}},\"hero\":{\"url\":\"https://imgu.web.nhk/common/broadcastservice/bs/e1/e1-hero.svg\",\"main\":{\"url\":\"https://imgu.web.nhk/common/broadcastservice/bs/e1/e1-hero_1920x640.png\",\"width\":1920,\"height\":640},\"medium\":{\"url\":\"https://imgu.web.nhk/common/broadcastservice/bs/e1/e1-hero_1080x360.png\",\"width\":1080,\"height\":360}},\"badge9x4\":{\"url\":\"https://imgu.web.nhk/common/broadcastservice/bs/e1/e1-badge9x4.svg\",\"main\":{\"url\":\"https://imgu.web.nhk/common/broadcastservice/bs/e1/e1-badge9x4_360x160.png\",\"width\":360,\"height\":160},\"small\":{\"url\":\"https://imgu.web.nhk/common/broadcastservice/bs/e1/e1-badge9x4_180x80.png\",\"width\":180,\"height\":80}}}},\"detailedRecentEvent\":{\"startDate\":\"2026-01-11T17:25:00+09:00\",\"endDate\":\"2026-01-11T17:50:00+09:00\",\"publishedOn\":{\"type\":\"BroadcastService\",\"id\":\"bs-e1-130\",\"name\":\"NHK教育テレビジョン\",\"url\":\"https://api-local.ss.org.nhk/r8/t/broadcastservice/bs/e1-130.json\",\"broadcastDisplayName\":\"NHK Eテレ・東京\",\"videoFormat\":[\"2K\"],\"encodingFormat\":[\"video/X-arib-mpeg2\",\"audio/X-arib-mpeg2-aac\"],\"identifierGroup\":{\"serviceId\":\"e1\",\"serviceName\":\"NHK Eテレ1\",\"areaId\":\"130\",\"areaName\":\"東京\",\"channelId\":\"021\",\"channelKey\":\"2\",\"channelAreaName\":\"東京\",\"channelStationName\":\"首都圏\",\"shortenedName\":\"NHK Eテレ1\",\"shortenedDisplayName\":\"Eテレ\",\"multiChannelDisplayName\":\"Eテレ\"},\"logo\":{\"url\":\"https://imgu.web.nhk/common/broadcastservice/bs/e1/e1-logo.svg\",\"main\":{\"url\":\"https://imgu.web.nhk/common/broadcastservice/bs/e1/e1-logo_1080x1080.png\",\"width\":1080,\"height\":1080},\"medium\":{\"url\":\"https://imgu.web.nhk/common/broadcastservice/bs/e1/e1-logo_640x640.png\",\"width\":640,\"height\":640},\"small\":{\"url\":\"https://imgu.web.nhk/common/broadcastservice/bs/e1/e1-logo_200x200.png\",\"width\":200,\"height\":200}},\"eyecatch\":{\"url\":\"https://imgu.web.nhk/common/broadcastservice/bs/e1/e1-eyecatch.svg\",\"large\":{\"url\":\"https://imgu.web.nhk/common/broadcastservice/bs/e1/e1-eyecatch_3840x2160.png\",\"width\":3840,\"height\":2160},\"main\":{\"url\":\"https://imgu.web.nhk/common/broadcastservice/bs/e1/e1-eyecatch_1920x1080.png\",\"width\":1920,\"height\":1080},\"medium\":{\"url\":\"https://imgu.web.nhk/common/broadcastservice/bs/e1/e1-eyecatch_1280x720.png\",\"width\":1280,\"height\":720},\"small\":{\"url\":\"https://imgu.web.nhk/common/broadcastservice/bs/e1/e1-eyecatch_640x360.png\",\"width\":640,\"height\":360}},\"hero\":{\"url\":\"https://imgu.web.nhk/common/broadcastservice/bs/e1/e1-hero.svg\",\"main\":{\"url\":\"https://imgu.web.nhk/common/broadcastservice/bs/e1/e1-hero_1920x640.png\",\"width\":1920,\"height\":640},\"medium\":{\"url\":\"https://imgu.web.nhk/common/broadcastservice/bs/e1/e1-hero_1080x360.png\",\"width\":1080,\"height\":360}},\"badge9x4\":{\"url\":\"https://imgu.web.nhk/common/broadcastservice/bs/e1/e1-badge9x4.svg\",\"main\":{\"url\":\"https://imgu.web.nhk/common/broadcastservice/bs/e1/e1-badge9x4_360x160.png\",\"width\":360,\"height\":160},\"small\":{\"url\":\"https://imgu.web.nhk/common/broadcastservice/bs/e1/e1-badge9x4_180x80.png\",\"width\":180,\"height\":80}}}},\"eyecatch\":{\"large\":{\"url\":\"https://imgu.web.nhk/static/assets/images/tvepisode/te/5N2QXQKNRP/5N2QXQKNRP-eyecatch_3c8d3b29537cbc876c3e44b7bfb0b4ff.jpg\",\"width\":3840,\"height\":2160},\"main\":{\"url\":\"https://imgu.web.nhk/static/assets/images/tvepisode/te/5N2QXQKNRP/5N2QXQKNRP-eyecatch_03fb5723cba804117bdcd9e55e0cba63.jpg\",\"width\":1920,\"height\":1080},\"medium\":{\"url\":\"https://imgu.web.nhk/static/assets/images/tvepisode/te/5N2QXQKNRP/5N2QXQKNRP-eyecatch_e6ff23863a65351ad458210ea8ef0a7d.jpg\",\"width\":1280,\"height\":720},\"small\":{\"url\":\"https://imgu.web.nhk/static/assets/images/tvepisode/te/5N2QXQKNRP/5N2QXQKNRP-eyecatch_7b94089b9e3c418a9fde04feddba50c3.jpg\",\"width\":640,\"height\":360}},\"eyecatchList\":[{\"large\":{\"url\":\"https://imgu.web.nhk/static/assets/images/tvepisode/te/5N2QXQKNRP/5N2QXQKNRP-eyecatches_a62d59b9688de4a1d5cea652fa9b66d6.jpg\",\"width\":3840,\"height\":2160},\"main\":{\"url\":\"https://imgu.web.nhk/static/assets/images/tvepisode/te/5N2QXQKNRP/5N2QXQKNRP-eyecatches_6e2691debc75455eaa2d70b33b19f530.jpg\",\"width\":1920,\"height\":1080},\"medium\":{\"url\":\"https://imgu.web.nhk/static/assets/images/tvepisode/te/5N2QXQKNRP/5N2QXQKNRP-eyecatches_5744dcddc06eac2d946890e4cca84bf1.jpg\",\"width\":1280,\"height\":720},\"small\":{\"url\":\"https://imgu.web.nhk/static/assets/images/tvepisode/te/5N2QXQKNRP/5N2QXQKNRP-eyecatches_a077ba6d1c02d39a638eb5550d9795be.jpg\",\"width\":640,\"height\":360}},{\"large\":{\"url\":\"https://imgu.web.nhk/static/assets/images/tvepisode/te/5N2QXQKNRP/5N2QXQKNRP-eyecatches_eb3b661874562bd6995417782b06049b.jpg\",\"width\":3840,\"height\":2160},\"main\":{\"url\":\"https://imgu.web.nhk/static/assets/images/tvepisode/te/5N2QXQKNRP/5N2QXQKNRP-eyecatches_213bf06467bf60bcc5d9a72546d146ce.jpg\",\"width\":1920,\"height\":1080},\"medium\":{\"url\":\"https://imgu.web.nhk/static/assets/images/tvepisode/te/5N2QXQKNRP/5N2QXQKNRP-eyecatches_ea4f551d748b013e347f14fc3dd22021.jpg\",\"width\":1280,\"height\":720},\"small\":{\"url\":\"https://imgu.web.nhk/static/assets/images/tvepisode/te/5N2QXQKNRP/5N2QXQKNRP-eyecatches_954f47f54d7418d6e840e85d720a380d.jpg\",\"width\":640,\"height\":360}},{\"large\":{\"url\":\"https://imgu.web.nhk/static/assets/images/tvepisode/te/5N2QXQKNRP/5N2QXQKNRP-eyecatches_f268a94ed14bed88c0c8e52c63708736.jpg\",\"width\":3840,\"height\":2160},\"main\":{\"url\":\"https://imgu.web.nhk/static/assets/images/tvepisode/te/5N2QXQKNRP/5N2QXQKNRP-eyecatches_50dd994aa356bd88e87e1ec39324cc0f.jpg\",\"width\":1920,\"height\":1080},\"medium\":{\"url\":\"https://imgu.web.nhk/static/assets/images/tvepisode/te/5N2QXQKNRP/5N2QXQKNRP-eyecatches_8ce0c1ea55c952b82c3ecbfd2e49fd5b.jpg\",\"width\":1280,\"height\":720},\"small\":{\"url\":\"https://imgu.web.nhk/static/assets/images/tvepisode/te/5N2QXQKNRP/5N2QXQKNRP-eyecatches_7ea8aa7cd9fd0d1a3d3a7158a748f2e3.jpg\",\"width\":640,\"height\":360}}],\"video\":[],\"citation\":[],\"detailedPinnedCitation\":[],\"sameAs\":[],\"correction\":[],\"url\":\"https://api-local.ss.org.nhk/r8/t/tvepisode/te/5N2QXQKNRP.json\",\"canonical\":\"https://www.web.nhk/tv/an/thundermans-undercover/pl/series-tep-J5N1R29NKP/ep/5N2QXQKNRP\",\"associatedMedia\":[],\"hasPart\":[],\"additionalProperty\":{\"episodeMergeStatus\":\"notMerged\"}},\"link\":{\"href\":\"https://www.web.nhk/tv/an/thundermans-undercover/pl/series-tep-J5N1R29NKP/ep/5N2QXQKNRP\"}}]\n"])</script><script>self.__next_f.push([1,"69:[\"$\",\"$L2a\",\"856PVM8X3Y\",{\"content\":{\"type\":\"TVEpisode\",\"id\":\"856PVM8X3Y\",\"name\":\"(1)「サンダーカバー」\",\"detailedEpisodeNameRuby\":\"\",\"identifierGroup\":{\"tvEpisodeId\":\"856PVM8X3Y\",\"tvSeriesId\":\"J5N1R29NKP\",\"tvEpisodeName\":\"(1)「サンダーカバー」\",\"tvSeriesName\":\"超能力ファミリー サンダーマン 〜秘密大作戦\",\"hashtag\":[],\"serviceId\":[\"e1\",\"e3\"],\"aliasId\":\"thundermans-undercover\",\"formatGenreTag\":[{\"id\":\"03\",\"name\":\"ドラマ\"}],\"themeGenreTag\":[{\"id\":\"032\",\"name\":\"海外ドラマ\"}]},\"keyword\":[],\"description\":\"シークレットショアーズという町で邪悪な通信が検知された。フィービーとマックスは、ヒーロー連盟の会長の命令で潜入捜査に向かうことに。２人はクロエも連れて行くことにする。クロエの周りにはサンダーマンの知名度を目当てに近づいてくる子ばかりで、クロエに普通の子として暮らしてもらいたいという思いがあった。さらにドクター・コロッソもついて来る。どうやらコロッソは謎の人物と連絡をとりあっているようだが…。\",\"dateCreated\":\"2025-11-14T18:37:33+09:00\",\"dateModified\":\"2025-12-28T04:44:57+09:00\",\"actor\":[],\"contributor\":[],\"partOfSeries\":{\"id\":\"J5N1R29NKP\",\"name\":\"超能力ファミリー サンダーマン 〜秘密大作戦\",\"detailedSeriesNameRuby\":\"ちょうのうりょくふぁみりー　さんだーまん　ひみつだいさくせん\",\"identifierGroup\":{\"tvSeriesId\":\"J5N1R29NKP\",\"tvSeriesPlaylistId\":\"series-tep-J5N1R29NKP\",\"tvSeriesUId\":\"p76a1fcd4-86a1-50d8-9c0e-2fa284e5ff74\",\"tvSeriesName\":\"超能力ファミリー サンダーマン 〜秘密大作戦\",\"hashtag\":[],\"serviceId\":[\"e1\",\"e3\"],\"aliasId\":\"thundermans-undercover\",\"formatGenre\":[{\"id\":\"03\",\"name\":\"ドラマ\"}]},\"keyword\":[],\"detailedSynonym\":[],\"sameAs\":[],\"canonical\":\"https://www.web.nhk/tv/an/thundermans-undercover/pl/series-tep-J5N1R29NKP\",\"description\":\"シークレットショアーズという町で邪悪な通信が検知された。フィービーとマックスは、ヒーロー連盟のキックバット会長の命令でその町に潜入捜査に向かうことに。２人はクロエも連れて行くことにする。というのも、クロエの周りにはサンダーマンの知名度を目当てに近づいてくる友だちばかりで、クロエに普通の子と同じように暮らしてもらいたいという思いがあった。さらにそこに押しかけるようにドクター・コロッソもついて来ることに。どうやらコロッソは謎の人物と連絡をとりあっているようだが…。\\n\\n原題：The Thundermans : Undercover\\n制作：2025年 アメリカ\\n\",\"detailedCatch\":\"帰ってきた「サンダーマン」 フィービー、マックス、クロエが素性を隠して秘密の捜査！[全13回]\",\"logo\":{\"main\":{\"url\":\"https://imgu.web.nhk/static/assets/images/tvseries/ts/J5N1R29NKP/J5N1R29NKP-logo_74ef06fd440caaa9d97aff4c5c2ab3df.jpg\",\"width\":1080,\"height\":1080},\"medium\":{\"url\":\"https://imgu.web.nhk/static/assets/images/tvseries/ts/J5N1R29NKP/J5N1R29NKP-logo_fdc105e2b68bcecc5d39610a9382e988.jpg\",\"width\":640,\"height\":640},\"small\":{\"url\":\"https://imgu.web.nhk/static/assets/images/tvseries/ts/J5N1R29NKP/J5N1R29NKP-logo_6c1e491f9fc15c1c386355d4d873b3bf.jpg\",\"width\":200,\"height\":200}},\"eyecatch\":{\"large\":{\"url\":\"https://imgu.web.nhk/static/assets/images/tvseries/ts/J5N1R29NKP/J5N1R29NKP-eyecatch_2a3aff5a26f88a0aeafc1d758b24dfa2.jpg\",\"width\":3840,\"height\":2160},\"main\":{\"url\":\"https://imgu.web.nhk/static/assets/images/tvseries/ts/J5N1R29NKP/J5N1R29NKP-eyecatch_89a09384518ac9ecb0401835548ddef4.jpg\",\"width\":1920,\"height\":1080},\"medium\":{\"url\":\"https://imgu.web.nhk/static/assets/images/tvseries/ts/J5N1R29NKP/J5N1R29NKP-eyecatch_4dd6526e212839c55f632034bfa30710.jpg\",\"width\":1280,\"height\":720},\"small\":{\"url\":\"https://imgu.web.nhk/static/assets/images/tvseries/ts/J5N1R29NKP/J5N1R29NKP-eyecatch_7c51081d1ae4c70360cc8281b602ddf3.jpg\",\"width\":640,\"height\":360}},\"hero\":{\"main\":{\"url\":\"https://imgu.web.nhk/static/assets/images/tvseries/ts/J5N1R29NKP/J5N1R29NKP-hero_6deb1b6d80946924f01be4c469081808.jpg\",\"width\":1920,\"height\":640},\"medium\":{\"url\":\"https://imgu.web.nhk/static/assets/images/tvseries/ts/J5N1R29NKP/J5N1R29NKP-hero_34fef2285dc63b8abeb2e4185ae1a92a.jpg\",\"width\":1080,\"height\":360}},\"style\":{\"textLight\":\"#000000\",\"textDark\":\"#FFFFFF\",\"linkLight\":\"#E72400\",\"linkDark\":\"#FF4928\",\"primaryLight\":\"#FF2800\",\"primaryDark\":\"#FF2800\"},\"additionalProperty\":{\"publishLevel\":\"full\",\"layoutPattern\":\"summary\",\"episodeOrderBy\":\"releasedEvent\",\"availableOnPlus\":false,\"enableVariablePlayBackSpeedControl\":false,\"optional\":[],\"seriesPackStatus\":\"notPacked\",\"supportMedia\":[\"@screen\"],\"supportMusicList\":true,\"supportPlusEmbed\":true,\"enableWebContent\":false},\"url\":\"https://api-local.ss.org.nhk/r8/t/nplaylist/pl/series-tep-J5N1R29NKP.json\",\"itemUrl\":\"https://api-local.ss.org.nhk/r8/l/tvepisode/pl/series-tep-J5N1R29NKP.json\"},\"releasedEvent\":{\"startDate\":\"2026-01-04T17:25:00+09:00\",\"displayStartDate\":\"2026-01-04T17:25:00+09:00\",\"endDate\":\"2026-01-04T17:50:00+09:00\",\"publishedOn\":{\"type\":\"BroadcastService\",\"id\":\"bs-e1-130\",\"name\":\"NHK教育テレビジョン\",\"url\":\"https://api-local.ss.org.nhk/r8/t/broadcastservice/bs/e1-130.json\",\"broadcastDisplayName\":\"NHK Eテレ・東京\",\"videoFormat\":[\"2K\"],\"encodingFormat\":[\"video/X-arib-mpeg2\",\"audio/X-arib-mpeg2-aac\"],\"identifierGroup\":{\"serviceId\":\"e1\",\"serviceName\":\"NHK Eテレ1\",\"areaId\":\"130\",\"areaName\":\"東京\",\"channelId\":\"021\",\"channelKey\":\"2\",\"channelAreaName\":\"東京\",\"channelStationName\":\"首都圏\",\"shortenedName\":\"NHK Eテレ1\",\"shortenedDisplayName\":\"Eテレ\",\"multiChannelDisplayName\":\"Eテレ\"},\"logo\":{\"url\":\"https://imgu.web.nhk/common/broadcastservice/bs/e1/e1-logo.svg\",\"main\":{\"url\":\"https://imgu.web.nhk/common/broadcastservice/bs/e1/e1-logo_1080x1080.png\",\"width\":1080,\"height\":1080},\"medium\":{\"url\":\"https://imgu.web.nhk/common/broadcastservice/bs/e1/e1-logo_640x640.png\",\"width\":640,\"height\":640},\"small\":{\"url\":\"https://imgu.web.nhk/common/broadcastservice/bs/e1/e1-logo_200x200.png\",\"width\":200,\"height\":200}},\"eyecatch\":{\"url\":\"https://imgu.web.nhk/common/broadcastservice/bs/e1/e1-eyecatch.svg\",\"large\":{\"url\":\"https://imgu.web.nhk/common/broadcastservice/bs/e1/e1-eyecatch_3840x2160.png\",\"width\":3840,\"height\":2160},\"main\":{\"url\":\"https://imgu.web.nhk/common/broadcastservice/bs/e1/e1-eyecatch_1920x1080.png\",\"width\":1920,\"height\":1080},\"medium\":{\"url\":\"https://imgu.web.nhk/common/broadcastservice/bs/e1/e1-eyecatch_1280x720.png\",\"width\":1280,\"height\":720},\"small\":{\"url\":\"https://imgu.web.nhk/common/broadcastservice/bs/e1/e1-eyecatch_640x360.png\",\"width\":640,\"height\":360}},\"hero\":{\"url\":\"https://imgu.web.nhk/common/broadcastservice/bs/e1/e1-hero.svg\",\"main\":{\"url\":\"https://imgu.web.nhk/common/broadcastservice/bs/e1/e1-hero_1920x640.png\",\"width\":1920,\"height\":640},\"medium\":{\"url\":\"https://imgu.web.nhk/common/broadcastservice/bs/e1/e1-hero_1080x360.png\",\"width\":1080,\"height\":360}},\"badge9x4\":{\"url\":\"https://imgu.web.nhk/common/broadcastservice/bs/e1/e1-badge9x4.svg\",\"main\":{\"url\":\"https://imgu.web.nhk/common/broadcastservice/bs/e1/e1-badge9x4_360x160.png\",\"width\":360,\"height\":160},\"small\":{\"url\":\"https://imgu.web.nhk/common/broadcastservice/bs/e1/e1-badge9x4_180x80.png\",\"width\":180,\"height\":80}}}},\"detailedRecentEvent\":{\"startDate\":\"2026-01-04T17:25:00+09:00\",\"endDate\":\"2026-01-04T17:50:00+09:00\",\"publishedOn\":{\"type\":\"BroadcastService\",\"id\":\"bs-e1-130\",\"name\":\"NHK教育テレビジョン\",\"url\":\"https://api-local.ss.org.nhk/r8/t/broadcastservice/bs/e1-130.json\",\"broadcastDisplayName\":\"NHK Eテレ・東京\",\"videoFormat\":[\"2K\"],\"encodingFormat\":[\"video/X-arib-mpeg2\",\"audio/X-arib-mpeg2-aac\"],\"identifierGroup\":{\"serviceId\":\"e1\",\"serviceName\":\"NHK Eテレ1\",\"areaId\":\"130\",\"areaName\":\"東京\",\"channelId\":\"021\",\"channelKey\":\"2\",\"channelAreaName\":\"東京\",\"channelStationName\":\"首都圏\",\"shortenedName\":\"NHK Eテレ1\",\"shortenedDisplayName\":\"Eテレ\",\"multiChannelDisplayName\":\"Eテレ\"},\"logo\":{\"url\":\"https://imgu.web.nhk/common/broadcastservice/bs/e1/e1-logo.svg\",\"main\":{\"url\":\"https://imgu.web.nhk/common/broadcastservice/bs/e1/e1-logo_1080x1080.png\",\"width\":1080,\"height\":1080},\"medium\":{\"url\":\"https://imgu.web.nhk/common/broadcastservice/bs/e1/e1-logo_640x640.png\",\"width\":640,\"height\":640},\"small\":{\"url\":\"https://imgu.web.nhk/common/broadcastservice/bs/e1/e1-logo_200x200.png\",\"width\":200,\"height\":200}},\"eyecatch\":{\"url\":\"https://imgu.web.nhk/common/broadcastservice/bs/e1/e1-eyecatch.svg\",\"large\":{\"url\":\"https://imgu.web.nhk/common/broadcastservice/bs/e1/e1-eyecatch_3840x2160.png\",\"width\":3840,\"height\":2160},\"main\":{\"url\":\"https://imgu.web.nhk/common/broadcastservice/bs/e1/e1-eyecatch_1920x1080.png\",\"width\":1920,\"height\":1080},\"medium\":{\"url\":\"https://imgu.web.nhk/common/broadcastservice/bs/e1/e1-eyecatch_1280x720.png\",\"width\":1280,\"height\":720},\"small\":{\"url\":\"https://imgu.web.nhk/common/broadcastservice/bs/e1/e1-eyecatch_640x360.png\",\"width\":640,\"height\":360}},\"hero\":{\"url\":\"https://imgu.web.nhk/common/broadcastservice/bs/e1/e1-hero.svg\",\"main\":{\"url\":\"https://imgu.web.nhk/common/broadcastservice/bs/e1/e1-hero_1920x640.png\",\"width\":1920,\"height\":640},\"medium\":{\"url\":\"https://imgu.web.nhk/common/broadcastservice/bs/e1/e1-hero_1080x360.png\",\"width\":1080,\"height\":360}},\"badge9x4\":{\"url\":\"https://imgu.web.nhk/common/broadcastservice/bs/e1/e1-badge9x4.svg\",\"main\":{\"url\":\"https://imgu.web.nhk/common/broadcastservice/bs/e1/e1-badge9x4_360x160.png\",\"width\":360,\"height\":160},\"small\":{\"url\":\"https://imgu.web.nhk/common/broadcastservice/bs/e1/e1-badge9x4_180x80.png\",\"width\":180,\"height\":80}}}},\"eyecatch\":{\"large\":{\"url\":\"https://imgu.web.nhk/static/assets/images/tvepisode/te/856PVM8X3Y/856PVM8X3Y-eyecatch_e22b80cc2a8e678ba26a873183443088.jpg\",\"width\":3840,\"height\":2160},\"main\":{\"url\":\"https://imgu.web.nhk/static/assets/images/tvepisode/te/856PVM8X3Y/856PVM8X3Y-eyecatch_2caa12122dd77d5ae4f330e9d8a29322.jpg\",\"width\":1920,\"height\":1080},\"medium\":{\"url\":\"https://imgu.web.nhk/static/assets/images/tvepisode/te/856PVM8X3Y/856PVM8X3Y-eyecatch_be42a87131e4755624845f4ea8dee933.jpg\",\"width\":1280,\"height\":720},\"small\":{\"url\":\"https://imgu.web.nhk/static/assets/images/tvepisode/te/856PVM8X3Y/856PVM8X3Y-eyecatch_c2aa619876c11337c34948f4e6c6dd2f.jpg\",\"width\":640,\"height\":360}},\"eyecatchList\":[{\"large\":{\"url\":\"https://imgu.web.nhk/static/assets/images/tvepisode/te/856PVM8X3Y/856PVM8X3Y-eyecatches_2209f709c228a44282352234317f3338.jpg\",\"width\":3840,\"height\":2160},\"main\":{\"url\":\"https://imgu.web.nhk/static/assets/images/tvepisode/te/856PVM8X3Y/856PVM8X3Y-eyecatches_55d1015e14d6d3119b3b41df41532110.jpg\",\"width\":1920,\"height\":1080},\"medium\":{\"url\":\"https://imgu.web.nhk/static/assets/images/tvepisode/te/856PVM8X3Y/856PVM8X3Y-eyecatches_77608579718da7c859d40d9c41127d65.jpg\",\"width\":1280,\"height\":720},\"small\":{\"url\":\"https://imgu.web.nhk/static/assets/images/tvepisode/te/856PVM8X3Y/856PVM8X3Y-eyecatches_23282efab52ffc28f2506db25784eabc.jpg\",\"width\":640,\"height\":360}},{\"large\":{\"url\":\"https://imgu.web.nhk/static/assets/images/tvepisode/te/856PVM8X3Y/856PVM8X3Y-eyecatches_0be2edc81bc6413ad7f420e37aa62935.jpg\",\"width\":3840,\"height\":2160},\"main\":{\"url\":\"https://imgu.web.nhk/static/assets/images/tvepisode/te/856PVM8X3Y/856PVM8X3Y-eyecatches_c792cf0b9de61087d8ade2aa8959f006.jpg\",\"width\":1920,\"height\":1080},\"medium\":{\"url\":\"https://imgu.web.nhk/static/assets/images/tvepisode/te/856PVM8X3Y/856PVM8X3Y-eyecatches_0024ad1524ec57dc282a18732c502a08.jpg\",\"width\":1280,\"height\":720},\"small\":{\"url\":\"https://imgu.web.nhk/static/assets/images/tvepisode/te/856PVM8X3Y/856PVM8X3Y-eyecatches_4fef23904c203e45827561c58fef43a6.jpg\",\"width\":640,\"height\":360}},{\"large\":{\"url\":\"https://imgu.web.nhk/static/assets/images/tvepisode/te/856PVM8X3Y/856PVM8X3Y-eyecatches_2e2090e3181d1a2673552047ed5a8b42.jpg\",\"width\":3840,\"height\":2160},\"main\":{\"url\":\"https://imgu.web.nhk/static/assets/images/tvepisode/te/856PVM8X3Y/856PVM8X3Y-eyecatches_0690fe3695855544431bdece25910d82.jpg\",\"width\":1920,\"height\":1080},\"medium\":{\"url\":\"https://imgu.web.nhk/static/assets/images/tvepisode/te/856PVM8X3Y/856PVM8X3Y-eyecatches_f04e86657ef6258062271530df300e1b.jpg\",\"width\":1280,\"height\":720},\"small\":{\"url\":\"https://imgu.web.nhk/static/assets/images/tvepisode/te/856PVM8X3Y/856PVM8X3Y-eyecatches_67508cd9f3dd0a40b2d0cf2194fb6f1e.jpg\",\"width\":640,\"height\":360}}],\"video\":[],\"citation\":[],\"detailedPinnedCitation\":[],\"sameAs\":[],\"correction\":[],\"url\":\"https://api-local.ss.org.nhk/r8/t/tvepisode/te/856PVM8X3Y.json\",\"canonical\":\"https://www.web.nhk/tv/an/thundermans-undercover/pl/series-tep-J5N1R29NKP/ep/856PVM8X3Y\",\"associatedMedia\":[],\"hasPart\":[],\"additionalProperty\":{\"episodeMergeStatus\":\"notMerged\"}},\"link\":{\"href\":\"https://www.web.nhk/tv/an/thundermans-undercover/pl/series-tep-J5N1R29NKP/ep/856PVM8X3Y\"}}]\n"])</script><script>self.__next_f.push([1,"21:[\"$\",\"$L6b\",null,{\"formats\":\"$undefined\",\"locale\":\"ja\",\"messages\":{\"packages/ui\":{\"error\":{\"fullscreen\":{\"top\":\"NHKトップへ\",\"one\":\"NHK ONEへ\",\"topNews\":\"トップニュース\",\"simul\":\"同時配信\",\"g1\":\"総合\",\"e1\":\"Eテレ\",\"documentTitle\":{\"default\":\"エラー | NHK\",\"withMessage\":\"エラー {errorMessage} | NHK\"}},\"generalErrors\":{\"APE000\":{\"title\":\"エラーが発生、もしくはページにアクセスできません。\",\"message\":\"時間を改めてアクセスいただくか、トップページから該当するページをお探しください。\"}},\"httpErrors\":{\"400\":{\"title\":\"エラーが発生、もしくはページにアクセスできません。\",\"message\":\"時間を改めてアクセスいただくか、トップページから該当するページをお探しください。\"},\"401\":{\"title\":\"エラーが発生、もしくはページにアクセスできません。\",\"message\":\"時間を改めてアクセスいただくか、トップページから該当するページをお探しください。\"},\"403\":{\"title\":\"アクセスが拒否されました。\",\"message\":\"トップページもしくはサイト内検索から該当するページをお探しください。\"},\"404\":{\"title\":\"お探しのページは見つかりませんでした。\",\"message\":\"ページが移動、または削除されたか、アドレスが間違っている可能性があります。\\nトップページもしくはサイト内検索から該当するページをお探しください。\"},\"500\":{\"title\":\"サーバーで問題が発生しました。\",\"message\":\"ご迷惑をおかけして申し訳ございませんが復旧に努めておりますので、時間を改めて、アクセスしてください。\"},\"501\":{\"title\":\"エラーが発生、もしくはページにアクセスできません。\",\"message\":\"時間を改めてアクセスいただくか、トップページから該当するページをお探しください。\"},\"502\":{\"title\":\"エラーが発生、もしくはページにアクセスできません。\",\"message\":\"時間を改めてアクセスいただくか、トップページから該当するページをお探しください。\"},\"503\":{\"title\":\"ただいま、サービスをご利用いただけません。\",\"message\":\"ご迷惑をおかけして申し訳ございませんが、時間を改めてアクセスしてください。\"},\"504\":{\"title\":\"サーバーが応答しなかったため、ページを表示できませんでした。\",\"message\":\"ご迷惑をおかけして申し訳ございませんが、時間を改めてアクセスしてください。\"}}}},\"components\":{\"webBreadcrumbList\":{\"top\":{\"label\":\"NHK ONE トップ\"}}}},\"now\":\"$undefined\",\"timeZone\":\"UTC\",\"children\":[\"$\",\"$L6c\",null,{\"pathPrefixes\":[\"/\"],\"children\":[\"$\",\"$L6d\",null,{\"appName\":\"nhk-tep-web\",\"env\":\"prd\",\"cookieDomain\":\".web.nhk\",\"apiBaseUrl\":\"https://api.web.nhk/r8\",\"emergencyMode\":false,\"allowErcp\":false,\"appBanner\":\"plus\",\"accountAuthNServerUrl\":\"https://oa.authn.ac2.nhk/api/v1\",\"accountlessAuthZServerUrl\":\"https://r.authz.ac1.nhk\",\"accountAuthZServerUrl\":\"https://r.authz.ac2.nhk\",\"accountlessProfileServerUrl\":\"https://profile.ac1.nhk/v1.0\",\"accountProfileServerUrl\":\"https://profile.ac2.nhk/v1.0\",\"accountlessAuthZAbroadServerUrl\":\"https://a.authz.ac1.nhk\",\"accountlessAuthZEmergencyServerUrl\":\"https://d.authz.ac1.nhk\",\"statusManagementServerUrl\":\"https://stmgt.web.nhk\",\"tokenBFFUrl\":\"https://www.web.nhk/tix\",\"setCookieServerUrl\":\"https://bake.web.nhk\",\"disableUI\":false,\"disableServiceHeader\":false,\"disableFeatures\":false,\"disableAuth\":false,\"serviceHeaderItems\":[{\"label\":\"NHKプラス\",\"link\":{\"href\":\"/tv/g1\"},\"items\":[{\"label\":\"放送同時配信\",\"items\":[{\"label\":\"総合テレビ\",\"link\":{\"href\":\"/tv/g1\"}},{\"label\":\"Eテレ\",\"link\":{\"href\":\"/tv/e1\"}}]},{\"label\":\"番組を探す\",\"items\":[{\"label\":\"番組表\",\"link\":{\"href\":\"https://www.nhk.jp/timetable\"}},{\"label\":\"検索\",\"link\":{\"href\":\"/search\"}}]},{\"label\":\"イチオシ番組\",\"items\":[{\"label\":\"きょうのイチオシ\",\"link\":{\"href\":\"/tv/pl/editorial-tep-7995EY6E6Z\"}},{\"label\":\"ばけばけ\",\"link\":{\"href\":\"/tv/an/bakebake/pl/series-tep-662ZX5J3WG\"}},{\"label\":\"豊臣兄弟！\",\"link\":{\"href\":\"/tv/an/toyotomi-kyodai/pl/series-tep-P52L88MYXY\"}},{\"label\":\"あさイチ\",\"link\":{\"href\":\"/tv/an/asaichi/pl/series-tep-KV93JMQRY8\"}},{\"label\":\"ブラタモリ\",\"link\":{\"href\":\"/tv/an/buratamori/pl/series-tep-D8K46WY9MZ\"}},{\"label\":\"NHKスペシャル\",\"link\":{\"href\":\"/tv/an/special/pl/series-tep-2NY2QQLPM3\"}}]},{\"label\":\"番組のジャンル\",\"items\":[{\"label\":\"ドラマ\",\"link\":{\"href\":\"/tv/dk/series-tep-drama-997LTPA45I\"}},{\"label\":\"ドキュメンタリー・報道\",\"link\":{\"href\":\"/tv/dk/series-tep-documentary-LJ3S6BNJKZ\"}},{\"label\":\"エンターテインメント\",\"link\":{\"href\":\"/tv/dk/series-tep-entertainment-6V2J9H2TQW\"}},{\"label\":\"ミュージック\",\"link\":{\"href\":\"/tv/dk/series-tep-music-BTP7E7G2TT\"}},{\"label\":\"スポーツ\",\"link\":{\"href\":\"/tv/dk/series-tep-sport-VG88DLIMHN\"}},{\"label\":\"アニメ\",\"link\":{\"href\":\"/tv/dk/series-tep-animekids-Q4DZTQ5L2U\"}}]}]},{\"label\":\"ニュース・防災\",\"link\":{\"href\":\"https://news.web.nhk/newsweb\"},\"items\":[{\"label\":\"ニュースジャンル\",\"items\":[{\"label\":\"社会\",\"link\":{\"href\":\"https://news.web.nhk/newsweb/genre/society\"}},{\"label\":\"政治\",\"link\":{\"href\":\"https://news.web.nhk/newsweb/genre/politics\"}},{\"label\":\"経済\",\"link\":{\"href\":\"https://news.web.nhk/newsweb/genre/business\"}},{\"label\":\"気象・災害\",\"link\":{\"href\":\"https://news.web.nhk/newsweb/genre/disaster\"}},{\"label\":\"国際\",\"link\":{\"href\":\"https://news.web.nhk/newsweb/genre/international\"}},{\"label\":\"科学・文化\",\"link\":{\"href\":\"https://news.web.nhk/newsweb/genre/science-culture\"}},{\"label\":\"スポーツ\",\"link\":{\"href\":\"https://news.web.nhk/newsweb/genre/sports\"}},{\"label\":\"暮らし\",\"link\":{\"href\":\"https://news.web.nhk/newsweb/genre/life\"}}]},{\"label\":\"関連サイト\",\"items\":[{\"label\":\"鉄道運行情報\",\"link\":{\"href\":\"https://news.web.nhk/news/traffic\"}},{\"label\":\"選挙WEB\",\"link\":{\"href\":\"https://news.web.nhk/senkyo\"}},{\"label\":\"天気防災サイト\",\"link\":{\"href\":\"https://news.web.nhk/kishou-saigai/weather\"}},{\"label\":\"災害リスク・備え解説\",\"link\":{\"href\":\"https://news.web.nhk/newsweb/sp/pl/editorial-nwa-0000000132\"}},{\"label\":\"停電情報\",\"link\":{\"href\":\"https://news.web.nhk/kishou-saigai/poweroutage\"}},{\"label\":\"感染症データと医療・健康情報\",\"link\":{\"href\":\"https://news.web.nhk/news/special/medical\"}},{\"label\":\"やさしいことばニュース\",\"link\":{\"href\":\"https://news.web.nhk/news/easy\"}}]}]},{\"label\":\"教育\",\"link\":{\"href\":\"https://edu.web.nhk/school/\"},\"items\":[{\"label\":\"for School\",\"link\":{\"href\":\"https://edu.web.nhk/school/\"}},{\"label\":\"高校講座\",\"link\":{\"href\":\"https://edu.web.nhk/kokokoza/\"}},{\"label\":\"子育て\",\"link\":{\"href\":\"/kosodate\"}}]},{\"label\":\"医療・健康\",\"link\":{\"href\":\"/kenko\"},\"items\":[{\"label\":\"病気のカテゴリーから探す\",\"link\":{\"href\":\"/kenko/nav/group-ee3814a5-5357-496a-8502-4141a591da50\"},\"items\":[{\"label\":\"がん\",\"link\":{\"href\":\"/tv/dk/editorial-tep-kenko-NGD27976H8\"}},{\"label\":\"こころ・脳・神経\",\"link\":{\"href\":\"/tv/dk/editorial-tep-kenko-Y5BQSMXNYK\"}},{\"label\":\"心臓・血管\",\"link\":{\"href\":\"/tv/dk/editorial-tep-kenko-HK5CXHZR75\"}},{\"label\":\"肺・呼吸器\",\"link\":{\"href\":\"/tv/dk/editorial-tep-kenko-ZC3QQ77EVW\"}},{\"label\":\"胃・腸・肝臓・すい臓\",\"link\":{\"href\":\"/tv/dk/editorial-tep-kenko-GRQHWBNGFP\"}},{\"label\":\"腎臓・泌尿器\",\"link\":{\"href\":\"/tv/dk/editorial-tep-kenko-X6JEPI6JX1\"}},{\"label\":\"骨・関節・筋肉\",\"link\":{\"href\":\"/tv/dk/editorial-tep-kenko-BZDSVBHLMQ\"}},{\"label\":\"顔・皮膚\",\"link\":{\"href\":\"/tv/dk/editorial-tep-kenko-81U152SPAD\"}},{\"label\":\"糖尿病・脂質異常症\",\"link\":{\"href\":\"/tv/dk/editorial-tep-kenko-AWV7SV8U12\"}},{\"label\":\"アレルギー・自己免疫疾患\",\"link\":{\"href\":\"/tv/dk/editorial-tep-kenko-UDWK9IQCQG\"}},{\"label\":\"ホルモン・内分泌\",\"link\":{\"href\":\"/tv/dk/editorial-tep-kenko-EXBBUL8FC9\"}}]},{\"label\":\"症状・病名から探す\",\"items\":[{\"label\":\"症状から探す\",\"link\":{\"href\":\"/kenko/nav/group-c67ab1b9-1de3-493c-a9d8-fb46b5d2f10f\"}},{\"label\":\"病名から探す\",\"link\":{\"href\":\"/kenko/nav/group-9718b2a6-e4c0-4a49-98b7-0cc66b81ed1b\"}}]},{\"label\":\"救急\",\"link\":{\"href\":\"/tv/dk/editorial-tep-kenko-G9JR7MLIGH\"},\"items\":[{\"label\":\"救命\",\"link\":{\"href\":\"/tv/pl/editorial-tep-Z2BW84MPR7\"}},{\"label\":\"災害時\",\"link\":{\"href\":\"/tv/pl/editorial-tep-C5CET7883U\"}},{\"label\":\"家庭\",\"link\":{\"href\":\"/tv/pl/editorial-tep-L6WJE1F5IS\"}}]},{\"label\":\"セルフケア・体験談\",\"items\":[{\"label\":\"セルフケア・体操\",\"link\":{\"href\":\"/tv/pl/editorial-tep-RVQBC1JSD8\"}},{\"label\":\"体験談（医療健康番組）\",\"link\":{\"href\":\"/tv/pl/editorial-tep-REDD4JG4J7\"}},{\"label\":\"体験談・伝えたい病気のこと（ニュース）\",\"link\":{\"href\":\"https://news.web.nhk/newsweb/pl/editorial-nwa-0000000200\"}}]}]},{\"label\":\"福祉\",\"link\":{\"href\":\"/heart\"},\"items\":[{\"label\":\"ハートネット\",\"items\":[{\"label\":\"みんなの投稿\",\"link\":{\"href\":\"https://at.web.nhk/heart/voice/\"}}],\"link\":{\"href\":\"/heart\"}},{\"label\":\"障害者のための防災情報サイト\",\"link\":{\"href\":\"https://at.web.nhk/heart/bousai/\"}},{\"label\":\"自殺と向き合う\",\"link\":{\"href\":\"https://heart-net.nhk.or.jp/mukiau/\"}}]},{\"label\":\"ラジオ\",\"link\":{\"href\":\"https://www.nhk.or.jp/radio/\"},\"items\":[{\"label\":\"らじる★らじる\",\"link\":{\"href\":\"https://www.nhk.or.jp/radio/\"}},{\"label\":\"配信番組をさがす\",\"link\":{\"href\":\"https://www.nhk.or.jp/radio/programs/\"}}]}],\"isApp\":false,\"isInitialTokenRefresh\":false,\"isInitialProfile\":false,\"disableSPA\":false,\"children\":[\"$L6e\",false,\"$L6f\"]}]}]}]\n"])</script><script>self.__next_f.push([1,"6e:[\"$\",\"$L70\",null,{\"enabled\":false}]\n"])</script><script>self.__next_f.push([1,"6f:[\"$\",\"$L71\",null,{\"newsApiEndpoint\":\"https://api.web.nhk/r8\",\"programsApiEndpoint\":\"https://api.web.nhk/r8\",\"sokuhoNewsListApiEndpoint\":\"https://api.web.nhk\",\"scope\":\"$undefined\",\"children\":[[\"$\",\"$L72\",null,{\"children\":[\"$\",\"$L17\",null,{\"parallelRouterKey\":\"children\",\"error\":\"$73\",\"errorStyles\":[[\"$\",\"link\",\"0\",{\"rel\":\"stylesheet\",\"href\":\"https://www.web.nhk/_next/static/css/072d4899846d1aec.css?dpl=580b690a4f62e40031951ad497c31bb88c5fef14\",\"precedence\":\"next\",\"crossOrigin\":\"$undefined\",\"nonce\":\"$undefined\"}],[\"$\",\"link\",\"1\",{\"rel\":\"stylesheet\",\"href\":\"https://www.web.nhk/_next/static/css/a402ce75692873da.css?dpl=580b690a4f62e40031951ad497c31bb88c5fef14\",\"precedence\":\"next\",\"crossOrigin\":\"$undefined\",\"nonce\":\"$undefined\"}],[\"$\",\"link\",\"2\",{\"rel\":\"stylesheet\",\"href\":\"https://www.web.nhk/_next/static/css/ee229214fa739de8.css?dpl=580b690a4f62e40031951ad497c31bb88c5fef14\",\"precedence\":\"next\",\"crossOrigin\":\"$undefined\",\"nonce\":\"$undefined\"}]],\"errorScripts\":[],\"template\":[\"$\",\"$L18\",null,{}],\"templateStyles\":\"$undefined\",\"templateScripts\":\"$undefined\",\"notFound\":[[\"$\",\"$L74\",null,{}],[[\"$\",\"link\",\"0\",{\"rel\":\"stylesheet\",\"href\":\"https://www.web.nhk/_next/static/css/072d4899846d1aec.css?dpl=580b690a4f62e40031951ad497c31bb88c5fef14\",\"precedence\":\"next\",\"crossOrigin\":\"$undefined\",\"nonce\":\"$undefined\"}],[\"$\",\"link\",\"1\",{\"rel\":\"stylesheet\",\"href\":\"https://www.web.nhk/_next/static/css/a402ce75692873da.css?dpl=580b690a4f62e40031951ad497c31bb88c5fef14\",\"precedence\":\"next\",\"crossOrigin\":\"$undefined\",\"nonce\":\"$undefined\"}],[\"$\",\"link\",\"2\",{\"rel\":\"stylesheet\",\"href\":\"https://www.web.nhk/_next/static/css/ee229214fa739de8.css?dpl=580b690a4f62e40031951ad497c31bb88c5fef14\",\"precedence\":\"next\",\"crossOrigin\":\"$undefined\",\"nonce\":\"$undefined\"}]]],\"forbidden\":\"$undefined\",\"unauthorized\":\"$undefined\"}]}],\"$L75\"]}]\n"])</script><script>self.__next_f.push([1,"1e:[[\"$\",\"meta\",\"0\",{\"charSet\":\"utf-8\"}],[\"$\",\"meta\",\"1\",{\"name\":\"viewport\",\"content\":\"width=device-width, initial-scale=1\"}]]\n1b:null\n75:[\"$\",\"$L6b\",null,{\"formats\":\"$undefined\",\"locale\":\"ja\",\"messages\":{\"packages/ui\":{\"popupModal\":{\"buttons\":{\"close\":\"閉じる\",\"detail\":\"詳細を見る\"}},\"error\":\"$21:props:messages:packages/ui:error\"}},\"now\":\"$undefined\",\"timeZone\":\"UTC\",\"children\":[\"$\",\"$L76\",null,{\"popupMessages\":{\"contents\":[],\"totalCount\":0}}]}]\n1c:null\n"])</script><script>self.__next_f.push([1,"20:[[\"$\",\"title\",\"0\",{\"children\":\"ドラマ | NHK\"}],[\"$\",\"meta\",\"1\",{\"name\":\"description\",\"content\":\"【NHK】ドラマのシリーズです。\"}],[\"$\",\"meta\",\"2\",{\"name\":\"author\",\"content\":\"日本放送協会\"}],[\"$\",\"meta\",\"3\",{\"name\":\"robots\",\"content\":\"max-image-preview:large\"}],[\"$\",\"meta\",\"4\",{\"name\":\"content-language\",\"content\":\"ja\"}],[\"$\",\"meta\",\"5\",{\"name\":\"copyright\",\"content\":\"NHK(Japan Broadcasting Corporation)\"}],[\"$\",\"meta\",\"6\",{\"name\":\"bingbot\",\"content\":\"noarchive\"}],[\"$\",\"link\",\"7\",{\"rel\":\"canonical\",\"href\":\"https://www.web.nhk/tv/dk/series-tep-drama-997LTPA45I\"}],[\"$\",\"meta\",\"8\",{\"name\":\"format-detection\",\"content\":\"telephone=no\"}],[\"$\",\"meta\",\"9\",{\"property\":\"og:title\",\"content\":\"ドラマ\"}],[\"$\",\"meta\",\"10\",{\"property\":\"og:description\",\"content\":\"【NHK】ドラマのシリーズです。\"}],[\"$\",\"meta\",\"11\",{\"property\":\"og:url\",\"content\":\"https://www.web.nhk/tv/dk/series-tep-drama-997LTPA45I\"}],[\"$\",\"meta\",\"12\",{\"property\":\"og:site_name\",\"content\":\"NHK ONE | 日本放送協会\"}],[\"$\",\"meta\",\"13\",{\"property\":\"og:locale\",\"content\":\"ja_JP\"}],[\"$\",\"meta\",\"14\",{\"property\":\"og:image\",\"content\":\"https://www.web.nhk/assets/ogp/nhk-one.png\"}],[\"$\",\"meta\",\"15\",{\"property\":\"og:type\",\"content\":\"website\"}],[\"$\",\"meta\",\"16\",{\"name\":\"twitter:card\",\"content\":\"summary_large_image\"}],[\"$\",\"meta\",\"17\",{\"name\":\"twitter:site\",\"content\":\"@nhk\"}],[\"$\",\"meta\",\"18\",{\"name\":\"twitter:title\",\"content\":\"ドラマ\"}],[\"$\",\"meta\",\"19\",{\"name\":\"twitter:description\",\"content\":\"【NHK】ドラマのシリーズです。\"}],[\"$\",\"meta\",\"20\",{\"name\":\"twitter:image\",\"content\":\"https://www.web.nhk/assets/ogp/nhk-one.png\"}],[\"$\",\"link\",\"21\",{\"rel\":\"shortcut icon\",\"href\":\"https://www.web.nhk/favicon.png\"}],[\"$\",\"link\",\"22\",{\"rel\":\"icon\",\"href\":\"https://www.web.nhk/favicon.png\"}],[\"$\",\"link\",\"23\",{\"rel\":\"apple-touch-icon\",\"href\":\"https://www.web.nhk/apple-touch-icon.png\"}],[\"$\",\"$L77\",\"24\",{}]]\n"])</script></body></html>
